Build started 4/14/2026 4:55:29 PM.
Project "C:\Users\user\Documents\GitHub\HyperXTalk\build-win-x86_64\livecode\livecode.sln" on node 1 (default targets).
ValidateSolutionConfiguration:
Project "C:\Users\user\Documents\GitHub\HyperXTalk\build-win-x86_64\livecode\livecode.sln" (1) is building "C:\Users\user\Documents\GitHub\HyperXTalk\build-win-x86_64\livecode\util\perfect\perfect.vcxproj" (2) on node 1 (default targets).
InitializeBuildStatus:
ClCompile:
Link:
  perfect.vcxproj -> C:\Users\user\Documents\GitHub\HyperXTalk\build-win-x86_64\livecode\Debug\\perfect-target.exe
FinalizeBuildStatus:
Done Building Project "C:\Users\user\Documents\GitHub\HyperXTalk\build-win-x86_64\livecode\util\perfect\perfect.vcxproj" (default targets).
Project "C:\Users\user\Documents\GitHub\HyperXTalk\build-win-x86_64\livecode\livecode.sln" (1) is building "C:\Users\user\Documents\GitHub\HyperXTalk\build-win-x86_64\livecode\engine\quicktime_stubs.vcxproj" (3) on node 1 (default targets).
InitializeBuildStatus:
CustomBuild:
FinalizeBuildStatus:
Done Building Project "C:\Users\user\Documents\GitHub\HyperXTalk\build-win-x86_64\livecode\engine\quicktime_stubs.vcxproj" (default targets).
Project "C:\Users\user\Documents\GitHub\HyperXTalk\build-win-x86_64\livecode\livecode.sln" (1) is building "C:\Users\user\Documents\GitHub\HyperXTalk\build-win-x86_64\livecode\toolchain\gentle\reflex\reflex.vcxproj" (4) on node 1 (default targets).
InitializeBuildStatus:
ClCompile:
Link:
  reflex.vcxproj -> C:\Users\user\Documents\GitHub\HyperXTalk\build-win-x86_64\livecode\Debug\\reflex-target.exe
FinalizeBuildStatus:
Done Building Project "C:\Users\user\Documents\GitHub\HyperXTalk\build-win-x86_64\livecode\toolchain\gentle\reflex\reflex.vcxproj" (default targets).
Project "C:\Users\user\Documents\GitHub\HyperXTalk\build-win-x86_64\livecode\livecode.sln" (1) is building "C:\Users\user\Documents\GitHub\HyperXTalk\build-win-x86_64\livecode\revbrowser\revbrowser-cefprocess.vcxproj" (5) on node 1 (default targets).
Project "C:\Users\user\Documents\GitHub\HyperXTalk\build-win-x86_64\livecode\revbrowser\revbrowser-cefprocess.vcxproj" (5) is building "C:\Users\user\Documents\GitHub\HyperXTalk\build-win-x86_64\livecode\prebuilt\thirdparty_prebuilt_z.vcxproj" (6) on node 1 (default targets).
Project "C:\Users\user\Documents\GitHub\HyperXTalk\build-win-x86_64\livecode\prebuilt\thirdparty_prebuilt_z.vcxproj" (6) is building "C:\Users\user\Documents\GitHub\HyperXTalk\build-win-x86_64\livecode\prebuilt\thirdparty_prebuilt_dep.vcxproj" (7) on node 1 (default targets).
Project "C:\Users\user\Documents\GitHub\HyperXTalk\build-win-x86_64\livecode\prebuilt\thirdparty_prebuilt_dep.vcxproj" (7) is building "C:\Users\user\Documents\GitHub\HyperXTalk\build-win-x86_64\livecode\prebuilt\fetch.vcxproj" (8) on node 1 (default targets).
Project "C:\Users\user\Documents\GitHub\HyperXTalk\build-win-x86_64\livecode\prebuilt\fetch.vcxproj" (8) is building "C:\Users\user\Documents\GitHub\HyperXTalk\build-win-x86_64\livecode\prebuilt\fetch-win.vcxproj" (9) on node 1 (default targets).
InitializeBuildStatus:
CustomBuild:
  note: win32 prebuilts already present, skipping fetch
C:\Program Files (x86)\Microsoft Visual Studio\2019\Community\MSBuild\Microsoft\VC\v160\Microsoft.CppCommon.targets(241,5): warning MSB8065: Custom build for item "..\..\..\prebuilt\fetch-libraries.sh" succeeded, but specified output "c:\users\user\documents\github\hyperxtalk\prebuilt\bin\win32\x86" has not been created. This may cause incremental build to work incorrectly. [C:\Users\user\Documents\GitHub\HyperXTalk\build-win-x86_64\livecode\prebuilt\fetch-win.vcxproj]
C:\Program Files (x86)\Microsoft Visual Studio\2019\Community\MSBuild\Microsoft\VC\v160\Microsoft.CppCommon.targets(241,5): warning MSB8065: Custom build for item "..\..\..\prebuilt\fetch-libraries.sh" succeeded, but specified output "c:\users\user\documents\github\hyperxtalk\prebuilt\lib\win32\x86" has not been created. This may cause incremental build to work incorrectly. [C:\Users\user\Documents\GitHub\HyperXTalk\build-win-x86_64\livecode\prebuilt\fetch-win.vcxproj]
C:\Program Files (x86)\Microsoft Visual Studio\2019\Community\MSBuild\Microsoft\VC\v160\Microsoft.CppCommon.targets(241,5): warning MSB8065: Custom build for item "..\..\..\prebuilt\fetch-libraries.sh" succeeded, but specified output "c:\users\user\documents\github\hyperxtalk\prebuilt\unpacked" has not been created. This may cause incremental build to work incorrectly. [C:\Users\user\Documents\GitHub\HyperXTalk\build-win-x86_64\livecode\prebuilt\fetch-win.vcxproj]
FinalizeBuildStatus:
Done Building Project "C:\Users\user\Documents\GitHub\HyperXTalk\build-win-x86_64\livecode\prebuilt\fetch-win.vcxproj" (default targets).
InitializeBuildStatus:
FinalizeBuildStatus:
Done Building Project "C:\Users\user\Documents\GitHub\HyperXTalk\build-win-x86_64\livecode\prebuilt\fetch.vcxproj" (default targets).
InitializeBuildStatus:
FinalizeBuildStatus:
Done Building Project "C:\Users\user\Documents\GitHub\HyperXTalk\build-win-x86_64\livecode\prebuilt\thirdparty_prebuilt_dep.vcxproj" (default targets).
InitializeBuildStatus:
FinalizeBuildStatus:
Done Building Project "C:\Users\user\Documents\GitHub\HyperXTalk\build-win-x86_64\livecode\prebuilt\thirdparty_prebuilt_z.vcxproj" (default targets).
Project "C:\Users\user\Documents\GitHub\HyperXTalk\build-win-x86_64\livecode\revbrowser\revbrowser-cefprocess.vcxproj" (5) is building "C:\Users\user\Documents\GitHub\HyperXTalk\build-win-x86_64\livecode\libcore\libCore.vcxproj" (10) on node 1 (default targets).
InitializeBuildStatus:
ClCompile:
Lib:
  libCore.vcxproj -> C:\Users\user\Documents\GitHub\HyperXTalk\build-win-x86_64\livecode\Debug\lib\libCore.lib
FinalizeBuildStatus:
Done Building Project "C:\Users\user\Documents\GitHub\HyperXTalk\build-win-x86_64\livecode\libcore\libCore.vcxproj" (default targets).
Project "C:\Users\user\Documents\GitHub\HyperXTalk\build-win-x86_64\livecode\revbrowser\revbrowser-cefprocess.vcxproj" (5) is building "C:\Users\user\Documents\GitHub\HyperXTalk\build-win-x86_64\livecode\libfoundation\libFoundation.vcxproj" (11) on node 1 (default targets).
Project "C:\Users\user\Documents\GitHub\HyperXTalk\build-win-x86_64\livecode\libfoundation\libFoundation.vcxproj" (11) is building "C:\Users\user\Documents\GitHub\HyperXTalk\build-win-x86_64\livecode\prebuilt\libicu.vcxproj" (12) on node 1 (default targets).
Project "C:\Users\user\Documents\GitHub\HyperXTalk\build-win-x86_64\livecode\prebuilt\libicu.vcxproj" (12) is building "C:\Users\user\Documents\GitHub\HyperXTalk\build-win-x86_64\livecode\prebuilt\libicu_include.vcxproj" (13) on node 1 (default targets).
InitializeBuildStatus:
FinalizeBuildStatus:
Done Building Project "C:\Users\user\Documents\GitHub\HyperXTalk\build-win-x86_64\livecode\prebuilt\libicu_include.vcxproj" (default targets).
Project "C:\Users\user\Documents\GitHub\HyperXTalk\build-win-x86_64\livecode\prebuilt\libicu.vcxproj" (12) is building "C:\Users\user\Documents\GitHub\HyperXTalk\build-win-x86_64\livecode\prebuilt\libicu_link.vcxproj" (14) on node 1 (default targets).
InitializeBuildStatus:
FinalizeBuildStatus:
Done Building Project "C:\Users\user\Documents\GitHub\HyperXTalk\build-win-x86_64\livecode\prebuilt\libicu_link.vcxproj" (default targets).
InitializeBuildStatus:
FinalizeBuildStatus:
Done Building Project "C:\Users\user\Documents\GitHub\HyperXTalk\build-win-x86_64\livecode\prebuilt\libicu.vcxproj" (default targets).
Project "C:\Users\user\Documents\GitHub\HyperXTalk\build-win-x86_64\livecode\libfoundation\libFoundation.vcxproj" (11) is building "C:\Users\user\Documents\GitHub\HyperXTalk\build-win-x86_64\livecode\prebuilt\encode_minimal_icu_data.vcxproj" (15) on node 1 (default targets).
Project "C:\Users\user\Documents\GitHub\HyperXTalk\build-win-x86_64\livecode\prebuilt\encode_minimal_icu_data.vcxproj" (15) is building "C:\Users\user\Documents\GitHub\HyperXTalk\build-win-x86_64\livecode\prebuilt\minimal_icu_data.vcxproj" (16) on node 1 (default targets).
InitializeBuildStatus:
CustomBuild:
FinalizeBuildStatus:
Done Building Project "C:\Users\user\Documents\GitHub\HyperXTalk\build-win-x86_64\livecode\prebuilt\minimal_icu_data.vcxproj" (default targets).
InitializeBuildStatus:
CustomBuild:
FinalizeBuildStatus:
Done Building Project "C:\Users\user\Documents\GitHub\HyperXTalk\build-win-x86_64\livecode\prebuilt\encode_minimal_icu_data.vcxproj" (default targets).
InitializeBuildStatus:
CustomBuild:
ClCompile:
Lib:
  libFoundation.vcxproj -> C:\Users\user\Documents\GitHub\HyperXTalk\build-win-x86_64\livecode\Debug\lib\libFoundation.lib
FinalizeBuildStatus:
Done Building Project "C:\Users\user\Documents\GitHub\HyperXTalk\build-win-x86_64\livecode\libfoundation\libFoundation.vcxproj" (default targets).
Project "C:\Users\user\Documents\GitHub\HyperXTalk\build-win-x86_64\livecode\revbrowser\revbrowser-cefprocess.vcxproj" (5) is building "C:\Users\user\Documents\GitHub\HyperXTalk\build-win-x86_64\livecode\thirdparty\libcef\libcef_library_wrapper.vcxproj" (17) on node 1 (default targets).
InitializeBuildStatus:
ClCompile:
Lib:
  libcef_library_wrapper.vcxproj -> C:\Users\user\Documents\GitHub\HyperXTalk\build-win-x86_64\livecode\Debug\lib\libcef_library_wrapper.lib
FinalizeBuildStatus:
Done Building Project "C:\Users\user\Documents\GitHub\HyperXTalk\build-win-x86_64\livecode\thirdparty\libcef\libcef_library_wrapper.vcxproj" (default targets).
Project "C:\Users\user\Documents\GitHub\HyperXTalk\build-win-x86_64\livecode\revbrowser\revbrowser-cefprocess.vcxproj" (5) is building "C:\Users\user\Documents\GitHub\HyperXTalk\build-win-x86_64\livecode\prebuilt\libcef.vcxproj" (18) on node 1 (default targets).
InitializeBuildStatus:
CustomBuild:
FinalizeBuildStatus:
Done Building Project "C:\Users\user\Documents\GitHub\HyperXTalk\build-win-x86_64\livecode\prebuilt\libcef.vcxproj" (default targets).
Project "C:\Users\user\Documents\GitHub\HyperXTalk\build-win-x86_64\livecode\revbrowser\revbrowser-cefprocess.vcxproj" (5) is building "C:\Users\user\Documents\GitHub\HyperXTalk\build-win-x86_64\livecode\thirdparty\libffi\libffi.vcxproj" (19) on node 1 (default targets).
InitializeBuildStatus:
_MASM:
  cmd.exe /C "C:\Users\user\AppData\Local\Temp\tmpaf887b24eb9448d4a3099ae29ab9597b.cmd"
  ml.exe /c /nologo /Zi /Fo"Debug\Win32\obj\libffi\win64.obj" /W0 /errorReport:prompt  /Ta..\..\..\..\thirdparty\libffi\src\x86\win64.asm
..\..\..\..\thirdparty\libffi\src\x86\win64.asm(891): error A2119: language type must be specified [C:\Users\user\Documents\GitHub\HyperXTalk\build-win-x86_64\livecode\thirdparty\libffi\libffi.vcxproj]
..\..\..\..\thirdparty\libffi\src\x86\win64.asm(925): error A2008: syntax error : . [C:\Users\user\Documents\GitHub\HyperXTalk\build-win-x86_64\livecode\thirdparty\libffi\libffi.vcxproj]
..\..\..\..\thirdparty\libffi\src\x86\win64.asm(927): error A2008: syntax error : . [C:\Users\user\Documents\GitHub\HyperXTalk\build-win-x86_64\livecode\thirdparty\libffi\libffi.vcxproj]
..\..\..\..\thirdparty\libffi\src\x86\win64.asm(939): error A2119: language type must be specified [C:\Users\user\Documents\GitHub\HyperXTalk\build-win-x86_64\livecode\thirdparty\libffi\libffi.vcxproj]
..\..\..\..\thirdparty\libffi\src\x86\win64.asm(945): error A2008: syntax error : . [C:\Users\user\Documents\GitHub\HyperXTalk\build-win-x86_64\livecode\thirdparty\libffi\libffi.vcxproj]
..\..\..\..\thirdparty\libffi\src\x86\win64.asm(947): error A2008: syntax error : . [C:\Users\user\Documents\GitHub\HyperXTalk\build-win-x86_64\livecode\thirdparty\libffi\libffi.vcxproj]
..\..\..\..\thirdparty\libffi\src\x86\win64.asm(949): error A2008: syntax error : . [C:\Users\user\Documents\GitHub\HyperXTalk\build-win-x86_64\livecode\thirdparty\libffi\libffi.vcxproj]
..\..\..\..\thirdparty\libffi\src\x86\win64.asm(951): error A2008: syntax error : . [C:\Users\user\Documents\GitHub\HyperXTalk\build-win-x86_64\livecode\thirdparty\libffi\libffi.vcxproj]
..\..\..\..\thirdparty\libffi\src\x86\win64.asm(1054): error A2008: syntax error : cdqe [C:\Users\user\Documents\GitHub\HyperXTalk\build-win-x86_64\livecode\thirdparty\libffi\libffi.vcxproj]
..\..\..\..\thirdparty\libffi\src\x86\win64.asm(1103): error A2008: syntax error : cdqe [C:\Users\user\Documents\GitHub\HyperXTalk\build-win-x86_64\livecode\thirdparty\libffi\libffi.vcxproj]
..\..\..\..\thirdparty\libffi\src\x86\win64.asm(893): error A2006: undefined symbol : r11 [C:\Users\user\Documents\GitHub\HyperXTalk\build-win-x86_64\livecode\thirdparty\libffi\libffi.vcxproj]
..\..\..\..\thirdparty\libffi\src\x86\win64.asm(895): error A2006: undefined symbol : rsp [C:\Users\user\Documents\GitHub\HyperXTalk\build-win-x86_64\livecode\thirdparty\libffi\libffi.vcxproj]
..\..\..\..\thirdparty\libffi\src\x86\win64.asm(898): error A2006: undefined symbol : rsp [C:\Users\user\Documents\GitHub\HyperXTalk\build-win-x86_64\livecode\thirdparty\libffi\libffi.vcxproj]
..\..\..\..\thirdparty\libffi\src\x86\win64.asm(901): error A2006: undefined symbol : r11 [C:\Users\user\Documents\GitHub\HyperXTalk\build-win-x86_64\livecode\thirdparty\libffi\libffi.vcxproj]
..\..\..\..\thirdparty\libffi\src\x86\win64.asm(903): error A2006: undefined symbol : rsp [C:\Users\user\Documents\GitHub\HyperXTalk\build-win-x86_64\livecode\thirdparty\libffi\libffi.vcxproj]
..\..\..\..\thirdparty\libffi\src\x86\win64.asm(906): error A2006: undefined symbol : rsp [C:\Users\user\Documents\GitHub\HyperXTalk\build-win-x86_64\livecode\thirdparty\libffi\libffi.vcxproj]
..\..\..\..\thirdparty\libffi\src\x86\win64.asm(909): error A2006: undefined symbol : r11 [C:\Users\user\Documents\GitHub\HyperXTalk\build-win-x86_64\livecode\thirdparty\libffi\libffi.vcxproj]
..\..\..\..\thirdparty\libffi\src\x86\win64.asm(911): error A2006: undefined symbol : rsp [C:\Users\user\Documents\GitHub\HyperXTalk\build-win-x86_64\livecode\thirdparty\libffi\libffi.vcxproj]
..\..\..\..\thirdparty\libffi\src\x86\win64.asm(914): error A2006: undefined symbol : rsp [C:\Users\user\Documents\GitHub\HyperXTalk\build-win-x86_64\livecode\thirdparty\libffi\libffi.vcxproj]
..\..\..\..\thirdparty\libffi\src\x86\win64.asm(917): error A2006: undefined symbol : r11 [C:\Users\user\Documents\GitHub\HyperXTalk\build-win-x86_64\livecode\thirdparty\libffi\libffi.vcxproj]
..\..\..\..\thirdparty\libffi\src\x86\win64.asm(919): error A2006: undefined symbol : rsp [C:\Users\user\Documents\GitHub\HyperXTalk\build-win-x86_64\livecode\thirdparty\libffi\libffi.vcxproj]
..\..\..\..\thirdparty\libffi\src\x86\win64.asm(922): error A2006: undefined symbol : rsp [C:\Users\user\Documents\GitHub\HyperXTalk\build-win-x86_64\livecode\thirdparty\libffi\libffi.vcxproj]
..\..\..\..\thirdparty\libffi\src\x86\win64.asm(926): error A2006: undefined symbol : rsp [C:\Users\user\Documents\GitHub\HyperXTalk\build-win-x86_64\livecode\thirdparty\libffi\libffi.vcxproj]
..\..\..\..\thirdparty\libffi\src\x86\win64.asm(928): error A2006: undefined symbol : rcx [C:\Users\user\Documents\GitHub\HyperXTalk\build-win-x86_64\livecode\thirdparty\libffi\libffi.vcxproj]
..\..\..\..\thirdparty\libffi\src\x86\win64.asm(929): error A2006: undefined symbol : rdx [C:\Users\user\Documents\GitHub\HyperXTalk\build-win-x86_64\livecode\thirdparty\libffi\libffi.vcxproj]
..\..\..\..\thirdparty\libffi\src\x86\win64.asm(930): error A2006: undefined symbol : rdx [C:\Users\user\Documents\GitHub\HyperXTalk\build-win-x86_64\livecode\thirdparty\libffi\libffi.vcxproj]
..\..\..\..\thirdparty\libffi\src\x86\win64.asm(931): error A2006: undefined symbol : rax [C:\Users\user\Documents\GitHub\HyperXTalk\build-win-x86_64\livecode\thirdparty\libffi\libffi.vcxproj]
..\..\..\..\thirdparty\libffi\src\x86\win64.asm(932): error A2006: undefined symbol : rax [C:\Users\user\Documents\GitHub\HyperXTalk\build-win-x86_64\livecode\thirdparty\libffi\libffi.vcxproj]
..\..\..\..\thirdparty\libffi\src\x86\win64.asm(933): error A2006: undefined symbol : rsp [C:\Users\user\Documents\GitHub\HyperXTalk\build-win-x86_64\livecode\thirdparty\libffi\libffi.vcxproj]
..\..\..\..\thirdparty\libffi\src\x86\win64.asm(934): error A2006: undefined symbol : rax [C:\Users\user\Documents\GitHub\HyperXTalk\build-win-x86_64\livecode\thirdparty\libffi\libffi.vcxproj]
..\..\..\..\thirdparty\libffi\src\x86\win64.asm(941): error A2006: undefined symbol : rsp [C:\Users\user\Documents\GitHub\HyperXTalk\build-win-x86_64\livecode\thirdparty\libffi\libffi.vcxproj]
..\..\..\..\thirdparty\libffi\src\x86\win64.asm(942): error A2006: undefined symbol : rsp [C:\Users\user\Documents\GitHub\HyperXTalk\build-win-x86_64\livecode\thirdparty\libffi\libffi.vcxproj]
..\..\..\..\thirdparty\libffi\src\x86\win64.asm(943): error A2006: undefined symbol : rsp [C:\Users\user\Documents\GitHub\HyperXTalk\build-win-x86_64\livecode\thirdparty\libffi\libffi.vcxproj]
..\..\..\..\thirdparty\libffi\src\x86\win64.asm(944): error A2006: undefined symbol : rsp [C:\Users\user\Documents\GitHub\HyperXTalk\build-win-x86_64\livecode\thirdparty\libffi\libffi.vcxproj]
..\..\..\..\thirdparty\libffi\src\x86\win64.asm(946): error A2006: undefined symbol : rbp [C:\Users\user\Documents\GitHub\HyperXTalk\build-win-x86_64\livecode\thirdparty\libffi\libffi.vcxproj]
..\..\..\..\thirdparty\libffi\src\x86\win64.asm(948): error A2006: undefined symbol : rsp [C:\Users\user\Documents\GitHub\HyperXTalk\build-win-x86_64\livecode\thirdparty\libffi\libffi.vcxproj]
..\..\..\..\thirdparty\libffi\src\x86\win64.asm(950): error A2006: undefined symbol : rbp [C:\Users\user\Documents\GitHub\HyperXTalk\build-win-x86_64\livecode\thirdparty\libffi\libffi.vcxproj]
..\..\..\..\thirdparty\libffi\src\x86\win64.asm(953): error A2006: undefined symbol : rbp [C:\Users\user\Documents\GitHub\HyperXTalk\build-win-x86_64\livecode\thirdparty\libffi\libffi.vcxproj]
..\..\..\..\thirdparty\libffi\src\x86\win64.asm(954): error A2006: undefined symbol : rax [C:\Users\user\Documents\GitHub\HyperXTalk\build-win-x86_64\livecode\thirdparty\libffi\libffi.vcxproj]
..\..\..\..\thirdparty\libffi\src\x86\win64.asm(955): error A2006: undefined symbol : rax [C:\Users\user\Documents\GitHub\HyperXTalk\build-win-x86_64\livecode\thirdparty\libffi\libffi.vcxproj]
..\..\..\..\thirdparty\libffi\src\x86\win64.asm(957): error A2006: undefined symbol : rsp [C:\Users\user\Documents\GitHub\HyperXTalk\build-win-x86_64\livecode\thirdparty\libffi\libffi.vcxproj]
..\..\..\..\thirdparty\libffi\src\x86\win64.asm(958): error A2006: undefined symbol : rax [C:\Users\user\Documents\GitHub\HyperXTalk\build-win-x86_64\livecode\thirdparty\libffi\libffi.vcxproj]
..\..\..\..\thirdparty\libffi\src\x86\win64.asm(959): error A2006: undefined symbol : rbp [C:\Users\user\Documents\GitHub\HyperXTalk\build-win-x86_64\livecode\thirdparty\libffi\libffi.vcxproj]
..\..\..\..\thirdparty\libffi\src\x86\win64.asm(961): error A2006: undefined symbol : rdx [C:\Users\user\Documents\GitHub\HyperXTalk\build-win-x86_64\livecode\thirdparty\libffi\libffi.vcxproj]
..\..\..\..\thirdparty\libffi\src\x86\win64.asm(962): error A2006: undefined symbol : rcx [C:\Users\user\Documents\GitHub\HyperXTalk\build-win-x86_64\livecode\thirdparty\libffi\libffi.vcxproj]
..\..\..\..\thirdparty\libffi\src\x86\win64.asm(963): error A2006: undefined symbol : rbp [C:\Users\user\Documents\GitHub\HyperXTalk\build-win-x86_64\livecode\thirdparty\libffi\libffi.vcxproj]
..\..\..\..\thirdparty\libffi\src\x86\win64.asm(965): error A2006: undefined symbol : rsp [C:\Users\user\Documents\GitHub\HyperXTalk\build-win-x86_64\livecode\thirdparty\libffi\libffi.vcxproj]
..\..\..\..\thirdparty\libffi\src\x86\win64.asm(967): error A2006: undefined symbol : rsp [C:\Users\user\Documents\GitHub\HyperXTalk\build-win-x86_64\livecode\thirdparty\libffi\libffi.vcxproj]
..\..\..\..\thirdparty\libffi\src\x86\win64.asm(968): error A2006: undefined symbol : r9 [C:\Users\user\Documents\GitHub\HyperXTalk\build-win-x86_64\livecode\thirdparty\libffi\libffi.vcxproj]
..\..\..\..\thirdparty\libffi\src\x86\win64.asm(970): error A2006: undefined symbol : rsp [C:\Users\user\Documents\GitHub\HyperXTalk\build-win-x86_64\livecode\thirdparty\libffi\libffi.vcxproj]
..\..\..\..\thirdparty\libffi\src\x86\win64.asm(971): error A2006: undefined symbol : r8 [C:\Users\user\Documents\GitHub\HyperXTalk\build-win-x86_64\livecode\thirdparty\libffi\libffi.vcxproj]
..\..\..\..\thirdparty\libffi\src\x86\win64.asm(973): error A2006: undefined symbol : rsp [C:\Users\user\Documents\GitHub\HyperXTalk\build-win-x86_64\livecode\thirdparty\libffi\libffi.vcxproj]
..\..\..\..\thirdparty\libffi\src\x86\win64.asm(974): error A2006: undefined symbol : rdx [C:\Users\user\Documents\GitHub\HyperXTalk\build-win-x86_64\livecode\thirdparty\libffi\libffi.vcxproj]
..\..\..\..\thirdparty\libffi\src\x86\win64.asm(976): error A2006: undefined symbol : rsp [C:\Users\user\Documents\GitHub\HyperXTalk\build-win-x86_64\livecode\thirdparty\libffi\libffi.vcxproj]
..\..\..\..\thirdparty\libffi\src\x86\win64.asm(977): error A2006: undefined symbol : rcx [C:\Users\user\Documents\GitHub\HyperXTalk\build-win-x86_64\livecode\thirdparty\libffi\libffi.vcxproj]
..\..\..\..\thirdparty\libffi\src\x86\win64.asm(979): error A2006: undefined symbol : rbp [C:\Users\user\Documents\GitHub\HyperXTalk\build-win-x86_64\livecode\thirdparty\libffi\libffi.vcxproj]
..\..\..\..\thirdparty\libffi\src\x86\win64.asm(981): error A2006: undefined symbol : rbp [C:\Users\user\Documents\GitHub\HyperXTalk\build-win-x86_64\livecode\thirdparty\libffi\libffi.vcxproj]
..\..\..\..\thirdparty\libffi\src\x86\win64.asm(984): error A2006: undefined symbol : rcx [C:\Users\user\Documents\GitHub\HyperXTalk\build-win-x86_64\livecode\thirdparty\libffi\libffi.vcxproj]
..\..\..\..\thirdparty\libffi\src\x86\win64.asm(985): error A2006: undefined symbol : rcx [C:\Users\user\Documents\GitHub\HyperXTalk\build-win-x86_64\livecode\thirdparty\libffi\libffi.vcxproj]
..\..\..\..\thirdparty\libffi\src\x86\win64.asm(989): error A2006: undefined symbol : rbp [C:\Users\user\Documents\GitHub\HyperXTalk\build-win-x86_64\livecode\thirdparty\libffi\libffi.vcxproj]
..\..\..\..\thirdparty\libffi\src\x86\win64.asm(992): error A2006: undefined symbol : rcx [C:\Users\user\Documents\GitHub\HyperXTalk\build-win-x86_64\livecode\thirdparty\libffi\libffi.vcxproj]
..\..\..\..\thirdparty\libffi\src\x86\win64.asm(993): error A2006: undefined symbol : rcx [C:\Users\user\Documents\GitHub\HyperXTalk\build-win-x86_64\livecode\thirdparty\libffi\libffi.vcxproj]
..\..\..\..\thirdparty\libffi\src\x86\win64.asm(997): error A2006: undefined symbol : rbp [C:\Users\user\Documents\GitHub\HyperXTalk\build-win-x86_64\livecode\thirdparty\libffi\libffi.vcxproj]
..\..\..\..\thirdparty\libffi\src\x86\win64.asm(1000): error A2006: undefined symbol : rcx [C:\Users\user\Documents\GitHub\HyperXTalk\build-win-x86_64\livecode\thirdparty\libffi\libffi.vcxproj]
..\..\..\..\thirdparty\libffi\src\x86\win64.asm(1001): error A2006: undefined symbol : rcx [C:\Users\user\Documents\GitHub\HyperXTalk\build-win-x86_64\livecode\thirdparty\libffi\libffi.vcxproj]
..\..\..\..\thirdparty\libffi\src\x86\win64.asm(1005): error A2006: undefined symbol : rbp [C:\Users\user\Documents\GitHub\HyperXTalk\build-win-x86_64\livecode\thirdparty\libffi\libffi.vcxproj]
..\..\..\..\thirdparty\libffi\src\x86\win64.asm(1008): error A2006: undefined symbol : rcx [C:\Users\user\Documents\GitHub\HyperXTalk\build-win-x86_64\livecode\thirdparty\libffi\libffi.vcxproj]
..\..\..\..\thirdparty\libffi\src\x86\win64.asm(1009): error A2006: undefined symbol : rax [C:\Users\user\Documents\GitHub\HyperXTalk\build-win-x86_64\livecode\thirdparty\libffi\libffi.vcxproj]
..\..\..\..\thirdparty\libffi\src\x86\win64.asm(1010): error A2006: undefined symbol : rcx [C:\Users\user\Documents\GitHub\HyperXTalk\build-win-x86_64\livecode\thirdparty\libffi\libffi.vcxproj]
..\..\..\..\thirdparty\libffi\src\x86\win64.asm(1014): error A2006: undefined symbol : rbp [C:\Users\user\Documents\GitHub\HyperXTalk\build-win-x86_64\livecode\thirdparty\libffi\libffi.vcxproj]
..\..\..\..\thirdparty\libffi\src\x86\win64.asm(1017): error A2006: undefined symbol : rcx [C:\Users\user\Documents\GitHub\HyperXTalk\build-win-x86_64\livecode\thirdparty\libffi\libffi.vcxproj]
..\..\..\..\thirdparty\libffi\src\x86\win64.asm(1018): error A2006: undefined symbol : rax [C:\Users\user\Documents\GitHub\HyperXTalk\build-win-x86_64\livecode\thirdparty\libffi\libffi.vcxproj]
..\..\..\..\thirdparty\libffi\src\x86\win64.asm(1019): error A2006: undefined symbol : rcx [C:\Users\user\Documents\GitHub\HyperXTalk\build-win-x86_64\livecode\thirdparty\libffi\libffi.vcxproj]
..\..\..\..\thirdparty\libffi\src\x86\win64.asm(1023): error A2006: undefined symbol : rbp [C:\Users\user\Documents\GitHub\HyperXTalk\build-win-x86_64\livecode\thirdparty\libffi\libffi.vcxproj]
..\..\..\..\thirdparty\libffi\src\x86\win64.asm(1026): error A2006: undefined symbol : rcx [C:\Users\user\Documents\GitHub\HyperXTalk\build-win-x86_64\livecode\thirdparty\libffi\libffi.vcxproj]
..\..\..\..\thirdparty\libffi\src\x86\win64.asm(1027): error A2006: undefined symbol : rax [C:\Users\user\Documents\GitHub\HyperXTalk\build-win-x86_64\livecode\thirdparty\libffi\libffi.vcxproj]
..\..\..\..\thirdparty\libffi\src\x86\win64.asm(1028): error A2006: undefined symbol : rcx [C:\Users\user\Documents\GitHub\HyperXTalk\build-win-x86_64\livecode\thirdparty\libffi\libffi.vcxproj]
..\..\..\..\thirdparty\libffi\src\x86\win64.asm(1032): error A2006: undefined symbol : rbp [C:\Users\user\Documents\GitHub\HyperXTalk\build-win-x86_64\livecode\thirdparty\libffi\libffi.vcxproj]
..\..\..\..\thirdparty\libffi\src\x86\win64.asm(1035): error A2006: undefined symbol : rcx [C:\Users\user\Documents\GitHub\HyperXTalk\build-win-x86_64\livecode\thirdparty\libffi\libffi.vcxproj]
..\..\..\..\thirdparty\libffi\src\x86\win64.asm(1036): error A2006: undefined symbol : rax [C:\Users\user\Documents\GitHub\HyperXTalk\build-win-x86_64\livecode\thirdparty\libffi\libffi.vcxproj]
..\..\..\..\thirdparty\libffi\src\x86\win64.asm(1037): error A2006: undefined symbol : rcx [C:\Users\user\Documents\GitHub\HyperXTalk\build-win-x86_64\livecode\thirdparty\libffi\libffi.vcxproj]
..\..\..\..\thirdparty\libffi\src\x86\win64.asm(1041): error A2006: undefined symbol : rbp [C:\Users\user\Documents\GitHub\HyperXTalk\build-win-x86_64\livecode\thirdparty\libffi\libffi.vcxproj]
..\..\..\..\thirdparty\libffi\src\x86\win64.asm(1044): error A2006: undefined symbol : rcx [C:\Users\user\Documents\GitHub\HyperXTalk\build-win-x86_64\livecode\thirdparty\libffi\libffi.vcxproj]
..\..\..\..\thirdparty\libffi\src\x86\win64.asm(1046): error A2006: undefined symbol : rcx [C:\Users\user\Documents\GitHub\HyperXTalk\build-win-x86_64\livecode\thirdparty\libffi\libffi.vcxproj]
..\..\..\..\thirdparty\libffi\src\x86\win64.asm(1050): error A2006: undefined symbol : rbp [C:\Users\user\Documents\GitHub\HyperXTalk\build-win-x86_64\livecode\thirdparty\libffi\libffi.vcxproj]
..\..\..\..\thirdparty\libffi\src\x86\win64.asm(1053): error A2006: undefined symbol : rcx [C:\Users\user\Documents\GitHub\HyperXTalk\build-win-x86_64\livecode\thirdparty\libffi\libffi.vcxproj]
..\..\..\..\thirdparty\libffi\src\x86\win64.asm(1055): error A2006: undefined symbol : rcx [C:\Users\user\Documents\GitHub\HyperXTalk\build-win-x86_64\livecode\thirdparty\libffi\libffi.vcxproj]
..\..\..\..\thirdparty\libffi\src\x86\win64.asm(1059): error A2006: undefined symbol : rbp [C:\Users\user\Documents\GitHub\HyperXTalk\build-win-x86_64\livecode\thirdparty\libffi\libffi.vcxproj]
..\..\..\..\thirdparty\libffi\src\x86\win64.asm(1062): error A2006: undefined symbol : rax [C:\Users\user\Documents\GitHub\HyperXTalk\build-win-x86_64\livecode\thirdparty\libffi\libffi.vcxproj]
..\..\..\..\thirdparty\libffi\src\x86\win64.asm(1063): error A2006: undefined symbol : rax [C:\Users\user\Documents\GitHub\HyperXTalk\build-win-x86_64\livecode\thirdparty\libffi\libffi.vcxproj]
..\..\..\..\thirdparty\libffi\src\x86\win64.asm(1067): error A2006: undefined symbol : rbp [C:\Users\user\Documents\GitHub\HyperXTalk\build-win-x86_64\livecode\thirdparty\libffi\libffi.vcxproj]
..\..\..\..\thirdparty\libffi\src\x86\win64.asm(1070): error A2006: undefined symbol : rax [C:\Users\user\Documents\GitHub\HyperXTalk\build-win-x86_64\livecode\thirdparty\libffi\libffi.vcxproj]
..\..\..\..\thirdparty\libffi\src\x86\win64.asm(1071): error A2006: undefined symbol : rax [C:\Users\user\Documents\GitHub\HyperXTalk\build-win-x86_64\livecode\thirdparty\libffi\libffi.vcxproj]
..\..\..\..\thirdparty\libffi\src\x86\win64.asm(1075): error A2006: undefined symbol : rbp [C:\Users\user\Documents\GitHub\HyperXTalk\build-win-x86_64\livecode\thirdparty\libffi\libffi.vcxproj]
..\..\..\..\thirdparty\libffi\src\x86\win64.asm(1078): error A2006: undefined symbol : rcx [C:\Users\user\Documents\GitHub\HyperXTalk\build-win-x86_64\livecode\thirdparty\libffi\libffi.vcxproj]
..\..\..\..\thirdparty\libffi\src\x86\win64.asm(1079): error A2006: undefined symbol : rcx [C:\Users\user\Documents\GitHub\HyperXTalk\build-win-x86_64\livecode\thirdparty\libffi\libffi.vcxproj]
..\..\..\..\thirdparty\libffi\src\x86\win64.asm(1083): error A2006: undefined symbol : rbp [C:\Users\user\Documents\GitHub\HyperXTalk\build-win-x86_64\livecode\thirdparty\libffi\libffi.vcxproj]
..\..\..\..\thirdparty\libffi\src\x86\win64.asm(1086): error A2006: undefined symbol : rcx [C:\Users\user\Documents\GitHub\HyperXTalk\build-win-x86_64\livecode\thirdparty\libffi\libffi.vcxproj]
..\..\..\..\thirdparty\libffi\src\x86\win64.asm(1087): error A2006: undefined symbol : rcx [C:\Users\user\Documents\GitHub\HyperXTalk\build-win-x86_64\livecode\thirdparty\libffi\libffi.vcxproj]
..\..\..\..\thirdparty\libffi\src\x86\win64.asm(1091): error A2006: undefined symbol : rbp [C:\Users\user\Documents\GitHub\HyperXTalk\build-win-x86_64\livecode\thirdparty\libffi\libffi.vcxproj]
..\..\..\..\thirdparty\libffi\src\x86\win64.asm(1094): fatal error A1012: error count exceeds 100; stopping assembly [C:\Users\user\Documents\GitHub\HyperXTalk\build-win-x86_64\livecode\thirdparty\libffi\libffi.vcxproj]
C:\Program Files (x86)\Microsoft Visual Studio\2019\Community\MSBuild\Microsoft\VC\v160\BuildCustomizations\masm.targets(70,5): error MSB3721: The command "ml.exe /c /nologo /Zi /Fo"Debug\Win32\obj\libffi\win64.obj" /W0 /errorReport:prompt  /Ta..\..\..\..\thirdparty\libffi\src\x86\win64.asm" exited with code 1. [C:\Users\user\Documents\GitHub\HyperXTalk\build-win-x86_64\livecode\thirdparty\libffi\libffi.vcxproj]
Done Building Project "C:\Users\user\Documents\GitHub\HyperXTalk\build-win-x86_64\livecode\thirdparty\libffi\libffi.vcxproj" (default targets) -- FAILED.
Done Building Project "C:\Users\user\Documents\GitHub\HyperXTalk\build-win-x86_64\livecode\revbrowser\revbrowser-cefprocess.vcxproj" (default targets) -- FAILED.
Project "C:\Users\user\Documents\GitHub\HyperXTalk\build-win-x86_64\livecode\livecode.sln" (1) is building "C:\Users\user\Documents\GitHub\HyperXTalk\build-win-x86_64\livecode\thirdparty\libopenssl\revsecurity.vcxproj" (20) on node 1 (default targets).
Project "C:\Users\user\Documents\GitHub\HyperXTalk\build-win-x86_64\livecode\thirdparty\libopenssl\revsecurity.vcxproj" (20) is building "C:\Users\user\Documents\GitHub\HyperXTalk\build-win-x86_64\livecode\prebuilt\libopenssl.vcxproj" (21) on node 1 (default targets).
InitializeBuildStatus:
FinalizeBuildStatus:
Done Building Project "C:\Users\user\Documents\GitHub\HyperXTalk\build-win-x86_64\livecode\prebuilt\libopenssl.vcxproj" (default targets).
Project "C:\Users\user\Documents\GitHub\HyperXTalk\build-win-x86_64\livecode\thirdparty\libopenssl\revsecurity.vcxproj" (20) is building "C:\Users\user\Documents\GitHub\HyperXTalk\build-win-x86_64\livecode\thirdparty\libopenssl\libopenssl_symbol_list_win.vcxproj" (22) on node 1 (default targets).
InitializeBuildStatus:
CustomBuild:
FinalizeBuildStatus:
Done Building Project "C:\Users\user\Documents\GitHub\HyperXTalk\build-win-x86_64\livecode\thirdparty\libopenssl\libopenssl_symbol_list_win.vcxproj" (default targets).
InitializeBuildStatus:
ClCompile:
Link:
  revsecurity.vcxproj -> C:\Users\user\Documents\GitHub\HyperXTalk\build-win-x86_64\livecode\Debug\\revsecurity.dll
FinalizeBuildStatus:
Done Building Project "C:\Users\user\Documents\GitHub\HyperXTalk\build-win-x86_64\livecode\thirdparty\libopenssl\revsecurity.vcxproj" (default targets).
Project "C:\Users\user\Documents\GitHub\HyperXTalk\build-win-x86_64\livecode\livecode.sln" (1) is building "C:\Users\user\Documents\GitHub\HyperXTalk\build-win-x86_64\livecode\thirdparty\libopenssl\revsecurity_built.vcxproj" (23) on node 1 (default targets).
InitializeBuildStatus:
FinalizeBuildStatus:
Done Building Project "C:\Users\user\Documents\GitHub\HyperXTalk\build-win-x86_64\livecode\thirdparty\libopenssl\revsecurity_built.vcxproj" (default targets).
Project "C:\Users\user\Documents\GitHub\HyperXTalk\build-win-x86_64\livecode\livecode.sln" (1) is building "C:\Users\user\Documents\GitHub\HyperXTalk\build-win-x86_64\livecode\engine\run-test-kernel-development.vcxproj" (24) on node 1 (default targets).
Project "C:\Users\user\Documents\GitHub\HyperXTalk\build-win-x86_64\livecode\engine\run-test-kernel-development.vcxproj" (24) is building "C:\Users\user\Documents\GitHub\HyperXTalk\build-win-x86_64\livecode\engine\test-kernel-development.vcxproj" (25) on node 1 (default targets).
Project "C:\Users\user\Documents\GitHub\HyperXTalk\build-win-x86_64\livecode\engine\test-kernel-development.vcxproj" (25) is building "C:\Users\user\Documents\GitHub\HyperXTalk\build-win-x86_64\livecode\engine\security-community.vcxproj" (26) on node 1 (default targets).
InitializeBuildStatus:
ClCompile:
Lib:
  security-community.vcxproj -> C:\Users\user\Documents\GitHub\HyperXTalk\build-win-x86_64\livecode\Debug\lib\security-community.lib
FinalizeBuildStatus:
Done Building Project "C:\Users\user\Documents\GitHub\HyperXTalk\build-win-x86_64\livecode\engine\security-community.vcxproj" (default targets).
Project "C:\Users\user\Documents\GitHub\HyperXTalk\build-win-x86_64\livecode\engine\test-kernel-development.vcxproj" (25) is building "C:\Users\user\Documents\GitHub\HyperXTalk\build-win-x86_64\livecode\prebuilt\thirdparty_prebuilt_gif.vcxproj" (27) on node 1 (default targets).
InitializeBuildStatus:
FinalizeBuildStatus:
Done Building Project "C:\Users\user\Documents\GitHub\HyperXTalk\build-win-x86_64\livecode\prebuilt\thirdparty_prebuilt_gif.vcxproj" (default targets).
Project "C:\Users\user\Documents\GitHub\HyperXTalk\build-win-x86_64\livecode\engine\test-kernel-development.vcxproj" (25) is building "C:\Users\user\Documents\GitHub\HyperXTalk\build-win-x86_64\livecode\prebuilt\thirdparty_prebuilt_png.vcxproj" (28) on node 1 (default targets).
InitializeBuildStatus:
FinalizeBuildStatus:
Done Building Project "C:\Users\user\Documents\GitHub\HyperXTalk\build-win-x86_64\livecode\prebuilt\thirdparty_prebuilt_png.vcxproj" (default targets).
Project "C:\Users\user\Documents\GitHub\HyperXTalk\build-win-x86_64\livecode\engine\test-kernel-development.vcxproj" (25) is building "C:\Users\user\Documents\GitHub\HyperXTalk\build-win-x86_64\livecode\prebuilt\thirdparty_prebuilt_jpeg.vcxproj" (29) on node 1 (default targets).
InitializeBuildStatus:
FinalizeBuildStatus:
Done Building Project "C:\Users\user\Documents\GitHub\HyperXTalk\build-win-x86_64\livecode\prebuilt\thirdparty_prebuilt_jpeg.vcxproj" (default targets).
Project "C:\Users\user\Documents\GitHub\HyperXTalk\build-win-x86_64\livecode\engine\test-kernel-development.vcxproj" (25) is building "C:\Users\user\Documents\GitHub\HyperXTalk\build-win-x86_64\livecode\prebuilt\thirdparty_prebuilt_skia.vcxproj" (30) on node 1 (default targets).
Project "C:\Users\user\Documents\GitHub\HyperXTalk\build-win-x86_64\livecode\prebuilt\thirdparty_prebuilt_skia.vcxproj" (30) is building "C:\Users\user\Documents\GitHub\HyperXTalk\build-win-x86_64\livecode\prebuilt\thirdparty_prebuilt_expat.vcxproj" (31) on node 1 (default targets).
InitializeBuildStatus:
FinalizeBuildStatus:
Done Building Project "C:\Users\user\Documents\GitHub\HyperXTalk\build-win-x86_64\livecode\prebuilt\thirdparty_prebuilt_expat.vcxproj" (default targets).
Project "C:\Users\user\Documents\GitHub\HyperXTalk\build-win-x86_64\livecode\prebuilt\thirdparty_prebuilt_skia.vcxproj" (30) is building "C:\Users\user\Documents\GitHub\HyperXTalk\build-win-x86_64\livecode\prebuilt\thirdparty_prebuilt_freetype.vcxproj" (32) on node 1 (default targets).
InitializeBuildStatus:
FinalizeBuildStatus:
Done Building Project "C:\Users\user\Documents\GitHub\HyperXTalk\build-win-x86_64\livecode\prebuilt\thirdparty_prebuilt_freetype.vcxproj" (default targets).
Project "C:\Users\user\Documents\GitHub\HyperXTalk\build-win-x86_64\livecode\prebuilt\thirdparty_prebuilt_skia.vcxproj" (30) is building "C:\Users\user\Documents\GitHub\HyperXTalk\build-win-x86_64\livecode\prebuilt\thirdparty_prebuilt_fontconfig.vcxproj" (33) on node 1 (default targets).
InitializeBuildStatus:
FinalizeBuildStatus:
Done Building Project "C:\Users\user\Documents\GitHub\HyperXTalk\build-win-x86_64\livecode\prebuilt\thirdparty_prebuilt_fontconfig.vcxproj" (default targets).
InitializeBuildStatus:
FinalizeBuildStatus:
Done Building Project "C:\Users\user\Documents\GitHub\HyperXTalk\build-win-x86_64\livecode\prebuilt\thirdparty_prebuilt_skia.vcxproj" (default targets).
Project "C:\Users\user\Documents\GitHub\HyperXTalk\build-win-x86_64\livecode\engine\test-kernel-development.vcxproj" (25) is building "C:\Users\user\Documents\GitHub\HyperXTalk\build-win-x86_64\livecode\prebuilt\thirdparty_prebuilt_ffi.vcxproj" (34) on node 1 (default targets).
InitializeBuildStatus:
FinalizeBuildStatus:
Done Building Project "C:\Users\user\Documents\GitHub\HyperXTalk\build-win-x86_64\livecode\prebuilt\thirdparty_prebuilt_ffi.vcxproj" (default targets).
Project "C:\Users\user\Documents\GitHub\HyperXTalk\build-win-x86_64\livecode\engine\test-kernel-development.vcxproj" (25) is building "C:\Users\user\Documents\GitHub\HyperXTalk\build-win-x86_64\livecode\libscript\stdscript.vcxproj" (35) on node 1 (default targets).
InitializeBuildStatus:
ClCompile:
Lib:
  stdscript.vcxproj -> C:\Users\user\Documents\GitHub\HyperXTalk\build-win-x86_64\livecode\Debug\lib\stdscript.lib
FinalizeBuildStatus:
Done Building Project "C:\Users\user\Documents\GitHub\HyperXTalk\build-win-x86_64\livecode\libscript\stdscript.vcxproj" (default targets).
Project "C:\Users\user\Documents\GitHub\HyperXTalk\build-win-x86_64\livecode\engine\test-kernel-development.vcxproj" (25) is building "C:\Users\user\Documents\GitHub\HyperXTalk\build-win-x86_64\livecode\prebuilt\thirdparty_prebuilt_pcre.vcxproj" (36) on node 1 (default targets).
InitializeBuildStatus:
FinalizeBuildStatus:
Done Building Project "C:\Users\user\Documents\GitHub\HyperXTalk\build-win-x86_64\livecode\prebuilt\thirdparty_prebuilt_pcre.vcxproj" (default targets).
Project "C:\Users\user\Documents\GitHub\HyperXTalk\build-win-x86_64\livecode\engine\test-kernel-development.vcxproj" (25) is building "C:\Users\user\Documents\GitHub\HyperXTalk\build-win-x86_64\livecode\libcpptest\libcpptest.vcxproj" (37) on node 1 (default targets).
InitializeBuildStatus:
ClCompile:
Lib:
  libcpptest.vcxproj -> C:\Users\user\Documents\GitHub\HyperXTalk\build-win-x86_64\livecode\Debug\lib\libcpptest.lib
FinalizeBuildStatus:
Done Building Project "C:\Users\user\Documents\GitHub\HyperXTalk\build-win-x86_64\livecode\libcpptest\libcpptest.vcxproj" (default targets).
Project "C:\Users\user\Documents\GitHub\HyperXTalk\build-win-x86_64\livecode\engine\test-kernel-development.vcxproj" (25) is building "C:\Users\user\Documents\GitHub\HyperXTalk\build-win-x86_64\livecode\engine\kernel-development.vcxproj" (38) on node 1 (default targets).
Project "C:\Users\user\Documents\GitHub\HyperXTalk\build-win-x86_64\livecode\engine\kernel-development.vcxproj" (38) is building "C:\Users\user\Documents\GitHub\HyperXTalk\build-win-x86_64\livecode\engine\encode_version.vcxproj" (39) on node 1 (default targets).
InitializeBuildStatus:
CustomBuild:
FinalizeBuildStatus:
Done Building Project "C:\Users\user\Documents\GitHub\HyperXTalk\build-win-x86_64\livecode\engine\encode_version.vcxproj" (default targets).
InitializeBuildStatus:
CustomBuild:
ClCompile:
Lib:
  kernel-development.vcxproj -> C:\Users\user\Documents\GitHub\HyperXTalk\build-win-x86_64\livecode\Debug\lib\kernel-development.lib
FinalizeBuildStatus:
Done Building Project "C:\Users\user\Documents\GitHub\HyperXTalk\build-win-x86_64\livecode\engine\kernel-development.vcxproj" (default targets).
Project "C:\Users\user\Documents\GitHub\HyperXTalk\build-win-x86_64\livecode\engine\test-kernel-development.vcxproj" (25) is building "C:\Users\user\Documents\GitHub\HyperXTalk\build-win-x86_64\livecode\libgraphics\libGraphics.vcxproj" (40) on node 1 (default targets).
InitializeBuildStatus:
ClCompile:
Lib:
  libGraphics.vcxproj -> C:\Users\user\Documents\GitHub\HyperXTalk\build-win-x86_64\livecode\Debug\lib\libGraphics.lib
FinalizeBuildStatus:
Done Building Project "C:\Users\user\Documents\GitHub\HyperXTalk\build-win-x86_64\livecode\libgraphics\libGraphics.vcxproj" (default targets).
Project "C:\Users\user\Documents\GitHub\HyperXTalk\build-win-x86_64\livecode\engine\test-kernel-development.vcxproj" (25) is building "C:\Users\user\Documents\GitHub\HyperXTalk\build-win-x86_64\livecode\engine\kernel.vcxproj" (41) on node 1 (default targets).
Project "C:\Users\user\Documents\GitHub\HyperXTalk\build-win-x86_64\livecode\engine\kernel.vcxproj" (41) is building "C:\Users\user\Documents\GitHub\HyperXTalk\build-win-x86_64\livecode\prebuilt\libopenssl_headers.vcxproj" (42) on node 1 (default targets).
InitializeBuildStatus:
FinalizeBuildStatus:
Done Building Project "C:\Users\user\Documents\GitHub\HyperXTalk\build-win-x86_64\livecode\prebuilt\libopenssl_headers.vcxproj" (default targets).
InitializeBuildStatus:
ClCompile:
Lib:
  kernel.vcxproj -> C:\Users\user\Documents\GitHub\HyperXTalk\build-win-x86_64\livecode\Debug\lib\kernel.lib
FinalizeBuildStatus:
Done Building Project "C:\Users\user\Documents\GitHub\HyperXTalk\build-win-x86_64\livecode\engine\kernel.vcxproj" (default targets).
Project "C:\Users\user\Documents\GitHub\HyperXTalk\build-win-x86_64\livecode\engine\test-kernel-development.vcxproj" (25) is building "C:\Users\user\Documents\GitHub\HyperXTalk\build-win-x86_64\livecode\libscript\libScript.vcxproj" (43) on node 1 (default targets).
InitializeBuildStatus:
ClCompile:
Lib:
  libScript.vcxproj -> C:\Users\user\Documents\GitHub\HyperXTalk\build-win-x86_64\livecode\Debug\lib\libScript.lib
FinalizeBuildStatus:
Done Building Project "C:\Users\user\Documents\GitHub\HyperXTalk\build-win-x86_64\livecode\libscript\libScript.vcxproj" (default targets).
Project "C:\Users\user\Documents\GitHub\HyperXTalk\build-win-x86_64\livecode\engine\test-kernel-development.vcxproj" (25) is building "C:\Users\user\Documents\GitHub\HyperXTalk\build-win-x86_64\livecode\libbrowser\libbrowser.vcxproj" (44) on node 1 (default targets).
InitializeBuildStatus:
ClCompile:
ResourceCompile:
Lib:
  libbrowser.vcxproj -> C:\Users\user\Documents\GitHub\HyperXTalk\build-win-x86_64\livecode\Debug\lib\libbrowser.lib
FinalizeBuildStatus:
Done Building Project "C:\Users\user\Documents\GitHub\HyperXTalk\build-win-x86_64\livecode\libbrowser\libbrowser.vcxproj" (default targets).
Project "C:\Users\user\Documents\GitHub\HyperXTalk\build-win-x86_64\livecode\engine\test-kernel-development.vcxproj" (25) is building "C:\Users\user\Documents\GitHub\HyperXTalk\build-win-x86_64\livecode\thirdparty\libcef\libcef_stubs.vcxproj" (45) on node 1 (default targets).
InitializeBuildStatus:
CustomBuild:
ClCompile:
Lib:
  libcef_stubs.vcxproj -> C:\Users\user\Documents\GitHub\HyperXTalk\build-win-x86_64\livecode\Debug\lib\libcef_stubs.lib
FinalizeBuildStatus:
Done Building Project "C:\Users\user\Documents\GitHub\HyperXTalk\build-win-x86_64\livecode\thirdparty\libcef\libcef_stubs.vcxproj" (default targets).
Project "C:\Users\user\Documents\GitHub\HyperXTalk\build-win-x86_64\livecode\engine\test-kernel-development.vcxproj" (25) is building "C:\Users\user\Documents\GitHub\HyperXTalk\build-win-x86_64\livecode\thirdparty\libopenssl\libopenssl_stubs.vcxproj" (46) on node 1 (default targets).
InitializeBuildStatus:
CustomBuild:
ClCompile:
Lib:
  libopenssl_stubs.vcxproj -> C:\Users\user\Documents\GitHub\HyperXTalk\build-win-x86_64\livecode\Debug\lib\libopenssl_stubs.lib
FinalizeBuildStatus:
Done Building Project "C:\Users\user\Documents\GitHub\HyperXTalk\build-win-x86_64\livecode\thirdparty\libopenssl\libopenssl_stubs.vcxproj" (default targets).
Done Building Project "C:\Users\user\Documents\GitHub\HyperXTalk\build-win-x86_64\livecode\engine\test-kernel-development.vcxproj" (default targets) -- FAILED.
Done Building Project "C:\Users\user\Documents\GitHub\HyperXTalk\build-win-x86_64\livecode\engine\run-test-kernel-development.vcxproj" (default targets) -- FAILED.
Project "C:\Users\user\Documents\GitHub\HyperXTalk\build-win-x86_64\livecode\livecode.sln" (1) is building "C:\Users\user\Documents\GitHub\HyperXTalk\build-win-x86_64\livecode\engine\run-test-kernel-installer.vcxproj" (47) on node 1 (default targets).
Project "C:\Users\user\Documents\GitHub\HyperXTalk\build-win-x86_64\livecode\engine\run-test-kernel-installer.vcxproj" (47) is building "C:\Users\user\Documents\GitHub\HyperXTalk\build-win-x86_64\livecode\engine\test-kernel-installer.vcxproj" (48) on node 1 (default targets).
Project "C:\Users\user\Documents\GitHub\HyperXTalk\build-win-x86_64\livecode\engine\test-kernel-installer.vcxproj" (48) is building "C:\Users\user\Documents\GitHub\HyperXTalk\build-win-x86_64\livecode\engine\kernel-installer.vcxproj" (49) on node 1 (default targets).
InitializeBuildStatus:
CustomBuild:
ClCompile:
Lib:
  kernel-installer.vcxproj -> C:\Users\user\Documents\GitHub\HyperXTalk\build-win-x86_64\livecode\Debug\lib\kernel-installer.lib
FinalizeBuildStatus:
Done Building Project "C:\Users\user\Documents\GitHub\HyperXTalk\build-win-x86_64\livecode\engine\kernel-installer.vcxproj" (default targets).
Done Building Project "C:\Users\user\Documents\GitHub\HyperXTalk\build-win-x86_64\livecode\engine\test-kernel-installer.vcxproj" (default targets) -- FAILED.
Done Building Project "C:\Users\user\Documents\GitHub\HyperXTalk\build-win-x86_64\livecode\engine\run-test-kernel-installer.vcxproj" (default targets) -- FAILED.
Project "C:\Users\user\Documents\GitHub\HyperXTalk\build-win-x86_64\livecode\livecode.sln" (1) is building "C:\Users\user\Documents\GitHub\HyperXTalk\build-win-x86_64\livecode\engine\run-test-kernel-server.vcxproj" (50) on node 1 (default targets).
Project "C:\Users\user\Documents\GitHub\HyperXTalk\build-win-x86_64\livecode\engine\run-test-kernel-server.vcxproj" (50) is building "C:\Users\user\Documents\GitHub\HyperXTalk\build-win-x86_64\livecode\engine\test-kernel-server.vcxproj" (51) on node 1 (default targets).
Project "C:\Users\user\Documents\GitHub\HyperXTalk\build-win-x86_64\livecode\engine\test-kernel-server.vcxproj" (51) is building "C:\Users\user\Documents\GitHub\HyperXTalk\build-win-x86_64\livecode\engine\kernel-server.vcxproj" (52) on node 1 (default targets).
Project "C:\Users\user\Documents\GitHub\HyperXTalk\build-win-x86_64\livecode\engine\kernel-server.vcxproj" (52) is building "C:\Users\user\Documents\GitHub\HyperXTalk\build-win-x86_64\livecode\prebuilt\libcurl.vcxproj" (53) on node 1 (default targets).
Project "C:\Users\user\Documents\GitHub\HyperXTalk\build-win-x86_64\livecode\prebuilt\libcurl.vcxproj" (53) is building "C:\Users\user\Documents\GitHub\HyperXTalk\build-win-x86_64\livecode\thirdparty\libcurl\libcurl.vcxproj" (54) on node 1 (default targets).
InitializeBuildStatus:
ClCompile:
Lib:
  libcurl.vcxproj -> C:\Users\user\Documents\GitHub\HyperXTalk\prebuilt\unpacked\curl\x86_64-win32-v142_static_Debug\lib\libcurl_a.lib
FinalizeBuildStatus:
Done Building Project "C:\Users\user\Documents\GitHub\HyperXTalk\build-win-x86_64\livecode\thirdparty\libcurl\libcurl.vcxproj" (default targets).
InitializeBuildStatus:
FinalizeBuildStatus:
Done Building Project "C:\Users\user\Documents\GitHub\HyperXTalk\build-win-x86_64\livecode\prebuilt\libcurl.vcxproj" (default targets).
Project "C:\Users\user\Documents\GitHub\HyperXTalk\build-win-x86_64\livecode\engine\kernel-server.vcxproj" (52) is building "C:\Users\user\Documents\GitHub\HyperXTalk\build-win-x86_64\livecode\engine\engine_lcb_modules.vcxproj" (55) on node 1 (default targets).
Project "C:\Users\user\Documents\GitHub\HyperXTalk\build-win-x86_64\livecode\engine\engine_lcb_modules.vcxproj" (55) is building "C:\Users\user\Documents\GitHub\HyperXTalk\build-win-x86_64\livecode\toolchain\lc-compile\lc-compile.vcxproj" (56) on node 1 (default targets).
Project "C:\Users\user\Documents\GitHub\HyperXTalk\build-win-x86_64\livecode\toolchain\lc-compile\lc-compile.vcxproj" (56) is building "C:\Users\user\Documents\GitHub\HyperXTalk\build-win-x86_64\livecode\toolchain\lc-compile\src\lc-compile-stage3.vcxproj" (57) on node 1 (default targets).
Project "C:\Users\user\Documents\GitHub\HyperXTalk\build-win-x86_64\livecode\toolchain\lc-compile\src\lc-compile-stage3.vcxproj" (57) is building "C:\Users\user\Documents\GitHub\HyperXTalk\build-win-x86_64\livecode\toolchain\gentle\gentle\grts.vcxproj" (58) on node 1 (default targets).
InitializeBuildStatus:
ClCompile:
Lib:
  grts.vcxproj -> C:\Users\user\Documents\GitHub\HyperXTalk\build-win-x86_64\livecode\Debug\lib\grts.lib
FinalizeBuildStatus:
Done Building Project "C:\Users\user\Documents\GitHub\HyperXTalk\build-win-x86_64\livecode\toolchain\gentle\gentle\grts.vcxproj" (default targets).
Project "C:\Users\user\Documents\GitHub\HyperXTalk\build-win-x86_64\livecode\toolchain\lc-compile\src\lc-compile-stage3.vcxproj" (57) is building "C:\Users\user\Documents\GitHub\HyperXTalk\build-win-x86_64\livecode\toolchain\libcompile\libcompile.vcxproj" (59) on node 1 (default targets).
InitializeBuildStatus:
ClCompile:
Lib:
  libcompile.vcxproj -> C:\Users\user\Documents\GitHub\HyperXTalk\build-win-x86_64\livecode\Debug\lib\libcompile-target.lib
FinalizeBuildStatus:
Done Building Project "C:\Users\user\Documents\GitHub\HyperXTalk\build-win-x86_64\livecode\toolchain\libcompile\libcompile.vcxproj" (default targets).
Project "C:\Users\user\Documents\GitHub\HyperXTalk\build-win-x86_64\livecode\toolchain\lc-compile\src\lc-compile-stage3.vcxproj" (57) is building "C:\Users\user\Documents\GitHub\HyperXTalk\build-win-x86_64\livecode\toolchain\lc-compile\src\lc-compile-lib.vcxproj" (60) on node 1 (default targets).
InitializeBuildStatus:
ClCompile:
Lib:
  lc-compile-lib.vcxproj -> C:\Users\user\Documents\GitHub\HyperXTalk\build-win-x86_64\livecode\Debug\lib\lc-compile-lib-target.lib
FinalizeBuildStatus:
Done Building Project "C:\Users\user\Documents\GitHub\HyperXTalk\build-win-x86_64\livecode\toolchain\lc-compile\src\lc-compile-lib.vcxproj" (default targets).
Project "C:\Users\user\Documents\GitHub\HyperXTalk\build-win-x86_64\livecode\toolchain\lc-compile\src\lc-compile-stage3.vcxproj" (57) is building "C:\Users\user\Documents\GitHub\HyperXTalk\build-win-x86_64\livecode\toolchain\gentle\gentle\gentle.vcxproj" (61) on node 1 (default targets).
InitializeBuildStatus:
ClCompile:
Link:
  gentle.vcxproj -> C:\Users\user\Documents\GitHub\HyperXTalk\build-win-x86_64\livecode\Debug\\gentle-target.exe
FinalizeBuildStatus:
Done Building Project "C:\Users\user\Documents\GitHub\HyperXTalk\build-win-x86_64\livecode\toolchain\gentle\gentle\gentle.vcxproj" (default targets).
Done Building Project "C:\Users\user\Documents\GitHub\HyperXTalk\build-win-x86_64\livecode\toolchain\lc-compile\src\lc-compile-stage3.vcxproj" (default targets) -- FAILED.
Done Building Project "C:\Users\user\Documents\GitHub\HyperXTalk\build-win-x86_64\livecode\toolchain\lc-compile\lc-compile.vcxproj" (default targets) -- FAILED.
Done Building Project "C:\Users\user\Documents\GitHub\HyperXTalk\build-win-x86_64\livecode\engine\engine_lcb_modules.vcxproj" (default targets) -- FAILED.
Done Building Project "C:\Users\user\Documents\GitHub\HyperXTalk\build-win-x86_64\livecode\engine\kernel-server.vcxproj" (default targets) -- FAILED.
Project "C:\Users\user\Documents\GitHub\HyperXTalk\build-win-x86_64\livecode\engine\test-kernel-server.vcxproj" (51) is building "C:\Users\user\Documents\GitHub\HyperXTalk\build-win-x86_64\livecode\thirdparty\libopenssl3\libopenssl3.vcxproj" (64) on node 1 (default targets).
InitializeBuildStatus:
CustomBuildStep:
FinalizeBuildStatus:
Done Building Project "C:\Users\user\Documents\GitHub\HyperXTalk\build-win-x86_64\livecode\thirdparty\libopenssl3\libopenssl3.vcxproj" (default targets).
Done Building Project "C:\Users\user\Documents\GitHub\HyperXTalk\build-win-x86_64\livecode\engine\test-kernel-server.vcxproj" (default targets) -- FAILED.
Done Building Project "C:\Users\user\Documents\GitHub\HyperXTalk\build-win-x86_64\livecode\engine\run-test-kernel-server.vcxproj" (default targets) -- FAILED.
Project "C:\Users\user\Documents\GitHub\HyperXTalk\build-win-x86_64\livecode\livecode.sln" (1) is building "C:\Users\user\Documents\GitHub\HyperXTalk\build-win-x86_64\livecode\engine\run-test-kernel-standalone.vcxproj" (65) on node 1 (default targets).
Project "C:\Users\user\Documents\GitHub\HyperXTalk\build-win-x86_64\livecode\engine\run-test-kernel-standalone.vcxproj" (65) is building "C:\Users\user\Documents\GitHub\HyperXTalk\build-win-x86_64\livecode\engine\test-kernel-standalone.vcxproj" (66) on node 1 (default targets).
Project "C:\Users\user\Documents\GitHub\HyperXTalk\build-win-x86_64\livecode\engine\test-kernel-standalone.vcxproj" (66) is building "C:\Users\user\Documents\GitHub\HyperXTalk\build-win-x86_64\livecode\engine\kernel-standalone.vcxproj" (67) on node 1 (default targets).
InitializeBuildStatus:
CustomBuild:
ClCompile:
Lib:
  kernel-standalone.vcxproj -> C:\Users\user\Documents\GitHub\HyperXTalk\build-win-x86_64\livecode\Debug\lib\kernel-standalone.lib
FinalizeBuildStatus:
Done Building Project "C:\Users\user\Documents\GitHub\HyperXTalk\build-win-x86_64\livecode\engine\kernel-standalone.vcxproj" (default targets).
Done Building Project "C:\Users\user\Documents\GitHub\HyperXTalk\build-win-x86_64\livecode\engine\test-kernel-standalone.vcxproj" (default targets) -- FAILED.
Done Building Project "C:\Users\user\Documents\GitHub\HyperXTalk\build-win-x86_64\livecode\engine\run-test-kernel-standalone.vcxproj" (default targets) -- FAILED.
Project "C:\Users\user\Documents\GitHub\HyperXTalk\build-win-x86_64\livecode\livecode.sln" (1) is building "C:\Users\user\Documents\GitHub\HyperXTalk\build-win-x86_64\livecode\libcpptest\run-test-libcpptest.vcxproj" (70) on node 1 (default targets).
Project "C:\Users\user\Documents\GitHub\HyperXTalk\build-win-x86_64\livecode\libcpptest\run-test-libcpptest.vcxproj" (70) is building "C:\Users\user\Documents\GitHub\HyperXTalk\build-win-x86_64\livecode\libcpptest\test-libcpptest.vcxproj" (71) on node 1 (default targets).
InitializeBuildStatus:
ClCompile:
Link:
  C:\Program Files (x86)\Microsoft Visual Studio\2019\Community\VC\Tools\MSVC\14.29.30133\bin\HostX64\x64\link.exe /ERRORREPORT:QUEUE /OUT:"C:\Users\user\Documents\GitHub\HyperXTalk\build-win-x86_64\livecode\Debug\test-libcpptest.exe" /NOLOGO /MANIFEST /MANIFESTUAC:"level='asInvoker' uiAccess='false'" /manifest:embed /DEBUG /PDB:"C:\Users\user\Documents\GitHub\HyperXTalk\build-win-x86_64\livecode\Debug\test-libcpptest.pdb" /SUBSYSTEM:CONSOLE /OPT:REF /OPT:ICF /TLBID:1 /DYNAMICBASE:NO /NXCOMPAT /IMPLIB:"C:\Users\user\Documents\GitHub\HyperXTalk\build-win-x86_64\livecode\Debug\test-libcpptest.lib" /MACHINE:X64 /SAFESEH:NO /MACHINE:x64 "Debug\x64\obj\test-libcpptest\trivial.obj"
  "C:\Users\user\Documents\GitHub\HyperXTalk\build-win-x86_64\livecode\Debug\lib\libcpptest.lib"
trivial.obj : warning LNK4075: ignoring '/EDITANDCONTINUE' due to '/OPT:ICF' specification [C:\Users\user\Documents\GitHub\HyperXTalk\build-win-x86_64\livecode\libcpptest\test-libcpptest.vcxproj]
trivial.obj : error LNK2019: unresolved external symbol "bool __cdecl testing::internal::IsTrue(bool)" (?IsTrue@internal@testing@@YA_N_N@Z) referenced in function "public: static void (__cdecl*__cdecl testing::internal::SuiteApiResolver<class testing::Test>::GetSetUpCaseOrSuite(char const *,int))(void)" (?GetSetUpCaseOrSuite@?$SuiteApiResolver@VTest@testing@@@internal@testing@@SAP6AXXZPEBDH@Z) [C:\Users\user\Documents\GitHub\HyperXTalk\build-win-x86_64\livecode\libcpptest\test-libcpptest.vcxproj]
trivial.obj : error LNK2019: unresolved external symbol "public: __cdecl testing::internal::GTestLog::GTestLog(enum testing::internal::GTestLogSeverity,char const *,int)" (??0GTestLog@internal@testing@@QEAA@W4GTestLogSeverity@12@PEBDH@Z) referenced in function "public: static void (__cdecl*__cdecl testing::internal::SuiteApiResolver<class testing::Test>::GetSetUpCaseOrSuite(char const *,int))(void)" (?GetSetUpCaseOrSuite@?$SuiteApiResolver@VTest@testing@@@internal@testing@@SAP6AXXZPEBDH@Z) [C:\Users\user\Documents\GitHub\HyperXTalk\build-win-x86_64\livecode\libcpptest\test-libcpptest.vcxproj]
trivial.obj : error LNK2019: unresolved external symbol "public: __cdecl testing::internal::GTestLog::~GTestLog(void)" (??1GTestLog@internal@testing@@QEAA@XZ) referenced in function "public: static void (__cdecl*__cdecl testing::internal::SuiteApiResolver<class testing::Test>::GetSetUpCaseOrSuite(char const *,int))(void)" (?GetSetUpCaseOrSuite@?$SuiteApiResolver@VTest@testing@@@internal@testing@@SAP6AXXZPEBDH@Z) [C:\Users\user\Documents\GitHub\HyperXTalk\build-win-x86_64\livecode\libcpptest\test-libcpptest.vcxproj]
trivial.obj : error LNK2019: unresolved external symbol "public: __cdecl testing::Message::Message(void)" (??0Message@testing@@QEAA@XZ) referenced in function "private: virtual void __cdecl trivial_trivial_Test::TestBody(void)" (?TestBody@trivial_trivial_Test@@EEAAXXZ) [C:\Users\user\Documents\GitHub\HyperXTalk\build-win-x86_64\livecode\libcpptest\test-libcpptest.vcxproj]
trivial.obj : error LNK2019: unresolved external symbol "class std::basic_string<char,struct std::char_traits<char>,class std::allocator<char> > __cdecl testing::internal::GetBoolAssertionFailureMessage(class testing::AssertionResult const &,char const *,char const *,char const *)" (?GetBoolAssertionFailureMessage@internal@testing@@YA?AV?$basic_string@DU?$char_traits@D@std@@V?$allocator@D@2@@std@@AEBVAssertionResult@2@PEBD11@Z) referenced in function "private: virtual void __cdecl trivial_trivial_Test::TestBody(void)" (?TestBody@trivial_trivial_Test@@EEAAXXZ) [C:\Users\user\Documents\GitHub\HyperXTalk\build-win-x86_64\livecode\libcpptest\test-libcpptest.vcxproj]
trivial.obj : error LNK2019: unresolved external symbol "void const * __cdecl testing::internal::GetTestTypeId(void)" (?GetTestTypeId@internal@testing@@YAPEBXXZ) referenced in function "void __cdecl `dynamic initializer for 'private: static class testing::TestInfo * trivial_trivial_Test::test_info_''(void)" (??__E?test_info_@trivial_trivial_Test@@0QEAVTestInfo@testing@@EA@@YAXXZ) [C:\Users\user\Documents\GitHub\HyperXTalk\build-win-x86_64\livecode\libcpptest\test-libcpptest.vcxproj]
trivial.obj : error LNK2019: unresolved external symbol "class testing::TestInfo * __cdecl testing::internal::MakeAndRegisterTestInfo(char const *,char const *,char const *,char const *,struct testing::internal::CodeLocation,void const *,void (__cdecl*)(void),void (__cdecl*)(void),class testing::internal::TestFactoryBase *)" (?MakeAndRegisterTestInfo@internal@testing@@YAPEAVTestInfo@2@PEBD000UCodeLocation@12@PEBXP6AXXZ3PEAVTestFactoryBase@12@@Z) referenced in function "void __cdecl `dynamic initializer for 'private: static class testing::TestInfo * trivial_trivial_Test::test_info_''(void)" (??__E?test_info_@trivial_trivial_Test@@0QEAVTestInfo@testing@@EA@@YAXXZ) [C:\Users\user\Documents\GitHub\HyperXTalk\build-win-x86_64\livecode\libcpptest\test-libcpptest.vcxproj]
trivial.obj : error LNK2019: unresolved external symbol "public: virtual __cdecl testing::Test::~Test(void)" (??1Test@testing@@UEAA@XZ) referenced in function "public: virtual __cdecl trivial_trivial_Test::~trivial_trivial_Test(void)" (??1trivial_trivial_Test@@UEAA@XZ) [C:\Users\user\Documents\GitHub\HyperXTalk\build-win-x86_64\livecode\libcpptest\test-libcpptest.vcxproj]
trivial.obj : error LNK2019: unresolved external symbol "protected: __cdecl testing::Test::Test(void)" (??0Test@testing@@IEAA@XZ) referenced in function "public: __cdecl trivial_trivial_Test::trivial_trivial_Test(void)" (??0trivial_trivial_Test@@QEAA@XZ) [C:\Users\user\Documents\GitHub\HyperXTalk\build-win-x86_64\livecode\libcpptest\test-libcpptest.vcxproj]
trivial.obj : error LNK2001: unresolved external symbol "protected: virtual void __cdecl testing::Test::SetUp(void)" (?SetUp@Test@testing@@MEAAXXZ) [C:\Users\user\Documents\GitHub\HyperXTalk\build-win-x86_64\livecode\libcpptest\test-libcpptest.vcxproj]
trivial.obj : error LNK2001: unresolved external symbol "protected: virtual void __cdecl testing::Test::TearDown(void)" (?TearDown@Test@testing@@MEAAXXZ) [C:\Users\user\Documents\GitHub\HyperXTalk\build-win-x86_64\livecode\libcpptest\test-libcpptest.vcxproj]
trivial.obj : error LNK2019: unresolved external symbol "public: __cdecl testing::internal::AssertHelper::AssertHelper(enum testing::TestPartResult::Type,char const *,int,char const *)" (??0AssertHelper@internal@testing@@QEAA@W4Type@TestPartResult@2@PEBDH1@Z) referenced in function "private: virtual void __cdecl trivial_trivial_Test::TestBody(void)" (?TestBody@trivial_trivial_Test@@EEAAXXZ) [C:\Users\user\Documents\GitHub\HyperXTalk\build-win-x86_64\livecode\libcpptest\test-libcpptest.vcxproj]
trivial.obj : error LNK2019: unresolved external symbol "public: __cdecl testing::internal::AssertHelper::~AssertHelper(void)" (??1AssertHelper@internal@testing@@QEAA@XZ) referenced in function "private: virtual void __cdecl trivial_trivial_Test::TestBody(void)" (?TestBody@trivial_trivial_Test@@EEAAXXZ) [C:\Users\user\Documents\GitHub\HyperXTalk\build-win-x86_64\livecode\libcpptest\test-libcpptest.vcxproj]
trivial.obj : error LNK2019: unresolved external symbol "public: void __cdecl testing::internal::AssertHelper::operator=(class testing::Message const &)const " (??4AssertHelper@internal@testing@@QEBAXAEBVMessage@2@@Z) referenced in function "private: virtual void __cdecl trivial_trivial_Test::TestBody(void)" (?TestBody@trivial_trivial_Test@@EEAAXXZ) [C:\Users\user\Documents\GitHub\HyperXTalk\build-win-x86_64\livecode\libcpptest\test-libcpptest.vcxproj]
LIBCMTD.lib(exe_main.obj) : error LNK2019: unresolved external symbol main referenced in function "int __cdecl invoke_main(void)" (?invoke_main@@YAHXZ) [C:\Users\user\Documents\GitHub\HyperXTalk\build-win-x86_64\livecode\libcpptest\test-libcpptest.vcxproj]
C:\Users\user\Documents\GitHub\HyperXTalk\build-win-x86_64\livecode\Debug\lib\libcpptest.lib : warning LNK4272: library machine type 'x86' conflicts with target machine type 'x64' [C:\Users\user\Documents\GitHub\HyperXTalk\build-win-x86_64\livecode\libcpptest\test-libcpptest.vcxproj]
C:\Users\user\Documents\GitHub\HyperXTalk\build-win-x86_64\livecode\Debug\test-libcpptest.exe : fatal error LNK1120: 15 unresolved externals [C:\Users\user\Documents\GitHub\HyperXTalk\build-win-x86_64\livecode\libcpptest\test-libcpptest.vcxproj]
Done Building Project "C:\Users\user\Documents\GitHub\HyperXTalk\build-win-x86_64\livecode\libcpptest\test-libcpptest.vcxproj" (default targets) -- FAILED.
Done Building Project "C:\Users\user\Documents\GitHub\HyperXTalk\build-win-x86_64\livecode\libcpptest\run-test-libcpptest.vcxproj" (default targets) -- FAILED.
Project "C:\Users\user\Documents\GitHub\HyperXTalk\build-win-x86_64\livecode\livecode.sln" (1) is building "C:\Users\user\Documents\GitHub\HyperXTalk\build-win-x86_64\livecode\thirdparty-prebuilts.vcxproj" (74) on node 1 (default targets).
Project "C:\Users\user\Documents\GitHub\HyperXTalk\build-win-x86_64\livecode\thirdparty-prebuilts.vcxproj" (74) is building "C:\Users\user\Documents\GitHub\HyperXTalk\build-win-x86_64\livecode\thirdparty\libpng\libpng.vcxproj" (75) on node 1 (default targets).
InitializeBuildStatus:
ClCompile:
Lib:
  libpng.vcxproj -> C:\Users\user\Documents\GitHub\HyperXTalk\build-win-x86_64\livecode\Debug\lib\libpng.lib
FinalizeBuildStatus:
Done Building Project "C:\Users\user\Documents\GitHub\HyperXTalk\build-win-x86_64\livecode\thirdparty\libpng\libpng.vcxproj" (default targets).
Project "C:\Users\user\Documents\GitHub\HyperXTalk\build-win-x86_64\livecode\thirdparty-prebuilts.vcxproj" (74) is building "C:\Users\user\Documents\GitHub\HyperXTalk\build-win-x86_64\livecode\thirdparty\libz\libz.vcxproj" (76) on node 1 (default targets).
InitializeBuildStatus:
ClCompile:
Lib:
  libz.vcxproj -> C:\Users\user\Documents\GitHub\HyperXTalk\build-win-x86_64\livecode\Debug\lib\libz.lib
FinalizeBuildStatus:
Done Building Project "C:\Users\user\Documents\GitHub\HyperXTalk\build-win-x86_64\livecode\thirdparty\libz\libz.vcxproj" (default targets).
Project "C:\Users\user\Documents\GitHub\HyperXTalk\build-win-x86_64\livecode\thirdparty-prebuilts.vcxproj" (74) is building "C:\Users\user\Documents\GitHub\HyperXTalk\build-win-x86_64\livecode\thirdparty\libgif\libgif.vcxproj" (77) on node 1 (default targets).
InitializeBuildStatus:
ClCompile:
Lib:
  libgif.vcxproj -> C:\Users\user\Documents\GitHub\HyperXTalk\build-win-x86_64\livecode\Debug\lib\libgif.lib
FinalizeBuildStatus:
Done Building Project "C:\Users\user\Documents\GitHub\HyperXTalk\build-win-x86_64\livecode\thirdparty\libgif\libgif.vcxproj" (default targets).
Project "C:\Users\user\Documents\GitHub\HyperXTalk\build-win-x86_64\livecode\thirdparty-prebuilts.vcxproj" (74) is building "C:\Users\user\Documents\GitHub\HyperXTalk\build-win-x86_64\livecode\thirdparty\libjpeg\libjpeg.vcxproj" (78) on node 1 (default targets).
InitializeBuildStatus:
ClCompile:
Lib:
  libjpeg.vcxproj -> C:\Users\user\Documents\GitHub\HyperXTalk\build-win-x86_64\livecode\Debug\lib\libjpeg.lib
FinalizeBuildStatus:
Done Building Project "C:\Users\user\Documents\GitHub\HyperXTalk\build-win-x86_64\livecode\thirdparty\libjpeg\libjpeg.vcxproj" (default targets).
Project "C:\Users\user\Documents\GitHub\HyperXTalk\build-win-x86_64\livecode\thirdparty-prebuilts.vcxproj" (74) is building "C:\Users\user\Documents\GitHub\HyperXTalk\build-win-x86_64\livecode\thirdparty\libpcre\libpcre.vcxproj" (79) on node 1 (default targets).
InitializeBuildStatus:
ClCompile:
Lib:
  libpcre.vcxproj -> C:\Users\user\Documents\GitHub\HyperXTalk\build-win-x86_64\livecode\Debug\lib\libpcre.lib
FinalizeBuildStatus:
Done Building Project "C:\Users\user\Documents\GitHub\HyperXTalk\build-win-x86_64\livecode\thirdparty\libpcre\libpcre.vcxproj" (default targets).
Project "C:\Users\user\Documents\GitHub\HyperXTalk\build-win-x86_64\livecode\thirdparty-prebuilts.vcxproj" (74) is building "C:\Users\user\Documents\GitHub\HyperXTalk\build-win-x86_64\livecode\thirdparty\libskia\libskia.vcxproj" (80) on node 1 (default targets).
InitializeBuildStatus:
ClCompile:
Lib:
  libskia.vcxproj -> C:\Users\user\Documents\GitHub\HyperXTalk\build-win-x86_64\livecode\Debug\lib\libskia.lib
FinalizeBuildStatus:
Done Building Project "C:\Users\user\Documents\GitHub\HyperXTalk\build-win-x86_64\livecode\thirdparty\libskia\libskia.vcxproj" (default targets).
Project "C:\Users\user\Documents\GitHub\HyperXTalk\build-win-x86_64\livecode\thirdparty-prebuilts.vcxproj" (74) is building "C:\Users\user\Documents\GitHub\HyperXTalk\build-win-x86_64\livecode\thirdparty\libskia\libskia_opt_none.vcxproj" (81) on node 1 (default targets).
InitializeBuildStatus:
ClCompile:
Lib:
  libskia_opt_none.vcxproj -> C:\Users\user\Documents\GitHub\HyperXTalk\build-win-x86_64\livecode\Debug\lib\libskia_opt_none.lib
FinalizeBuildStatus:
Done Building Project "C:\Users\user\Documents\GitHub\HyperXTalk\build-win-x86_64\livecode\thirdparty\libskia\libskia_opt_none.vcxproj" (default targets).
Project "C:\Users\user\Documents\GitHub\HyperXTalk\build-win-x86_64\livecode\thirdparty-prebuilts.vcxproj" (74) is building "C:\Users\user\Documents\GitHub\HyperXTalk\build-win-x86_64\livecode\thirdparty\libskia\libskia_opt_arm.vcxproj" (82) on node 1 (default targets).
InitializeBuildStatus:
ClCompile:
Lib:
  libskia_opt_arm.vcxproj -> C:\Users\user\Documents\GitHub\HyperXTalk\build-win-x86_64\livecode\Debug\lib\libskia_opt_arm.lib
FinalizeBuildStatus:
Done Building Project "C:\Users\user\Documents\GitHub\HyperXTalk\build-win-x86_64\livecode\thirdparty\libskia\libskia_opt_arm.vcxproj" (default targets).
Project "C:\Users\user\Documents\GitHub\HyperXTalk\build-win-x86_64\livecode\thirdparty-prebuilts.vcxproj" (74) is building "C:\Users\user\Documents\GitHub\HyperXTalk\build-win-x86_64\livecode\thirdparty\libskia\libskia_opt_sse2.vcxproj" (83) on node 1 (default targets).
InitializeBuildStatus:
ClCompile:
Lib:
  libskia_opt_sse2.vcxproj -> C:\Users\user\Documents\GitHub\HyperXTalk\build-win-x86_64\livecode\Debug\lib\libskia_opt_sse2.lib
FinalizeBuildStatus:
Done Building Project "C:\Users\user\Documents\GitHub\HyperXTalk\build-win-x86_64\livecode\thirdparty\libskia\libskia_opt_sse2.vcxproj" (default targets).
Project "C:\Users\user\Documents\GitHub\HyperXTalk\build-win-x86_64\livecode\thirdparty-prebuilts.vcxproj" (74) is building "C:\Users\user\Documents\GitHub\HyperXTalk\build-win-x86_64\livecode\thirdparty\libskia\libskia_opt_sse3.vcxproj" (84) on node 1 (default targets).
InitializeBuildStatus:
ClCompile:
Lib:
  libskia_opt_sse3.vcxproj -> C:\Users\user\Documents\GitHub\HyperXTalk\build-win-x86_64\livecode\Debug\lib\libskia_opt_sse3.lib
FinalizeBuildStatus:
Done Building Project "C:\Users\user\Documents\GitHub\HyperXTalk\build-win-x86_64\livecode\thirdparty\libskia\libskia_opt_sse3.vcxproj" (default targets).
Project "C:\Users\user\Documents\GitHub\HyperXTalk\build-win-x86_64\livecode\thirdparty-prebuilts.vcxproj" (74) is building "C:\Users\user\Documents\GitHub\HyperXTalk\build-win-x86_64\livecode\thirdparty\libskia\libskia_opt_sse41.vcxproj" (85) on node 1 (default targets).
InitializeBuildStatus:
ClCompile:
Lib:
  libskia_opt_sse41.vcxproj -> C:\Users\user\Documents\GitHub\HyperXTalk\build-win-x86_64\livecode\Debug\lib\libskia_opt_sse41.lib
FinalizeBuildStatus:
Done Building Project "C:\Users\user\Documents\GitHub\HyperXTalk\build-win-x86_64\livecode\thirdparty\libskia\libskia_opt_sse41.vcxproj" (default targets).
Project "C:\Users\user\Documents\GitHub\HyperXTalk\build-win-x86_64\livecode\thirdparty-prebuilts.vcxproj" (74) is building "C:\Users\user\Documents\GitHub\HyperXTalk\build-win-x86_64\livecode\thirdparty\libskia\libskia_opt_sse42.vcxproj" (86) on node 1 (default targets).
InitializeBuildStatus:
ClCompile:
Lib:
  libskia_opt_sse42.vcxproj -> C:\Users\user\Documents\GitHub\HyperXTalk\build-win-x86_64\livecode\Debug\lib\libskia_opt_sse42.lib
FinalizeBuildStatus:
Done Building Project "C:\Users\user\Documents\GitHub\HyperXTalk\build-win-x86_64\livecode\thirdparty\libskia\libskia_opt_sse42.vcxproj" (default targets).
Project "C:\Users\user\Documents\GitHub\HyperXTalk\build-win-x86_64\livecode\thirdparty-prebuilts.vcxproj" (74) is building "C:\Users\user\Documents\GitHub\HyperXTalk\build-win-x86_64\livecode\thirdparty\libskia\libskia_opt_avx.vcxproj" (87) on node 1 (default targets).
InitializeBuildStatus:
ClCompile:
Lib:
  libskia_opt_avx.vcxproj -> C:\Users\user\Documents\GitHub\HyperXTalk\build-win-x86_64\livecode\Debug\lib\libskia_opt_avx.lib
FinalizeBuildStatus:
Done Building Project "C:\Users\user\Documents\GitHub\HyperXTalk\build-win-x86_64\livecode\thirdparty\libskia\libskia_opt_avx.vcxproj" (default targets).
Project "C:\Users\user\Documents\GitHub\HyperXTalk\build-win-x86_64\livecode\thirdparty-prebuilts.vcxproj" (74) is building "C:\Users\user\Documents\GitHub\HyperXTalk\build-win-x86_64\livecode\thirdparty\libskia\libskia_opt_hsw.vcxproj" (88) on node 1 (default targets).
InitializeBuildStatus:
ClCompile:
Lib:
  libskia_opt_hsw.vcxproj -> C:\Users\user\Documents\GitHub\HyperXTalk\build-win-x86_64\livecode\Debug\lib\libskia_opt_hsw.lib
FinalizeBuildStatus:
Done Building Project "C:\Users\user\Documents\GitHub\HyperXTalk\build-win-x86_64\livecode\thirdparty\libskia\libskia_opt_hsw.vcxproj" (default targets).
Project "C:\Users\user\Documents\GitHub\HyperXTalk\build-win-x86_64\livecode\thirdparty-prebuilts.vcxproj" (74) is building "C:\Users\user\Documents\GitHub\HyperXTalk\build-win-x86_64\livecode\thirdparty\libmysql\libmysql.vcxproj" (89) on node 1 (default targets).
InitializeBuildStatus:
ClCompile:
  C:\Program Files (x86)\Microsoft Visual Studio\2019\Community\VC\Tools\MSVC\14.29.30133\bin\HostX64\x86\CL.exe /c /I..\..\..\..\thirdparty\libmysql\include /I..\..\..\..\thirdparty\libmysql\src /I"..\..\..\..\prebuilt\unpacked\openssl3\x86_64-win32-v142_static_Debug\include" /I..\..\..\..\thirdparty\libz\include /ZI /nologo /W0 /WX- /diagnostics:column /Od /Oy- /D _DEBUG /D _CRT_NONSTDC_NO_DEPRECATE /D _CRT_SECURE_NO_DEPRECATE /D _CRT_DISABLE_PERFCRIT_LOCKS /D __LITTLE_ENDIAN__ /D WINVER=0x0601 /D _WIN32_WINNT=0x0601 /D _CRT_NO_TIME_T /D time_t=__time32_t /D OPENSSL_API_COMPAT=0x10000100L /D CROSS_COMPILE_TARGET /D _WINDOWS /D WIN32 /D TARGET_PLATFORM_WINDOWS /Gm- /MTd /GS- /fp:precise /Zc:wchar_t /Zc:forScope /Zc:inline /GR- /Fo"Debug\Win32\obj\libmysql\\" /Fd"C:\Users\user\Documents\GitHub\HyperXTalk\build-win-x86_64\livecode\Debug\libmysql.pdb" /external:W0 /Gd /TC /wd4577 /wd4800 /wd4244 /analyze- /FC /errorReport:queue ..\..\..\..\thirdparty\libmysql\src\array.c ..\..\..\..\thirdparty\libmysql\src\client.c ..\..\..\..\thirdparty\libmysql\src\ctype.c "..\..\..\..\thirdparty\libmysql\src\ctype-sjis.c" "..\..\..\..\thirdparty\libmysql\src\ctype-tis620.c" ..\..\..\..\thirdparty\libmysql\src\libmysql.c ..\..\..\..\thirdparty\libmysql\src\list.c ..\..\..\..\thirdparty\libmysql\src\mf_format.c ..\..\..\..\thirdparty\libmysql\src\mf_loadpath.c ..\..\..\..\thirdparty\libmysql\src\my_pthread.c ..\..\..\..\thirdparty\libmysql\src\my_read.c ..\..\..\..\thirdparty\libmysql\src\my_time.c ..\..\..\..\thirdparty\libmysql\src\my_vsnprintf.c ..\..\..\..\thirdparty\libmysql\src\net_serv.c ..\..\..\..\thirdparty\libmysql\src\pack.c ..\..\..\..\thirdparty\libmysql\src\password.c ..\..\..\..\thirdparty\libmysql\src\sha1.c ..\..\..\..\thirdparty\libmysql\src\strcend.c ..\..\..\..\thirdparty\libmysql\src\vio.c ..\..\..\..\thirdparty\libmysql\src\viosocket.c ..\..\..\..\thirdparty\libmysql\src\viossl.c ..\..\..\..\thirdparty\libmysql\src\viosslfactories.c ..\..\..\..\thirdparty\libmysql\src\xml.c
C:\Users\user\Documents\GitHub\HyperXTalk\thirdparty\libmysql\src\violite.h(44,4): error C2143: syntax error: missing '{' before '*' [C:\Users\user\Documents\GitHub\HyperXTalk\build-win-x86_64\livecode\thirdparty\libmysql\libmysql.vcxproj]
C:\Users\user\Documents\GitHub\HyperXTalk\thirdparty\libmysql\src\violite.h(46,4): error C2143: syntax error: missing '{' before '*' [C:\Users\user\Documents\GitHub\HyperXTalk\build-win-x86_64\livecode\thirdparty\libmysql\libmysql.vcxproj]
C:\Users\user\Documents\GitHub\HyperXTalk\thirdparty\libmysql\src\violite.h(47,4): error C2143: syntax error: missing '{' before '*' [C:\Users\user\Documents\GitHub\HyperXTalk\build-win-x86_64\livecode\thirdparty\libmysql\libmysql.vcxproj]
C:\Users\user\Documents\GitHub\HyperXTalk\thirdparty\libmysql\src\violite.h(54,26): error C2143: syntax error: missing ')' before '*' [C:\Users\user\Documents\GitHub\HyperXTalk\build-win-x86_64\livecode\thirdparty\libmysql\libmysql.vcxproj]
C:\Users\user\Documents\GitHub\HyperXTalk\thirdparty\libmysql\src\violite.h(54,26): error C2143: syntax error: missing '{' before '*' [C:\Users\user\Documents\GitHub\HyperXTalk\build-win-x86_64\livecode\thirdparty\libmysql\libmysql.vcxproj]
C:\Users\user\Documents\GitHub\HyperXTalk\thirdparty\libmysql\src\violite.h(54,32): error C2371: 'uchar': redefinition; different basic types [C:\Users\user\Documents\GitHub\HyperXTalk\build-win-x86_64\livecode\thirdparty\libmysql\libmysql.vcxproj]
C:\Users\user\Documents\GitHub\HyperXTalk\thirdparty\libmysql\src\my_global.h(977): message : see declaration of 'uchar' [C:\Users\user\Documents\GitHub\HyperXTalk\build-win-x86_64\livecode\thirdparty\libmysql\libmysql.vcxproj]
C:\Users\user\Documents\GitHub\HyperXTalk\thirdparty\libmysql\src\violite.h(54,38): error C2143: syntax error: missing ';' before '*' [C:\Users\user\Documents\GitHub\HyperXTalk\build-win-x86_64\livecode\thirdparty\libmysql\libmysql.vcxproj]
C:\Users\user\Documents\GitHub\HyperXTalk\thirdparty\libmysql\src\violite.h(54,45): error C2370: 'size_t': redefinition; different storage class [C:\Users\user\Documents\GitHub\HyperXTalk\build-win-x86_64\livecode\thirdparty\libmysql\libmysql.vcxproj]
C:\Program Files (x86)\Microsoft Visual Studio\2019\Community\VC\Tools\MSVC\14.29.30133\include\vcruntime.h(197): message : see declaration of 'size_t' [C:\Users\user\Documents\GitHub\HyperXTalk\build-win-x86_64\livecode\thirdparty\libmysql\libmysql.vcxproj]
C:\Users\user\Documents\GitHub\HyperXTalk\thirdparty\libmysql\src\violite.h(54,52): error C2146: syntax error: missing ';' before identifier 'size' [C:\Users\user\Documents\GitHub\HyperXTalk\build-win-x86_64\livecode\thirdparty\libmysql\libmysql.vcxproj]
C:\Users\user\Documents\GitHub\HyperXTalk\thirdparty\libmysql\src\violite.h(54,56): error C2059: syntax error: ')' [C:\Users\user\Documents\GitHub\HyperXTalk\build-win-x86_64\livecode\thirdparty\libmysql\libmysql.vcxproj]
C:\Users\user\Documents\GitHub\HyperXTalk\thirdparty\libmysql\src\violite.h(55,27): error C2143: syntax error: missing ')' before '*' [C:\Users\user\Documents\GitHub\HyperXTalk\build-win-x86_64\livecode\thirdparty\libmysql\libmysql.vcxproj]
C:\Users\user\Documents\GitHub\HyperXTalk\thirdparty\libmysql\src\violite.h(55,27): error C2143: syntax error: missing '{' before '*' [C:\Users\user\Documents\GitHub\HyperXTalk\build-win-x86_64\livecode\thirdparty\libmysql\libmysql.vcxproj]
C:\Users\user\Documents\GitHub\HyperXTalk\thirdparty\libmysql\src\violite.h(55,39): error C2371: 'uchar': redefinition; different basic types [C:\Users\user\Documents\GitHub\HyperXTalk\build-win-x86_64\livecode\thirdparty\libmysql\libmysql.vcxproj]
C:\Users\user\Documents\GitHub\HyperXTalk\thirdparty\libmysql\src\my_global.h(977): message : see declaration of 'uchar' [C:\Users\user\Documents\GitHub\HyperXTalk\build-win-x86_64\livecode\thirdparty\libmysql\libmysql.vcxproj]
C:\Users\user\Documents\GitHub\HyperXTalk\thirdparty\libmysql\src\violite.h(55,45): error C2143: syntax error: missing ';' before '*' [C:\Users\user\Documents\GitHub\HyperXTalk\build-win-x86_64\livecode\thirdparty\libmysql\libmysql.vcxproj]
C:\Users\user\Documents\GitHub\HyperXTalk\thirdparty\libmysql\src\violite.h(55,52): error C2370: 'size_t': redefinition; different storage class [C:\Users\user\Documents\GitHub\HyperXTalk\build-win-x86_64\livecode\thirdparty\libmysql\libmysql.vcxproj]
C:\Program Files (x86)\Microsoft Visual Studio\2019\Community\VC\Tools\MSVC\14.29.30133\include\vcruntime.h(197): message : see declaration of 'size_t' [C:\Users\user\Documents\GitHub\HyperXTalk\build-win-x86_64\livecode\thirdparty\libmysql\libmysql.vcxproj]
C:\Users\user\Documents\GitHub\HyperXTalk\thirdparty\libmysql\src\violite.h(55,59): error C2146: syntax error: missing ';' before identifier 'size' [C:\Users\user\Documents\GitHub\HyperXTalk\build-win-x86_64\livecode\thirdparty\libmysql\libmysql.vcxproj]
C:\Users\user\Documents\GitHub\HyperXTalk\thirdparty\libmysql\src\violite.h(55,63): error C2059: syntax error: ')' [C:\Users\user\Documents\GitHub\HyperXTalk\build-win-x86_64\livecode\thirdparty\libmysql\libmysql.vcxproj]
C:\Users\user\Documents\GitHub\HyperXTalk\thirdparty\libmysql\src\violite.h(56,24): error C2143: syntax error: missing ')' before '*' [C:\Users\user\Documents\GitHub\HyperXTalk\build-win-x86_64\livecode\thirdparty\libmysql\libmysql.vcxproj]
C:\Users\user\Documents\GitHub\HyperXTalk\thirdparty\libmysql\src\violite.h(56,24): error C2143: syntax error: missing '{' before '*' [C:\Users\user\Documents\GitHub\HyperXTalk\build-win-x86_64\livecode\thirdparty\libmysql\libmysql.vcxproj]
C:\Users\user\Documents\GitHub\HyperXTalk\thirdparty\libmysql\src\violite.h(56,29): error C2059: syntax error: ')' [C:\Users\user\Documents\GitHub\HyperXTalk\build-win-x86_64\livecode\thirdparty\libmysql\libmysql.vcxproj]
C:\Users\user\Documents\GitHub\HyperXTalk\thirdparty\libmysql\src\violite.h(61,20): error C2143: syntax error: missing ')' before '*' [C:\Users\user\Documents\GitHub\HyperXTalk\build-win-x86_64\livecode\thirdparty\libmysql\libmysql.vcxproj]
C:\Users\user\Documents\GitHub\HyperXTalk\thirdparty\libmysql\src\violite.h(61,20): error C2143: syntax error: missing '{' before '*' [C:\Users\user\Documents\GitHub\HyperXTalk\build-win-x86_64\livecode\thirdparty\libmysql\libmysql.vcxproj]
C:\Users\user\Documents\GitHub\HyperXTalk\thirdparty\libmysql\src\violite.h(61,25): error C2059: syntax error: ')' [C:\Users\user\Documents\GitHub\HyperXTalk\build-win-x86_64\livecode\thirdparty\libmysql\libmysql.vcxproj]
C:\Users\user\Documents\GitHub\HyperXTalk\thirdparty\libmysql\src\violite.h(62,18): error C2143: syntax error: missing ')' before '*' [C:\Users\user\Documents\GitHub\HyperXTalk\build-win-x86_64\livecode\thirdparty\libmysql\libmysql.vcxproj]
C:\Users\user\Documents\GitHub\HyperXTalk\thirdparty\libmysql\src\violite.h(62,18): error C2143: syntax error: missing '{' before '*' [C:\Users\user\Documents\GitHub\HyperXTalk\build-win-x86_64\livecode\thirdparty\libmysql\libmysql.vcxproj]
C:\Users\user\Documents\GitHub\HyperXTalk\thirdparty\libmysql\src\violite.h(62,23): error C2059: syntax error: ')' [C:\Users\user\Documents\GitHub\HyperXTalk\build-win-x86_64\livecode\thirdparty\libmysql\libmysql.vcxproj]
C:\Users\user\Documents\GitHub\HyperXTalk\thirdparty\libmysql\src\violite.h(63,22): error C2143: syntax error: missing ')' before '*' [C:\Users\user\Documents\GitHub\HyperXTalk\build-win-x86_64\livecode\thirdparty\libmysql\libmysql.vcxproj]
C:\Users\user\Documents\GitHub\HyperXTalk\thirdparty\libmysql\src\violite.h(63,22): error C2143: syntax error: missing '{' before '*' [C:\Users\user\Documents\GitHub\HyperXTalk\build-win-x86_64\livecode\thirdparty\libmysql\libmysql.vcxproj]
C:\Users\user\Documents\GitHub\HyperXTalk\thirdparty\libmysql\src\violite.h(63,48): error C2059: syntax error: 'type' [C:\Users\user\Documents\GitHub\HyperXTalk\build-win-x86_64\livecode\thirdparty\libmysql\libmysql.vcxproj]
C:\Users\user\Documents\GitHub\HyperXTalk\thirdparty\libmysql\src\violite.h(64,57): error C2059: syntax error: ')' [C:\Users\user\Documents\GitHub\HyperXTalk\build-win-x86_64\livecode\thirdparty\libmysql\libmysql.vcxproj]
C:\Users\user\Documents\GitHub\HyperXTalk\thirdparty\libmysql\src\violite.h(65,21): error C2143: syntax error: missing ')' before '*' [C:\Users\user\Documents\GitHub\HyperXTalk\build-win-x86_64\livecode\thirdparty\libmysql\libmysql.vcxproj]
C:\Users\user\Documents\GitHub\HyperXTalk\thirdparty\libmysql\src\violite.h(65,21): error C2143: syntax error: missing '{' before '*' [C:\Users\user\Documents\GitHub\HyperXTalk\build-win-x86_64\livecode\thirdparty\libmysql\libmysql.vcxproj]
C:\Users\user\Documents\GitHub\HyperXTalk\thirdparty\libmysql\src\violite.h(65,27): error C2371: 'uchar': redefinition; different basic types [C:\Users\user\Documents\GitHub\HyperXTalk\build-win-x86_64\livecode\thirdparty\libmysql\libmysql.vcxproj]
C:\Users\user\Documents\GitHub\HyperXTalk\thirdparty\libmysql\src\my_global.h(977): message : see declaration of 'uchar' [C:\Users\user\Documents\GitHub\HyperXTalk\build-win-x86_64\livecode\thirdparty\libmysql\libmysql.vcxproj]
C:\Users\user\Documents\GitHub\HyperXTalk\thirdparty\libmysql\src\violite.h(65,33): error C2143: syntax error: missing ';' before '*' [C:\Users\user\Documents\GitHub\HyperXTalk\build-win-x86_64\livecode\thirdparty\libmysql\libmysql.vcxproj]
C:\Users\user\Documents\GitHub\HyperXTalk\thirdparty\libmysql\src\violite.h(65,40): error C2370: 'size_t': redefinition; different storage class [C:\Users\user\Documents\GitHub\HyperXTalk\build-win-x86_64\livecode\thirdparty\libmysql\libmysql.vcxproj]
C:\Program Files (x86)\Microsoft Visual Studio\2019\Community\VC\Tools\MSVC\14.29.30133\include\vcruntime.h(197): message : see declaration of 'size_t' [C:\Users\user\Documents\GitHub\HyperXTalk\build-win-x86_64\livecode\thirdparty\libmysql\libmysql.vcxproj]
C:\Users\user\Documents\GitHub\HyperXTalk\thirdparty\libmysql\src\violite.h(65,47): error C2146: syntax error: missing ';' before identifier 'size' [C:\Users\user\Documents\GitHub\HyperXTalk\build-win-x86_64\livecode\thirdparty\libmysql\libmysql.vcxproj]
C:\Users\user\Documents\GitHub\HyperXTalk\thirdparty\libmysql\src\violite.h(65,51): error C2059: syntax error: ')' [C:\Users\user\Documents\GitHub\HyperXTalk\build-win-x86_64\livecode\thirdparty\libmysql\libmysql.vcxproj]
C:\Users\user\Documents\GitHub\HyperXTalk\thirdparty\libmysql\src\violite.h(66,27): error C2143: syntax error: missing ')' before '*' [C:\Users\user\Documents\GitHub\HyperXTalk\build-win-x86_64\livecode\thirdparty\libmysql\libmysql.vcxproj]
C:\Users\user\Documents\GitHub\HyperXTalk\thirdparty\libmysql\src\violite.h(66,27): error C2143: syntax error: missing '{' before '*' [C:\Users\user\Documents\GitHub\HyperXTalk\build-win-x86_64\livecode\thirdparty\libmysql\libmysql.vcxproj]
C:\Users\user\Documents\GitHub\HyperXTalk\thirdparty\libmysql\src\violite.h(66,33): error C2371: 'uchar': redefinition; different basic types [C:\Users\user\Documents\GitHub\HyperXTalk\build-win-x86_64\livecode\thirdparty\libmysql\libmysql.vcxproj]
C:\Users\user\Documents\GitHub\HyperXTalk\thirdparty\libmysql\src\my_global.h(977): message : see declaration of 'uchar' [C:\Users\user\Documents\GitHub\HyperXTalk\build-win-x86_64\livecode\thirdparty\libmysql\libmysql.vcxproj]
C:\Users\user\Documents\GitHub\HyperXTalk\thirdparty\libmysql\src\violite.h(66,39): error C2143: syntax error: missing ';' before '*' [C:\Users\user\Documents\GitHub\HyperXTalk\build-win-x86_64\livecode\thirdparty\libmysql\libmysql.vcxproj]
C:\Users\user\Documents\GitHub\HyperXTalk\thirdparty\libmysql\src\violite.h(66,46): error C2370: 'size_t': redefinition; different storage class [C:\Users\user\Documents\GitHub\HyperXTalk\build-win-x86_64\livecode\thirdparty\libmysql\libmysql.vcxproj]
C:\Program Files (x86)\Microsoft Visual Studio\2019\Community\VC\Tools\MSVC\14.29.30133\include\vcruntime.h(197): message : see declaration of 'size_t' [C:\Users\user\Documents\GitHub\HyperXTalk\build-win-x86_64\livecode\thirdparty\libmysql\libmysql.vcxproj]
C:\Users\user\Documents\GitHub\HyperXTalk\thirdparty\libmysql\src\violite.h(66,53): error C2146: syntax error: missing ';' before identifier 'size' [C:\Users\user\Documents\GitHub\HyperXTalk\build-win-x86_64\livecode\thirdparty\libmysql\libmysql.vcxproj]
C:\Users\user\Documents\GitHub\HyperXTalk\thirdparty\libmysql\src\violite.h(66,57): error C2059: syntax error: ')' [C:\Users\user\Documents\GitHub\HyperXTalk\build-win-x86_64\livecode\thirdparty\libmysql\libmysql.vcxproj]
C:\Users\user\Documents\GitHub\HyperXTalk\thirdparty\libmysql\src\violite.h(67,22): error C2143: syntax error: missing ')' before '*' [C:\Users\user\Documents\GitHub\HyperXTalk\build-win-x86_64\livecode\thirdparty\libmysql\libmysql.vcxproj]
C:\Users\user\Documents\GitHub\HyperXTalk\thirdparty\libmysql\src\violite.h(67,22): error C2143: syntax error: missing '{' before '*' [C:\Users\user\Documents\GitHub\HyperXTalk\build-win-x86_64\livecode\thirdparty\libmysql\libmysql.vcxproj]
C:\Users\user\Documents\GitHub\HyperXTalk\thirdparty\libmysql\src\violite.h(67,34): error C2371: 'uchar': redefinition; different basic types [C:\Users\user\Documents\GitHub\HyperXTalk\build-win-x86_64\livecode\thirdparty\libmysql\libmysql.vcxproj]
C:\Users\user\Documents\GitHub\HyperXTalk\thirdparty\libmysql\src\my_global.h(977): message : see declaration of 'uchar' [C:\Users\user\Documents\GitHub\HyperXTalk\build-win-x86_64\livecode\thirdparty\libmysql\libmysql.vcxproj]
C:\Users\user\Documents\GitHub\HyperXTalk\thirdparty\libmysql\src\violite.h(67,40): error C2143: syntax error: missing ';' before '*' [C:\Users\user\Documents\GitHub\HyperXTalk\build-win-x86_64\livecode\thirdparty\libmysql\libmysql.vcxproj]
C:\Users\user\Documents\GitHub\HyperXTalk\thirdparty\libmysql\src\violite.h(67,47): error C2370: 'size_t': redefinition; different storage class [C:\Users\user\Documents\GitHub\HyperXTalk\build-win-x86_64\livecode\thirdparty\libmysql\libmysql.vcxproj]
C:\Program Files (x86)\Microsoft Visual Studio\2019\Community\VC\Tools\MSVC\14.29.30133\include\vcruntime.h(197): message : see declaration of 'size_t' [C:\Users\user\Documents\GitHub\HyperXTalk\build-win-x86_64\livecode\thirdparty\libmysql\libmysql.vcxproj]
C:\Users\user\Documents\GitHub\HyperXTalk\thirdparty\libmysql\src\violite.h(67,54): error C2146: syntax error: missing ';' before identifier 'size' [C:\Users\user\Documents\GitHub\HyperXTalk\build-win-x86_64\livecode\thirdparty\libmysql\libmysql.vcxproj]
C:\Users\user\Documents\GitHub\HyperXTalk\thirdparty\libmysql\src\violite.h(67,58): error C2059: syntax error: ')' [C:\Users\user\Documents\GitHub\HyperXTalk\build-win-x86_64\livecode\thirdparty\libmysql\libmysql.vcxproj]
C:\Users\user\Documents\GitHub\HyperXTalk\thirdparty\libmysql\src\violite.h(68,22): error C2143: syntax error: missing ')' before '*' [C:\Users\user\Documents\GitHub\HyperXTalk\build-win-x86_64\livecode\thirdparty\libmysql\libmysql.vcxproj]
C:\Users\user\Documents\GitHub\HyperXTalk\thirdparty\libmysql\src\violite.h(68,22): error C2143: syntax error: missing '{' before '*' [C:\Users\user\Documents\GitHub\HyperXTalk\build-win-x86_64\livecode\thirdparty\libmysql\libmysql.vcxproj]
C:\Users\user\Documents\GitHub\HyperXTalk\thirdparty\libmysql\src\violite.h(68,28): error C2371: 'my_bool': redefinition; different basic types [C:\Users\user\Documents\GitHub\HyperXTalk\build-win-x86_64\livecode\thirdparty\libmysql\libmysql.vcxproj]
C:\Users\user\Documents\GitHub\HyperXTalk\thirdparty\libmysql\src\my_global.h(626): message : see declaration of 'my_bool' [C:\Users\user\Documents\GitHub\HyperXTalk\build-win-x86_64\livecode\thirdparty\libmysql\libmysql.vcxproj]
C:\Users\user\Documents\GitHub\HyperXTalk\thirdparty\libmysql\src\violite.h(68,36): error C2146: syntax error: missing ';' before identifier 'onoff' [C:\Users\user\Documents\GitHub\HyperXTalk\build-win-x86_64\livecode\thirdparty\libmysql\libmysql.vcxproj]
C:\Users\user\Documents\GitHub\HyperXTalk\thirdparty\libmysql\src\violite.h(68,43): error C2371: 'my_bool': redefinition; different basic types [C:\Users\user\Documents\GitHub\HyperXTalk\build-win-x86_64\livecode\thirdparty\libmysql\libmysql.vcxproj]
C:\Users\user\Documents\GitHub\HyperXTalk\thirdparty\libmysql\src\my_global.h(626): message : see declaration of 'my_bool' [C:\Users\user\Documents\GitHub\HyperXTalk\build-win-x86_64\livecode\thirdparty\libmysql\libmysql.vcxproj]
C:\Users\user\Documents\GitHub\HyperXTalk\thirdparty\libmysql\src\violite.h(68,51): error C2143: syntax error: missing ';' before '*' [C:\Users\user\Documents\GitHub\HyperXTalk\build-win-x86_64\livecode\thirdparty\libmysql\libmysql.vcxproj]
C:\Users\user\Documents\GitHub\HyperXTalk\thirdparty\libmysql\src\violite.h(68,60): error C2059: syntax error: ')' [C:\Users\user\Documents\GitHub\HyperXTalk\build-win-x86_64\livecode\thirdparty\libmysql\libmysql.vcxproj]
C:\Users\user\Documents\GitHub\HyperXTalk\thirdparty\libmysql\src\violite.h(69,29): error C2143: syntax error: missing ')' before '*' [C:\Users\user\Documents\GitHub\HyperXTalk\build-win-x86_64\livecode\thirdparty\libmysql\libmysql.vcxproj]
C:\Users\user\Documents\GitHub\HyperXTalk\thirdparty\libmysql\src\violite.h(69,29): error C2143: syntax error: missing '{' before '*' [C:\Users\user\Documents\GitHub\HyperXTalk\build-win-x86_64\livecode\thirdparty\libmysql\libmysql.vcxproj]
C:\Users\user\Documents\GitHub\HyperXTalk\thirdparty\libmysql\src\violite.h(69,33): error C2059: syntax error: ')' [C:\Users\user\Documents\GitHub\HyperXTalk\build-win-x86_64\livecode\thirdparty\libmysql\libmysql.vcxproj]
C:\Users\user\Documents\GitHub\HyperXTalk\thirdparty\libmysql\src\violite.h(71,22): error C2143: syntax error: missing ')' before '*' [C:\Users\user\Documents\GitHub\HyperXTalk\build-win-x86_64\livecode\thirdparty\libmysql\libmysql.vcxproj]
C:\Users\user\Documents\GitHub\HyperXTalk\thirdparty\libmysql\src\violite.h(71,22): error C2143: syntax error: missing '{' before '*' [C:\Users\user\Documents\GitHub\HyperXTalk\build-win-x86_64\livecode\thirdparty\libmysql\libmysql.vcxproj]
C:\Users\user\Documents\GitHub\HyperXTalk\thirdparty\libmysql\src\violite.h(71,26): error C2059: syntax error: ')' [C:\Users\user\Documents\GitHub\HyperXTalk\build-win-x86_64\livecode\thirdparty\libmysql\libmysql.vcxproj]
C:\Users\user\Documents\GitHub\HyperXTalk\thirdparty\libmysql\src\violite.h(73,23): error C2143: syntax error: missing ')' before '*' [C:\Users\user\Documents\GitHub\HyperXTalk\build-win-x86_64\livecode\thirdparty\libmysql\libmysql.vcxproj]
C:\Users\user\Documents\GitHub\HyperXTalk\thirdparty\libmysql\src\violite.h(73,23): error C2143: syntax error: missing '{' before '*' [C:\Users\user\Documents\GitHub\HyperXTalk\build-win-x86_64\livecode\thirdparty\libmysql\libmysql.vcxproj]
C:\Users\user\Documents\GitHub\HyperXTalk\thirdparty\libmysql\src\violite.h(73,29): error C2371: 'my_bool': redefinition; different basic types [C:\Users\user\Documents\GitHub\HyperXTalk\build-win-x86_64\livecode\thirdparty\libmysql\libmysql.vcxproj]
C:\Users\user\Documents\GitHub\HyperXTalk\thirdparty\libmysql\src\my_global.h(626): message : see declaration of 'my_bool' [C:\Users\user\Documents\GitHub\HyperXTalk\build-win-x86_64\livecode\thirdparty\libmysql\libmysql.vcxproj]
C:\Users\user\Documents\GitHub\HyperXTalk\thirdparty\libmysql\src\violite.h(73,37): error C2146: syntax error: missing ';' before identifier 'onoff' [C:\Users\user\Documents\GitHub\HyperXTalk\build-win-x86_64\livecode\thirdparty\libmysql\libmysql.vcxproj]
C:\Users\user\Documents\GitHub\HyperXTalk\thirdparty\libmysql\src\violite.h(73,42): error C2059: syntax error: ')' [C:\Users\user\Documents\GitHub\HyperXTalk\build-win-x86_64\livecode\thirdparty\libmysql\libmysql.vcxproj]
C:\Users\user\Documents\GitHub\HyperXTalk\thirdparty\libmysql\src\violite.h(75,30): error C2143: syntax error: missing ')' before '*' [C:\Users\user\Documents\GitHub\HyperXTalk\build-win-x86_64\livecode\thirdparty\libmysql\libmysql.vcxproj]
C:\Users\user\Documents\GitHub\HyperXTalk\thirdparty\libmysql\src\violite.h(75,30): error C2143: syntax error: missing '{' before '*' [C:\Users\user\Documents\GitHub\HyperXTalk\build-win-x86_64\livecode\thirdparty\libmysql\libmysql.vcxproj]
C:\Users\user\Documents\GitHub\HyperXTalk\thirdparty\libmysql\src\violite.h(75,34): error C2059: syntax error: ')' [C:\Users\user\Documents\GitHub\HyperXTalk\build-win-x86_64\livecode\thirdparty\libmysql\libmysql.vcxproj]
C:\Users\user\Documents\GitHub\HyperXTalk\thirdparty\libmysql\src\violite.h(77,33): error C2143: syntax error: missing ')' before '*' [C:\Users\user\Documents\GitHub\HyperXTalk\build-win-x86_64\livecode\thirdparty\libmysql\libmysql.vcxproj]
C:\Users\user\Documents\GitHub\HyperXTalk\thirdparty\libmysql\src\violite.h(77,33): error C2143: syntax error: missing '{' before '*' [C:\Users\user\Documents\GitHub\HyperXTalk\build-win-x86_64\livecode\thirdparty\libmysql\libmysql.vcxproj]
C:\Users\user\Documents\GitHub\HyperXTalk\thirdparty\libmysql\src\violite.h(77,37): error C2059: syntax error: ')' [C:\Users\user\Documents\GitHub\HyperXTalk\build-win-x86_64\livecode\thirdparty\libmysql\libmysql.vcxproj]
C:\Users\user\Documents\GitHub\HyperXTalk\thirdparty\libmysql\src\violite.h(79,33): error C2143: syntax error: missing ')' before '*' [C:\Users\user\Documents\GitHub\HyperXTalk\build-win-x86_64\livecode\thirdparty\libmysql\libmysql.vcxproj]
C:\Users\user\Documents\GitHub\HyperXTalk\thirdparty\libmysql\src\violite.h(79,33): error C2143: syntax error: missing '{' before '*' [C:\Users\user\Documents\GitHub\HyperXTalk\build-win-x86_64\livecode\thirdparty\libmysql\libmysql.vcxproj]
C:\Users\user\Documents\GitHub\HyperXTalk\thirdparty\libmysql\src\violite.h(79,37): error C2059: syntax error: ')' [C:\Users\user\Documents\GitHub\HyperXTalk\build-win-x86_64\livecode\thirdparty\libmysql\libmysql.vcxproj]
C:\Users\user\Documents\GitHub\HyperXTalk\thirdparty\libmysql\src\violite.h(81,32): error C2143: syntax error: missing ')' before '*' [C:\Users\user\Documents\GitHub\HyperXTalk\build-win-x86_64\livecode\thirdparty\libmysql\libmysql.vcxproj]
C:\Users\user\Documents\GitHub\HyperXTalk\thirdparty\libmysql\src\violite.h(81,32): error C2143: syntax error: missing '{' before '*' [C:\Users\user\Documents\GitHub\HyperXTalk\build-win-x86_64\livecode\thirdparty\libmysql\libmysql.vcxproj]
C:\Users\user\Documents\GitHub\HyperXTalk\thirdparty\libmysql\src\violite.h(81,37): error C2059: syntax error: ')' [C:\Users\user\Documents\GitHub\HyperXTalk\build-win-x86_64\livecode\thirdparty\libmysql\libmysql.vcxproj]
C:\Users\user\Documents\GitHub\HyperXTalk\thirdparty\libmysql\src\violite.h(83,18): error C2143: syntax error: missing ')' before '*' [C:\Users\user\Documents\GitHub\HyperXTalk\build-win-x86_64\livecode\thirdparty\libmysql\libmysql.vcxproj]
C:\Users\user\Documents\GitHub\HyperXTalk\thirdparty\libmysql\src\violite.h(83,18): error C2143: syntax error: missing '{' before '*' [C:\Users\user\Documents\GitHub\HyperXTalk\build-win-x86_64\livecode\thirdparty\libmysql\libmysql.vcxproj]
C:\Users\user\Documents\GitHub\HyperXTalk\thirdparty\libmysql\src\violite.h(83,22): error C2059: syntax error: ')' [C:\Users\user\Documents\GitHub\HyperXTalk\build-win-x86_64\livecode\thirdparty\libmysql\libmysql.vcxproj]
C:\Users\user\Documents\GitHub\HyperXTalk\thirdparty\libmysql\src\violite.h(85,21): error C2143: syntax error: missing ')' before '*' [C:\Users\user\Documents\GitHub\HyperXTalk\build-win-x86_64\livecode\thirdparty\libmysql\libmysql.vcxproj]
C:\Users\user\Documents\GitHub\HyperXTalk\thirdparty\libmysql\src\violite.h(85,21): error C2143: syntax error: missing '{' before '*' [C:\Users\user\Documents\GitHub\HyperXTalk\build-win-x86_64\livecode\thirdparty\libmysql\libmysql.vcxproj]
C:\Users\user\Documents\GitHub\HyperXTalk\thirdparty\libmysql\src\violite.h(85,25): error C2059: syntax error: ')' [C:\Users\user\Documents\GitHub\HyperXTalk\build-win-x86_64\livecode\thirdparty\libmysql\libmysql.vcxproj]
C:\Users\user\Documents\GitHub\HyperXTalk\thirdparty\libmysql\src\violite.h(87,27): error C2143: syntax error: missing ')' before '*' [C:\Users\user\Documents\GitHub\HyperXTalk\build-win-x86_64\livecode\thirdparty\libmysql\libmysql.vcxproj]
C:\Users\user\Documents\GitHub\HyperXTalk\thirdparty\libmysql\src\violite.h(87,27): error C2143: syntax error: missing '{' before '*' [C:\Users\user\Documents\GitHub\HyperXTalk\build-win-x86_64\livecode\thirdparty\libmysql\libmysql.vcxproj]
C:\Users\user\Documents\GitHub\HyperXTalk\thirdparty\libmysql\src\violite.h(87,38): error C2059: syntax error: 'type' [C:\Users\user\Documents\GitHub\HyperXTalk\build-win-x86_64\livecode\thirdparty\libmysql\libmysql.vcxproj]
C:\Users\user\Documents\GitHub\HyperXTalk\thirdparty\libmysql\src\violite.h(87,71): error C2059: syntax error: ')' [C:\Users\user\Documents\GitHub\HyperXTalk\build-win-x86_64\livecode\thirdparty\libmysql\libmysql.vcxproj]
C:\Users\user\Documents\GitHub\HyperXTalk\thirdparty\libmysql\src\violite.h(88,27): error C2143: syntax error: missing ')' before '*' [C:\Users\user\Documents\GitHub\HyperXTalk\build-win-x86_64\livecode\thirdparty\libmysql\libmysql.vcxproj]
C:\Users\user\Documents\GitHub\HyperXTalk\thirdparty\libmysql\src\violite.h(88,27): error C2143: syntax error: missing '{' before '*' [C:\Users\user\Documents\GitHub\HyperXTalk\build-win-x86_64\livecode\thirdparty\libmysql\libmysql.vcxproj]
C:\Users\user\Documents\GitHub\HyperXTalk\thirdparty\libmysql\src\violite.h(88,32): error C2370: 'uint': redefinition; different storage class [C:\Users\user\Documents\GitHub\HyperXTalk\build-win-x86_64\livecode\thirdparty\libmysql\libmysql.vcxproj]
C:\Users\user\Documents\GitHub\HyperXTalk\thirdparty\libmysql\src\config-win.h(153): message : see declaration of 'uint' [C:\Users\user\Documents\GitHub\HyperXTalk\build-win-x86_64\livecode\thirdparty\libmysql\libmysql.vcxproj]
C:\Users\user\Documents\GitHub\HyperXTalk\thirdparty\libmysql\src\violite.h(88,37): error C2146: syntax error: missing ';' before identifier 'timeout' [C:\Users\user\Documents\GitHub\HyperXTalk\build-win-x86_64\livecode\thirdparty\libmysql\libmysql.vcxproj]
C:\Users\user\Documents\GitHub\HyperXTalk\thirdparty\libmysql\src\violite.h(88,44): error C2059: syntax error: ')' [C:\Users\user\Documents\GitHub\HyperXTalk\build-win-x86_64\livecode\thirdparty\libmysql\libmysql.vcxproj]
C:\Users\user\Documents\GitHub\HyperXTalk\thirdparty\libmysql\src\violite.h(89,27): error C2143: syntax error: missing ')' before '*' [C:\Users\user\Documents\GitHub\HyperXTalk\build-win-x86_64\livecode\thirdparty\libmysql\libmysql.vcxproj]
C:\Users\user\Documents\GitHub\HyperXTalk\thirdparty\libmysql\src\violite.h(89,27): error C2143: syntax error: missing '{' before '*' [C:\Users\user\Documents\GitHub\HyperXTalk\build-win-x86_64\livecode\thirdparty\libmysql\libmysql.vcxproj]
C:\Users\user\Documents\GitHub\HyperXTalk\thirdparty\libmysql\src\violite.h(89,33): error C2370: 'uint': redefinition; different storage class [C:\Users\user\Documents\GitHub\HyperXTalk\build-win-x86_64\livecode\thirdparty\libmysql\libmysql.vcxproj]
C:\Users\user\Documents\GitHub\HyperXTalk\thirdparty\libmysql\src\config-win.h(153): message : see declaration of 'uint' [C:\Users\user\Documents\GitHub\HyperXTalk\build-win-x86_64\livecode\thirdparty\libmysql\libmysql.vcxproj]
C:\Users\user\Documents\GitHub\HyperXTalk\thirdparty\libmysql\src\violite.h(89,38): error C2143: syntax error: missing ';' before '*' [C:\Users\user\Documents\GitHub\HyperXTalk\build-win-x86_64\livecode\thirdparty\libmysql\libmysql.vcxproj]
C:\Users\user\Documents\GitHub\HyperXTalk\thirdparty\libmysql\src\violite.h(89,44): error C2059: syntax error: ')' [C:\Users\user\Documents\GitHub\HyperXTalk\build-win-x86_64\livecode\thirdparty\libmysql\libmysql.vcxproj]
C:\Users\user\Documents\GitHub\HyperXTalk\thirdparty\libmysql\src\violite.h(89,44): fatal error C1003: error count exceeds 100; stopping compilation [C:\Users\user\Documents\GitHub\HyperXTalk\build-win-x86_64\livecode\thirdparty\libmysql\libmysql.vcxproj]
C:\Users\user\Documents\GitHub\HyperXTalk\thirdparty\libmysql\include\mysql_time.h(85,3): error C2061: syntax error: identifier 'In_C_you_should_use_my_bool_instead' [C:\Users\user\Documents\GitHub\HyperXTalk\build-win-x86_64\livecode\thirdparty\libmysql\libmysql.vcxproj]
C:\Users\user\Documents\GitHub\HyperXTalk\thirdparty\libmysql\include\mysql_time.h(89,1): error C2059: syntax error: '}' [C:\Users\user\Documents\GitHub\HyperXTalk\build-win-x86_64\livecode\thirdparty\libmysql\libmysql.vcxproj]
C:\Users\user\Documents\GitHub\HyperXTalk\thirdparty\libmysql\src\my_time.h(76,37): error C2143: syntax error: missing ')' before '*' [C:\Users\user\Documents\GitHub\HyperXTalk\build-win-x86_64\livecode\thirdparty\libmysql\libmysql.vcxproj]
C:\Users\user\Documents\GitHub\HyperXTalk\thirdparty\libmysql\src\my_time.h(76,37): error C2143: syntax error: missing '{' before '*' [C:\Users\user\Documents\GitHub\HyperXTalk\build-win-x86_64\livecode\thirdparty\libmysql\libmysql.vcxproj]
C:\Users\user\Documents\GitHub\HyperXTalk\thirdparty\libmysql\src\my_time.h(76,45): error C2371: 'my_bool': redefinition; different basic types [C:\Users\user\Documents\GitHub\HyperXTalk\build-win-x86_64\livecode\thirdparty\libmysql\libmysql.vcxproj]
C:\Users\user\Documents\GitHub\HyperXTalk\thirdparty\libmysql\src\my_global.h(626): message : see declaration of 'my_bool' [C:\Users\user\Documents\GitHub\HyperXTalk\build-win-x86_64\livecode\thirdparty\libmysql\libmysql.vcxproj]
C:\Users\user\Documents\GitHub\HyperXTalk\thirdparty\libmysql\src\my_time.h(76,53): error C2146: syntax error: missing ';' before identifier 'not_zero_date' [C:\Users\user\Documents\GitHub\HyperXTalk\build-win-x86_64\livecode\thirdparty\libmysql\libmysql.vcxproj]
C:\Users\user\Documents\GitHub\HyperXTalk\thirdparty\libmysql\src\my_time.h(77,20): error C2370: 'ulong': redefinition; different storage class [C:\Users\user\Documents\GitHub\HyperXTalk\build-win-x86_64\livecode\thirdparty\libmysql\libmysql.vcxproj]
C:\Users\user\Documents\GitHub\HyperXTalk\thirdparty\libmysql\src\my_global.h(1011): message : see declaration of 'ulong' [C:\Users\user\Documents\GitHub\HyperXTalk\build-win-x86_64\livecode\thirdparty\libmysql\libmysql.vcxproj]
C:\Users\user\Documents\GitHub\HyperXTalk\thirdparty\libmysql\src\my_time.h(77,26): error C2146: syntax error: missing ';' before identifier 'flags' [C:\Users\user\Documents\GitHub\HyperXTalk\build-win-x86_64\livecode\thirdparty\libmysql\libmysql.vcxproj]
C:\Users\user\Documents\GitHub\HyperXTalk\thirdparty\libmysql\src\my_time.h(77,37): error C2059: syntax error: 'type' [C:\Users\user\Documents\GitHub\HyperXTalk\build-win-x86_64\livecode\thirdparty\libmysql\libmysql.vcxproj]
C:\Users\user\Documents\GitHub\HyperXTalk\thirdparty\libmysql\src\my_time.h(77,45): error C2059: syntax error: ')' [C:\Users\user\Documents\GitHub\HyperXTalk\build-win-x86_64\livecode\thirdparty\libmysql\libmysql.vcxproj]
C:\Users\user\Documents\GitHub\HyperXTalk\thirdparty\libmysql\src\my_time.h(79,58): error C2143: syntax error: missing ')' before '*' [C:\Users\user\Documents\GitHub\HyperXTalk\build-win-x86_64\livecode\thirdparty\libmysql\libmysql.vcxproj]
C:\Users\user\Documents\GitHub\HyperXTalk\thirdparty\libmysql\src\my_time.h(79,58): error C2081: 'MYSQL_TIME': name in formal parameter list illegal [C:\Users\user\Documents\GitHub\HyperXTalk\build-win-x86_64\livecode\thirdparty\libmysql\libmysql.vcxproj]
C:\Users\user\Documents\GitHub\HyperXTalk\thirdparty\libmysql\src\my_time.h(79,58): error C2143: syntax error: missing '{' before '*' [C:\Users\user\Documents\GitHub\HyperXTalk\build-win-x86_64\livecode\thirdparty\libmysql\libmysql.vcxproj]
C:\Users\user\Documents\GitHub\HyperXTalk\thirdparty\libmysql\src\my_time.h(80,17): error C2370: 'uint': redefinition; different storage class [C:\Users\user\Documents\GitHub\HyperXTalk\build-win-x86_64\livecode\thirdparty\libmysql\libmysql.vcxproj]
C:\Users\user\Documents\GitHub\HyperXTalk\thirdparty\libmysql\src\config-win.h(153): message : see declaration of 'uint' [C:\Users\user\Documents\GitHub\HyperXTalk\build-win-x86_64\livecode\thirdparty\libmysql\libmysql.vcxproj]
C:\Users\user\Documents\GitHub\HyperXTalk\thirdparty\libmysql\src\my_time.h(80,22): error C2146: syntax error: missing ';' before identifier 'flags' [C:\Users\user\Documents\GitHub\HyperXTalk\build-win-x86_64\livecode\thirdparty\libmysql\libmysql.vcxproj]
C:\Users\user\Documents\GitHub\HyperXTalk\thirdparty\libmysql\src\my_time.h(80,33): error C2059: syntax error: 'type' [C:\Users\user\Documents\GitHub\HyperXTalk\build-win-x86_64\livecode\thirdparty\libmysql\libmysql.vcxproj]
C:\Users\user\Documents\GitHub\HyperXTalk\thirdparty\libmysql\src\my_time.h(80,41): error C2059: syntax error: ')' [C:\Users\user\Documents\GitHub\HyperXTalk\build-win-x86_64\livecode\thirdparty\libmysql\libmysql.vcxproj]
C:\Users\user\Documents\GitHub\HyperXTalk\thirdparty\libmysql\src\my_time.h(81,53): error C2143: syntax error: missing ')' before '*' [C:\Users\user\Documents\GitHub\HyperXTalk\build-win-x86_64\livecode\thirdparty\libmysql\libmysql.vcxproj]
C:\Users\user\Documents\GitHub\HyperXTalk\thirdparty\libmysql\src\my_time.h(81,53): error C2081: 'MYSQL_TIME': name in formal parameter list illegal [C:\Users\user\Documents\GitHub\HyperXTalk\build-win-x86_64\livecode\thirdparty\libmysql\libmysql.vcxproj]
C:\Users\user\Documents\GitHub\HyperXTalk\thirdparty\libmysql\src\my_time.h(81,53): error C2143: syntax error: missing '{' before '*' [C:\Users\user\Documents\GitHub\HyperXTalk\build-win-x86_64\livecode\thirdparty\libmysql\libmysql.vcxproj]
C:\Users\user\Documents\GitHub\HyperXTalk\thirdparty\libmysql\src\my_time.h(82,29): error C2370: 'uint': redefinition; different storage class [C:\Users\user\Documents\GitHub\HyperXTalk\build-win-x86_64\livecode\thirdparty\libmysql\libmysql.vcxproj]
C:\Users\user\Documents\GitHub\HyperXTalk\thirdparty\libmysql\src\config-win.h(153): message : see declaration of 'uint' [C:\Users\user\Documents\GitHub\HyperXTalk\build-win-x86_64\livecode\thirdparty\libmysql\libmysql.vcxproj]
C:\Users\user\Documents\GitHub\HyperXTalk\thirdparty\libmysql\src\my_time.h(82,34): error C2146: syntax error: missing ';' before identifier 'flags' [C:\Users\user\Documents\GitHub\HyperXTalk\build-win-x86_64\livecode\thirdparty\libmysql\libmysql.vcxproj]
C:\Users\user\Documents\GitHub\HyperXTalk\thirdparty\libmysql\src\my_time.h(82,45): error C2059: syntax error: 'type' [C:\Users\user\Documents\GitHub\HyperXTalk\build-win-x86_64\livecode\thirdparty\libmysql\libmysql.vcxproj]
C:\Users\user\Documents\GitHub\HyperXTalk\thirdparty\libmysql\src\my_time.h(82,53): error C2059: syntax error: ')' [C:\Users\user\Documents\GitHub\HyperXTalk\build-win-x86_64\livecode\thirdparty\libmysql\libmysql.vcxproj]
C:\Users\user\Documents\GitHub\HyperXTalk\thirdparty\libmysql\src\my_time.h(83,55): error C2143: syntax error: missing ')' before '*' [C:\Users\user\Documents\GitHub\HyperXTalk\build-win-x86_64\livecode\thirdparty\libmysql\libmysql.vcxproj]
C:\Users\user\Documents\GitHub\HyperXTalk\thirdparty\libmysql\src\my_time.h(83,55): error C2143: syntax error: missing '{' before '*' [C:\Users\user\Documents\GitHub\HyperXTalk\build-win-x86_64\livecode\thirdparty\libmysql\libmysql.vcxproj]
C:\Users\user\Documents\GitHub\HyperXTalk\thirdparty\libmysql\src\my_time.h(83,56): error C2059: syntax error: ')' [C:\Users\user\Documents\GitHub\HyperXTalk\build-win-x86_64\livecode\thirdparty\libmysql\libmysql.vcxproj]
C:\Users\user\Documents\GitHub\HyperXTalk\thirdparty\libmysql\src\my_time.h(83,57): error C2059: syntax error: ';' [C:\Users\user\Documents\GitHub\HyperXTalk\build-win-x86_64\livecode\thirdparty\libmysql\libmysql.vcxproj]
C:\Users\user\Documents\GitHub\HyperXTalk\thirdparty\libmysql\src\my_time.h(84,51): error C2143: syntax error: missing ')' before '*' [C:\Users\user\Documents\GitHub\HyperXTalk\build-win-x86_64\livecode\thirdparty\libmysql\libmysql.vcxproj]
C:\Users\user\Documents\GitHub\HyperXTalk\thirdparty\libmysql\src\my_time.h(84,51): error C2143: syntax error: missing '{' before '*' [C:\Users\user\Documents\GitHub\HyperXTalk\build-win-x86_64\livecode\thirdparty\libmysql\libmysql.vcxproj]
C:\Users\user\Documents\GitHub\HyperXTalk\thirdparty\libmysql\src\my_time.h(84,52): error C2059: syntax error: ')' [C:\Users\user\Documents\GitHub\HyperXTalk\build-win-x86_64\livecode\thirdparty\libmysql\libmysql.vcxproj]
C:\Users\user\Documents\GitHub\HyperXTalk\thirdparty\libmysql\src\my_time.h(84,53): error C2059: syntax error: ';' [C:\Users\user\Documents\GitHub\HyperXTalk\build-win-x86_64\livecode\thirdparty\libmysql\libmysql.vcxproj]
C:\Users\user\Documents\GitHub\HyperXTalk\thirdparty\libmysql\src\my_time.h(85,51): error C2143: syntax error: missing ')' before '*' [C:\Users\user\Documents\GitHub\HyperXTalk\build-win-x86_64\livecode\thirdparty\libmysql\libmysql.vcxproj]
C:\Users\user\Documents\GitHub\HyperXTalk\thirdparty\libmysql\src\my_time.h(85,51): error C2143: syntax error: missing '{' before '*' [C:\Users\user\Documents\GitHub\HyperXTalk\build-win-x86_64\livecode\thirdparty\libmysql\libmysql.vcxproj]
C:\Users\user\Documents\GitHub\HyperXTalk\thirdparty\libmysql\src\my_time.h(85,52): error C2059: syntax error: ')' [C:\Users\user\Documents\GitHub\HyperXTalk\build-win-x86_64\livecode\thirdparty\libmysql\libmysql.vcxproj]
C:\Users\user\Documents\GitHub\HyperXTalk\thirdparty\libmysql\src\my_time.h(85,53): error C2059: syntax error: ';' [C:\Users\user\Documents\GitHub\HyperXTalk\build-win-x86_64\livecode\thirdparty\libmysql\libmysql.vcxproj]
C:\Users\user\Documents\GitHub\HyperXTalk\thirdparty\libmysql\src\my_time.h(86,46): error C2143: syntax error: missing ')' before '*' [C:\Users\user\Documents\GitHub\HyperXTalk\build-win-x86_64\livecode\thirdparty\libmysql\libmysql.vcxproj]
C:\Users\user\Documents\GitHub\HyperXTalk\thirdparty\libmysql\src\my_time.h(86,46): error C2143: syntax error: missing '{' before '*' [C:\Users\user\Documents\GitHub\HyperXTalk\build-win-x86_64\livecode\thirdparty\libmysql\libmysql.vcxproj]
C:\Users\user\Documents\GitHub\HyperXTalk\thirdparty\libmysql\src\my_time.h(86,47): error C2059: syntax error: ')' [C:\Users\user\Documents\GitHub\HyperXTalk\build-win-x86_64\livecode\thirdparty\libmysql\libmysql.vcxproj]
C:\Users\user\Documents\GitHub\HyperXTalk\thirdparty\libmysql\src\my_time.h(86,48): error C2059: syntax error: ';' [C:\Users\user\Documents\GitHub\HyperXTalk\build-win-x86_64\livecode\thirdparty\libmysql\libmysql.vcxproj]
C:\Users\user\Documents\GitHub\HyperXTalk\thirdparty\libmysql\src\my_time.h(89,61): error C2143: syntax error: missing ')' before '*' [C:\Users\user\Documents\GitHub\HyperXTalk\build-win-x86_64\livecode\thirdparty\libmysql\libmysql.vcxproj]
C:\Users\user\Documents\GitHub\HyperXTalk\thirdparty\libmysql\src\my_time.h(89,61): error C2081: 'MYSQL_TIME': name in formal parameter list illegal [C:\Users\user\Documents\GitHub\HyperXTalk\build-win-x86_64\livecode\thirdparty\libmysql\libmysql.vcxproj]
C:\Users\user\Documents\GitHub\HyperXTalk\thirdparty\libmysql\src\my_time.h(89,61): error C2143: syntax error: missing '{' before '*' [C:\Users\user\Documents\GitHub\HyperXTalk\build-win-x86_64\livecode\thirdparty\libmysql\libmysql.vcxproj]
C:\Users\user\Documents\GitHub\HyperXTalk\thirdparty\libmysql\src\my_time.h(90,25): error C2059: syntax error: 'type' [C:\Users\user\Documents\GitHub\HyperXTalk\build-win-x86_64\livecode\thirdparty\libmysql\libmysql.vcxproj]
C:\Users\user\Documents\GitHub\HyperXTalk\thirdparty\libmysql\src\my_time.h(90,33): error C2059: syntax error: ')' [C:\Users\user\Documents\GitHub\HyperXTalk\build-win-x86_64\livecode\thirdparty\libmysql\libmysql.vcxproj]
C:\Users\user\Documents\GitHub\HyperXTalk\thirdparty\libmysql\src\my_time.h(114,65): error C2143: syntax error: missing ')' before '*' [C:\Users\user\Documents\GitHub\HyperXTalk\build-win-x86_64\livecode\thirdparty\libmysql\libmysql.vcxproj]
C:\Users\user\Documents\GitHub\HyperXTalk\thirdparty\libmysql\src\my_time.h(114,65): error C2143: syntax error: missing '{' before '*' [C:\Users\user\Documents\GitHub\HyperXTalk\build-win-x86_64\livecode\thirdparty\libmysql\libmysql.vcxproj]
C:\Users\user\Documents\GitHub\HyperXTalk\thirdparty\libmysql\src\my_time.h(114,67): error C2059: syntax error: ')' [C:\Users\user\Documents\GitHub\HyperXTalk\build-win-x86_64\livecode\thirdparty\libmysql\libmysql.vcxproj]
C:\Users\user\Documents\GitHub\HyperXTalk\thirdparty\libmysql\src\my_time.h(115,1): error C2054: expected '(' to follow 't' [C:\Users\user\Documents\GitHub\HyperXTalk\build-win-x86_64\livecode\thirdparty\libmysql\libmysql.vcxproj]
C:\Users\user\Documents\GitHub\HyperXTalk\thirdparty\libmysql\src\my_time.h(125,36): error C2143: syntax error: missing ')' before '*' [C:\Users\user\Documents\GitHub\HyperXTalk\build-win-x86_64\livecode\thirdparty\libmysql\libmysql.vcxproj]
C:\Users\user\Documents\GitHub\HyperXTalk\thirdparty\libmysql\src\my_time.h(125,36): error C2143: syntax error: missing '{' before '*' [C:\Users\user\Documents\GitHub\HyperXTalk\build-win-x86_64\livecode\thirdparty\libmysql\libmysql.vcxproj]
C:\Users\user\Documents\GitHub\HyperXTalk\thirdparty\libmysql\src\my_time.h(125,45): error C2059: syntax error: 'type' [C:\Users\user\Documents\GitHub\HyperXTalk\build-win-x86_64\livecode\thirdparty\libmysql\libmysql.vcxproj]
C:\Users\user\Documents\GitHub\HyperXTalk\thirdparty\libmysql\src\my_time.h(126,43): error C2059: syntax error: ')' [C:\Users\user\Documents\GitHub\HyperXTalk\build-win-x86_64\livecode\thirdparty\libmysql\libmysql.vcxproj]
C:\Users\user\Documents\GitHub\HyperXTalk\thirdparty\libmysql\src\my_time.h(128,31): error C2143: syntax error: missing ')' before '*' [C:\Users\user\Documents\GitHub\HyperXTalk\build-win-x86_64\livecode\thirdparty\libmysql\libmysql.vcxproj]
C:\Users\user\Documents\GitHub\HyperXTalk\thirdparty\libmysql\src\my_time.h(128,31): error C2143: syntax error: missing '{' before '*' [C:\Users\user\Documents\GitHub\HyperXTalk\build-win-x86_64\livecode\thirdparty\libmysql\libmysql.vcxproj]
C:\Users\user\Documents\GitHub\HyperXTalk\thirdparty\libmysql\src\my_time.h(128,67): error C2059: syntax error: 'type' [C:\Users\user\Documents\GitHub\HyperXTalk\build-win-x86_64\livecode\thirdparty\libmysql\libmysql.vcxproj]
C:\Users\user\Documents\GitHub\HyperXTalk\thirdparty\libmysql\src\my_time.h(128,76): error C2059: syntax error: ')' [C:\Users\user\Documents\GitHub\HyperXTalk\build-win-x86_64\livecode\thirdparty\libmysql\libmysql.vcxproj]
C:\Users\user\Documents\GitHub\HyperXTalk\thirdparty\libmysql\src\my_time.h(140,37): error C2143: syntax error: missing ')' before '*' [C:\Users\user\Documents\GitHub\HyperXTalk\build-win-x86_64\livecode\thirdparty\libmysql\libmysql.vcxproj]
C:\Users\user\Documents\GitHub\HyperXTalk\thirdparty\libmysql\src\my_time.h(140,37): error C2143: syntax error: missing '{' before '*' [C:\Users\user\Documents\GitHub\HyperXTalk\build-win-x86_64\livecode\thirdparty\libmysql\libmysql.vcxproj]
C:\Users\user\Documents\GitHub\HyperXTalk\thirdparty\libmysql\src\my_time.h(140,51): error C2059: syntax error: 'type' [C:\Users\user\Documents\GitHub\HyperXTalk\build-win-x86_64\livecode\thirdparty\libmysql\libmysql.vcxproj]
C:\Users\user\Documents\GitHub\HyperXTalk\thirdparty\libmysql\src\my_time.h(140,54): error C2059: syntax error: ')' [C:\Users\user\Documents\GitHub\HyperXTalk\build-win-x86_64\livecode\thirdparty\libmysql\libmysql.vcxproj]
C:\Users\user\Documents\GitHub\HyperXTalk\thirdparty\libmysql\src\my_time.h(141,37): error C2143: syntax error: missing ')' before '*' [C:\Users\user\Documents\GitHub\HyperXTalk\build-win-x86_64\livecode\thirdparty\libmysql\libmysql.vcxproj]
C:\Users\user\Documents\GitHub\HyperXTalk\thirdparty\libmysql\src\my_time.h(141,37): error C2143: syntax error: missing '{' before '*' [C:\Users\user\Documents\GitHub\HyperXTalk\build-win-x86_64\livecode\thirdparty\libmysql\libmysql.vcxproj]
C:\Users\user\Documents\GitHub\HyperXTalk\thirdparty\libmysql\src\my_time.h(141,51): error C2059: syntax error: 'type' [C:\Users\user\Documents\GitHub\HyperXTalk\build-win-x86_64\livecode\thirdparty\libmysql\libmysql.vcxproj]
C:\Users\user\Documents\GitHub\HyperXTalk\thirdparty\libmysql\src\my_time.h(141,54): error C2059: syntax error: ')' [C:\Users\user\Documents\GitHub\HyperXTalk\build-win-x86_64\livecode\thirdparty\libmysql\libmysql.vcxproj]
C:\Users\user\Documents\GitHub\HyperXTalk\thirdparty\libmysql\src\my_time.h(142,41): error C2143: syntax error: missing ')' before '*' [C:\Users\user\Documents\GitHub\HyperXTalk\build-win-x86_64\livecode\thirdparty\libmysql\libmysql.vcxproj]
C:\Users\user\Documents\GitHub\HyperXTalk\thirdparty\libmysql\src\my_time.h(142,41): error C2143: syntax error: missing '{' before '*' [C:\Users\user\Documents\GitHub\HyperXTalk\build-win-x86_64\livecode\thirdparty\libmysql\libmysql.vcxproj]
C:\Users\user\Documents\GitHub\HyperXTalk\thirdparty\libmysql\src\my_time.h(142,55): error C2059: syntax error: 'type' [C:\Users\user\Documents\GitHub\HyperXTalk\build-win-x86_64\livecode\thirdparty\libmysql\libmysql.vcxproj]
C:\Users\user\Documents\GitHub\HyperXTalk\thirdparty\libmysql\src\my_time.h(142,58): error C2059: syntax error: ')' [C:\Users\user\Documents\GitHub\HyperXTalk\build-win-x86_64\livecode\thirdparty\libmysql\libmysql.vcxproj]
C:\Users\user\Documents\GitHub\HyperXTalk\thirdparty\libmysql\src\my_time.h(143,37): error C2143: syntax error: missing ')' before '*' [C:\Users\user\Documents\GitHub\HyperXTalk\build-win-x86_64\livecode\thirdparty\libmysql\libmysql.vcxproj]
C:\Users\user\Documents\GitHub\HyperXTalk\thirdparty\libmysql\src\my_time.h(143,37): error C2143: syntax error: missing '{' before '*' [C:\Users\user\Documents\GitHub\HyperXTalk\build-win-x86_64\livecode\thirdparty\libmysql\libmysql.vcxproj]
C:\Users\user\Documents\GitHub\HyperXTalk\thirdparty\libmysql\src\my_time.h(143,51): error C2059: syntax error: 'type' [C:\Users\user\Documents\GitHub\HyperXTalk\build-win-x86_64\livecode\thirdparty\libmysql\libmysql.vcxproj]
C:\Users\user\Documents\GitHub\HyperXTalk\thirdparty\libmysql\src\my_time.h(143,54): error C2059: syntax error: ')' [C:\Users\user\Documents\GitHub\HyperXTalk\build-win-x86_64\livecode\thirdparty\libmysql\libmysql.vcxproj]
C:\Users\user\Documents\GitHub\HyperXTalk\thirdparty\libmysql\src\violite.h(44,4): error C2143: syntax error: missing '{' before '*' [C:\Users\user\Documents\GitHub\HyperXTalk\build-win-x86_64\livecode\thirdparty\libmysql\libmysql.vcxproj]
C:\Users\user\Documents\GitHub\HyperXTalk\thirdparty\libmysql\src\violite.h(46,4): error C2143: syntax error: missing '{' before '*' [C:\Users\user\Documents\GitHub\HyperXTalk\build-win-x86_64\livecode\thirdparty\libmysql\libmysql.vcxproj]
C:\Users\user\Documents\GitHub\HyperXTalk\thirdparty\libmysql\src\violite.h(47,4): error C2143: syntax error: missing '{' before '*' [C:\Users\user\Documents\GitHub\HyperXTalk\build-win-x86_64\livecode\thirdparty\libmysql\libmysql.vcxproj]
C:\Users\user\Documents\GitHub\HyperXTalk\thirdparty\libmysql\src\violite.h(54,26): error C2143: syntax error: missing ')' before '*' [C:\Users\user\Documents\GitHub\HyperXTalk\build-win-x86_64\livecode\thirdparty\libmysql\libmysql.vcxproj]
C:\Users\user\Documents\GitHub\HyperXTalk\thirdparty\libmysql\src\violite.h(54,26): error C2143: syntax error: missing '{' before '*' [C:\Users\user\Documents\GitHub\HyperXTalk\build-win-x86_64\livecode\thirdparty\libmysql\libmysql.vcxproj]
C:\Users\user\Documents\GitHub\HyperXTalk\thirdparty\libmysql\src\violite.h(54,32): error C2371: 'uchar': redefinition; different basic types [C:\Users\user\Documents\GitHub\HyperXTalk\build-win-x86_64\livecode\thirdparty\libmysql\libmysql.vcxproj]
C:\Users\user\Documents\GitHub\HyperXTalk\thirdparty\libmysql\src\my_global.h(977): message : see declaration of 'uchar' [C:\Users\user\Documents\GitHub\HyperXTalk\build-win-x86_64\livecode\thirdparty\libmysql\libmysql.vcxproj]
C:\Users\user\Documents\GitHub\HyperXTalk\thirdparty\libmysql\src\violite.h(54,38): error C2143: syntax error: missing ';' before '*' [C:\Users\user\Documents\GitHub\HyperXTalk\build-win-x86_64\livecode\thirdparty\libmysql\libmysql.vcxproj]
C:\Users\user\Documents\GitHub\HyperXTalk\thirdparty\libmysql\src\violite.h(54,45): error C2370: 'size_t': redefinition; different storage class [C:\Users\user\Documents\GitHub\HyperXTalk\build-win-x86_64\livecode\thirdparty\libmysql\libmysql.vcxproj]
C:\Program Files (x86)\Microsoft Visual Studio\2019\Community\VC\Tools\MSVC\14.29.30133\include\vcruntime.h(197): message : see declaration of 'size_t' [C:\Users\user\Documents\GitHub\HyperXTalk\build-win-x86_64\livecode\thirdparty\libmysql\libmysql.vcxproj]
C:\Users\user\Documents\GitHub\HyperXTalk\thirdparty\libmysql\src\violite.h(54,52): error C2146: syntax error: missing ';' before identifier 'size' [C:\Users\user\Documents\GitHub\HyperXTalk\build-win-x86_64\livecode\thirdparty\libmysql\libmysql.vcxproj]
C:\Users\user\Documents\GitHub\HyperXTalk\thirdparty\libmysql\src\violite.h(54,56): error C2059: syntax error: ')' [C:\Users\user\Documents\GitHub\HyperXTalk\build-win-x86_64\livecode\thirdparty\libmysql\libmysql.vcxproj]
C:\Users\user\Documents\GitHub\HyperXTalk\thirdparty\libmysql\src\violite.h(55,27): error C2143: syntax error: missing ')' before '*' [C:\Users\user\Documents\GitHub\HyperXTalk\build-win-x86_64\livecode\thirdparty\libmysql\libmysql.vcxproj]
C:\Users\user\Documents\GitHub\HyperXTalk\thirdparty\libmysql\src\violite.h(55,27): error C2143: syntax error: missing '{' before '*' [C:\Users\user\Documents\GitHub\HyperXTalk\build-win-x86_64\livecode\thirdparty\libmysql\libmysql.vcxproj]
C:\Users\user\Documents\GitHub\HyperXTalk\thirdparty\libmysql\src\violite.h(55,39): error C2371: 'uchar': redefinition; different basic types [C:\Users\user\Documents\GitHub\HyperXTalk\build-win-x86_64\livecode\thirdparty\libmysql\libmysql.vcxproj]
C:\Users\user\Documents\GitHub\HyperXTalk\thirdparty\libmysql\src\my_global.h(977): message : see declaration of 'uchar' [C:\Users\user\Documents\GitHub\HyperXTalk\build-win-x86_64\livecode\thirdparty\libmysql\libmysql.vcxproj]
C:\Users\user\Documents\GitHub\HyperXTalk\thirdparty\libmysql\src\violite.h(55,45): error C2143: syntax error: missing ';' before '*' [C:\Users\user\Documents\GitHub\HyperXTalk\build-win-x86_64\livecode\thirdparty\libmysql\libmysql.vcxproj]
C:\Users\user\Documents\GitHub\HyperXTalk\thirdparty\libmysql\src\violite.h(55,52): error C2370: 'size_t': redefinition; different storage class [C:\Users\user\Documents\GitHub\HyperXTalk\build-win-x86_64\livecode\thirdparty\libmysql\libmysql.vcxproj]
C:\Program Files (x86)\Microsoft Visual Studio\2019\Community\VC\Tools\MSVC\14.29.30133\include\vcruntime.h(197): message : see declaration of 'size_t' [C:\Users\user\Documents\GitHub\HyperXTalk\build-win-x86_64\livecode\thirdparty\libmysql\libmysql.vcxproj]
C:\Users\user\Documents\GitHub\HyperXTalk\thirdparty\libmysql\src\violite.h(55,59): error C2146: syntax error: missing ';' before identifier 'size' [C:\Users\user\Documents\GitHub\HyperXTalk\build-win-x86_64\livecode\thirdparty\libmysql\libmysql.vcxproj]
C:\Users\user\Documents\GitHub\HyperXTalk\thirdparty\libmysql\src\violite.h(55,63): error C2059: syntax error: ')' [C:\Users\user\Documents\GitHub\HyperXTalk\build-win-x86_64\livecode\thirdparty\libmysql\libmysql.vcxproj]
C:\Users\user\Documents\GitHub\HyperXTalk\thirdparty\libmysql\src\violite.h(56,24): error C2143: syntax error: missing ')' before '*' [C:\Users\user\Documents\GitHub\HyperXTalk\build-win-x86_64\livecode\thirdparty\libmysql\libmysql.vcxproj]
C:\Users\user\Documents\GitHub\HyperXTalk\thirdparty\libmysql\src\violite.h(56,24): error C2143: syntax error: missing '{' before '*' [C:\Users\user\Documents\GitHub\HyperXTalk\build-win-x86_64\livecode\thirdparty\libmysql\libmysql.vcxproj]
C:\Users\user\Documents\GitHub\HyperXTalk\thirdparty\libmysql\src\violite.h(56,29): error C2059: syntax error: ')' [C:\Users\user\Documents\GitHub\HyperXTalk\build-win-x86_64\livecode\thirdparty\libmysql\libmysql.vcxproj]
C:\Users\user\Documents\GitHub\HyperXTalk\thirdparty\libmysql\src\violite.h(61,20): error C2143: syntax error: missing ')' before '*' [C:\Users\user\Documents\GitHub\HyperXTalk\build-win-x86_64\livecode\thirdparty\libmysql\libmysql.vcxproj]
C:\Users\user\Documents\GitHub\HyperXTalk\thirdparty\libmysql\src\violite.h(61,20): error C2143: syntax error: missing '{' before '*' [C:\Users\user\Documents\GitHub\HyperXTalk\build-win-x86_64\livecode\thirdparty\libmysql\libmysql.vcxproj]
C:\Users\user\Documents\GitHub\HyperXTalk\thirdparty\libmysql\src\violite.h(61,25): error C2059: syntax error: ')' [C:\Users\user\Documents\GitHub\HyperXTalk\build-win-x86_64\livecode\thirdparty\libmysql\libmysql.vcxproj]
C:\Users\user\Documents\GitHub\HyperXTalk\thirdparty\libmysql\src\violite.h(62,18): error C2143: syntax error: missing ')' before '*' [C:\Users\user\Documents\GitHub\HyperXTalk\build-win-x86_64\livecode\thirdparty\libmysql\libmysql.vcxproj]
C:\Users\user\Documents\GitHub\HyperXTalk\thirdparty\libmysql\src\violite.h(62,18): error C2143: syntax error: missing '{' before '*' [C:\Users\user\Documents\GitHub\HyperXTalk\build-win-x86_64\livecode\thirdparty\libmysql\libmysql.vcxproj]
C:\Users\user\Documents\GitHub\HyperXTalk\thirdparty\libmysql\src\violite.h(62,23): error C2059: syntax error: ')' [C:\Users\user\Documents\GitHub\HyperXTalk\build-win-x86_64\livecode\thirdparty\libmysql\libmysql.vcxproj]
C:\Users\user\Documents\GitHub\HyperXTalk\thirdparty\libmysql\src\violite.h(63,22): error C2143: syntax error: missing ')' before '*' [C:\Users\user\Documents\GitHub\HyperXTalk\build-win-x86_64\livecode\thirdparty\libmysql\libmysql.vcxproj]
C:\Users\user\Documents\GitHub\HyperXTalk\thirdparty\libmysql\src\violite.h(63,22): error C2143: syntax error: missing '{' before '*' [C:\Users\user\Documents\GitHub\HyperXTalk\build-win-x86_64\livecode\thirdparty\libmysql\libmysql.vcxproj]
C:\Users\user\Documents\GitHub\HyperXTalk\thirdparty\libmysql\src\violite.h(63,22): fatal error C1003: error count exceeds 100; stopping compilation [C:\Users\user\Documents\GitHub\HyperXTalk\build-win-x86_64\livecode\thirdparty\libmysql\libmysql.vcxproj]
C:\Users\user\Documents\GitHub\HyperXTalk\thirdparty\libmysql\include\mysql_time.h(85,3): error C2061: syntax error: identifier 'In_C_you_should_use_my_bool_instead' [C:\Users\user\Documents\GitHub\HyperXTalk\build-win-x86_64\livecode\thirdparty\libmysql\libmysql.vcxproj]
C:\Users\user\Documents\GitHub\HyperXTalk\thirdparty\libmysql\include\mysql_time.h(89,1): error C2059: syntax error: '}' [C:\Users\user\Documents\GitHub\HyperXTalk\build-win-x86_64\livecode\thirdparty\libmysql\libmysql.vcxproj]
C:\Users\user\Documents\GitHub\HyperXTalk\thirdparty\libmysql\src\my_time.h(76,37): error C2143: syntax error: missing ')' before '*' [C:\Users\user\Documents\GitHub\HyperXTalk\build-win-x86_64\livecode\thirdparty\libmysql\libmysql.vcxproj]
C:\Users\user\Documents\GitHub\HyperXTalk\thirdparty\libmysql\src\my_time.h(76,37): error C2143: syntax error: missing '{' before '*' [C:\Users\user\Documents\GitHub\HyperXTalk\build-win-x86_64\livecode\thirdparty\libmysql\libmysql.vcxproj]
C:\Users\user\Documents\GitHub\HyperXTalk\thirdparty\libmysql\src\my_time.h(76,45): error C2371: 'my_bool': redefinition; different basic types [C:\Users\user\Documents\GitHub\HyperXTalk\build-win-x86_64\livecode\thirdparty\libmysql\libmysql.vcxproj]
C:\Users\user\Documents\GitHub\HyperXTalk\thirdparty\libmysql\src\my_global.h(626): message : see declaration of 'my_bool' [C:\Users\user\Documents\GitHub\HyperXTalk\build-win-x86_64\livecode\thirdparty\libmysql\libmysql.vcxproj]
C:\Users\user\Documents\GitHub\HyperXTalk\thirdparty\libmysql\src\my_time.h(76,53): error C2146: syntax error: missing ';' before identifier 'not_zero_date' [C:\Users\user\Documents\GitHub\HyperXTalk\build-win-x86_64\livecode\thirdparty\libmysql\libmysql.vcxproj]
C:\Users\user\Documents\GitHub\HyperXTalk\thirdparty\libmysql\src\my_time.h(77,20): error C2370: 'ulong': redefinition; different storage class [C:\Users\user\Documents\GitHub\HyperXTalk\build-win-x86_64\livecode\thirdparty\libmysql\libmysql.vcxproj]
C:\Users\user\Documents\GitHub\HyperXTalk\thirdparty\libmysql\src\my_global.h(1011): message : see declaration of 'ulong' [C:\Users\user\Documents\GitHub\HyperXTalk\build-win-x86_64\livecode\thirdparty\libmysql\libmysql.vcxproj]
C:\Users\user\Documents\GitHub\HyperXTalk\thirdparty\libmysql\src\my_time.h(77,26): error C2146: syntax error: missing ';' before identifier 'flags' [C:\Users\user\Documents\GitHub\HyperXTalk\build-win-x86_64\livecode\thirdparty\libmysql\libmysql.vcxproj]
C:\Users\user\Documents\GitHub\HyperXTalk\thirdparty\libmysql\src\my_time.h(77,37): error C2059: syntax error: 'type' [C:\Users\user\Documents\GitHub\HyperXTalk\build-win-x86_64\livecode\thirdparty\libmysql\libmysql.vcxproj]
C:\Users\user\Documents\GitHub\HyperXTalk\thirdparty\libmysql\src\my_time.h(77,45): error C2059: syntax error: ')' [C:\Users\user\Documents\GitHub\HyperXTalk\build-win-x86_64\livecode\thirdparty\libmysql\libmysql.vcxproj]
C:\Users\user\Documents\GitHub\HyperXTalk\thirdparty\libmysql\src\my_time.h(79,58): error C2143: syntax error: missing ')' before '*' [C:\Users\user\Documents\GitHub\HyperXTalk\build-win-x86_64\livecode\thirdparty\libmysql\libmysql.vcxproj]
C:\Users\user\Documents\GitHub\HyperXTalk\thirdparty\libmysql\src\my_time.h(79,58): error C2081: 'MYSQL_TIME': name in formal parameter list illegal [C:\Users\user\Documents\GitHub\HyperXTalk\build-win-x86_64\livecode\thirdparty\libmysql\libmysql.vcxproj]
C:\Users\user\Documents\GitHub\HyperXTalk\thirdparty\libmysql\src\my_time.h(79,58): error C2143: syntax error: missing '{' before '*' [C:\Users\user\Documents\GitHub\HyperXTalk\build-win-x86_64\livecode\thirdparty\libmysql\libmysql.vcxproj]
C:\Users\user\Documents\GitHub\HyperXTalk\thirdparty\libmysql\src\my_time.h(80,17): error C2370: 'uint': redefinition; different storage class [C:\Users\user\Documents\GitHub\HyperXTalk\build-win-x86_64\livecode\thirdparty\libmysql\libmysql.vcxproj]
C:\Users\user\Documents\GitHub\HyperXTalk\thirdparty\libmysql\src\config-win.h(153): message : see declaration of 'uint' [C:\Users\user\Documents\GitHub\HyperXTalk\build-win-x86_64\livecode\thirdparty\libmysql\libmysql.vcxproj]
C:\Users\user\Documents\GitHub\HyperXTalk\thirdparty\libmysql\src\my_time.h(80,22): error C2146: syntax error: missing ';' before identifier 'flags' [C:\Users\user\Documents\GitHub\HyperXTalk\build-win-x86_64\livecode\thirdparty\libmysql\libmysql.vcxproj]
C:\Users\user\Documents\GitHub\HyperXTalk\thirdparty\libmysql\src\my_time.h(80,33): error C2059: syntax error: 'type' [C:\Users\user\Documents\GitHub\HyperXTalk\build-win-x86_64\livecode\thirdparty\libmysql\libmysql.vcxproj]
C:\Users\user\Documents\GitHub\HyperXTalk\thirdparty\libmysql\src\my_time.h(80,41): error C2059: syntax error: ')' [C:\Users\user\Documents\GitHub\HyperXTalk\build-win-x86_64\livecode\thirdparty\libmysql\libmysql.vcxproj]
C:\Users\user\Documents\GitHub\HyperXTalk\thirdparty\libmysql\src\my_time.h(81,53): error C2143: syntax error: missing ')' before '*' [C:\Users\user\Documents\GitHub\HyperXTalk\build-win-x86_64\livecode\thirdparty\libmysql\libmysql.vcxproj]
C:\Users\user\Documents\GitHub\HyperXTalk\thirdparty\libmysql\src\my_time.h(81,53): error C2081: 'MYSQL_TIME': name in formal parameter list illegal [C:\Users\user\Documents\GitHub\HyperXTalk\build-win-x86_64\livecode\thirdparty\libmysql\libmysql.vcxproj]
C:\Users\user\Documents\GitHub\HyperXTalk\thirdparty\libmysql\src\my_time.h(81,53): error C2143: syntax error: missing '{' before '*' [C:\Users\user\Documents\GitHub\HyperXTalk\build-win-x86_64\livecode\thirdparty\libmysql\libmysql.vcxproj]
C:\Users\user\Documents\GitHub\HyperXTalk\thirdparty\libmysql\src\my_time.h(82,29): error C2370: 'uint': redefinition; different storage class [C:\Users\user\Documents\GitHub\HyperXTalk\build-win-x86_64\livecode\thirdparty\libmysql\libmysql.vcxproj]
C:\Users\user\Documents\GitHub\HyperXTalk\thirdparty\libmysql\src\config-win.h(153): message : see declaration of 'uint' [C:\Users\user\Documents\GitHub\HyperXTalk\build-win-x86_64\livecode\thirdparty\libmysql\libmysql.vcxproj]
C:\Users\user\Documents\GitHub\HyperXTalk\thirdparty\libmysql\src\my_time.h(82,34): error C2146: syntax error: missing ';' before identifier 'flags' [C:\Users\user\Documents\GitHub\HyperXTalk\build-win-x86_64\livecode\thirdparty\libmysql\libmysql.vcxproj]
C:\Users\user\Documents\GitHub\HyperXTalk\thirdparty\libmysql\src\my_time.h(82,45): error C2059: syntax error: 'type' [C:\Users\user\Documents\GitHub\HyperXTalk\build-win-x86_64\livecode\thirdparty\libmysql\libmysql.vcxproj]
C:\Users\user\Documents\GitHub\HyperXTalk\thirdparty\libmysql\src\my_time.h(82,53): error C2059: syntax error: ')' [C:\Users\user\Documents\GitHub\HyperXTalk\build-win-x86_64\livecode\thirdparty\libmysql\libmysql.vcxproj]
C:\Users\user\Documents\GitHub\HyperXTalk\thirdparty\libmysql\src\my_time.h(83,55): error C2143: syntax error: missing ')' before '*' [C:\Users\user\Documents\GitHub\HyperXTalk\build-win-x86_64\livecode\thirdparty\libmysql\libmysql.vcxproj]
C:\Users\user\Documents\GitHub\HyperXTalk\thirdparty\libmysql\src\my_time.h(83,55): error C2143: syntax error: missing '{' before '*' [C:\Users\user\Documents\GitHub\HyperXTalk\build-win-x86_64\livecode\thirdparty\libmysql\libmysql.vcxproj]
C:\Users\user\Documents\GitHub\HyperXTalk\thirdparty\libmysql\src\my_time.h(83,56): error C2059: syntax error: ')' [C:\Users\user\Documents\GitHub\HyperXTalk\build-win-x86_64\livecode\thirdparty\libmysql\libmysql.vcxproj]
C:\Users\user\Documents\GitHub\HyperXTalk\thirdparty\libmysql\src\my_time.h(83,57): error C2059: syntax error: ';' [C:\Users\user\Documents\GitHub\HyperXTalk\build-win-x86_64\livecode\thirdparty\libmysql\libmysql.vcxproj]
C:\Users\user\Documents\GitHub\HyperXTalk\thirdparty\libmysql\src\my_time.h(84,51): error C2143: syntax error: missing ')' before '*' [C:\Users\user\Documents\GitHub\HyperXTalk\build-win-x86_64\livecode\thirdparty\libmysql\libmysql.vcxproj]
C:\Users\user\Documents\GitHub\HyperXTalk\thirdparty\libmysql\src\my_time.h(84,51): error C2143: syntax error: missing '{' before '*' [C:\Users\user\Documents\GitHub\HyperXTalk\build-win-x86_64\livecode\thirdparty\libmysql\libmysql.vcxproj]
C:\Users\user\Documents\GitHub\HyperXTalk\thirdparty\libmysql\src\my_time.h(84,52): error C2059: syntax error: ')' [C:\Users\user\Documents\GitHub\HyperXTalk\build-win-x86_64\livecode\thirdparty\libmysql\libmysql.vcxproj]
C:\Users\user\Documents\GitHub\HyperXTalk\thirdparty\libmysql\src\my_time.h(84,53): error C2059: syntax error: ';' [C:\Users\user\Documents\GitHub\HyperXTalk\build-win-x86_64\livecode\thirdparty\libmysql\libmysql.vcxproj]
C:\Users\user\Documents\GitHub\HyperXTalk\thirdparty\libmysql\src\my_time.h(85,51): error C2143: syntax error: missing ')' before '*' [C:\Users\user\Documents\GitHub\HyperXTalk\build-win-x86_64\livecode\thirdparty\libmysql\libmysql.vcxproj]
C:\Users\user\Documents\GitHub\HyperXTalk\thirdparty\libmysql\src\my_time.h(85,51): error C2143: syntax error: missing '{' before '*' [C:\Users\user\Documents\GitHub\HyperXTalk\build-win-x86_64\livecode\thirdparty\libmysql\libmysql.vcxproj]
C:\Users\user\Documents\GitHub\HyperXTalk\thirdparty\libmysql\src\my_time.h(85,52): error C2059: syntax error: ')' [C:\Users\user\Documents\GitHub\HyperXTalk\build-win-x86_64\livecode\thirdparty\libmysql\libmysql.vcxproj]
C:\Users\user\Documents\GitHub\HyperXTalk\thirdparty\libmysql\src\my_time.h(85,53): error C2059: syntax error: ';' [C:\Users\user\Documents\GitHub\HyperXTalk\build-win-x86_64\livecode\thirdparty\libmysql\libmysql.vcxproj]
C:\Users\user\Documents\GitHub\HyperXTalk\thirdparty\libmysql\src\my_time.h(86,46): error C2143: syntax error: missing ')' before '*' [C:\Users\user\Documents\GitHub\HyperXTalk\build-win-x86_64\livecode\thirdparty\libmysql\libmysql.vcxproj]
C:\Users\user\Documents\GitHub\HyperXTalk\thirdparty\libmysql\src\my_time.h(86,46): error C2143: syntax error: missing '{' before '*' [C:\Users\user\Documents\GitHub\HyperXTalk\build-win-x86_64\livecode\thirdparty\libmysql\libmysql.vcxproj]
C:\Users\user\Documents\GitHub\HyperXTalk\thirdparty\libmysql\src\my_time.h(86,47): error C2059: syntax error: ')' [C:\Users\user\Documents\GitHub\HyperXTalk\build-win-x86_64\livecode\thirdparty\libmysql\libmysql.vcxproj]
C:\Users\user\Documents\GitHub\HyperXTalk\thirdparty\libmysql\src\my_time.h(86,48): error C2059: syntax error: ';' [C:\Users\user\Documents\GitHub\HyperXTalk\build-win-x86_64\livecode\thirdparty\libmysql\libmysql.vcxproj]
C:\Users\user\Documents\GitHub\HyperXTalk\thirdparty\libmysql\src\my_time.h(89,61): error C2143: syntax error: missing ')' before '*' [C:\Users\user\Documents\GitHub\HyperXTalk\build-win-x86_64\livecode\thirdparty\libmysql\libmysql.vcxproj]
C:\Users\user\Documents\GitHub\HyperXTalk\thirdparty\libmysql\src\my_time.h(89,61): error C2081: 'MYSQL_TIME': name in formal parameter list illegal [C:\Users\user\Documents\GitHub\HyperXTalk\build-win-x86_64\livecode\thirdparty\libmysql\libmysql.vcxproj]
C:\Users\user\Documents\GitHub\HyperXTalk\thirdparty\libmysql\src\my_time.h(89,61): error C2143: syntax error: missing '{' before '*' [C:\Users\user\Documents\GitHub\HyperXTalk\build-win-x86_64\livecode\thirdparty\libmysql\libmysql.vcxproj]
C:\Users\user\Documents\GitHub\HyperXTalk\thirdparty\libmysql\src\my_time.h(90,25): error C2059: syntax error: 'type' [C:\Users\user\Documents\GitHub\HyperXTalk\build-win-x86_64\livecode\thirdparty\libmysql\libmysql.vcxproj]
C:\Users\user\Documents\GitHub\HyperXTalk\thirdparty\libmysql\src\my_time.h(90,33): error C2059: syntax error: ')' [C:\Users\user\Documents\GitHub\HyperXTalk\build-win-x86_64\livecode\thirdparty\libmysql\libmysql.vcxproj]
C:\Users\user\Documents\GitHub\HyperXTalk\thirdparty\libmysql\src\my_time.h(114,65): error C2143: syntax error: missing ')' before '*' [C:\Users\user\Documents\GitHub\HyperXTalk\build-win-x86_64\livecode\thirdparty\libmysql\libmysql.vcxproj]
C:\Users\user\Documents\GitHub\HyperXTalk\thirdparty\libmysql\src\my_time.h(114,65): error C2143: syntax error: missing '{' before '*' [C:\Users\user\Documents\GitHub\HyperXTalk\build-win-x86_64\livecode\thirdparty\libmysql\libmysql.vcxproj]
C:\Users\user\Documents\GitHub\HyperXTalk\thirdparty\libmysql\src\my_time.h(114,67): error C2059: syntax error: ')' [C:\Users\user\Documents\GitHub\HyperXTalk\build-win-x86_64\livecode\thirdparty\libmysql\libmysql.vcxproj]
C:\Users\user\Documents\GitHub\HyperXTalk\thirdparty\libmysql\src\my_time.h(115,1): error C2054: expected '(' to follow 't' [C:\Users\user\Documents\GitHub\HyperXTalk\build-win-x86_64\livecode\thirdparty\libmysql\libmysql.vcxproj]
C:\Users\user\Documents\GitHub\HyperXTalk\thirdparty\libmysql\src\my_time.h(125,36): error C2143: syntax error: missing ')' before '*' [C:\Users\user\Documents\GitHub\HyperXTalk\build-win-x86_64\livecode\thirdparty\libmysql\libmysql.vcxproj]
C:\Users\user\Documents\GitHub\HyperXTalk\thirdparty\libmysql\src\my_time.h(125,36): error C2143: syntax error: missing '{' before '*' [C:\Users\user\Documents\GitHub\HyperXTalk\build-win-x86_64\livecode\thirdparty\libmysql\libmysql.vcxproj]
C:\Users\user\Documents\GitHub\HyperXTalk\thirdparty\libmysql\src\my_time.h(125,45): error C2059: syntax error: 'type' [C:\Users\user\Documents\GitHub\HyperXTalk\build-win-x86_64\livecode\thirdparty\libmysql\libmysql.vcxproj]
C:\Users\user\Documents\GitHub\HyperXTalk\thirdparty\libmysql\src\my_time.h(126,43): error C2059: syntax error: ')' [C:\Users\user\Documents\GitHub\HyperXTalk\build-win-x86_64\livecode\thirdparty\libmysql\libmysql.vcxproj]
C:\Users\user\Documents\GitHub\HyperXTalk\thirdparty\libmysql\src\my_time.h(128,31): error C2143: syntax error: missing ')' before '*' [C:\Users\user\Documents\GitHub\HyperXTalk\build-win-x86_64\livecode\thirdparty\libmysql\libmysql.vcxproj]
C:\Users\user\Documents\GitHub\HyperXTalk\thirdparty\libmysql\src\my_time.h(128,31): error C2143: syntax error: missing '{' before '*' [C:\Users\user\Documents\GitHub\HyperXTalk\build-win-x86_64\livecode\thirdparty\libmysql\libmysql.vcxproj]
C:\Users\user\Documents\GitHub\HyperXTalk\thirdparty\libmysql\src\my_time.h(128,67): error C2059: syntax error: 'type' [C:\Users\user\Documents\GitHub\HyperXTalk\build-win-x86_64\livecode\thirdparty\libmysql\libmysql.vcxproj]
C:\Users\user\Documents\GitHub\HyperXTalk\thirdparty\libmysql\src\my_time.h(128,76): error C2059: syntax error: ')' [C:\Users\user\Documents\GitHub\HyperXTalk\build-win-x86_64\livecode\thirdparty\libmysql\libmysql.vcxproj]
C:\Users\user\Documents\GitHub\HyperXTalk\thirdparty\libmysql\src\my_time.h(140,37): error C2143: syntax error: missing ')' before '*' [C:\Users\user\Documents\GitHub\HyperXTalk\build-win-x86_64\livecode\thirdparty\libmysql\libmysql.vcxproj]
C:\Users\user\Documents\GitHub\HyperXTalk\thirdparty\libmysql\src\my_time.h(140,37): error C2143: syntax error: missing '{' before '*' [C:\Users\user\Documents\GitHub\HyperXTalk\build-win-x86_64\livecode\thirdparty\libmysql\libmysql.vcxproj]
C:\Users\user\Documents\GitHub\HyperXTalk\thirdparty\libmysql\src\my_time.h(140,51): error C2059: syntax error: 'type' [C:\Users\user\Documents\GitHub\HyperXTalk\build-win-x86_64\livecode\thirdparty\libmysql\libmysql.vcxproj]
C:\Users\user\Documents\GitHub\HyperXTalk\thirdparty\libmysql\src\my_time.h(140,54): error C2059: syntax error: ')' [C:\Users\user\Documents\GitHub\HyperXTalk\build-win-x86_64\livecode\thirdparty\libmysql\libmysql.vcxproj]
C:\Users\user\Documents\GitHub\HyperXTalk\thirdparty\libmysql\src\my_time.h(141,37): error C2143: syntax error: missing ')' before '*' [C:\Users\user\Documents\GitHub\HyperXTalk\build-win-x86_64\livecode\thirdparty\libmysql\libmysql.vcxproj]
C:\Users\user\Documents\GitHub\HyperXTalk\thirdparty\libmysql\src\my_time.h(141,37): error C2143: syntax error: missing '{' before '*' [C:\Users\user\Documents\GitHub\HyperXTalk\build-win-x86_64\livecode\thirdparty\libmysql\libmysql.vcxproj]
C:\Users\user\Documents\GitHub\HyperXTalk\thirdparty\libmysql\src\my_time.h(141,51): error C2059: syntax error: 'type' [C:\Users\user\Documents\GitHub\HyperXTalk\build-win-x86_64\livecode\thirdparty\libmysql\libmysql.vcxproj]
C:\Users\user\Documents\GitHub\HyperXTalk\thirdparty\libmysql\src\my_time.h(141,54): error C2059: syntax error: ')' [C:\Users\user\Documents\GitHub\HyperXTalk\build-win-x86_64\livecode\thirdparty\libmysql\libmysql.vcxproj]
C:\Users\user\Documents\GitHub\HyperXTalk\thirdparty\libmysql\src\my_time.h(142,41): error C2143: syntax error: missing ')' before '*' [C:\Users\user\Documents\GitHub\HyperXTalk\build-win-x86_64\livecode\thirdparty\libmysql\libmysql.vcxproj]
C:\Users\user\Documents\GitHub\HyperXTalk\thirdparty\libmysql\src\my_time.h(142,41): error C2143: syntax error: missing '{' before '*' [C:\Users\user\Documents\GitHub\HyperXTalk\build-win-x86_64\livecode\thirdparty\libmysql\libmysql.vcxproj]
C:\Users\user\Documents\GitHub\HyperXTalk\thirdparty\libmysql\src\my_time.h(142,55): error C2059: syntax error: 'type' [C:\Users\user\Documents\GitHub\HyperXTalk\build-win-x86_64\livecode\thirdparty\libmysql\libmysql.vcxproj]
C:\Users\user\Documents\GitHub\HyperXTalk\thirdparty\libmysql\src\my_time.h(142,58): error C2059: syntax error: ')' [C:\Users\user\Documents\GitHub\HyperXTalk\build-win-x86_64\livecode\thirdparty\libmysql\libmysql.vcxproj]
C:\Users\user\Documents\GitHub\HyperXTalk\thirdparty\libmysql\src\my_time.h(143,37): error C2143: syntax error: missing ')' before '*' [C:\Users\user\Documents\GitHub\HyperXTalk\build-win-x86_64\livecode\thirdparty\libmysql\libmysql.vcxproj]
C:\Users\user\Documents\GitHub\HyperXTalk\thirdparty\libmysql\src\my_time.h(143,37): error C2143: syntax error: missing '{' before '*' [C:\Users\user\Documents\GitHub\HyperXTalk\build-win-x86_64\livecode\thirdparty\libmysql\libmysql.vcxproj]
C:\Users\user\Documents\GitHub\HyperXTalk\thirdparty\libmysql\src\my_time.h(143,51): error C2059: syntax error: 'type' [C:\Users\user\Documents\GitHub\HyperXTalk\build-win-x86_64\livecode\thirdparty\libmysql\libmysql.vcxproj]
C:\Users\user\Documents\GitHub\HyperXTalk\thirdparty\libmysql\src\my_time.h(143,54): error C2059: syntax error: ')' [C:\Users\user\Documents\GitHub\HyperXTalk\build-win-x86_64\livecode\thirdparty\libmysql\libmysql.vcxproj]
C:\Users\user\Documents\GitHub\HyperXTalk\thirdparty\libmysql\src\my_time.c(78,37): error C2143: syntax error: missing ')' before '*' [C:\Users\user\Documents\GitHub\HyperXTalk\build-win-x86_64\livecode\thirdparty\libmysql\libmysql.vcxproj]
C:\Users\user\Documents\GitHub\HyperXTalk\thirdparty\libmysql\src\my_time.c(78,37): error C2143: syntax error: missing '{' before '*' [C:\Users\user\Documents\GitHub\HyperXTalk\build-win-x86_64\livecode\thirdparty\libmysql\libmysql.vcxproj]
C:\Users\user\Documents\GitHub\HyperXTalk\thirdparty\libmysql\src\my_time.c(78,45): error C2371: 'my_bool': redefinition; different basic types [C:\Users\user\Documents\GitHub\HyperXTalk\build-win-x86_64\livecode\thirdparty\libmysql\libmysql.vcxproj]
C:\Users\user\Documents\GitHub\HyperXTalk\thirdparty\libmysql\src\my_global.h(626): message : see declaration of 'my_bool' [C:\Users\user\Documents\GitHub\HyperXTalk\build-win-x86_64\livecode\thirdparty\libmysql\libmysql.vcxproj]
C:\Users\user\Documents\GitHub\HyperXTalk\thirdparty\libmysql\src\my_time.c(78,53): error C2146: syntax error: missing ';' before identifier 'not_zero_date' [C:\Users\user\Documents\GitHub\HyperXTalk\build-win-x86_64\livecode\thirdparty\libmysql\libmysql.vcxproj]
C:\Users\user\Documents\GitHub\HyperXTalk\thirdparty\libmysql\src\my_time.c(79,20): error C2370: 'ulong': redefinition; different storage class [C:\Users\user\Documents\GitHub\HyperXTalk\build-win-x86_64\livecode\thirdparty\libmysql\libmysql.vcxproj]
C:\Users\user\Documents\GitHub\HyperXTalk\thirdparty\libmysql\src\my_global.h(1011): message : see declaration of 'ulong' [C:\Users\user\Documents\GitHub\HyperXTalk\build-win-x86_64\livecode\thirdparty\libmysql\libmysql.vcxproj]
C:\Users\user\Documents\GitHub\HyperXTalk\thirdparty\libmysql\src\my_time.c(79,26): error C2146: syntax error: missing ';' before identifier 'flags' [C:\Users\user\Documents\GitHub\HyperXTalk\build-win-x86_64\livecode\thirdparty\libmysql\libmysql.vcxproj]
C:\Users\user\Documents\GitHub\HyperXTalk\thirdparty\libmysql\src\my_time.c(79,37): error C2059: syntax error: 'type' [C:\Users\user\Documents\GitHub\HyperXTalk\build-win-x86_64\livecode\thirdparty\libmysql\libmysql.vcxproj]
C:\Users\user\Documents\GitHub\HyperXTalk\thirdparty\libmysql\src\my_time.c(79,45): error C2059: syntax error: ')' [C:\Users\user\Documents\GitHub\HyperXTalk\build-win-x86_64\livecode\thirdparty\libmysql\libmysql.vcxproj]
C:\Users\user\Documents\GitHub\HyperXTalk\thirdparty\libmysql\src\my_time.c(160,58): error C2143: syntax error: missing ')' before '*' [C:\Users\user\Documents\GitHub\HyperXTalk\build-win-x86_64\livecode\thirdparty\libmysql\libmysql.vcxproj]
C:\Users\user\Documents\GitHub\HyperXTalk\thirdparty\libmysql\src\my_time.c(160,58): error C2081: 'MYSQL_TIME': name in formal parameter list illegal [C:\Users\user\Documents\GitHub\HyperXTalk\build-win-x86_64\livecode\thirdparty\libmysql\libmysql.vcxproj]
C:\Users\user\Documents\GitHub\HyperXTalk\thirdparty\libmysql\src\my_time.c(160,58): error C2143: syntax error: missing '{' before '*' [C:\Users\user\Documents\GitHub\HyperXTalk\build-win-x86_64\livecode\thirdparty\libmysql\libmysql.vcxproj]
C:\Users\user\Documents\GitHub\HyperXTalk\thirdparty\libmysql\src\my_time.c(161,17): error C2370: 'uint': redefinition; different storage class [C:\Users\user\Documents\GitHub\HyperXTalk\build-win-x86_64\livecode\thirdparty\libmysql\libmysql.vcxproj]
C:\Users\user\Documents\GitHub\HyperXTalk\thirdparty\libmysql\src\config-win.h(153): message : see declaration of 'uint' [C:\Users\user\Documents\GitHub\HyperXTalk\build-win-x86_64\livecode\thirdparty\libmysql\libmysql.vcxproj]
C:\Users\user\Documents\GitHub\HyperXTalk\thirdparty\libmysql\src\my_time.c(161,22): error C2146: syntax error: missing ';' before identifier 'flags' [C:\Users\user\Documents\GitHub\HyperXTalk\build-win-x86_64\livecode\thirdparty\libmysql\libmysql.vcxproj]
C:\Users\user\Documents\GitHub\HyperXTalk\thirdparty\libmysql\src\my_time.c(161,33): error C2059: syntax error: 'type' [C:\Users\user\Documents\GitHub\HyperXTalk\build-win-x86_64\livecode\thirdparty\libmysql\libmysql.vcxproj]
C:\Users\user\Documents\GitHub\HyperXTalk\thirdparty\libmysql\src\my_time.c(161,41): error C2059: syntax error: ')' [C:\Users\user\Documents\GitHub\HyperXTalk\build-win-x86_64\livecode\thirdparty\libmysql\libmysql.vcxproj]
C:\Users\user\Documents\GitHub\HyperXTalk\thirdparty\libmysql\src\my_time.c(488,62): error C2143: syntax error: missing ')' before '*' [C:\Users\user\Documents\GitHub\HyperXTalk\build-win-x86_64\livecode\thirdparty\libmysql\libmysql.vcxproj]
C:\Users\user\Documents\GitHub\HyperXTalk\thirdparty\libmysql\src\my_time.c(488,62): error C2081: 'MYSQL_TIME': name in formal parameter list illegal [C:\Users\user\Documents\GitHub\HyperXTalk\build-win-x86_64\livecode\thirdparty\libmysql\libmysql.vcxproj]
C:\Users\user\Documents\GitHub\HyperXTalk\thirdparty\libmysql\src\my_time.c(488,62): error C2143: syntax error: missing '{' before '*' [C:\Users\user\Documents\GitHub\HyperXTalk\build-win-x86_64\livecode\thirdparty\libmysql\libmysql.vcxproj]
C:\Users\user\Documents\GitHub\HyperXTalk\thirdparty\libmysql\src\my_time.c(489,25): error C2059: syntax error: 'type' [C:\Users\user\Documents\GitHub\HyperXTalk\build-win-x86_64\livecode\thirdparty\libmysql\libmysql.vcxproj]
C:\Users\user\Documents\GitHub\HyperXTalk\thirdparty\libmysql\src\my_time.c(489,33): error C2059: syntax error: ')' [C:\Users\user\Documents\GitHub\HyperXTalk\build-win-x86_64\livecode\thirdparty\libmysql\libmysql.vcxproj]
C:\Users\user\Documents\GitHub\HyperXTalk\thirdparty\libmysql\src\my_time.c(692,16): error C2037: left of 'minute' specifies undefined struct/union 'st_mysql_time' [C:\Users\user\Documents\GitHub\HyperXTalk\build-win-x86_64\livecode\thirdparty\libmysql\libmysql.vcxproj]
C:\Users\user\Documents\GitHub\HyperXTalk\thirdparty\libmysql\src\my_time.c(692,41): error C2037: left of 'second' specifies undefined struct/union 'st_mysql_time' [C:\Users\user\Documents\GitHub\HyperXTalk\build-win-x86_64\livecode\thirdparty\libmysql\libmysql.vcxproj]
C:\Users\user\Documents\GitHub\HyperXTalk\thirdparty\libmysql\src\my_time.c(695,18): error C2037: left of 'hour' specifies undefined struct/union 'st_mysql_time' [C:\Users\user\Documents\GitHub\HyperXTalk\build-win-x86_64\livecode\thirdparty\libmysql\libmysql.vcxproj]
C:\Users\user\Documents\GitHub\HyperXTalk\thirdparty\libmysql\src\my_time.c(695,38): error C2037: left of 'day' specifies undefined struct/union 'st_mysql_time' [C:\Users\user\Documents\GitHub\HyperXTalk\build-win-x86_64\livecode\thirdparty\libmysql\libmysql.vcxproj]
C:\Users\user\Documents\GitHub\HyperXTalk\thirdparty\libmysql\src\my_time.c(697,42): error C2037: left of 'minute' specifies undefined struct/union 'st_mysql_time' [C:\Users\user\Documents\GitHub\HyperXTalk\build-win-x86_64\livecode\thirdparty\libmysql\libmysql.vcxproj]
C:\Users\user\Documents\GitHub\HyperXTalk\thirdparty\libmysql\src\my_time.c(698,17): error C2037: left of 'second' specifies undefined struct/union 'st_mysql_time' [C:\Users\user\Documents\GitHub\HyperXTalk\build-win-x86_64\livecode\thirdparty\libmysql\libmysql.vcxproj]
C:\Users\user\Documents\GitHub\HyperXTalk\thirdparty\libmysql\src\my_time.c(698,56): error C2037: left of 'second_part' specifies undefined struct/union 'st_mysql_time' [C:\Users\user\Documents\GitHub\HyperXTalk\build-win-x86_64\livecode\thirdparty\libmysql\libmysql.vcxproj]
C:\Users\user\Documents\GitHub\HyperXTalk\thirdparty\libmysql\src\my_time.c(701,12): error C2037: left of 'day' specifies undefined struct/union 'st_mysql_time' [C:\Users\user\Documents\GitHub\HyperXTalk\build-win-x86_64\livecode\thirdparty\libmysql\libmysql.vcxproj]
C:\Users\user\Documents\GitHub\HyperXTalk\thirdparty\libmysql\src\my_time.c(701,12): fatal error C1003: error count exceeds 100; stopping compilation [C:\Users\user\Documents\GitHub\HyperXTalk\build-win-x86_64\livecode\thirdparty\libmysql\libmysql.vcxproj]
C:\Users\user\Documents\GitHub\HyperXTalk\thirdparty\libmysql\src\violite.h(44,4): error C2143: syntax error: missing '{' before '*' [C:\Users\user\Documents\GitHub\HyperXTalk\build-win-x86_64\livecode\thirdparty\libmysql\libmysql.vcxproj]
C:\Users\user\Documents\GitHub\HyperXTalk\thirdparty\libmysql\src\violite.h(46,4): error C2143: syntax error: missing '{' before '*' [C:\Users\user\Documents\GitHub\HyperXTalk\build-win-x86_64\livecode\thirdparty\libmysql\libmysql.vcxproj]
C:\Users\user\Documents\GitHub\HyperXTalk\thirdparty\libmysql\src\violite.h(47,4): error C2143: syntax error: missing '{' before '*' [C:\Users\user\Documents\GitHub\HyperXTalk\build-win-x86_64\livecode\thirdparty\libmysql\libmysql.vcxproj]
C:\Users\user\Documents\GitHub\HyperXTalk\thirdparty\libmysql\src\violite.h(54,26): error C2143: syntax error: missing ')' before '*' [C:\Users\user\Documents\GitHub\HyperXTalk\build-win-x86_64\livecode\thirdparty\libmysql\libmysql.vcxproj]
C:\Users\user\Documents\GitHub\HyperXTalk\thirdparty\libmysql\src\violite.h(54,26): error C2143: syntax error: missing '{' before '*' [C:\Users\user\Documents\GitHub\HyperXTalk\build-win-x86_64\livecode\thirdparty\libmysql\libmysql.vcxproj]
C:\Users\user\Documents\GitHub\HyperXTalk\thirdparty\libmysql\src\violite.h(54,32): error C2371: 'uchar': redefinition; different basic types [C:\Users\user\Documents\GitHub\HyperXTalk\build-win-x86_64\livecode\thirdparty\libmysql\libmysql.vcxproj]
C:\Users\user\Documents\GitHub\HyperXTalk\thirdparty\libmysql\src\my_global.h(977): message : see declaration of 'uchar' [C:\Users\user\Documents\GitHub\HyperXTalk\build-win-x86_64\livecode\thirdparty\libmysql\libmysql.vcxproj]
C:\Users\user\Documents\GitHub\HyperXTalk\thirdparty\libmysql\src\violite.h(54,38): error C2143: syntax error: missing ';' before '*' [C:\Users\user\Documents\GitHub\HyperXTalk\build-win-x86_64\livecode\thirdparty\libmysql\libmysql.vcxproj]
C:\Users\user\Documents\GitHub\HyperXTalk\thirdparty\libmysql\src\violite.h(54,45): error C2370: 'size_t': redefinition; different storage class [C:\Users\user\Documents\GitHub\HyperXTalk\build-win-x86_64\livecode\thirdparty\libmysql\libmysql.vcxproj]
C:\Program Files (x86)\Microsoft Visual Studio\2019\Community\VC\Tools\MSVC\14.29.30133\include\vcruntime.h(197): message : see declaration of 'size_t' [C:\Users\user\Documents\GitHub\HyperXTalk\build-win-x86_64\livecode\thirdparty\libmysql\libmysql.vcxproj]
C:\Users\user\Documents\GitHub\HyperXTalk\thirdparty\libmysql\src\violite.h(54,52): error C2146: syntax error: missing ';' before identifier 'size' [C:\Users\user\Documents\GitHub\HyperXTalk\build-win-x86_64\livecode\thirdparty\libmysql\libmysql.vcxproj]
C:\Users\user\Documents\GitHub\HyperXTalk\thirdparty\libmysql\src\violite.h(54,56): error C2059: syntax error: ')' [C:\Users\user\Documents\GitHub\HyperXTalk\build-win-x86_64\livecode\thirdparty\libmysql\libmysql.vcxproj]
C:\Users\user\Documents\GitHub\HyperXTalk\thirdparty\libmysql\src\violite.h(55,27): error C2143: syntax error: missing ')' before '*' [C:\Users\user\Documents\GitHub\HyperXTalk\build-win-x86_64\livecode\thirdparty\libmysql\libmysql.vcxproj]
C:\Users\user\Documents\GitHub\HyperXTalk\thirdparty\libmysql\src\violite.h(55,27): error C2143: syntax error: missing '{' before '*' [C:\Users\user\Documents\GitHub\HyperXTalk\build-win-x86_64\livecode\thirdparty\libmysql\libmysql.vcxproj]
C:\Users\user\Documents\GitHub\HyperXTalk\thirdparty\libmysql\src\violite.h(55,39): error C2371: 'uchar': redefinition; different basic types [C:\Users\user\Documents\GitHub\HyperXTalk\build-win-x86_64\livecode\thirdparty\libmysql\libmysql.vcxproj]
C:\Users\user\Documents\GitHub\HyperXTalk\thirdparty\libmysql\src\my_global.h(977): message : see declaration of 'uchar' [C:\Users\user\Documents\GitHub\HyperXTalk\build-win-x86_64\livecode\thirdparty\libmysql\libmysql.vcxproj]
C:\Users\user\Documents\GitHub\HyperXTalk\thirdparty\libmysql\src\violite.h(55,45): error C2143: syntax error: missing ';' before '*' [C:\Users\user\Documents\GitHub\HyperXTalk\build-win-x86_64\livecode\thirdparty\libmysql\libmysql.vcxproj]
C:\Users\user\Documents\GitHub\HyperXTalk\thirdparty\libmysql\src\violite.h(55,52): error C2370: 'size_t': redefinition; different storage class [C:\Users\user\Documents\GitHub\HyperXTalk\build-win-x86_64\livecode\thirdparty\libmysql\libmysql.vcxproj]
C:\Program Files (x86)\Microsoft Visual Studio\2019\Community\VC\Tools\MSVC\14.29.30133\include\vcruntime.h(197): message : see declaration of 'size_t' [C:\Users\user\Documents\GitHub\HyperXTalk\build-win-x86_64\livecode\thirdparty\libmysql\libmysql.vcxproj]
C:\Users\user\Documents\GitHub\HyperXTalk\thirdparty\libmysql\src\violite.h(55,59): error C2146: syntax error: missing ';' before identifier 'size' [C:\Users\user\Documents\GitHub\HyperXTalk\build-win-x86_64\livecode\thirdparty\libmysql\libmysql.vcxproj]
C:\Users\user\Documents\GitHub\HyperXTalk\thirdparty\libmysql\src\violite.h(55,63): error C2059: syntax error: ')' [C:\Users\user\Documents\GitHub\HyperXTalk\build-win-x86_64\livecode\thirdparty\libmysql\libmysql.vcxproj]
C:\Users\user\Documents\GitHub\HyperXTalk\thirdparty\libmysql\src\violite.h(56,24): error C2143: syntax error: missing ')' before '*' [C:\Users\user\Documents\GitHub\HyperXTalk\build-win-x86_64\livecode\thirdparty\libmysql\libmysql.vcxproj]
C:\Users\user\Documents\GitHub\HyperXTalk\thirdparty\libmysql\src\violite.h(56,24): error C2143: syntax error: missing '{' before '*' [C:\Users\user\Documents\GitHub\HyperXTalk\build-win-x86_64\livecode\thirdparty\libmysql\libmysql.vcxproj]
C:\Users\user\Documents\GitHub\HyperXTalk\thirdparty\libmysql\src\violite.h(56,29): error C2059: syntax error: ')' [C:\Users\user\Documents\GitHub\HyperXTalk\build-win-x86_64\livecode\thirdparty\libmysql\libmysql.vcxproj]
C:\Users\user\Documents\GitHub\HyperXTalk\thirdparty\libmysql\src\violite.h(61,20): error C2143: syntax error: missing ')' before '*' [C:\Users\user\Documents\GitHub\HyperXTalk\build-win-x86_64\livecode\thirdparty\libmysql\libmysql.vcxproj]
C:\Users\user\Documents\GitHub\HyperXTalk\thirdparty\libmysql\src\violite.h(61,20): error C2143: syntax error: missing '{' before '*' [C:\Users\user\Documents\GitHub\HyperXTalk\build-win-x86_64\livecode\thirdparty\libmysql\libmysql.vcxproj]
C:\Users\user\Documents\GitHub\HyperXTalk\thirdparty\libmysql\src\violite.h(61,25): error C2059: syntax error: ')' [C:\Users\user\Documents\GitHub\HyperXTalk\build-win-x86_64\livecode\thirdparty\libmysql\libmysql.vcxproj]
C:\Users\user\Documents\GitHub\HyperXTalk\thirdparty\libmysql\src\violite.h(62,18): error C2143: syntax error: missing ')' before '*' [C:\Users\user\Documents\GitHub\HyperXTalk\build-win-x86_64\livecode\thirdparty\libmysql\libmysql.vcxproj]
C:\Users\user\Documents\GitHub\HyperXTalk\thirdparty\libmysql\src\violite.h(62,18): error C2143: syntax error: missing '{' before '*' [C:\Users\user\Documents\GitHub\HyperXTalk\build-win-x86_64\livecode\thirdparty\libmysql\libmysql.vcxproj]
C:\Users\user\Documents\GitHub\HyperXTalk\thirdparty\libmysql\src\violite.h(62,23): error C2059: syntax error: ')' [C:\Users\user\Documents\GitHub\HyperXTalk\build-win-x86_64\livecode\thirdparty\libmysql\libmysql.vcxproj]
C:\Users\user\Documents\GitHub\HyperXTalk\thirdparty\libmysql\src\violite.h(63,22): error C2143: syntax error: missing ')' before '*' [C:\Users\user\Documents\GitHub\HyperXTalk\build-win-x86_64\livecode\thirdparty\libmysql\libmysql.vcxproj]
C:\Users\user\Documents\GitHub\HyperXTalk\thirdparty\libmysql\src\violite.h(63,22): error C2143: syntax error: missing '{' before '*' [C:\Users\user\Documents\GitHub\HyperXTalk\build-win-x86_64\livecode\thirdparty\libmysql\libmysql.vcxproj]
C:\Users\user\Documents\GitHub\HyperXTalk\thirdparty\libmysql\src\violite.h(63,48): error C2059: syntax error: 'type' [C:\Users\user\Documents\GitHub\HyperXTalk\build-win-x86_64\livecode\thirdparty\libmysql\libmysql.vcxproj]
C:\Users\user\Documents\GitHub\HyperXTalk\thirdparty\libmysql\src\violite.h(64,57): error C2059: syntax error: ')' [C:\Users\user\Documents\GitHub\HyperXTalk\build-win-x86_64\livecode\thirdparty\libmysql\libmysql.vcxproj]
C:\Users\user\Documents\GitHub\HyperXTalk\thirdparty\libmysql\src\violite.h(65,21): error C2143: syntax error: missing ')' before '*' [C:\Users\user\Documents\GitHub\HyperXTalk\build-win-x86_64\livecode\thirdparty\libmysql\libmysql.vcxproj]
C:\Users\user\Documents\GitHub\HyperXTalk\thirdparty\libmysql\src\violite.h(65,21): error C2143: syntax error: missing '{' before '*' [C:\Users\user\Documents\GitHub\HyperXTalk\build-win-x86_64\livecode\thirdparty\libmysql\libmysql.vcxproj]
C:\Users\user\Documents\GitHub\HyperXTalk\thirdparty\libmysql\src\violite.h(65,27): error C2371: 'uchar': redefinition; different basic types [C:\Users\user\Documents\GitHub\HyperXTalk\build-win-x86_64\livecode\thirdparty\libmysql\libmysql.vcxproj]
C:\Users\user\Documents\GitHub\HyperXTalk\thirdparty\libmysql\src\my_global.h(977): message : see declaration of 'uchar' [C:\Users\user\Documents\GitHub\HyperXTalk\build-win-x86_64\livecode\thirdparty\libmysql\libmysql.vcxproj]
C:\Users\user\Documents\GitHub\HyperXTalk\thirdparty\libmysql\src\violite.h(65,33): error C2143: syntax error: missing ';' before '*' [C:\Users\user\Documents\GitHub\HyperXTalk\build-win-x86_64\livecode\thirdparty\libmysql\libmysql.vcxproj]
C:\Users\user\Documents\GitHub\HyperXTalk\thirdparty\libmysql\src\violite.h(65,40): error C2370: 'size_t': redefinition; different storage class [C:\Users\user\Documents\GitHub\HyperXTalk\build-win-x86_64\livecode\thirdparty\libmysql\libmysql.vcxproj]
C:\Program Files (x86)\Microsoft Visual Studio\2019\Community\VC\Tools\MSVC\14.29.30133\include\vcruntime.h(197): message : see declaration of 'size_t' [C:\Users\user\Documents\GitHub\HyperXTalk\build-win-x86_64\livecode\thirdparty\libmysql\libmysql.vcxproj]
C:\Users\user\Documents\GitHub\HyperXTalk\thirdparty\libmysql\src\violite.h(65,47): error C2146: syntax error: missing ';' before identifier 'size' [C:\Users\user\Documents\GitHub\HyperXTalk\build-win-x86_64\livecode\thirdparty\libmysql\libmysql.vcxproj]
C:\Users\user\Documents\GitHub\HyperXTalk\thirdparty\libmysql\src\violite.h(65,51): error C2059: syntax error: ')' [C:\Users\user\Documents\GitHub\HyperXTalk\build-win-x86_64\livecode\thirdparty\libmysql\libmysql.vcxproj]
C:\Users\user\Documents\GitHub\HyperXTalk\thirdparty\libmysql\src\violite.h(66,27): error C2143: syntax error: missing ')' before '*' [C:\Users\user\Documents\GitHub\HyperXTalk\build-win-x86_64\livecode\thirdparty\libmysql\libmysql.vcxproj]
C:\Users\user\Documents\GitHub\HyperXTalk\thirdparty\libmysql\src\violite.h(66,27): error C2143: syntax error: missing '{' before '*' [C:\Users\user\Documents\GitHub\HyperXTalk\build-win-x86_64\livecode\thirdparty\libmysql\libmysql.vcxproj]
C:\Users\user\Documents\GitHub\HyperXTalk\thirdparty\libmysql\src\violite.h(66,33): error C2371: 'uchar': redefinition; different basic types [C:\Users\user\Documents\GitHub\HyperXTalk\build-win-x86_64\livecode\thirdparty\libmysql\libmysql.vcxproj]
C:\Users\user\Documents\GitHub\HyperXTalk\thirdparty\libmysql\src\my_global.h(977): message : see declaration of 'uchar' [C:\Users\user\Documents\GitHub\HyperXTalk\build-win-x86_64\livecode\thirdparty\libmysql\libmysql.vcxproj]
C:\Users\user\Documents\GitHub\HyperXTalk\thirdparty\libmysql\src\violite.h(66,39): error C2143: syntax error: missing ';' before '*' [C:\Users\user\Documents\GitHub\HyperXTalk\build-win-x86_64\livecode\thirdparty\libmysql\libmysql.vcxproj]
C:\Users\user\Documents\GitHub\HyperXTalk\thirdparty\libmysql\src\violite.h(66,46): error C2370: 'size_t': redefinition; different storage class [C:\Users\user\Documents\GitHub\HyperXTalk\build-win-x86_64\livecode\thirdparty\libmysql\libmysql.vcxproj]
C:\Program Files (x86)\Microsoft Visual Studio\2019\Community\VC\Tools\MSVC\14.29.30133\include\vcruntime.h(197): message : see declaration of 'size_t' [C:\Users\user\Documents\GitHub\HyperXTalk\build-win-x86_64\livecode\thirdparty\libmysql\libmysql.vcxproj]
C:\Users\user\Documents\GitHub\HyperXTalk\thirdparty\libmysql\src\violite.h(66,53): error C2146: syntax error: missing ';' before identifier 'size' [C:\Users\user\Documents\GitHub\HyperXTalk\build-win-x86_64\livecode\thirdparty\libmysql\libmysql.vcxproj]
C:\Users\user\Documents\GitHub\HyperXTalk\thirdparty\libmysql\src\violite.h(66,57): error C2059: syntax error: ')' [C:\Users\user\Documents\GitHub\HyperXTalk\build-win-x86_64\livecode\thirdparty\libmysql\libmysql.vcxproj]
C:\Users\user\Documents\GitHub\HyperXTalk\thirdparty\libmysql\src\violite.h(67,22): error C2143: syntax error: missing ')' before '*' [C:\Users\user\Documents\GitHub\HyperXTalk\build-win-x86_64\livecode\thirdparty\libmysql\libmysql.vcxproj]
C:\Users\user\Documents\GitHub\HyperXTalk\thirdparty\libmysql\src\violite.h(67,22): error C2143: syntax error: missing '{' before '*' [C:\Users\user\Documents\GitHub\HyperXTalk\build-win-x86_64\livecode\thirdparty\libmysql\libmysql.vcxproj]
C:\Users\user\Documents\GitHub\HyperXTalk\thirdparty\libmysql\src\violite.h(67,34): error C2371: 'uchar': redefinition; different basic types [C:\Users\user\Documents\GitHub\HyperXTalk\build-win-x86_64\livecode\thirdparty\libmysql\libmysql.vcxproj]
C:\Users\user\Documents\GitHub\HyperXTalk\thirdparty\libmysql\src\my_global.h(977): message : see declaration of 'uchar' [C:\Users\user\Documents\GitHub\HyperXTalk\build-win-x86_64\livecode\thirdparty\libmysql\libmysql.vcxproj]
C:\Users\user\Documents\GitHub\HyperXTalk\thirdparty\libmysql\src\violite.h(67,40): error C2143: syntax error: missing ';' before '*' [C:\Users\user\Documents\GitHub\HyperXTalk\build-win-x86_64\livecode\thirdparty\libmysql\libmysql.vcxproj]
C:\Users\user\Documents\GitHub\HyperXTalk\thirdparty\libmysql\src\violite.h(67,47): error C2370: 'size_t': redefinition; different storage class [C:\Users\user\Documents\GitHub\HyperXTalk\build-win-x86_64\livecode\thirdparty\libmysql\libmysql.vcxproj]
C:\Program Files (x86)\Microsoft Visual Studio\2019\Community\VC\Tools\MSVC\14.29.30133\include\vcruntime.h(197): message : see declaration of 'size_t' [C:\Users\user\Documents\GitHub\HyperXTalk\build-win-x86_64\livecode\thirdparty\libmysql\libmysql.vcxproj]
C:\Users\user\Documents\GitHub\HyperXTalk\thirdparty\libmysql\src\violite.h(67,54): error C2146: syntax error: missing ';' before identifier 'size' [C:\Users\user\Documents\GitHub\HyperXTalk\build-win-x86_64\livecode\thirdparty\libmysql\libmysql.vcxproj]
C:\Users\user\Documents\GitHub\HyperXTalk\thirdparty\libmysql\src\violite.h(67,58): error C2059: syntax error: ')' [C:\Users\user\Documents\GitHub\HyperXTalk\build-win-x86_64\livecode\thirdparty\libmysql\libmysql.vcxproj]
C:\Users\user\Documents\GitHub\HyperXTalk\thirdparty\libmysql\src\violite.h(68,22): error C2143: syntax error: missing ')' before '*' [C:\Users\user\Documents\GitHub\HyperXTalk\build-win-x86_64\livecode\thirdparty\libmysql\libmysql.vcxproj]
C:\Users\user\Documents\GitHub\HyperXTalk\thirdparty\libmysql\src\violite.h(68,22): error C2143: syntax error: missing '{' before '*' [C:\Users\user\Documents\GitHub\HyperXTalk\build-win-x86_64\livecode\thirdparty\libmysql\libmysql.vcxproj]
C:\Users\user\Documents\GitHub\HyperXTalk\thirdparty\libmysql\src\violite.h(68,28): error C2371: 'my_bool': redefinition; different basic types [C:\Users\user\Documents\GitHub\HyperXTalk\build-win-x86_64\livecode\thirdparty\libmysql\libmysql.vcxproj]
C:\Users\user\Documents\GitHub\HyperXTalk\thirdparty\libmysql\src\my_global.h(626): message : see declaration of 'my_bool' [C:\Users\user\Documents\GitHub\HyperXTalk\build-win-x86_64\livecode\thirdparty\libmysql\libmysql.vcxproj]
C:\Users\user\Documents\GitHub\HyperXTalk\thirdparty\libmysql\src\violite.h(68,36): error C2146: syntax error: missing ';' before identifier 'onoff' [C:\Users\user\Documents\GitHub\HyperXTalk\build-win-x86_64\livecode\thirdparty\libmysql\libmysql.vcxproj]
C:\Users\user\Documents\GitHub\HyperXTalk\thirdparty\libmysql\src\violite.h(68,43): error C2371: 'my_bool': redefinition; different basic types [C:\Users\user\Documents\GitHub\HyperXTalk\build-win-x86_64\livecode\thirdparty\libmysql\libmysql.vcxproj]
C:\Users\user\Documents\GitHub\HyperXTalk\thirdparty\libmysql\src\my_global.h(626): message : see declaration of 'my_bool' [C:\Users\user\Documents\GitHub\HyperXTalk\build-win-x86_64\livecode\thirdparty\libmysql\libmysql.vcxproj]
C:\Users\user\Documents\GitHub\HyperXTalk\thirdparty\libmysql\src\violite.h(68,51): error C2143: syntax error: missing ';' before '*' [C:\Users\user\Documents\GitHub\HyperXTalk\build-win-x86_64\livecode\thirdparty\libmysql\libmysql.vcxproj]
C:\Users\user\Documents\GitHub\HyperXTalk\thirdparty\libmysql\src\violite.h(68,60): error C2059: syntax error: ')' [C:\Users\user\Documents\GitHub\HyperXTalk\build-win-x86_64\livecode\thirdparty\libmysql\libmysql.vcxproj]
C:\Users\user\Documents\GitHub\HyperXTalk\thirdparty\libmysql\src\violite.h(69,29): error C2143: syntax error: missing ')' before '*' [C:\Users\user\Documents\GitHub\HyperXTalk\build-win-x86_64\livecode\thirdparty\libmysql\libmysql.vcxproj]
C:\Users\user\Documents\GitHub\HyperXTalk\thirdparty\libmysql\src\violite.h(69,29): error C2143: syntax error: missing '{' before '*' [C:\Users\user\Documents\GitHub\HyperXTalk\build-win-x86_64\livecode\thirdparty\libmysql\libmysql.vcxproj]
C:\Users\user\Documents\GitHub\HyperXTalk\thirdparty\libmysql\src\violite.h(69,33): error C2059: syntax error: ')' [C:\Users\user\Documents\GitHub\HyperXTalk\build-win-x86_64\livecode\thirdparty\libmysql\libmysql.vcxproj]
C:\Users\user\Documents\GitHub\HyperXTalk\thirdparty\libmysql\src\violite.h(71,22): error C2143: syntax error: missing ')' before '*' [C:\Users\user\Documents\GitHub\HyperXTalk\build-win-x86_64\livecode\thirdparty\libmysql\libmysql.vcxproj]
C:\Users\user\Documents\GitHub\HyperXTalk\thirdparty\libmysql\src\violite.h(71,22): error C2143: syntax error: missing '{' before '*' [C:\Users\user\Documents\GitHub\HyperXTalk\build-win-x86_64\livecode\thirdparty\libmysql\libmysql.vcxproj]
C:\Users\user\Documents\GitHub\HyperXTalk\thirdparty\libmysql\src\violite.h(71,26): error C2059: syntax error: ')' [C:\Users\user\Documents\GitHub\HyperXTalk\build-win-x86_64\livecode\thirdparty\libmysql\libmysql.vcxproj]
C:\Users\user\Documents\GitHub\HyperXTalk\thirdparty\libmysql\src\violite.h(73,23): error C2143: syntax error: missing ')' before '*' [C:\Users\user\Documents\GitHub\HyperXTalk\build-win-x86_64\livecode\thirdparty\libmysql\libmysql.vcxproj]
C:\Users\user\Documents\GitHub\HyperXTalk\thirdparty\libmysql\src\violite.h(73,23): error C2143: syntax error: missing '{' before '*' [C:\Users\user\Documents\GitHub\HyperXTalk\build-win-x86_64\livecode\thirdparty\libmysql\libmysql.vcxproj]
C:\Users\user\Documents\GitHub\HyperXTalk\thirdparty\libmysql\src\violite.h(73,29): error C2371: 'my_bool': redefinition; different basic types [C:\Users\user\Documents\GitHub\HyperXTalk\build-win-x86_64\livecode\thirdparty\libmysql\libmysql.vcxproj]
C:\Users\user\Documents\GitHub\HyperXTalk\thirdparty\libmysql\src\my_global.h(626): message : see declaration of 'my_bool' [C:\Users\user\Documents\GitHub\HyperXTalk\build-win-x86_64\livecode\thirdparty\libmysql\libmysql.vcxproj]
C:\Users\user\Documents\GitHub\HyperXTalk\thirdparty\libmysql\src\violite.h(73,37): error C2146: syntax error: missing ';' before identifier 'onoff' [C:\Users\user\Documents\GitHub\HyperXTalk\build-win-x86_64\livecode\thirdparty\libmysql\libmysql.vcxproj]
C:\Users\user\Documents\GitHub\HyperXTalk\thirdparty\libmysql\src\violite.h(73,42): error C2059: syntax error: ')' [C:\Users\user\Documents\GitHub\HyperXTalk\build-win-x86_64\livecode\thirdparty\libmysql\libmysql.vcxproj]
C:\Users\user\Documents\GitHub\HyperXTalk\thirdparty\libmysql\src\violite.h(75,30): error C2143: syntax error: missing ')' before '*' [C:\Users\user\Documents\GitHub\HyperXTalk\build-win-x86_64\livecode\thirdparty\libmysql\libmysql.vcxproj]
C:\Users\user\Documents\GitHub\HyperXTalk\thirdparty\libmysql\src\violite.h(75,30): error C2143: syntax error: missing '{' before '*' [C:\Users\user\Documents\GitHub\HyperXTalk\build-win-x86_64\livecode\thirdparty\libmysql\libmysql.vcxproj]
C:\Users\user\Documents\GitHub\HyperXTalk\thirdparty\libmysql\src\violite.h(75,34): error C2059: syntax error: ')' [C:\Users\user\Documents\GitHub\HyperXTalk\build-win-x86_64\livecode\thirdparty\libmysql\libmysql.vcxproj]
C:\Users\user\Documents\GitHub\HyperXTalk\thirdparty\libmysql\src\violite.h(77,33): error C2143: syntax error: missing ')' before '*' [C:\Users\user\Documents\GitHub\HyperXTalk\build-win-x86_64\livecode\thirdparty\libmysql\libmysql.vcxproj]
C:\Users\user\Documents\GitHub\HyperXTalk\thirdparty\libmysql\src\violite.h(77,33): error C2143: syntax error: missing '{' before '*' [C:\Users\user\Documents\GitHub\HyperXTalk\build-win-x86_64\livecode\thirdparty\libmysql\libmysql.vcxproj]
C:\Users\user\Documents\GitHub\HyperXTalk\thirdparty\libmysql\src\violite.h(77,37): error C2059: syntax error: ')' [C:\Users\user\Documents\GitHub\HyperXTalk\build-win-x86_64\livecode\thirdparty\libmysql\libmysql.vcxproj]
C:\Users\user\Documents\GitHub\HyperXTalk\thirdparty\libmysql\src\violite.h(79,33): error C2143: syntax error: missing ')' before '*' [C:\Users\user\Documents\GitHub\HyperXTalk\build-win-x86_64\livecode\thirdparty\libmysql\libmysql.vcxproj]
C:\Users\user\Documents\GitHub\HyperXTalk\thirdparty\libmysql\src\violite.h(79,33): error C2143: syntax error: missing '{' before '*' [C:\Users\user\Documents\GitHub\HyperXTalk\build-win-x86_64\livecode\thirdparty\libmysql\libmysql.vcxproj]
C:\Users\user\Documents\GitHub\HyperXTalk\thirdparty\libmysql\src\violite.h(79,37): error C2059: syntax error: ')' [C:\Users\user\Documents\GitHub\HyperXTalk\build-win-x86_64\livecode\thirdparty\libmysql\libmysql.vcxproj]
C:\Users\user\Documents\GitHub\HyperXTalk\thirdparty\libmysql\src\violite.h(81,32): error C2143: syntax error: missing ')' before '*' [C:\Users\user\Documents\GitHub\HyperXTalk\build-win-x86_64\livecode\thirdparty\libmysql\libmysql.vcxproj]
C:\Users\user\Documents\GitHub\HyperXTalk\thirdparty\libmysql\src\violite.h(81,32): error C2143: syntax error: missing '{' before '*' [C:\Users\user\Documents\GitHub\HyperXTalk\build-win-x86_64\livecode\thirdparty\libmysql\libmysql.vcxproj]
C:\Users\user\Documents\GitHub\HyperXTalk\thirdparty\libmysql\src\violite.h(81,37): error C2059: syntax error: ')' [C:\Users\user\Documents\GitHub\HyperXTalk\build-win-x86_64\livecode\thirdparty\libmysql\libmysql.vcxproj]
C:\Users\user\Documents\GitHub\HyperXTalk\thirdparty\libmysql\src\violite.h(83,18): error C2143: syntax error: missing ')' before '*' [C:\Users\user\Documents\GitHub\HyperXTalk\build-win-x86_64\livecode\thirdparty\libmysql\libmysql.vcxproj]
C:\Users\user\Documents\GitHub\HyperXTalk\thirdparty\libmysql\src\violite.h(83,18): error C2143: syntax error: missing '{' before '*' [C:\Users\user\Documents\GitHub\HyperXTalk\build-win-x86_64\livecode\thirdparty\libmysql\libmysql.vcxproj]
C:\Users\user\Documents\GitHub\HyperXTalk\thirdparty\libmysql\src\violite.h(83,22): error C2059: syntax error: ')' [C:\Users\user\Documents\GitHub\HyperXTalk\build-win-x86_64\livecode\thirdparty\libmysql\libmysql.vcxproj]
C:\Users\user\Documents\GitHub\HyperXTalk\thirdparty\libmysql\src\violite.h(85,21): error C2143: syntax error: missing ')' before '*' [C:\Users\user\Documents\GitHub\HyperXTalk\build-win-x86_64\livecode\thirdparty\libmysql\libmysql.vcxproj]
C:\Users\user\Documents\GitHub\HyperXTalk\thirdparty\libmysql\src\violite.h(85,21): error C2143: syntax error: missing '{' before '*' [C:\Users\user\Documents\GitHub\HyperXTalk\build-win-x86_64\livecode\thirdparty\libmysql\libmysql.vcxproj]
C:\Users\user\Documents\GitHub\HyperXTalk\thirdparty\libmysql\src\violite.h(85,25): error C2059: syntax error: ')' [C:\Users\user\Documents\GitHub\HyperXTalk\build-win-x86_64\livecode\thirdparty\libmysql\libmysql.vcxproj]
C:\Users\user\Documents\GitHub\HyperXTalk\thirdparty\libmysql\src\violite.h(87,27): error C2143: syntax error: missing ')' before '*' [C:\Users\user\Documents\GitHub\HyperXTalk\build-win-x86_64\livecode\thirdparty\libmysql\libmysql.vcxproj]
C:\Users\user\Documents\GitHub\HyperXTalk\thirdparty\libmysql\src\violite.h(87,27): error C2143: syntax error: missing '{' before '*' [C:\Users\user\Documents\GitHub\HyperXTalk\build-win-x86_64\livecode\thirdparty\libmysql\libmysql.vcxproj]
C:\Users\user\Documents\GitHub\HyperXTalk\thirdparty\libmysql\src\violite.h(87,38): error C2059: syntax error: 'type' [C:\Users\user\Documents\GitHub\HyperXTalk\build-win-x86_64\livecode\thirdparty\libmysql\libmysql.vcxproj]
C:\Users\user\Documents\GitHub\HyperXTalk\thirdparty\libmysql\src\violite.h(87,71): error C2059: syntax error: ')' [C:\Users\user\Documents\GitHub\HyperXTalk\build-win-x86_64\livecode\thirdparty\libmysql\libmysql.vcxproj]
C:\Users\user\Documents\GitHub\HyperXTalk\thirdparty\libmysql\src\violite.h(88,27): error C2143: syntax error: missing ')' before '*' [C:\Users\user\Documents\GitHub\HyperXTalk\build-win-x86_64\livecode\thirdparty\libmysql\libmysql.vcxproj]
C:\Users\user\Documents\GitHub\HyperXTalk\thirdparty\libmysql\src\violite.h(88,27): error C2143: syntax error: missing '{' before '*' [C:\Users\user\Documents\GitHub\HyperXTalk\build-win-x86_64\livecode\thirdparty\libmysql\libmysql.vcxproj]
C:\Users\user\Documents\GitHub\HyperXTalk\thirdparty\libmysql\src\violite.h(88,32): error C2370: 'uint': redefinition; different storage class [C:\Users\user\Documents\GitHub\HyperXTalk\build-win-x86_64\livecode\thirdparty\libmysql\libmysql.vcxproj]
C:\Users\user\Documents\GitHub\HyperXTalk\thirdparty\libmysql\src\config-win.h(153): message : see declaration of 'uint' [C:\Users\user\Documents\GitHub\HyperXTalk\build-win-x86_64\livecode\thirdparty\libmysql\libmysql.vcxproj]
C:\Users\user\Documents\GitHub\HyperXTalk\thirdparty\libmysql\src\violite.h(88,37): error C2146: syntax error: missing ';' before identifier 'timeout' [C:\Users\user\Documents\GitHub\HyperXTalk\build-win-x86_64\livecode\thirdparty\libmysql\libmysql.vcxproj]
C:\Users\user\Documents\GitHub\HyperXTalk\thirdparty\libmysql\src\violite.h(88,44): error C2059: syntax error: ')' [C:\Users\user\Documents\GitHub\HyperXTalk\build-win-x86_64\livecode\thirdparty\libmysql\libmysql.vcxproj]
C:\Users\user\Documents\GitHub\HyperXTalk\thirdparty\libmysql\src\violite.h(89,27): error C2143: syntax error: missing ')' before '*' [C:\Users\user\Documents\GitHub\HyperXTalk\build-win-x86_64\livecode\thirdparty\libmysql\libmysql.vcxproj]
C:\Users\user\Documents\GitHub\HyperXTalk\thirdparty\libmysql\src\violite.h(89,27): error C2143: syntax error: missing '{' before '*' [C:\Users\user\Documents\GitHub\HyperXTalk\build-win-x86_64\livecode\thirdparty\libmysql\libmysql.vcxproj]
C:\Users\user\Documents\GitHub\HyperXTalk\thirdparty\libmysql\src\violite.h(89,33): error C2370: 'uint': redefinition; different storage class [C:\Users\user\Documents\GitHub\HyperXTalk\build-win-x86_64\livecode\thirdparty\libmysql\libmysql.vcxproj]
C:\Users\user\Documents\GitHub\HyperXTalk\thirdparty\libmysql\src\config-win.h(153): message : see declaration of 'uint' [C:\Users\user\Documents\GitHub\HyperXTalk\build-win-x86_64\livecode\thirdparty\libmysql\libmysql.vcxproj]
C:\Users\user\Documents\GitHub\HyperXTalk\thirdparty\libmysql\src\violite.h(89,38): error C2143: syntax error: missing ';' before '*' [C:\Users\user\Documents\GitHub\HyperXTalk\build-win-x86_64\livecode\thirdparty\libmysql\libmysql.vcxproj]
C:\Users\user\Documents\GitHub\HyperXTalk\thirdparty\libmysql\src\violite.h(89,44): error C2059: syntax error: ')' [C:\Users\user\Documents\GitHub\HyperXTalk\build-win-x86_64\livecode\thirdparty\libmysql\libmysql.vcxproj]
C:\Users\user\Documents\GitHub\HyperXTalk\thirdparty\libmysql\src\violite.h(89,44): fatal error C1003: error count exceeds 100; stopping compilation [C:\Users\user\Documents\GitHub\HyperXTalk\build-win-x86_64\livecode\thirdparty\libmysql\libmysql.vcxproj]
C:\Users\user\Documents\GitHub\HyperXTalk\thirdparty\libmysql\src\password.c(144,59): error C2065: 'SCRAMBLE_LENGTH_323': undeclared identifier [C:\Users\user\Documents\GitHub\HyperXTalk\build-win-x86_64\livecode\thirdparty\libmysql\libmysql.vcxproj]
C:\Users\user\Documents\GitHub\HyperXTalk\thirdparty\libmysql\src\password.c(146,61): error C2065: 'SCRAMBLE_LENGTH_323': undeclared identifier [C:\Users\user\Documents\GitHub\HyperXTalk\build-win-x86_64\livecode\thirdparty\libmysql\libmysql.vcxproj]
C:\Users\user\Documents\GitHub\HyperXTalk\thirdparty\libmysql\src\password.c(185,59): error C2065: 'SCRAMBLE_LENGTH_323': undeclared identifier [C:\Users\user\Documents\GitHub\HyperXTalk\build-win-x86_64\livecode\thirdparty\libmysql\libmysql.vcxproj]
C:\Users\user\Documents\GitHub\HyperXTalk\thirdparty\libmysql\src\password.c(189,3): error C2065: 'SCRAMBLE_LENGTH_323': undeclared identifier [C:\Users\user\Documents\GitHub\HyperXTalk\build-win-x86_64\livecode\thirdparty\libmysql\libmysql.vcxproj]
C:\Users\user\Documents\GitHub\HyperXTalk\thirdparty\libmysql\src\password.c(192,43): error C2065: 'SCRAMBLE_LENGTH_323': undeclared identifier [C:\Users\user\Documents\GitHub\HyperXTalk\build-win-x86_64\livecode\thirdparty\libmysql\libmysql.vcxproj]
C:\Users\user\Documents\GitHub\HyperXTalk\thirdparty\libmysql\src\violite.h(44,4): error C2143: syntax error: missing '{' before '*' [C:\Users\user\Documents\GitHub\HyperXTalk\build-win-x86_64\livecode\thirdparty\libmysql\libmysql.vcxproj]
C:\Users\user\Documents\GitHub\HyperXTalk\thirdparty\libmysql\src\violite.h(46,4): error C2143: syntax error: missing '{' before '*' [C:\Users\user\Documents\GitHub\HyperXTalk\build-win-x86_64\livecode\thirdparty\libmysql\libmysql.vcxproj]
C:\Users\user\Documents\GitHub\HyperXTalk\thirdparty\libmysql\src\violite.h(47,4): error C2143: syntax error: missing '{' before '*' [C:\Users\user\Documents\GitHub\HyperXTalk\build-win-x86_64\livecode\thirdparty\libmysql\libmysql.vcxproj]
C:\Users\user\Documents\GitHub\HyperXTalk\thirdparty\libmysql\src\violite.h(54,26): error C2143: syntax error: missing ')' before '*' [C:\Users\user\Documents\GitHub\HyperXTalk\build-win-x86_64\livecode\thirdparty\libmysql\libmysql.vcxproj]
C:\Users\user\Documents\GitHub\HyperXTalk\thirdparty\libmysql\src\violite.h(54,26): error C2143: syntax error: missing '{' before '*' [C:\Users\user\Documents\GitHub\HyperXTalk\build-win-x86_64\livecode\thirdparty\libmysql\libmysql.vcxproj]
C:\Users\user\Documents\GitHub\HyperXTalk\thirdparty\libmysql\src\violite.h(54,32): error C2371: 'uchar': redefinition; different basic types [C:\Users\user\Documents\GitHub\HyperXTalk\build-win-x86_64\livecode\thirdparty\libmysql\libmysql.vcxproj]
C:\Users\user\Documents\GitHub\HyperXTalk\thirdparty\libmysql\src\my_global.h(977): message : see declaration of 'uchar' [C:\Users\user\Documents\GitHub\HyperXTalk\build-win-x86_64\livecode\thirdparty\libmysql\libmysql.vcxproj]
C:\Users\user\Documents\GitHub\HyperXTalk\thirdparty\libmysql\src\violite.h(54,38): error C2143: syntax error: missing ';' before '*' [C:\Users\user\Documents\GitHub\HyperXTalk\build-win-x86_64\livecode\thirdparty\libmysql\libmysql.vcxproj]
C:\Users\user\Documents\GitHub\HyperXTalk\thirdparty\libmysql\src\violite.h(54,45): error C2370: 'size_t': redefinition; different storage class [C:\Users\user\Documents\GitHub\HyperXTalk\build-win-x86_64\livecode\thirdparty\libmysql\libmysql.vcxproj]
C:\Program Files (x86)\Microsoft Visual Studio\2019\Community\VC\Tools\MSVC\14.29.30133\include\vcruntime.h(197): message : see declaration of 'size_t' [C:\Users\user\Documents\GitHub\HyperXTalk\build-win-x86_64\livecode\thirdparty\libmysql\libmysql.vcxproj]
C:\Users\user\Documents\GitHub\HyperXTalk\thirdparty\libmysql\src\violite.h(54,52): error C2146: syntax error: missing ';' before identifier 'size' [C:\Users\user\Documents\GitHub\HyperXTalk\build-win-x86_64\livecode\thirdparty\libmysql\libmysql.vcxproj]
C:\Users\user\Documents\GitHub\HyperXTalk\thirdparty\libmysql\src\violite.h(54,56): error C2059: syntax error: ')' [C:\Users\user\Documents\GitHub\HyperXTalk\build-win-x86_64\livecode\thirdparty\libmysql\libmysql.vcxproj]
C:\Users\user\Documents\GitHub\HyperXTalk\thirdparty\libmysql\src\violite.h(55,27): error C2143: syntax error: missing ')' before '*' [C:\Users\user\Documents\GitHub\HyperXTalk\build-win-x86_64\livecode\thirdparty\libmysql\libmysql.vcxproj]
C:\Users\user\Documents\GitHub\HyperXTalk\thirdparty\libmysql\src\violite.h(55,27): error C2143: syntax error: missing '{' before '*' [C:\Users\user\Documents\GitHub\HyperXTalk\build-win-x86_64\livecode\thirdparty\libmysql\libmysql.vcxproj]
C:\Users\user\Documents\GitHub\HyperXTalk\thirdparty\libmysql\src\violite.h(55,39): error C2371: 'uchar': redefinition; different basic types [C:\Users\user\Documents\GitHub\HyperXTalk\build-win-x86_64\livecode\thirdparty\libmysql\libmysql.vcxproj]
C:\Users\user\Documents\GitHub\HyperXTalk\thirdparty\libmysql\src\my_global.h(977): message : see declaration of 'uchar' [C:\Users\user\Documents\GitHub\HyperXTalk\build-win-x86_64\livecode\thirdparty\libmysql\libmysql.vcxproj]
C:\Users\user\Documents\GitHub\HyperXTalk\thirdparty\libmysql\src\violite.h(55,45): error C2143: syntax error: missing ';' before '*' [C:\Users\user\Documents\GitHub\HyperXTalk\build-win-x86_64\livecode\thirdparty\libmysql\libmysql.vcxproj]
C:\Users\user\Documents\GitHub\HyperXTalk\thirdparty\libmysql\src\violite.h(55,52): error C2370: 'size_t': redefinition; different storage class [C:\Users\user\Documents\GitHub\HyperXTalk\build-win-x86_64\livecode\thirdparty\libmysql\libmysql.vcxproj]
C:\Program Files (x86)\Microsoft Visual Studio\2019\Community\VC\Tools\MSVC\14.29.30133\include\vcruntime.h(197): message : see declaration of 'size_t' [C:\Users\user\Documents\GitHub\HyperXTalk\build-win-x86_64\livecode\thirdparty\libmysql\libmysql.vcxproj]
C:\Users\user\Documents\GitHub\HyperXTalk\thirdparty\libmysql\src\violite.h(55,59): error C2146: syntax error: missing ';' before identifier 'size' [C:\Users\user\Documents\GitHub\HyperXTalk\build-win-x86_64\livecode\thirdparty\libmysql\libmysql.vcxproj]
C:\Users\user\Documents\GitHub\HyperXTalk\thirdparty\libmysql\src\violite.h(55,63): error C2059: syntax error: ')' [C:\Users\user\Documents\GitHub\HyperXTalk\build-win-x86_64\livecode\thirdparty\libmysql\libmysql.vcxproj]
C:\Users\user\Documents\GitHub\HyperXTalk\thirdparty\libmysql\src\violite.h(56,24): error C2143: syntax error: missing ')' before '*' [C:\Users\user\Documents\GitHub\HyperXTalk\build-win-x86_64\livecode\thirdparty\libmysql\libmysql.vcxproj]
C:\Users\user\Documents\GitHub\HyperXTalk\thirdparty\libmysql\src\violite.h(56,24): error C2143: syntax error: missing '{' before '*' [C:\Users\user\Documents\GitHub\HyperXTalk\build-win-x86_64\livecode\thirdparty\libmysql\libmysql.vcxproj]
C:\Users\user\Documents\GitHub\HyperXTalk\thirdparty\libmysql\src\violite.h(56,29): error C2059: syntax error: ')' [C:\Users\user\Documents\GitHub\HyperXTalk\build-win-x86_64\livecode\thirdparty\libmysql\libmysql.vcxproj]
C:\Users\user\Documents\GitHub\HyperXTalk\thirdparty\libmysql\src\violite.h(61,20): error C2143: syntax error: missing ')' before '*' [C:\Users\user\Documents\GitHub\HyperXTalk\build-win-x86_64\livecode\thirdparty\libmysql\libmysql.vcxproj]
C:\Users\user\Documents\GitHub\HyperXTalk\thirdparty\libmysql\src\violite.h(61,20): error C2143: syntax error: missing '{' before '*' [C:\Users\user\Documents\GitHub\HyperXTalk\build-win-x86_64\livecode\thirdparty\libmysql\libmysql.vcxproj]
C:\Users\user\Documents\GitHub\HyperXTalk\thirdparty\libmysql\src\violite.h(61,25): error C2059: syntax error: ')' [C:\Users\user\Documents\GitHub\HyperXTalk\build-win-x86_64\livecode\thirdparty\libmysql\libmysql.vcxproj]
C:\Users\user\Documents\GitHub\HyperXTalk\thirdparty\libmysql\src\violite.h(62,18): error C2143: syntax error: missing ')' before '*' [C:\Users\user\Documents\GitHub\HyperXTalk\build-win-x86_64\livecode\thirdparty\libmysql\libmysql.vcxproj]
C:\Users\user\Documents\GitHub\HyperXTalk\thirdparty\libmysql\src\violite.h(62,18): error C2143: syntax error: missing '{' before '*' [C:\Users\user\Documents\GitHub\HyperXTalk\build-win-x86_64\livecode\thirdparty\libmysql\libmysql.vcxproj]
C:\Users\user\Documents\GitHub\HyperXTalk\thirdparty\libmysql\src\violite.h(62,23): error C2059: syntax error: ')' [C:\Users\user\Documents\GitHub\HyperXTalk\build-win-x86_64\livecode\thirdparty\libmysql\libmysql.vcxproj]
C:\Users\user\Documents\GitHub\HyperXTalk\thirdparty\libmysql\src\violite.h(63,22): error C2143: syntax error: missing ')' before '*' [C:\Users\user\Documents\GitHub\HyperXTalk\build-win-x86_64\livecode\thirdparty\libmysql\libmysql.vcxproj]
C:\Users\user\Documents\GitHub\HyperXTalk\thirdparty\libmysql\src\violite.h(63,22): error C2143: syntax error: missing '{' before '*' [C:\Users\user\Documents\GitHub\HyperXTalk\build-win-x86_64\livecode\thirdparty\libmysql\libmysql.vcxproj]
C:\Users\user\Documents\GitHub\HyperXTalk\thirdparty\libmysql\src\violite.h(63,48): error C2059: syntax error: 'type' [C:\Users\user\Documents\GitHub\HyperXTalk\build-win-x86_64\livecode\thirdparty\libmysql\libmysql.vcxproj]
C:\Users\user\Documents\GitHub\HyperXTalk\thirdparty\libmysql\src\violite.h(64,57): error C2059: syntax error: ')' [C:\Users\user\Documents\GitHub\HyperXTalk\build-win-x86_64\livecode\thirdparty\libmysql\libmysql.vcxproj]
C:\Users\user\Documents\GitHub\HyperXTalk\thirdparty\libmysql\src\violite.h(65,21): error C2143: syntax error: missing ')' before '*' [C:\Users\user\Documents\GitHub\HyperXTalk\build-win-x86_64\livecode\thirdparty\libmysql\libmysql.vcxproj]
C:\Users\user\Documents\GitHub\HyperXTalk\thirdparty\libmysql\src\violite.h(65,21): error C2143: syntax error: missing '{' before '*' [C:\Users\user\Documents\GitHub\HyperXTalk\build-win-x86_64\livecode\thirdparty\libmysql\libmysql.vcxproj]
C:\Users\user\Documents\GitHub\HyperXTalk\thirdparty\libmysql\src\violite.h(65,27): error C2371: 'uchar': redefinition; different basic types [C:\Users\user\Documents\GitHub\HyperXTalk\build-win-x86_64\livecode\thirdparty\libmysql\libmysql.vcxproj]
C:\Users\user\Documents\GitHub\HyperXTalk\thirdparty\libmysql\src\my_global.h(977): message : see declaration of 'uchar' [C:\Users\user\Documents\GitHub\HyperXTalk\build-win-x86_64\livecode\thirdparty\libmysql\libmysql.vcxproj]
C:\Users\user\Documents\GitHub\HyperXTalk\thirdparty\libmysql\src\violite.h(65,33): error C2143: syntax error: missing ';' before '*' [C:\Users\user\Documents\GitHub\HyperXTalk\build-win-x86_64\livecode\thirdparty\libmysql\libmysql.vcxproj]
C:\Users\user\Documents\GitHub\HyperXTalk\thirdparty\libmysql\src\violite.h(65,40): error C2370: 'size_t': redefinition; different storage class [C:\Users\user\Documents\GitHub\HyperXTalk\build-win-x86_64\livecode\thirdparty\libmysql\libmysql.vcxproj]
C:\Program Files (x86)\Microsoft Visual Studio\2019\Community\VC\Tools\MSVC\14.29.30133\include\vcruntime.h(197): message : see declaration of 'size_t' [C:\Users\user\Documents\GitHub\HyperXTalk\build-win-x86_64\livecode\thirdparty\libmysql\libmysql.vcxproj]
C:\Users\user\Documents\GitHub\HyperXTalk\thirdparty\libmysql\src\violite.h(65,47): error C2146: syntax error: missing ';' before identifier 'size' [C:\Users\user\Documents\GitHub\HyperXTalk\build-win-x86_64\livecode\thirdparty\libmysql\libmysql.vcxproj]
C:\Users\user\Documents\GitHub\HyperXTalk\thirdparty\libmysql\src\violite.h(65,51): error C2059: syntax error: ')' [C:\Users\user\Documents\GitHub\HyperXTalk\build-win-x86_64\livecode\thirdparty\libmysql\libmysql.vcxproj]
C:\Users\user\Documents\GitHub\HyperXTalk\thirdparty\libmysql\src\violite.h(66,27): error C2143: syntax error: missing ')' before '*' [C:\Users\user\Documents\GitHub\HyperXTalk\build-win-x86_64\livecode\thirdparty\libmysql\libmysql.vcxproj]
C:\Users\user\Documents\GitHub\HyperXTalk\thirdparty\libmysql\src\violite.h(66,27): error C2143: syntax error: missing '{' before '*' [C:\Users\user\Documents\GitHub\HyperXTalk\build-win-x86_64\livecode\thirdparty\libmysql\libmysql.vcxproj]
C:\Users\user\Documents\GitHub\HyperXTalk\thirdparty\libmysql\src\violite.h(66,33): error C2371: 'uchar': redefinition; different basic types [C:\Users\user\Documents\GitHub\HyperXTalk\build-win-x86_64\livecode\thirdparty\libmysql\libmysql.vcxproj]
C:\Users\user\Documents\GitHub\HyperXTalk\thirdparty\libmysql\src\my_global.h(977): message : see declaration of 'uchar' [C:\Users\user\Documents\GitHub\HyperXTalk\build-win-x86_64\livecode\thirdparty\libmysql\libmysql.vcxproj]
C:\Users\user\Documents\GitHub\HyperXTalk\thirdparty\libmysql\src\violite.h(66,39): error C2143: syntax error: missing ';' before '*' [C:\Users\user\Documents\GitHub\HyperXTalk\build-win-x86_64\livecode\thirdparty\libmysql\libmysql.vcxproj]
C:\Users\user\Documents\GitHub\HyperXTalk\thirdparty\libmysql\src\violite.h(66,46): error C2370: 'size_t': redefinition; different storage class [C:\Users\user\Documents\GitHub\HyperXTalk\build-win-x86_64\livecode\thirdparty\libmysql\libmysql.vcxproj]
C:\Program Files (x86)\Microsoft Visual Studio\2019\Community\VC\Tools\MSVC\14.29.30133\include\vcruntime.h(197): message : see declaration of 'size_t' [C:\Users\user\Documents\GitHub\HyperXTalk\build-win-x86_64\livecode\thirdparty\libmysql\libmysql.vcxproj]
C:\Users\user\Documents\GitHub\HyperXTalk\thirdparty\libmysql\src\violite.h(66,53): error C2146: syntax error: missing ';' before identifier 'size' [C:\Users\user\Documents\GitHub\HyperXTalk\build-win-x86_64\livecode\thirdparty\libmysql\libmysql.vcxproj]
C:\Users\user\Documents\GitHub\HyperXTalk\thirdparty\libmysql\src\violite.h(66,57): error C2059: syntax error: ')' [C:\Users\user\Documents\GitHub\HyperXTalk\build-win-x86_64\livecode\thirdparty\libmysql\libmysql.vcxproj]
C:\Users\user\Documents\GitHub\HyperXTalk\thirdparty\libmysql\src\violite.h(67,22): error C2143: syntax error: missing ')' before '*' [C:\Users\user\Documents\GitHub\HyperXTalk\build-win-x86_64\livecode\thirdparty\libmysql\libmysql.vcxproj]
C:\Users\user\Documents\GitHub\HyperXTalk\thirdparty\libmysql\src\violite.h(67,22): error C2143: syntax error: missing '{' before '*' [C:\Users\user\Documents\GitHub\HyperXTalk\build-win-x86_64\livecode\thirdparty\libmysql\libmysql.vcxproj]
C:\Users\user\Documents\GitHub\HyperXTalk\thirdparty\libmysql\src\violite.h(67,34): error C2371: 'uchar': redefinition; different basic types [C:\Users\user\Documents\GitHub\HyperXTalk\build-win-x86_64\livecode\thirdparty\libmysql\libmysql.vcxproj]
C:\Users\user\Documents\GitHub\HyperXTalk\thirdparty\libmysql\src\my_global.h(977): message : see declaration of 'uchar' [C:\Users\user\Documents\GitHub\HyperXTalk\build-win-x86_64\livecode\thirdparty\libmysql\libmysql.vcxproj]
C:\Users\user\Documents\GitHub\HyperXTalk\thirdparty\libmysql\src\violite.h(67,40): error C2143: syntax error: missing ';' before '*' [C:\Users\user\Documents\GitHub\HyperXTalk\build-win-x86_64\livecode\thirdparty\libmysql\libmysql.vcxproj]
C:\Users\user\Documents\GitHub\HyperXTalk\thirdparty\libmysql\src\violite.h(67,47): error C2370: 'size_t': redefinition; different storage class [C:\Users\user\Documents\GitHub\HyperXTalk\build-win-x86_64\livecode\thirdparty\libmysql\libmysql.vcxproj]
C:\Program Files (x86)\Microsoft Visual Studio\2019\Community\VC\Tools\MSVC\14.29.30133\include\vcruntime.h(197): message : see declaration of 'size_t' [C:\Users\user\Documents\GitHub\HyperXTalk\build-win-x86_64\livecode\thirdparty\libmysql\libmysql.vcxproj]
C:\Users\user\Documents\GitHub\HyperXTalk\thirdparty\libmysql\src\violite.h(67,54): error C2146: syntax error: missing ';' before identifier 'size' [C:\Users\user\Documents\GitHub\HyperXTalk\build-win-x86_64\livecode\thirdparty\libmysql\libmysql.vcxproj]
C:\Users\user\Documents\GitHub\HyperXTalk\thirdparty\libmysql\src\violite.h(67,58): error C2059: syntax error: ')' [C:\Users\user\Documents\GitHub\HyperXTalk\build-win-x86_64\livecode\thirdparty\libmysql\libmysql.vcxproj]
C:\Users\user\Documents\GitHub\HyperXTalk\thirdparty\libmysql\src\violite.h(68,22): error C2143: syntax error: missing ')' before '*' [C:\Users\user\Documents\GitHub\HyperXTalk\build-win-x86_64\livecode\thirdparty\libmysql\libmysql.vcxproj]
C:\Users\user\Documents\GitHub\HyperXTalk\thirdparty\libmysql\src\violite.h(68,22): error C2143: syntax error: missing '{' before '*' [C:\Users\user\Documents\GitHub\HyperXTalk\build-win-x86_64\livecode\thirdparty\libmysql\libmysql.vcxproj]
C:\Users\user\Documents\GitHub\HyperXTalk\thirdparty\libmysql\src\violite.h(68,28): error C2371: 'my_bool': redefinition; different basic types [C:\Users\user\Documents\GitHub\HyperXTalk\build-win-x86_64\livecode\thirdparty\libmysql\libmysql.vcxproj]
C:\Users\user\Documents\GitHub\HyperXTalk\thirdparty\libmysql\src\my_global.h(626): message : see declaration of 'my_bool' [C:\Users\user\Documents\GitHub\HyperXTalk\build-win-x86_64\livecode\thirdparty\libmysql\libmysql.vcxproj]
C:\Users\user\Documents\GitHub\HyperXTalk\thirdparty\libmysql\src\violite.h(68,36): error C2146: syntax error: missing ';' before identifier 'onoff' [C:\Users\user\Documents\GitHub\HyperXTalk\build-win-x86_64\livecode\thirdparty\libmysql\libmysql.vcxproj]
C:\Users\user\Documents\GitHub\HyperXTalk\thirdparty\libmysql\src\violite.h(68,43): error C2371: 'my_bool': redefinition; different basic types [C:\Users\user\Documents\GitHub\HyperXTalk\build-win-x86_64\livecode\thirdparty\libmysql\libmysql.vcxproj]
C:\Users\user\Documents\GitHub\HyperXTalk\thirdparty\libmysql\src\my_global.h(626): message : see declaration of 'my_bool' [C:\Users\user\Documents\GitHub\HyperXTalk\build-win-x86_64\livecode\thirdparty\libmysql\libmysql.vcxproj]
C:\Users\user\Documents\GitHub\HyperXTalk\thirdparty\libmysql\src\violite.h(68,51): error C2143: syntax error: missing ';' before '*' [C:\Users\user\Documents\GitHub\HyperXTalk\build-win-x86_64\livecode\thirdparty\libmysql\libmysql.vcxproj]
C:\Users\user\Documents\GitHub\HyperXTalk\thirdparty\libmysql\src\violite.h(68,60): error C2059: syntax error: ')' [C:\Users\user\Documents\GitHub\HyperXTalk\build-win-x86_64\livecode\thirdparty\libmysql\libmysql.vcxproj]
C:\Users\user\Documents\GitHub\HyperXTalk\thirdparty\libmysql\src\violite.h(69,29): error C2143: syntax error: missing ')' before '*' [C:\Users\user\Documents\GitHub\HyperXTalk\build-win-x86_64\livecode\thirdparty\libmysql\libmysql.vcxproj]
C:\Users\user\Documents\GitHub\HyperXTalk\thirdparty\libmysql\src\violite.h(69,29): error C2143: syntax error: missing '{' before '*' [C:\Users\user\Documents\GitHub\HyperXTalk\build-win-x86_64\livecode\thirdparty\libmysql\libmysql.vcxproj]
C:\Users\user\Documents\GitHub\HyperXTalk\thirdparty\libmysql\src\violite.h(69,33): error C2059: syntax error: ')' [C:\Users\user\Documents\GitHub\HyperXTalk\build-win-x86_64\livecode\thirdparty\libmysql\libmysql.vcxproj]
C:\Users\user\Documents\GitHub\HyperXTalk\thirdparty\libmysql\src\violite.h(71,22): error C2143: syntax error: missing ')' before '*' [C:\Users\user\Documents\GitHub\HyperXTalk\build-win-x86_64\livecode\thirdparty\libmysql\libmysql.vcxproj]
C:\Users\user\Documents\GitHub\HyperXTalk\thirdparty\libmysql\src\violite.h(71,22): error C2143: syntax error: missing '{' before '*' [C:\Users\user\Documents\GitHub\HyperXTalk\build-win-x86_64\livecode\thirdparty\libmysql\libmysql.vcxproj]
C:\Users\user\Documents\GitHub\HyperXTalk\thirdparty\libmysql\src\violite.h(71,26): error C2059: syntax error: ')' [C:\Users\user\Documents\GitHub\HyperXTalk\build-win-x86_64\livecode\thirdparty\libmysql\libmysql.vcxproj]
C:\Users\user\Documents\GitHub\HyperXTalk\thirdparty\libmysql\src\violite.h(73,23): error C2143: syntax error: missing ')' before '*' [C:\Users\user\Documents\GitHub\HyperXTalk\build-win-x86_64\livecode\thirdparty\libmysql\libmysql.vcxproj]
C:\Users\user\Documents\GitHub\HyperXTalk\thirdparty\libmysql\src\violite.h(73,23): error C2143: syntax error: missing '{' before '*' [C:\Users\user\Documents\GitHub\HyperXTalk\build-win-x86_64\livecode\thirdparty\libmysql\libmysql.vcxproj]
C:\Users\user\Documents\GitHub\HyperXTalk\thirdparty\libmysql\src\violite.h(73,29): error C2371: 'my_bool': redefinition; different basic types [C:\Users\user\Documents\GitHub\HyperXTalk\build-win-x86_64\livecode\thirdparty\libmysql\libmysql.vcxproj]
C:\Users\user\Documents\GitHub\HyperXTalk\thirdparty\libmysql\src\my_global.h(626): message : see declaration of 'my_bool' [C:\Users\user\Documents\GitHub\HyperXTalk\build-win-x86_64\livecode\thirdparty\libmysql\libmysql.vcxproj]
C:\Users\user\Documents\GitHub\HyperXTalk\thirdparty\libmysql\src\violite.h(73,37): error C2146: syntax error: missing ';' before identifier 'onoff' [C:\Users\user\Documents\GitHub\HyperXTalk\build-win-x86_64\livecode\thirdparty\libmysql\libmysql.vcxproj]
C:\Users\user\Documents\GitHub\HyperXTalk\thirdparty\libmysql\src\violite.h(73,42): error C2059: syntax error: ')' [C:\Users\user\Documents\GitHub\HyperXTalk\build-win-x86_64\livecode\thirdparty\libmysql\libmysql.vcxproj]
C:\Users\user\Documents\GitHub\HyperXTalk\thirdparty\libmysql\src\violite.h(75,30): error C2143: syntax error: missing ')' before '*' [C:\Users\user\Documents\GitHub\HyperXTalk\build-win-x86_64\livecode\thirdparty\libmysql\libmysql.vcxproj]
C:\Users\user\Documents\GitHub\HyperXTalk\thirdparty\libmysql\src\violite.h(75,30): error C2143: syntax error: missing '{' before '*' [C:\Users\user\Documents\GitHub\HyperXTalk\build-win-x86_64\livecode\thirdparty\libmysql\libmysql.vcxproj]
C:\Users\user\Documents\GitHub\HyperXTalk\thirdparty\libmysql\src\violite.h(75,34): error C2059: syntax error: ')' [C:\Users\user\Documents\GitHub\HyperXTalk\build-win-x86_64\livecode\thirdparty\libmysql\libmysql.vcxproj]
C:\Users\user\Documents\GitHub\HyperXTalk\thirdparty\libmysql\src\violite.h(77,33): error C2143: syntax error: missing ')' before '*' [C:\Users\user\Documents\GitHub\HyperXTalk\build-win-x86_64\livecode\thirdparty\libmysql\libmysql.vcxproj]
C:\Users\user\Documents\GitHub\HyperXTalk\thirdparty\libmysql\src\violite.h(77,33): error C2143: syntax error: missing '{' before '*' [C:\Users\user\Documents\GitHub\HyperXTalk\build-win-x86_64\livecode\thirdparty\libmysql\libmysql.vcxproj]
C:\Users\user\Documents\GitHub\HyperXTalk\thirdparty\libmysql\src\violite.h(77,37): error C2059: syntax error: ')' [C:\Users\user\Documents\GitHub\HyperXTalk\build-win-x86_64\livecode\thirdparty\libmysql\libmysql.vcxproj]
C:\Users\user\Documents\GitHub\HyperXTalk\thirdparty\libmysql\src\violite.h(79,33): error C2143: syntax error: missing ')' before '*' [C:\Users\user\Documents\GitHub\HyperXTalk\build-win-x86_64\livecode\thirdparty\libmysql\libmysql.vcxproj]
C:\Users\user\Documents\GitHub\HyperXTalk\thirdparty\libmysql\src\violite.h(79,33): error C2143: syntax error: missing '{' before '*' [C:\Users\user\Documents\GitHub\HyperXTalk\build-win-x86_64\livecode\thirdparty\libmysql\libmysql.vcxproj]
C:\Users\user\Documents\GitHub\HyperXTalk\thirdparty\libmysql\src\violite.h(79,37): error C2059: syntax error: ')' [C:\Users\user\Documents\GitHub\HyperXTalk\build-win-x86_64\livecode\thirdparty\libmysql\libmysql.vcxproj]
C:\Users\user\Documents\GitHub\HyperXTalk\thirdparty\libmysql\src\violite.h(81,32): error C2143: syntax error: missing ')' before '*' [C:\Users\user\Documents\GitHub\HyperXTalk\build-win-x86_64\livecode\thirdparty\libmysql\libmysql.vcxproj]
C:\Users\user\Documents\GitHub\HyperXTalk\thirdparty\libmysql\src\violite.h(81,32): error C2143: syntax error: missing '{' before '*' [C:\Users\user\Documents\GitHub\HyperXTalk\build-win-x86_64\livecode\thirdparty\libmysql\libmysql.vcxproj]
C:\Users\user\Documents\GitHub\HyperXTalk\thirdparty\libmysql\src\violite.h(81,37): error C2059: syntax error: ')' [C:\Users\user\Documents\GitHub\HyperXTalk\build-win-x86_64\livecode\thirdparty\libmysql\libmysql.vcxproj]
C:\Users\user\Documents\GitHub\HyperXTalk\thirdparty\libmysql\src\violite.h(83,18): error C2143: syntax error: missing ')' before '*' [C:\Users\user\Documents\GitHub\HyperXTalk\build-win-x86_64\livecode\thirdparty\libmysql\libmysql.vcxproj]
C:\Users\user\Documents\GitHub\HyperXTalk\thirdparty\libmysql\src\violite.h(83,18): error C2143: syntax error: missing '{' before '*' [C:\Users\user\Documents\GitHub\HyperXTalk\build-win-x86_64\livecode\thirdparty\libmysql\libmysql.vcxproj]
C:\Users\user\Documents\GitHub\HyperXTalk\thirdparty\libmysql\src\violite.h(83,22): error C2059: syntax error: ')' [C:\Users\user\Documents\GitHub\HyperXTalk\build-win-x86_64\livecode\thirdparty\libmysql\libmysql.vcxproj]
C:\Users\user\Documents\GitHub\HyperXTalk\thirdparty\libmysql\src\violite.h(85,21): error C2143: syntax error: missing ')' before '*' [C:\Users\user\Documents\GitHub\HyperXTalk\build-win-x86_64\livecode\thirdparty\libmysql\libmysql.vcxproj]
C:\Users\user\Documents\GitHub\HyperXTalk\thirdparty\libmysql\src\violite.h(85,21): error C2143: syntax error: missing '{' before '*' [C:\Users\user\Documents\GitHub\HyperXTalk\build-win-x86_64\livecode\thirdparty\libmysql\libmysql.vcxproj]
C:\Users\user\Documents\GitHub\HyperXTalk\thirdparty\libmysql\src\violite.h(85,25): error C2059: syntax error: ')' [C:\Users\user\Documents\GitHub\HyperXTalk\build-win-x86_64\livecode\thirdparty\libmysql\libmysql.vcxproj]
C:\Users\user\Documents\GitHub\HyperXTalk\thirdparty\libmysql\src\violite.h(87,27): error C2143: syntax error: missing ')' before '*' [C:\Users\user\Documents\GitHub\HyperXTalk\build-win-x86_64\livecode\thirdparty\libmysql\libmysql.vcxproj]
C:\Users\user\Documents\GitHub\HyperXTalk\thirdparty\libmysql\src\violite.h(87,27): error C2143: syntax error: missing '{' before '*' [C:\Users\user\Documents\GitHub\HyperXTalk\build-win-x86_64\livecode\thirdparty\libmysql\libmysql.vcxproj]
C:\Users\user\Documents\GitHub\HyperXTalk\thirdparty\libmysql\src\violite.h(87,38): error C2059: syntax error: 'type' [C:\Users\user\Documents\GitHub\HyperXTalk\build-win-x86_64\livecode\thirdparty\libmysql\libmysql.vcxproj]
C:\Users\user\Documents\GitHub\HyperXTalk\thirdparty\libmysql\src\violite.h(87,71): error C2059: syntax error: ')' [C:\Users\user\Documents\GitHub\HyperXTalk\build-win-x86_64\livecode\thirdparty\libmysql\libmysql.vcxproj]
C:\Users\user\Documents\GitHub\HyperXTalk\thirdparty\libmysql\src\violite.h(88,27): error C2143: syntax error: missing ')' before '*' [C:\Users\user\Documents\GitHub\HyperXTalk\build-win-x86_64\livecode\thirdparty\libmysql\libmysql.vcxproj]
C:\Users\user\Documents\GitHub\HyperXTalk\thirdparty\libmysql\src\violite.h(88,27): error C2143: syntax error: missing '{' before '*' [C:\Users\user\Documents\GitHub\HyperXTalk\build-win-x86_64\livecode\thirdparty\libmysql\libmysql.vcxproj]
C:\Users\user\Documents\GitHub\HyperXTalk\thirdparty\libmysql\src\violite.h(88,32): error C2370: 'uint': redefinition; different storage class [C:\Users\user\Documents\GitHub\HyperXTalk\build-win-x86_64\livecode\thirdparty\libmysql\libmysql.vcxproj]
C:\Users\user\Documents\GitHub\HyperXTalk\thirdparty\libmysql\src\config-win.h(153): message : see declaration of 'uint' [C:\Users\user\Documents\GitHub\HyperXTalk\build-win-x86_64\livecode\thirdparty\libmysql\libmysql.vcxproj]
C:\Users\user\Documents\GitHub\HyperXTalk\thirdparty\libmysql\src\violite.h(88,37): error C2146: syntax error: missing ';' before identifier 'timeout' [C:\Users\user\Documents\GitHub\HyperXTalk\build-win-x86_64\livecode\thirdparty\libmysql\libmysql.vcxproj]
C:\Users\user\Documents\GitHub\HyperXTalk\thirdparty\libmysql\src\violite.h(88,44): error C2059: syntax error: ')' [C:\Users\user\Documents\GitHub\HyperXTalk\build-win-x86_64\livecode\thirdparty\libmysql\libmysql.vcxproj]
C:\Users\user\Documents\GitHub\HyperXTalk\thirdparty\libmysql\src\violite.h(89,27): error C2143: syntax error: missing ')' before '*' [C:\Users\user\Documents\GitHub\HyperXTalk\build-win-x86_64\livecode\thirdparty\libmysql\libmysql.vcxproj]
C:\Users\user\Documents\GitHub\HyperXTalk\thirdparty\libmysql\src\violite.h(89,27): error C2143: syntax error: missing '{' before '*' [C:\Users\user\Documents\GitHub\HyperXTalk\build-win-x86_64\livecode\thirdparty\libmysql\libmysql.vcxproj]
C:\Users\user\Documents\GitHub\HyperXTalk\thirdparty\libmysql\src\violite.h(89,33): error C2370: 'uint': redefinition; different storage class [C:\Users\user\Documents\GitHub\HyperXTalk\build-win-x86_64\livecode\thirdparty\libmysql\libmysql.vcxproj]
C:\Users\user\Documents\GitHub\HyperXTalk\thirdparty\libmysql\src\config-win.h(153): message : see declaration of 'uint' [C:\Users\user\Documents\GitHub\HyperXTalk\build-win-x86_64\livecode\thirdparty\libmysql\libmysql.vcxproj]
C:\Users\user\Documents\GitHub\HyperXTalk\thirdparty\libmysql\src\violite.h(89,38): error C2143: syntax error: missing ';' before '*' [C:\Users\user\Documents\GitHub\HyperXTalk\build-win-x86_64\livecode\thirdparty\libmysql\libmysql.vcxproj]
C:\Users\user\Documents\GitHub\HyperXTalk\thirdparty\libmysql\src\violite.h(89,44): error C2059: syntax error: ')' [C:\Users\user\Documents\GitHub\HyperXTalk\build-win-x86_64\livecode\thirdparty\libmysql\libmysql.vcxproj]
C:\Users\user\Documents\GitHub\HyperXTalk\thirdparty\libmysql\src\violite.h(89,44): fatal error C1003: error count exceeds 100; stopping compilation [C:\Users\user\Documents\GitHub\HyperXTalk\build-win-x86_64\livecode\thirdparty\libmysql\libmysql.vcxproj]
C:\Users\user\Documents\GitHub\HyperXTalk\thirdparty\libmysql\src\violite.h(44,4): error C2143: syntax error: missing '{' before '*' [C:\Users\user\Documents\GitHub\HyperXTalk\build-win-x86_64\livecode\thirdparty\libmysql\libmysql.vcxproj]
C:\Users\user\Documents\GitHub\HyperXTalk\thirdparty\libmysql\src\violite.h(46,4): error C2143: syntax error: missing '{' before '*' [C:\Users\user\Documents\GitHub\HyperXTalk\build-win-x86_64\livecode\thirdparty\libmysql\libmysql.vcxproj]
C:\Users\user\Documents\GitHub\HyperXTalk\thirdparty\libmysql\src\violite.h(47,4): error C2143: syntax error: missing '{' before '*' [C:\Users\user\Documents\GitHub\HyperXTalk\build-win-x86_64\livecode\thirdparty\libmysql\libmysql.vcxproj]
C:\Users\user\Documents\GitHub\HyperXTalk\thirdparty\libmysql\src\violite.h(54,26): error C2143: syntax error: missing ')' before '*' [C:\Users\user\Documents\GitHub\HyperXTalk\build-win-x86_64\livecode\thirdparty\libmysql\libmysql.vcxproj]
C:\Users\user\Documents\GitHub\HyperXTalk\thirdparty\libmysql\src\violite.h(54,26): error C2143: syntax error: missing '{' before '*' [C:\Users\user\Documents\GitHub\HyperXTalk\build-win-x86_64\livecode\thirdparty\libmysql\libmysql.vcxproj]
C:\Users\user\Documents\GitHub\HyperXTalk\thirdparty\libmysql\src\violite.h(54,32): error C2371: 'uchar': redefinition; different basic types [C:\Users\user\Documents\GitHub\HyperXTalk\build-win-x86_64\livecode\thirdparty\libmysql\libmysql.vcxproj]
C:\Users\user\Documents\GitHub\HyperXTalk\thirdparty\libmysql\src\my_global.h(977): message : see declaration of 'uchar' [C:\Users\user\Documents\GitHub\HyperXTalk\build-win-x86_64\livecode\thirdparty\libmysql\libmysql.vcxproj]
C:\Users\user\Documents\GitHub\HyperXTalk\thirdparty\libmysql\src\violite.h(54,38): error C2143: syntax error: missing ';' before '*' [C:\Users\user\Documents\GitHub\HyperXTalk\build-win-x86_64\livecode\thirdparty\libmysql\libmysql.vcxproj]
C:\Users\user\Documents\GitHub\HyperXTalk\thirdparty\libmysql\src\violite.h(54,45): error C2370: 'size_t': redefinition; different storage class [C:\Users\user\Documents\GitHub\HyperXTalk\build-win-x86_64\livecode\thirdparty\libmysql\libmysql.vcxproj]
C:\Program Files (x86)\Microsoft Visual Studio\2019\Community\VC\Tools\MSVC\14.29.30133\include\vcruntime.h(197): message : see declaration of 'size_t' [C:\Users\user\Documents\GitHub\HyperXTalk\build-win-x86_64\livecode\thirdparty\libmysql\libmysql.vcxproj]
C:\Users\user\Documents\GitHub\HyperXTalk\thirdparty\libmysql\src\violite.h(54,52): error C2146: syntax error: missing ';' before identifier 'size' [C:\Users\user\Documents\GitHub\HyperXTalk\build-win-x86_64\livecode\thirdparty\libmysql\libmysql.vcxproj]
C:\Users\user\Documents\GitHub\HyperXTalk\thirdparty\libmysql\src\violite.h(54,56): error C2059: syntax error: ')' [C:\Users\user\Documents\GitHub\HyperXTalk\build-win-x86_64\livecode\thirdparty\libmysql\libmysql.vcxproj]
C:\Users\user\Documents\GitHub\HyperXTalk\thirdparty\libmysql\src\violite.h(55,27): error C2143: syntax error: missing ')' before '*' [C:\Users\user\Documents\GitHub\HyperXTalk\build-win-x86_64\livecode\thirdparty\libmysql\libmysql.vcxproj]
C:\Users\user\Documents\GitHub\HyperXTalk\thirdparty\libmysql\src\violite.h(55,27): error C2143: syntax error: missing '{' before '*' [C:\Users\user\Documents\GitHub\HyperXTalk\build-win-x86_64\livecode\thirdparty\libmysql\libmysql.vcxproj]
C:\Users\user\Documents\GitHub\HyperXTalk\thirdparty\libmysql\src\violite.h(55,39): error C2371: 'uchar': redefinition; different basic types [C:\Users\user\Documents\GitHub\HyperXTalk\build-win-x86_64\livecode\thirdparty\libmysql\libmysql.vcxproj]
C:\Users\user\Documents\GitHub\HyperXTalk\thirdparty\libmysql\src\my_global.h(977): message : see declaration of 'uchar' [C:\Users\user\Documents\GitHub\HyperXTalk\build-win-x86_64\livecode\thirdparty\libmysql\libmysql.vcxproj]
C:\Users\user\Documents\GitHub\HyperXTalk\thirdparty\libmysql\src\violite.h(55,45): error C2143: syntax error: missing ';' before '*' [C:\Users\user\Documents\GitHub\HyperXTalk\build-win-x86_64\livecode\thirdparty\libmysql\libmysql.vcxproj]
C:\Users\user\Documents\GitHub\HyperXTalk\thirdparty\libmysql\src\violite.h(55,52): error C2370: 'size_t': redefinition; different storage class [C:\Users\user\Documents\GitHub\HyperXTalk\build-win-x86_64\livecode\thirdparty\libmysql\libmysql.vcxproj]
C:\Program Files (x86)\Microsoft Visual Studio\2019\Community\VC\Tools\MSVC\14.29.30133\include\vcruntime.h(197): message : see declaration of 'size_t' [C:\Users\user\Documents\GitHub\HyperXTalk\build-win-x86_64\livecode\thirdparty\libmysql\libmysql.vcxproj]
C:\Users\user\Documents\GitHub\HyperXTalk\thirdparty\libmysql\src\violite.h(55,59): error C2146: syntax error: missing ';' before identifier 'size' [C:\Users\user\Documents\GitHub\HyperXTalk\build-win-x86_64\livecode\thirdparty\libmysql\libmysql.vcxproj]
C:\Users\user\Documents\GitHub\HyperXTalk\thirdparty\libmysql\src\violite.h(55,63): error C2059: syntax error: ')' [C:\Users\user\Documents\GitHub\HyperXTalk\build-win-x86_64\livecode\thirdparty\libmysql\libmysql.vcxproj]
C:\Users\user\Documents\GitHub\HyperXTalk\thirdparty\libmysql\src\violite.h(56,24): error C2143: syntax error: missing ')' before '*' [C:\Users\user\Documents\GitHub\HyperXTalk\build-win-x86_64\livecode\thirdparty\libmysql\libmysql.vcxproj]
C:\Users\user\Documents\GitHub\HyperXTalk\thirdparty\libmysql\src\violite.h(56,24): error C2143: syntax error: missing '{' before '*' [C:\Users\user\Documents\GitHub\HyperXTalk\build-win-x86_64\livecode\thirdparty\libmysql\libmysql.vcxproj]
C:\Users\user\Documents\GitHub\HyperXTalk\thirdparty\libmysql\src\violite.h(56,29): error C2059: syntax error: ')' [C:\Users\user\Documents\GitHub\HyperXTalk\build-win-x86_64\livecode\thirdparty\libmysql\libmysql.vcxproj]
C:\Users\user\Documents\GitHub\HyperXTalk\thirdparty\libmysql\src\violite.h(61,20): error C2143: syntax error: missing ')' before '*' [C:\Users\user\Documents\GitHub\HyperXTalk\build-win-x86_64\livecode\thirdparty\libmysql\libmysql.vcxproj]
C:\Users\user\Documents\GitHub\HyperXTalk\thirdparty\libmysql\src\violite.h(61,20): error C2143: syntax error: missing '{' before '*' [C:\Users\user\Documents\GitHub\HyperXTalk\build-win-x86_64\livecode\thirdparty\libmysql\libmysql.vcxproj]
C:\Users\user\Documents\GitHub\HyperXTalk\thirdparty\libmysql\src\violite.h(61,25): error C2059: syntax error: ')' [C:\Users\user\Documents\GitHub\HyperXTalk\build-win-x86_64\livecode\thirdparty\libmysql\libmysql.vcxproj]
C:\Users\user\Documents\GitHub\HyperXTalk\thirdparty\libmysql\src\violite.h(62,18): error C2143: syntax error: missing ')' before '*' [C:\Users\user\Documents\GitHub\HyperXTalk\build-win-x86_64\livecode\thirdparty\libmysql\libmysql.vcxproj]
C:\Users\user\Documents\GitHub\HyperXTalk\thirdparty\libmysql\src\violite.h(62,18): error C2143: syntax error: missing '{' before '*' [C:\Users\user\Documents\GitHub\HyperXTalk\build-win-x86_64\livecode\thirdparty\libmysql\libmysql.vcxproj]
C:\Users\user\Documents\GitHub\HyperXTalk\thirdparty\libmysql\src\violite.h(62,23): error C2059: syntax error: ')' [C:\Users\user\Documents\GitHub\HyperXTalk\build-win-x86_64\livecode\thirdparty\libmysql\libmysql.vcxproj]
C:\Users\user\Documents\GitHub\HyperXTalk\thirdparty\libmysql\src\violite.h(63,22): error C2143: syntax error: missing ')' before '*' [C:\Users\user\Documents\GitHub\HyperXTalk\build-win-x86_64\livecode\thirdparty\libmysql\libmysql.vcxproj]
C:\Users\user\Documents\GitHub\HyperXTalk\thirdparty\libmysql\src\violite.h(63,22): error C2143: syntax error: missing '{' before '*' [C:\Users\user\Documents\GitHub\HyperXTalk\build-win-x86_64\livecode\thirdparty\libmysql\libmysql.vcxproj]
C:\Users\user\Documents\GitHub\HyperXTalk\thirdparty\libmysql\src\violite.h(63,48): error C2059: syntax error: 'type' [C:\Users\user\Documents\GitHub\HyperXTalk\build-win-x86_64\livecode\thirdparty\libmysql\libmysql.vcxproj]
C:\Users\user\Documents\GitHub\HyperXTalk\thirdparty\libmysql\src\violite.h(64,57): error C2059: syntax error: ')' [C:\Users\user\Documents\GitHub\HyperXTalk\build-win-x86_64\livecode\thirdparty\libmysql\libmysql.vcxproj]
C:\Users\user\Documents\GitHub\HyperXTalk\thirdparty\libmysql\src\violite.h(65,21): error C2143: syntax error: missing ')' before '*' [C:\Users\user\Documents\GitHub\HyperXTalk\build-win-x86_64\livecode\thirdparty\libmysql\libmysql.vcxproj]
C:\Users\user\Documents\GitHub\HyperXTalk\thirdparty\libmysql\src\violite.h(65,21): error C2143: syntax error: missing '{' before '*' [C:\Users\user\Documents\GitHub\HyperXTalk\build-win-x86_64\livecode\thirdparty\libmysql\libmysql.vcxproj]
C:\Users\user\Documents\GitHub\HyperXTalk\thirdparty\libmysql\src\violite.h(65,27): error C2371: 'uchar': redefinition; different basic types [C:\Users\user\Documents\GitHub\HyperXTalk\build-win-x86_64\livecode\thirdparty\libmysql\libmysql.vcxproj]
C:\Users\user\Documents\GitHub\HyperXTalk\thirdparty\libmysql\src\my_global.h(977): message : see declaration of 'uchar' [C:\Users\user\Documents\GitHub\HyperXTalk\build-win-x86_64\livecode\thirdparty\libmysql\libmysql.vcxproj]
C:\Users\user\Documents\GitHub\HyperXTalk\thirdparty\libmysql\src\violite.h(65,33): error C2143: syntax error: missing ';' before '*' [C:\Users\user\Documents\GitHub\HyperXTalk\build-win-x86_64\livecode\thirdparty\libmysql\libmysql.vcxproj]
C:\Users\user\Documents\GitHub\HyperXTalk\thirdparty\libmysql\src\violite.h(65,40): error C2370: 'size_t': redefinition; different storage class [C:\Users\user\Documents\GitHub\HyperXTalk\build-win-x86_64\livecode\thirdparty\libmysql\libmysql.vcxproj]
C:\Program Files (x86)\Microsoft Visual Studio\2019\Community\VC\Tools\MSVC\14.29.30133\include\vcruntime.h(197): message : see declaration of 'size_t' [C:\Users\user\Documents\GitHub\HyperXTalk\build-win-x86_64\livecode\thirdparty\libmysql\libmysql.vcxproj]
C:\Users\user\Documents\GitHub\HyperXTalk\thirdparty\libmysql\src\violite.h(65,47): error C2146: syntax error: missing ';' before identifier 'size' [C:\Users\user\Documents\GitHub\HyperXTalk\build-win-x86_64\livecode\thirdparty\libmysql\libmysql.vcxproj]
C:\Users\user\Documents\GitHub\HyperXTalk\thirdparty\libmysql\src\violite.h(65,51): error C2059: syntax error: ')' [C:\Users\user\Documents\GitHub\HyperXTalk\build-win-x86_64\livecode\thirdparty\libmysql\libmysql.vcxproj]
C:\Users\user\Documents\GitHub\HyperXTalk\thirdparty\libmysql\src\violite.h(66,27): error C2143: syntax error: missing ')' before '*' [C:\Users\user\Documents\GitHub\HyperXTalk\build-win-x86_64\livecode\thirdparty\libmysql\libmysql.vcxproj]
C:\Users\user\Documents\GitHub\HyperXTalk\thirdparty\libmysql\src\violite.h(66,27): error C2143: syntax error: missing '{' before '*' [C:\Users\user\Documents\GitHub\HyperXTalk\build-win-x86_64\livecode\thirdparty\libmysql\libmysql.vcxproj]
C:\Users\user\Documents\GitHub\HyperXTalk\thirdparty\libmysql\src\violite.h(66,33): error C2371: 'uchar': redefinition; different basic types [C:\Users\user\Documents\GitHub\HyperXTalk\build-win-x86_64\livecode\thirdparty\libmysql\libmysql.vcxproj]
C:\Users\user\Documents\GitHub\HyperXTalk\thirdparty\libmysql\src\my_global.h(977): message : see declaration of 'uchar' [C:\Users\user\Documents\GitHub\HyperXTalk\build-win-x86_64\livecode\thirdparty\libmysql\libmysql.vcxproj]
C:\Users\user\Documents\GitHub\HyperXTalk\thirdparty\libmysql\src\violite.h(66,39): error C2143: syntax error: missing ';' before '*' [C:\Users\user\Documents\GitHub\HyperXTalk\build-win-x86_64\livecode\thirdparty\libmysql\libmysql.vcxproj]
C:\Users\user\Documents\GitHub\HyperXTalk\thirdparty\libmysql\src\violite.h(66,46): error C2370: 'size_t': redefinition; different storage class [C:\Users\user\Documents\GitHub\HyperXTalk\build-win-x86_64\livecode\thirdparty\libmysql\libmysql.vcxproj]
C:\Program Files (x86)\Microsoft Visual Studio\2019\Community\VC\Tools\MSVC\14.29.30133\include\vcruntime.h(197): message : see declaration of 'size_t' [C:\Users\user\Documents\GitHub\HyperXTalk\build-win-x86_64\livecode\thirdparty\libmysql\libmysql.vcxproj]
C:\Users\user\Documents\GitHub\HyperXTalk\thirdparty\libmysql\src\violite.h(66,53): error C2146: syntax error: missing ';' before identifier 'size' [C:\Users\user\Documents\GitHub\HyperXTalk\build-win-x86_64\livecode\thirdparty\libmysql\libmysql.vcxproj]
C:\Users\user\Documents\GitHub\HyperXTalk\thirdparty\libmysql\src\violite.h(66,57): error C2059: syntax error: ')' [C:\Users\user\Documents\GitHub\HyperXTalk\build-win-x86_64\livecode\thirdparty\libmysql\libmysql.vcxproj]
C:\Users\user\Documents\GitHub\HyperXTalk\thirdparty\libmysql\src\violite.h(67,22): error C2143: syntax error: missing ')' before '*' [C:\Users\user\Documents\GitHub\HyperXTalk\build-win-x86_64\livecode\thirdparty\libmysql\libmysql.vcxproj]
C:\Users\user\Documents\GitHub\HyperXTalk\thirdparty\libmysql\src\violite.h(67,22): error C2143: syntax error: missing '{' before '*' [C:\Users\user\Documents\GitHub\HyperXTalk\build-win-x86_64\livecode\thirdparty\libmysql\libmysql.vcxproj]
C:\Users\user\Documents\GitHub\HyperXTalk\thirdparty\libmysql\src\violite.h(67,34): error C2371: 'uchar': redefinition; different basic types [C:\Users\user\Documents\GitHub\HyperXTalk\build-win-x86_64\livecode\thirdparty\libmysql\libmysql.vcxproj]
C:\Users\user\Documents\GitHub\HyperXTalk\thirdparty\libmysql\src\my_global.h(977): message : see declaration of 'uchar' [C:\Users\user\Documents\GitHub\HyperXTalk\build-win-x86_64\livecode\thirdparty\libmysql\libmysql.vcxproj]
C:\Users\user\Documents\GitHub\HyperXTalk\thirdparty\libmysql\src\violite.h(67,40): error C2143: syntax error: missing ';' before '*' [C:\Users\user\Documents\GitHub\HyperXTalk\build-win-x86_64\livecode\thirdparty\libmysql\libmysql.vcxproj]
C:\Users\user\Documents\GitHub\HyperXTalk\thirdparty\libmysql\src\violite.h(67,47): error C2370: 'size_t': redefinition; different storage class [C:\Users\user\Documents\GitHub\HyperXTalk\build-win-x86_64\livecode\thirdparty\libmysql\libmysql.vcxproj]
C:\Program Files (x86)\Microsoft Visual Studio\2019\Community\VC\Tools\MSVC\14.29.30133\include\vcruntime.h(197): message : see declaration of 'size_t' [C:\Users\user\Documents\GitHub\HyperXTalk\build-win-x86_64\livecode\thirdparty\libmysql\libmysql.vcxproj]
C:\Users\user\Documents\GitHub\HyperXTalk\thirdparty\libmysql\src\violite.h(67,54): error C2146: syntax error: missing ';' before identifier 'size' [C:\Users\user\Documents\GitHub\HyperXTalk\build-win-x86_64\livecode\thirdparty\libmysql\libmysql.vcxproj]
C:\Users\user\Documents\GitHub\HyperXTalk\thirdparty\libmysql\src\violite.h(67,58): error C2059: syntax error: ')' [C:\Users\user\Documents\GitHub\HyperXTalk\build-win-x86_64\livecode\thirdparty\libmysql\libmysql.vcxproj]
C:\Users\user\Documents\GitHub\HyperXTalk\thirdparty\libmysql\src\violite.h(68,22): error C2143: syntax error: missing ')' before '*' [C:\Users\user\Documents\GitHub\HyperXTalk\build-win-x86_64\livecode\thirdparty\libmysql\libmysql.vcxproj]
C:\Users\user\Documents\GitHub\HyperXTalk\thirdparty\libmysql\src\violite.h(68,22): error C2143: syntax error: missing '{' before '*' [C:\Users\user\Documents\GitHub\HyperXTalk\build-win-x86_64\livecode\thirdparty\libmysql\libmysql.vcxproj]
C:\Users\user\Documents\GitHub\HyperXTalk\thirdparty\libmysql\src\violite.h(68,28): error C2371: 'my_bool': redefinition; different basic types [C:\Users\user\Documents\GitHub\HyperXTalk\build-win-x86_64\livecode\thirdparty\libmysql\libmysql.vcxproj]
C:\Users\user\Documents\GitHub\HyperXTalk\thirdparty\libmysql\src\my_global.h(626): message : see declaration of 'my_bool' [C:\Users\user\Documents\GitHub\HyperXTalk\build-win-x86_64\livecode\thirdparty\libmysql\libmysql.vcxproj]
C:\Users\user\Documents\GitHub\HyperXTalk\thirdparty\libmysql\src\violite.h(68,36): error C2146: syntax error: missing ';' before identifier 'onoff' [C:\Users\user\Documents\GitHub\HyperXTalk\build-win-x86_64\livecode\thirdparty\libmysql\libmysql.vcxproj]
C:\Users\user\Documents\GitHub\HyperXTalk\thirdparty\libmysql\src\violite.h(68,43): error C2371: 'my_bool': redefinition; different basic types [C:\Users\user\Documents\GitHub\HyperXTalk\build-win-x86_64\livecode\thirdparty\libmysql\libmysql.vcxproj]
C:\Users\user\Documents\GitHub\HyperXTalk\thirdparty\libmysql\src\my_global.h(626): message : see declaration of 'my_bool' [C:\Users\user\Documents\GitHub\HyperXTalk\build-win-x86_64\livecode\thirdparty\libmysql\libmysql.vcxproj]
C:\Users\user\Documents\GitHub\HyperXTalk\thirdparty\libmysql\src\violite.h(68,51): error C2143: syntax error: missing ';' before '*' [C:\Users\user\Documents\GitHub\HyperXTalk\build-win-x86_64\livecode\thirdparty\libmysql\libmysql.vcxproj]
C:\Users\user\Documents\GitHub\HyperXTalk\thirdparty\libmysql\src\violite.h(68,60): error C2059: syntax error: ')' [C:\Users\user\Documents\GitHub\HyperXTalk\build-win-x86_64\livecode\thirdparty\libmysql\libmysql.vcxproj]
C:\Users\user\Documents\GitHub\HyperXTalk\thirdparty\libmysql\src\violite.h(69,29): error C2143: syntax error: missing ')' before '*' [C:\Users\user\Documents\GitHub\HyperXTalk\build-win-x86_64\livecode\thirdparty\libmysql\libmysql.vcxproj]
C:\Users\user\Documents\GitHub\HyperXTalk\thirdparty\libmysql\src\violite.h(69,29): error C2143: syntax error: missing '{' before '*' [C:\Users\user\Documents\GitHub\HyperXTalk\build-win-x86_64\livecode\thirdparty\libmysql\libmysql.vcxproj]
C:\Users\user\Documents\GitHub\HyperXTalk\thirdparty\libmysql\src\violite.h(69,33): error C2059: syntax error: ')' [C:\Users\user\Documents\GitHub\HyperXTalk\build-win-x86_64\livecode\thirdparty\libmysql\libmysql.vcxproj]
C:\Users\user\Documents\GitHub\HyperXTalk\thirdparty\libmysql\src\violite.h(71,22): error C2143: syntax error: missing ')' before '*' [C:\Users\user\Documents\GitHub\HyperXTalk\build-win-x86_64\livecode\thirdparty\libmysql\libmysql.vcxproj]
C:\Users\user\Documents\GitHub\HyperXTalk\thirdparty\libmysql\src\violite.h(71,22): error C2143: syntax error: missing '{' before '*' [C:\Users\user\Documents\GitHub\HyperXTalk\build-win-x86_64\livecode\thirdparty\libmysql\libmysql.vcxproj]
C:\Users\user\Documents\GitHub\HyperXTalk\thirdparty\libmysql\src\violite.h(71,26): error C2059: syntax error: ')' [C:\Users\user\Documents\GitHub\HyperXTalk\build-win-x86_64\livecode\thirdparty\libmysql\libmysql.vcxproj]
C:\Users\user\Documents\GitHub\HyperXTalk\thirdparty\libmysql\src\violite.h(73,23): error C2143: syntax error: missing ')' before '*' [C:\Users\user\Documents\GitHub\HyperXTalk\build-win-x86_64\livecode\thirdparty\libmysql\libmysql.vcxproj]
C:\Users\user\Documents\GitHub\HyperXTalk\thirdparty\libmysql\src\violite.h(73,23): error C2143: syntax error: missing '{' before '*' [C:\Users\user\Documents\GitHub\HyperXTalk\build-win-x86_64\livecode\thirdparty\libmysql\libmysql.vcxproj]
C:\Users\user\Documents\GitHub\HyperXTalk\thirdparty\libmysql\src\violite.h(73,29): error C2371: 'my_bool': redefinition; different basic types [C:\Users\user\Documents\GitHub\HyperXTalk\build-win-x86_64\livecode\thirdparty\libmysql\libmysql.vcxproj]
C:\Users\user\Documents\GitHub\HyperXTalk\thirdparty\libmysql\src\my_global.h(626): message : see declaration of 'my_bool' [C:\Users\user\Documents\GitHub\HyperXTalk\build-win-x86_64\livecode\thirdparty\libmysql\libmysql.vcxproj]
C:\Users\user\Documents\GitHub\HyperXTalk\thirdparty\libmysql\src\violite.h(73,37): error C2146: syntax error: missing ';' before identifier 'onoff' [C:\Users\user\Documents\GitHub\HyperXTalk\build-win-x86_64\livecode\thirdparty\libmysql\libmysql.vcxproj]
C:\Users\user\Documents\GitHub\HyperXTalk\thirdparty\libmysql\src\violite.h(73,42): error C2059: syntax error: ')' [C:\Users\user\Documents\GitHub\HyperXTalk\build-win-x86_64\livecode\thirdparty\libmysql\libmysql.vcxproj]
C:\Users\user\Documents\GitHub\HyperXTalk\thirdparty\libmysql\src\violite.h(75,30): error C2143: syntax error: missing ')' before '*' [C:\Users\user\Documents\GitHub\HyperXTalk\build-win-x86_64\livecode\thirdparty\libmysql\libmysql.vcxproj]
C:\Users\user\Documents\GitHub\HyperXTalk\thirdparty\libmysql\src\violite.h(75,30): error C2143: syntax error: missing '{' before '*' [C:\Users\user\Documents\GitHub\HyperXTalk\build-win-x86_64\livecode\thirdparty\libmysql\libmysql.vcxproj]
C:\Users\user\Documents\GitHub\HyperXTalk\thirdparty\libmysql\src\violite.h(75,34): error C2059: syntax error: ')' [C:\Users\user\Documents\GitHub\HyperXTalk\build-win-x86_64\livecode\thirdparty\libmysql\libmysql.vcxproj]
C:\Users\user\Documents\GitHub\HyperXTalk\thirdparty\libmysql\src\violite.h(77,33): error C2143: syntax error: missing ')' before '*' [C:\Users\user\Documents\GitHub\HyperXTalk\build-win-x86_64\livecode\thirdparty\libmysql\libmysql.vcxproj]
C:\Users\user\Documents\GitHub\HyperXTalk\thirdparty\libmysql\src\violite.h(77,33): error C2143: syntax error: missing '{' before '*' [C:\Users\user\Documents\GitHub\HyperXTalk\build-win-x86_64\livecode\thirdparty\libmysql\libmysql.vcxproj]
C:\Users\user\Documents\GitHub\HyperXTalk\thirdparty\libmysql\src\violite.h(77,37): error C2059: syntax error: ')' [C:\Users\user\Documents\GitHub\HyperXTalk\build-win-x86_64\livecode\thirdparty\libmysql\libmysql.vcxproj]
C:\Users\user\Documents\GitHub\HyperXTalk\thirdparty\libmysql\src\violite.h(79,33): error C2143: syntax error: missing ')' before '*' [C:\Users\user\Documents\GitHub\HyperXTalk\build-win-x86_64\livecode\thirdparty\libmysql\libmysql.vcxproj]
C:\Users\user\Documents\GitHub\HyperXTalk\thirdparty\libmysql\src\violite.h(79,33): error C2143: syntax error: missing '{' before '*' [C:\Users\user\Documents\GitHub\HyperXTalk\build-win-x86_64\livecode\thirdparty\libmysql\libmysql.vcxproj]
C:\Users\user\Documents\GitHub\HyperXTalk\thirdparty\libmysql\src\violite.h(79,37): error C2059: syntax error: ')' [C:\Users\user\Documents\GitHub\HyperXTalk\build-win-x86_64\livecode\thirdparty\libmysql\libmysql.vcxproj]
C:\Users\user\Documents\GitHub\HyperXTalk\thirdparty\libmysql\src\violite.h(81,32): error C2143: syntax error: missing ')' before '*' [C:\Users\user\Documents\GitHub\HyperXTalk\build-win-x86_64\livecode\thirdparty\libmysql\libmysql.vcxproj]
C:\Users\user\Documents\GitHub\HyperXTalk\thirdparty\libmysql\src\violite.h(81,32): error C2143: syntax error: missing '{' before '*' [C:\Users\user\Documents\GitHub\HyperXTalk\build-win-x86_64\livecode\thirdparty\libmysql\libmysql.vcxproj]
C:\Users\user\Documents\GitHub\HyperXTalk\thirdparty\libmysql\src\violite.h(81,37): error C2059: syntax error: ')' [C:\Users\user\Documents\GitHub\HyperXTalk\build-win-x86_64\livecode\thirdparty\libmysql\libmysql.vcxproj]
C:\Users\user\Documents\GitHub\HyperXTalk\thirdparty\libmysql\src\violite.h(83,18): error C2143: syntax error: missing ')' before '*' [C:\Users\user\Documents\GitHub\HyperXTalk\build-win-x86_64\livecode\thirdparty\libmysql\libmysql.vcxproj]
C:\Users\user\Documents\GitHub\HyperXTalk\thirdparty\libmysql\src\violite.h(83,18): error C2143: syntax error: missing '{' before '*' [C:\Users\user\Documents\GitHub\HyperXTalk\build-win-x86_64\livecode\thirdparty\libmysql\libmysql.vcxproj]
C:\Users\user\Documents\GitHub\HyperXTalk\thirdparty\libmysql\src\violite.h(83,22): error C2059: syntax error: ')' [C:\Users\user\Documents\GitHub\HyperXTalk\build-win-x86_64\livecode\thirdparty\libmysql\libmysql.vcxproj]
C:\Users\user\Documents\GitHub\HyperXTalk\thirdparty\libmysql\src\violite.h(85,21): error C2143: syntax error: missing ')' before '*' [C:\Users\user\Documents\GitHub\HyperXTalk\build-win-x86_64\livecode\thirdparty\libmysql\libmysql.vcxproj]
C:\Users\user\Documents\GitHub\HyperXTalk\thirdparty\libmysql\src\violite.h(85,21): error C2143: syntax error: missing '{' before '*' [C:\Users\user\Documents\GitHub\HyperXTalk\build-win-x86_64\livecode\thirdparty\libmysql\libmysql.vcxproj]
C:\Users\user\Documents\GitHub\HyperXTalk\thirdparty\libmysql\src\violite.h(85,25): error C2059: syntax error: ')' [C:\Users\user\Documents\GitHub\HyperXTalk\build-win-x86_64\livecode\thirdparty\libmysql\libmysql.vcxproj]
C:\Users\user\Documents\GitHub\HyperXTalk\thirdparty\libmysql\src\violite.h(87,27): error C2143: syntax error: missing ')' before '*' [C:\Users\user\Documents\GitHub\HyperXTalk\build-win-x86_64\livecode\thirdparty\libmysql\libmysql.vcxproj]
C:\Users\user\Documents\GitHub\HyperXTalk\thirdparty\libmysql\src\violite.h(87,27): error C2143: syntax error: missing '{' before '*' [C:\Users\user\Documents\GitHub\HyperXTalk\build-win-x86_64\livecode\thirdparty\libmysql\libmysql.vcxproj]
C:\Users\user\Documents\GitHub\HyperXTalk\thirdparty\libmysql\src\violite.h(87,38): error C2059: syntax error: 'type' [C:\Users\user\Documents\GitHub\HyperXTalk\build-win-x86_64\livecode\thirdparty\libmysql\libmysql.vcxproj]
C:\Users\user\Documents\GitHub\HyperXTalk\thirdparty\libmysql\src\violite.h(87,71): error C2059: syntax error: ')' [C:\Users\user\Documents\GitHub\HyperXTalk\build-win-x86_64\livecode\thirdparty\libmysql\libmysql.vcxproj]
C:\Users\user\Documents\GitHub\HyperXTalk\thirdparty\libmysql\src\violite.h(88,27): error C2143: syntax error: missing ')' before '*' [C:\Users\user\Documents\GitHub\HyperXTalk\build-win-x86_64\livecode\thirdparty\libmysql\libmysql.vcxproj]
C:\Users\user\Documents\GitHub\HyperXTalk\thirdparty\libmysql\src\violite.h(88,27): error C2143: syntax error: missing '{' before '*' [C:\Users\user\Documents\GitHub\HyperXTalk\build-win-x86_64\livecode\thirdparty\libmysql\libmysql.vcxproj]
C:\Users\user\Documents\GitHub\HyperXTalk\thirdparty\libmysql\src\violite.h(88,32): error C2370: 'uint': redefinition; different storage class [C:\Users\user\Documents\GitHub\HyperXTalk\build-win-x86_64\livecode\thirdparty\libmysql\libmysql.vcxproj]
C:\Users\user\Documents\GitHub\HyperXTalk\thirdparty\libmysql\src\config-win.h(153): message : see declaration of 'uint' [C:\Users\user\Documents\GitHub\HyperXTalk\build-win-x86_64\livecode\thirdparty\libmysql\libmysql.vcxproj]
C:\Users\user\Documents\GitHub\HyperXTalk\thirdparty\libmysql\src\violite.h(88,37): error C2146: syntax error: missing ';' before identifier 'timeout' [C:\Users\user\Documents\GitHub\HyperXTalk\build-win-x86_64\livecode\thirdparty\libmysql\libmysql.vcxproj]
C:\Users\user\Documents\GitHub\HyperXTalk\thirdparty\libmysql\src\violite.h(88,44): error C2059: syntax error: ')' [C:\Users\user\Documents\GitHub\HyperXTalk\build-win-x86_64\livecode\thirdparty\libmysql\libmysql.vcxproj]
C:\Users\user\Documents\GitHub\HyperXTalk\thirdparty\libmysql\src\violite.h(89,27): error C2143: syntax error: missing ')' before '*' [C:\Users\user\Documents\GitHub\HyperXTalk\build-win-x86_64\livecode\thirdparty\libmysql\libmysql.vcxproj]
C:\Users\user\Documents\GitHub\HyperXTalk\thirdparty\libmysql\src\violite.h(89,27): error C2143: syntax error: missing '{' before '*' [C:\Users\user\Documents\GitHub\HyperXTalk\build-win-x86_64\livecode\thirdparty\libmysql\libmysql.vcxproj]
C:\Users\user\Documents\GitHub\HyperXTalk\thirdparty\libmysql\src\violite.h(89,33): error C2370: 'uint': redefinition; different storage class [C:\Users\user\Documents\GitHub\HyperXTalk\build-win-x86_64\livecode\thirdparty\libmysql\libmysql.vcxproj]
C:\Users\user\Documents\GitHub\HyperXTalk\thirdparty\libmysql\src\config-win.h(153): message : see declaration of 'uint' [C:\Users\user\Documents\GitHub\HyperXTalk\build-win-x86_64\livecode\thirdparty\libmysql\libmysql.vcxproj]
C:\Users\user\Documents\GitHub\HyperXTalk\thirdparty\libmysql\src\violite.h(89,38): error C2143: syntax error: missing ';' before '*' [C:\Users\user\Documents\GitHub\HyperXTalk\build-win-x86_64\livecode\thirdparty\libmysql\libmysql.vcxproj]
C:\Users\user\Documents\GitHub\HyperXTalk\thirdparty\libmysql\src\violite.h(89,44): error C2059: syntax error: ')' [C:\Users\user\Documents\GitHub\HyperXTalk\build-win-x86_64\livecode\thirdparty\libmysql\libmysql.vcxproj]
C:\Users\user\Documents\GitHub\HyperXTalk\thirdparty\libmysql\src\violite.h(89,44): fatal error C1003: error count exceeds 100; stopping compilation [C:\Users\user\Documents\GitHub\HyperXTalk\build-win-x86_64\livecode\thirdparty\libmysql\libmysql.vcxproj]
C:\Users\user\Documents\GitHub\HyperXTalk\thirdparty\libmysql\src\violite.h(44,4): error C2143: syntax error: missing '{' before '*' [C:\Users\user\Documents\GitHub\HyperXTalk\build-win-x86_64\livecode\thirdparty\libmysql\libmysql.vcxproj]
C:\Users\user\Documents\GitHub\HyperXTalk\thirdparty\libmysql\src\violite.h(46,4): error C2143: syntax error: missing '{' before '*' [C:\Users\user\Documents\GitHub\HyperXTalk\build-win-x86_64\livecode\thirdparty\libmysql\libmysql.vcxproj]
C:\Users\user\Documents\GitHub\HyperXTalk\thirdparty\libmysql\src\violite.h(47,4): error C2143: syntax error: missing '{' before '*' [C:\Users\user\Documents\GitHub\HyperXTalk\build-win-x86_64\livecode\thirdparty\libmysql\libmysql.vcxproj]
C:\Users\user\Documents\GitHub\HyperXTalk\thirdparty\libmysql\src\violite.h(54,26): error C2143: syntax error: missing ')' before '*' [C:\Users\user\Documents\GitHub\HyperXTalk\build-win-x86_64\livecode\thirdparty\libmysql\libmysql.vcxproj]
C:\Users\user\Documents\GitHub\HyperXTalk\thirdparty\libmysql\src\violite.h(54,26): error C2143: syntax error: missing '{' before '*' [C:\Users\user\Documents\GitHub\HyperXTalk\build-win-x86_64\livecode\thirdparty\libmysql\libmysql.vcxproj]
C:\Users\user\Documents\GitHub\HyperXTalk\thirdparty\libmysql\src\violite.h(54,32): error C2371: 'uchar': redefinition; different basic types [C:\Users\user\Documents\GitHub\HyperXTalk\build-win-x86_64\livecode\thirdparty\libmysql\libmysql.vcxproj]
C:\Users\user\Documents\GitHub\HyperXTalk\thirdparty\libmysql\src\my_global.h(977): message : see declaration of 'uchar' [C:\Users\user\Documents\GitHub\HyperXTalk\build-win-x86_64\livecode\thirdparty\libmysql\libmysql.vcxproj]
C:\Users\user\Documents\GitHub\HyperXTalk\thirdparty\libmysql\src\violite.h(54,38): error C2143: syntax error: missing ';' before '*' [C:\Users\user\Documents\GitHub\HyperXTalk\build-win-x86_64\livecode\thirdparty\libmysql\libmysql.vcxproj]
C:\Users\user\Documents\GitHub\HyperXTalk\thirdparty\libmysql\src\violite.h(54,45): error C2370: 'size_t': redefinition; different storage class [C:\Users\user\Documents\GitHub\HyperXTalk\build-win-x86_64\livecode\thirdparty\libmysql\libmysql.vcxproj]
C:\Program Files (x86)\Microsoft Visual Studio\2019\Community\VC\Tools\MSVC\14.29.30133\include\vcruntime.h(197): message : see declaration of 'size_t' [C:\Users\user\Documents\GitHub\HyperXTalk\build-win-x86_64\livecode\thirdparty\libmysql\libmysql.vcxproj]
C:\Users\user\Documents\GitHub\HyperXTalk\thirdparty\libmysql\src\violite.h(54,52): error C2146: syntax error: missing ';' before identifier 'size' [C:\Users\user\Documents\GitHub\HyperXTalk\build-win-x86_64\livecode\thirdparty\libmysql\libmysql.vcxproj]
C:\Users\user\Documents\GitHub\HyperXTalk\thirdparty\libmysql\src\violite.h(54,56): error C2059: syntax error: ')' [C:\Users\user\Documents\GitHub\HyperXTalk\build-win-x86_64\livecode\thirdparty\libmysql\libmysql.vcxproj]
C:\Users\user\Documents\GitHub\HyperXTalk\thirdparty\libmysql\src\violite.h(55,27): error C2143: syntax error: missing ')' before '*' [C:\Users\user\Documents\GitHub\HyperXTalk\build-win-x86_64\livecode\thirdparty\libmysql\libmysql.vcxproj]
C:\Users\user\Documents\GitHub\HyperXTalk\thirdparty\libmysql\src\violite.h(55,27): error C2143: syntax error: missing '{' before '*' [C:\Users\user\Documents\GitHub\HyperXTalk\build-win-x86_64\livecode\thirdparty\libmysql\libmysql.vcxproj]
C:\Users\user\Documents\GitHub\HyperXTalk\thirdparty\libmysql\src\violite.h(55,39): error C2371: 'uchar': redefinition; different basic types [C:\Users\user\Documents\GitHub\HyperXTalk\build-win-x86_64\livecode\thirdparty\libmysql\libmysql.vcxproj]
C:\Users\user\Documents\GitHub\HyperXTalk\thirdparty\libmysql\src\my_global.h(977): message : see declaration of 'uchar' [C:\Users\user\Documents\GitHub\HyperXTalk\build-win-x86_64\livecode\thirdparty\libmysql\libmysql.vcxproj]
C:\Users\user\Documents\GitHub\HyperXTalk\thirdparty\libmysql\src\violite.h(55,45): error C2143: syntax error: missing ';' before '*' [C:\Users\user\Documents\GitHub\HyperXTalk\build-win-x86_64\livecode\thirdparty\libmysql\libmysql.vcxproj]
C:\Users\user\Documents\GitHub\HyperXTalk\thirdparty\libmysql\src\violite.h(55,52): error C2370: 'size_t': redefinition; different storage class [C:\Users\user\Documents\GitHub\HyperXTalk\build-win-x86_64\livecode\thirdparty\libmysql\libmysql.vcxproj]
C:\Program Files (x86)\Microsoft Visual Studio\2019\Community\VC\Tools\MSVC\14.29.30133\include\vcruntime.h(197): message : see declaration of 'size_t' [C:\Users\user\Documents\GitHub\HyperXTalk\build-win-x86_64\livecode\thirdparty\libmysql\libmysql.vcxproj]
C:\Users\user\Documents\GitHub\HyperXTalk\thirdparty\libmysql\src\violite.h(55,59): error C2146: syntax error: missing ';' before identifier 'size' [C:\Users\user\Documents\GitHub\HyperXTalk\build-win-x86_64\livecode\thirdparty\libmysql\libmysql.vcxproj]
C:\Users\user\Documents\GitHub\HyperXTalk\thirdparty\libmysql\src\violite.h(55,63): error C2059: syntax error: ')' [C:\Users\user\Documents\GitHub\HyperXTalk\build-win-x86_64\livecode\thirdparty\libmysql\libmysql.vcxproj]
C:\Users\user\Documents\GitHub\HyperXTalk\thirdparty\libmysql\src\violite.h(56,24): error C2143: syntax error: missing ')' before '*' [C:\Users\user\Documents\GitHub\HyperXTalk\build-win-x86_64\livecode\thirdparty\libmysql\libmysql.vcxproj]
C:\Users\user\Documents\GitHub\HyperXTalk\thirdparty\libmysql\src\violite.h(56,24): error C2143: syntax error: missing '{' before '*' [C:\Users\user\Documents\GitHub\HyperXTalk\build-win-x86_64\livecode\thirdparty\libmysql\libmysql.vcxproj]
C:\Users\user\Documents\GitHub\HyperXTalk\thirdparty\libmysql\src\violite.h(56,29): error C2059: syntax error: ')' [C:\Users\user\Documents\GitHub\HyperXTalk\build-win-x86_64\livecode\thirdparty\libmysql\libmysql.vcxproj]
C:\Users\user\Documents\GitHub\HyperXTalk\thirdparty\libmysql\src\violite.h(61,20): error C2143: syntax error: missing ')' before '*' [C:\Users\user\Documents\GitHub\HyperXTalk\build-win-x86_64\livecode\thirdparty\libmysql\libmysql.vcxproj]
C:\Users\user\Documents\GitHub\HyperXTalk\thirdparty\libmysql\src\violite.h(61,20): error C2143: syntax error: missing '{' before '*' [C:\Users\user\Documents\GitHub\HyperXTalk\build-win-x86_64\livecode\thirdparty\libmysql\libmysql.vcxproj]
C:\Users\user\Documents\GitHub\HyperXTalk\thirdparty\libmysql\src\violite.h(61,25): error C2059: syntax error: ')' [C:\Users\user\Documents\GitHub\HyperXTalk\build-win-x86_64\livecode\thirdparty\libmysql\libmysql.vcxproj]
C:\Users\user\Documents\GitHub\HyperXTalk\thirdparty\libmysql\src\violite.h(62,18): error C2143: syntax error: missing ')' before '*' [C:\Users\user\Documents\GitHub\HyperXTalk\build-win-x86_64\livecode\thirdparty\libmysql\libmysql.vcxproj]
C:\Users\user\Documents\GitHub\HyperXTalk\thirdparty\libmysql\src\violite.h(62,18): error C2143: syntax error: missing '{' before '*' [C:\Users\user\Documents\GitHub\HyperXTalk\build-win-x86_64\livecode\thirdparty\libmysql\libmysql.vcxproj]
C:\Users\user\Documents\GitHub\HyperXTalk\thirdparty\libmysql\src\violite.h(62,23): error C2059: syntax error: ')' [C:\Users\user\Documents\GitHub\HyperXTalk\build-win-x86_64\livecode\thirdparty\libmysql\libmysql.vcxproj]
C:\Users\user\Documents\GitHub\HyperXTalk\thirdparty\libmysql\src\violite.h(63,22): error C2143: syntax error: missing ')' before '*' [C:\Users\user\Documents\GitHub\HyperXTalk\build-win-x86_64\livecode\thirdparty\libmysql\libmysql.vcxproj]
C:\Users\user\Documents\GitHub\HyperXTalk\thirdparty\libmysql\src\violite.h(63,22): error C2143: syntax error: missing '{' before '*' [C:\Users\user\Documents\GitHub\HyperXTalk\build-win-x86_64\livecode\thirdparty\libmysql\libmysql.vcxproj]
C:\Users\user\Documents\GitHub\HyperXTalk\thirdparty\libmysql\src\violite.h(63,48): error C2059: syntax error: 'type' [C:\Users\user\Documents\GitHub\HyperXTalk\build-win-x86_64\livecode\thirdparty\libmysql\libmysql.vcxproj]
C:\Users\user\Documents\GitHub\HyperXTalk\thirdparty\libmysql\src\violite.h(64,57): error C2059: syntax error: ')' [C:\Users\user\Documents\GitHub\HyperXTalk\build-win-x86_64\livecode\thirdparty\libmysql\libmysql.vcxproj]
C:\Users\user\Documents\GitHub\HyperXTalk\thirdparty\libmysql\src\violite.h(65,21): error C2143: syntax error: missing ')' before '*' [C:\Users\user\Documents\GitHub\HyperXTalk\build-win-x86_64\livecode\thirdparty\libmysql\libmysql.vcxproj]
C:\Users\user\Documents\GitHub\HyperXTalk\thirdparty\libmysql\src\violite.h(65,21): error C2143: syntax error: missing '{' before '*' [C:\Users\user\Documents\GitHub\HyperXTalk\build-win-x86_64\livecode\thirdparty\libmysql\libmysql.vcxproj]
C:\Users\user\Documents\GitHub\HyperXTalk\thirdparty\libmysql\src\violite.h(65,27): error C2371: 'uchar': redefinition; different basic types [C:\Users\user\Documents\GitHub\HyperXTalk\build-win-x86_64\livecode\thirdparty\libmysql\libmysql.vcxproj]
C:\Users\user\Documents\GitHub\HyperXTalk\thirdparty\libmysql\src\my_global.h(977): message : see declaration of 'uchar' [C:\Users\user\Documents\GitHub\HyperXTalk\build-win-x86_64\livecode\thirdparty\libmysql\libmysql.vcxproj]
C:\Users\user\Documents\GitHub\HyperXTalk\thirdparty\libmysql\src\violite.h(65,33): error C2143: syntax error: missing ';' before '*' [C:\Users\user\Documents\GitHub\HyperXTalk\build-win-x86_64\livecode\thirdparty\libmysql\libmysql.vcxproj]
C:\Users\user\Documents\GitHub\HyperXTalk\thirdparty\libmysql\src\violite.h(65,40): error C2370: 'size_t': redefinition; different storage class [C:\Users\user\Documents\GitHub\HyperXTalk\build-win-x86_64\livecode\thirdparty\libmysql\libmysql.vcxproj]
C:\Program Files (x86)\Microsoft Visual Studio\2019\Community\VC\Tools\MSVC\14.29.30133\include\vcruntime.h(197): message : see declaration of 'size_t' [C:\Users\user\Documents\GitHub\HyperXTalk\build-win-x86_64\livecode\thirdparty\libmysql\libmysql.vcxproj]
C:\Users\user\Documents\GitHub\HyperXTalk\thirdparty\libmysql\src\violite.h(65,47): error C2146: syntax error: missing ';' before identifier 'size' [C:\Users\user\Documents\GitHub\HyperXTalk\build-win-x86_64\livecode\thirdparty\libmysql\libmysql.vcxproj]
C:\Users\user\Documents\GitHub\HyperXTalk\thirdparty\libmysql\src\violite.h(65,51): error C2059: syntax error: ')' [C:\Users\user\Documents\GitHub\HyperXTalk\build-win-x86_64\livecode\thirdparty\libmysql\libmysql.vcxproj]
C:\Users\user\Documents\GitHub\HyperXTalk\thirdparty\libmysql\src\violite.h(66,27): error C2143: syntax error: missing ')' before '*' [C:\Users\user\Documents\GitHub\HyperXTalk\build-win-x86_64\livecode\thirdparty\libmysql\libmysql.vcxproj]
C:\Users\user\Documents\GitHub\HyperXTalk\thirdparty\libmysql\src\violite.h(66,27): error C2143: syntax error: missing '{' before '*' [C:\Users\user\Documents\GitHub\HyperXTalk\build-win-x86_64\livecode\thirdparty\libmysql\libmysql.vcxproj]
C:\Users\user\Documents\GitHub\HyperXTalk\thirdparty\libmysql\src\violite.h(66,33): error C2371: 'uchar': redefinition; different basic types [C:\Users\user\Documents\GitHub\HyperXTalk\build-win-x86_64\livecode\thirdparty\libmysql\libmysql.vcxproj]
C:\Users\user\Documents\GitHub\HyperXTalk\thirdparty\libmysql\src\my_global.h(977): message : see declaration of 'uchar' [C:\Users\user\Documents\GitHub\HyperXTalk\build-win-x86_64\livecode\thirdparty\libmysql\libmysql.vcxproj]
C:\Users\user\Documents\GitHub\HyperXTalk\thirdparty\libmysql\src\violite.h(66,39): error C2143: syntax error: missing ';' before '*' [C:\Users\user\Documents\GitHub\HyperXTalk\build-win-x86_64\livecode\thirdparty\libmysql\libmysql.vcxproj]
C:\Users\user\Documents\GitHub\HyperXTalk\thirdparty\libmysql\src\violite.h(66,46): error C2370: 'size_t': redefinition; different storage class [C:\Users\user\Documents\GitHub\HyperXTalk\build-win-x86_64\livecode\thirdparty\libmysql\libmysql.vcxproj]
C:\Program Files (x86)\Microsoft Visual Studio\2019\Community\VC\Tools\MSVC\14.29.30133\include\vcruntime.h(197): message : see declaration of 'size_t' [C:\Users\user\Documents\GitHub\HyperXTalk\build-win-x86_64\livecode\thirdparty\libmysql\libmysql.vcxproj]
C:\Users\user\Documents\GitHub\HyperXTalk\thirdparty\libmysql\src\violite.h(66,53): error C2146: syntax error: missing ';' before identifier 'size' [C:\Users\user\Documents\GitHub\HyperXTalk\build-win-x86_64\livecode\thirdparty\libmysql\libmysql.vcxproj]
C:\Users\user\Documents\GitHub\HyperXTalk\thirdparty\libmysql\src\violite.h(66,57): error C2059: syntax error: ')' [C:\Users\user\Documents\GitHub\HyperXTalk\build-win-x86_64\livecode\thirdparty\libmysql\libmysql.vcxproj]
C:\Users\user\Documents\GitHub\HyperXTalk\thirdparty\libmysql\src\violite.h(67,22): error C2143: syntax error: missing ')' before '*' [C:\Users\user\Documents\GitHub\HyperXTalk\build-win-x86_64\livecode\thirdparty\libmysql\libmysql.vcxproj]
C:\Users\user\Documents\GitHub\HyperXTalk\thirdparty\libmysql\src\violite.h(67,22): error C2143: syntax error: missing '{' before '*' [C:\Users\user\Documents\GitHub\HyperXTalk\build-win-x86_64\livecode\thirdparty\libmysql\libmysql.vcxproj]
C:\Users\user\Documents\GitHub\HyperXTalk\thirdparty\libmysql\src\violite.h(67,34): error C2371: 'uchar': redefinition; different basic types [C:\Users\user\Documents\GitHub\HyperXTalk\build-win-x86_64\livecode\thirdparty\libmysql\libmysql.vcxproj]
C:\Users\user\Documents\GitHub\HyperXTalk\thirdparty\libmysql\src\my_global.h(977): message : see declaration of 'uchar' [C:\Users\user\Documents\GitHub\HyperXTalk\build-win-x86_64\livecode\thirdparty\libmysql\libmysql.vcxproj]
C:\Users\user\Documents\GitHub\HyperXTalk\thirdparty\libmysql\src\violite.h(67,40): error C2143: syntax error: missing ';' before '*' [C:\Users\user\Documents\GitHub\HyperXTalk\build-win-x86_64\livecode\thirdparty\libmysql\libmysql.vcxproj]
C:\Users\user\Documents\GitHub\HyperXTalk\thirdparty\libmysql\src\violite.h(67,47): error C2370: 'size_t': redefinition; different storage class [C:\Users\user\Documents\GitHub\HyperXTalk\build-win-x86_64\livecode\thirdparty\libmysql\libmysql.vcxproj]
C:\Program Files (x86)\Microsoft Visual Studio\2019\Community\VC\Tools\MSVC\14.29.30133\include\vcruntime.h(197): message : see declaration of 'size_t' [C:\Users\user\Documents\GitHub\HyperXTalk\build-win-x86_64\livecode\thirdparty\libmysql\libmysql.vcxproj]
C:\Users\user\Documents\GitHub\HyperXTalk\thirdparty\libmysql\src\violite.h(67,54): error C2146: syntax error: missing ';' before identifier 'size' [C:\Users\user\Documents\GitHub\HyperXTalk\build-win-x86_64\livecode\thirdparty\libmysql\libmysql.vcxproj]
C:\Users\user\Documents\GitHub\HyperXTalk\thirdparty\libmysql\src\violite.h(67,58): error C2059: syntax error: ')' [C:\Users\user\Documents\GitHub\HyperXTalk\build-win-x86_64\livecode\thirdparty\libmysql\libmysql.vcxproj]
C:\Users\user\Documents\GitHub\HyperXTalk\thirdparty\libmysql\src\violite.h(68,22): error C2143: syntax error: missing ')' before '*' [C:\Users\user\Documents\GitHub\HyperXTalk\build-win-x86_64\livecode\thirdparty\libmysql\libmysql.vcxproj]
C:\Users\user\Documents\GitHub\HyperXTalk\thirdparty\libmysql\src\violite.h(68,22): error C2143: syntax error: missing '{' before '*' [C:\Users\user\Documents\GitHub\HyperXTalk\build-win-x86_64\livecode\thirdparty\libmysql\libmysql.vcxproj]
C:\Users\user\Documents\GitHub\HyperXTalk\thirdparty\libmysql\src\violite.h(68,28): error C2371: 'my_bool': redefinition; different basic types [C:\Users\user\Documents\GitHub\HyperXTalk\build-win-x86_64\livecode\thirdparty\libmysql\libmysql.vcxproj]
C:\Users\user\Documents\GitHub\HyperXTalk\thirdparty\libmysql\src\my_global.h(626): message : see declaration of 'my_bool' [C:\Users\user\Documents\GitHub\HyperXTalk\build-win-x86_64\livecode\thirdparty\libmysql\libmysql.vcxproj]
C:\Users\user\Documents\GitHub\HyperXTalk\thirdparty\libmysql\src\violite.h(68,36): error C2146: syntax error: missing ';' before identifier 'onoff' [C:\Users\user\Documents\GitHub\HyperXTalk\build-win-x86_64\livecode\thirdparty\libmysql\libmysql.vcxproj]
C:\Users\user\Documents\GitHub\HyperXTalk\thirdparty\libmysql\src\violite.h(68,43): error C2371: 'my_bool': redefinition; different basic types [C:\Users\user\Documents\GitHub\HyperXTalk\build-win-x86_64\livecode\thirdparty\libmysql\libmysql.vcxproj]
C:\Users\user\Documents\GitHub\HyperXTalk\thirdparty\libmysql\src\my_global.h(626): message : see declaration of 'my_bool' [C:\Users\user\Documents\GitHub\HyperXTalk\build-win-x86_64\livecode\thirdparty\libmysql\libmysql.vcxproj]
C:\Users\user\Documents\GitHub\HyperXTalk\thirdparty\libmysql\src\violite.h(68,51): error C2143: syntax error: missing ';' before '*' [C:\Users\user\Documents\GitHub\HyperXTalk\build-win-x86_64\livecode\thirdparty\libmysql\libmysql.vcxproj]
C:\Users\user\Documents\GitHub\HyperXTalk\thirdparty\libmysql\src\violite.h(68,60): error C2059: syntax error: ')' [C:\Users\user\Documents\GitHub\HyperXTalk\build-win-x86_64\livecode\thirdparty\libmysql\libmysql.vcxproj]
C:\Users\user\Documents\GitHub\HyperXTalk\thirdparty\libmysql\src\violite.h(69,29): error C2143: syntax error: missing ')' before '*' [C:\Users\user\Documents\GitHub\HyperXTalk\build-win-x86_64\livecode\thirdparty\libmysql\libmysql.vcxproj]
C:\Users\user\Documents\GitHub\HyperXTalk\thirdparty\libmysql\src\violite.h(69,29): error C2143: syntax error: missing '{' before '*' [C:\Users\user\Documents\GitHub\HyperXTalk\build-win-x86_64\livecode\thirdparty\libmysql\libmysql.vcxproj]
C:\Users\user\Documents\GitHub\HyperXTalk\thirdparty\libmysql\src\violite.h(69,33): error C2059: syntax error: ')' [C:\Users\user\Documents\GitHub\HyperXTalk\build-win-x86_64\livecode\thirdparty\libmysql\libmysql.vcxproj]
C:\Users\user\Documents\GitHub\HyperXTalk\thirdparty\libmysql\src\violite.h(71,22): error C2143: syntax error: missing ')' before '*' [C:\Users\user\Documents\GitHub\HyperXTalk\build-win-x86_64\livecode\thirdparty\libmysql\libmysql.vcxproj]
C:\Users\user\Documents\GitHub\HyperXTalk\thirdparty\libmysql\src\violite.h(71,22): error C2143: syntax error: missing '{' before '*' [C:\Users\user\Documents\GitHub\HyperXTalk\build-win-x86_64\livecode\thirdparty\libmysql\libmysql.vcxproj]
C:\Users\user\Documents\GitHub\HyperXTalk\thirdparty\libmysql\src\violite.h(71,26): error C2059: syntax error: ')' [C:\Users\user\Documents\GitHub\HyperXTalk\build-win-x86_64\livecode\thirdparty\libmysql\libmysql.vcxproj]
C:\Users\user\Documents\GitHub\HyperXTalk\thirdparty\libmysql\src\violite.h(73,23): error C2143: syntax error: missing ')' before '*' [C:\Users\user\Documents\GitHub\HyperXTalk\build-win-x86_64\livecode\thirdparty\libmysql\libmysql.vcxproj]
C:\Users\user\Documents\GitHub\HyperXTalk\thirdparty\libmysql\src\violite.h(73,23): error C2143: syntax error: missing '{' before '*' [C:\Users\user\Documents\GitHub\HyperXTalk\build-win-x86_64\livecode\thirdparty\libmysql\libmysql.vcxproj]
C:\Users\user\Documents\GitHub\HyperXTalk\thirdparty\libmysql\src\violite.h(73,29): error C2371: 'my_bool': redefinition; different basic types [C:\Users\user\Documents\GitHub\HyperXTalk\build-win-x86_64\livecode\thirdparty\libmysql\libmysql.vcxproj]
C:\Users\user\Documents\GitHub\HyperXTalk\thirdparty\libmysql\src\my_global.h(626): message : see declaration of 'my_bool' [C:\Users\user\Documents\GitHub\HyperXTalk\build-win-x86_64\livecode\thirdparty\libmysql\libmysql.vcxproj]
C:\Users\user\Documents\GitHub\HyperXTalk\thirdparty\libmysql\src\violite.h(73,37): error C2146: syntax error: missing ';' before identifier 'onoff' [C:\Users\user\Documents\GitHub\HyperXTalk\build-win-x86_64\livecode\thirdparty\libmysql\libmysql.vcxproj]
C:\Users\user\Documents\GitHub\HyperXTalk\thirdparty\libmysql\src\violite.h(73,42): error C2059: syntax error: ')' [C:\Users\user\Documents\GitHub\HyperXTalk\build-win-x86_64\livecode\thirdparty\libmysql\libmysql.vcxproj]
C:\Users\user\Documents\GitHub\HyperXTalk\thirdparty\libmysql\src\violite.h(75,30): error C2143: syntax error: missing ')' before '*' [C:\Users\user\Documents\GitHub\HyperXTalk\build-win-x86_64\livecode\thirdparty\libmysql\libmysql.vcxproj]
C:\Users\user\Documents\GitHub\HyperXTalk\thirdparty\libmysql\src\violite.h(75,30): error C2143: syntax error: missing '{' before '*' [C:\Users\user\Documents\GitHub\HyperXTalk\build-win-x86_64\livecode\thirdparty\libmysql\libmysql.vcxproj]
C:\Users\user\Documents\GitHub\HyperXTalk\thirdparty\libmysql\src\violite.h(75,34): error C2059: syntax error: ')' [C:\Users\user\Documents\GitHub\HyperXTalk\build-win-x86_64\livecode\thirdparty\libmysql\libmysql.vcxproj]
C:\Users\user\Documents\GitHub\HyperXTalk\thirdparty\libmysql\src\violite.h(77,33): error C2143: syntax error: missing ')' before '*' [C:\Users\user\Documents\GitHub\HyperXTalk\build-win-x86_64\livecode\thirdparty\libmysql\libmysql.vcxproj]
C:\Users\user\Documents\GitHub\HyperXTalk\thirdparty\libmysql\src\violite.h(77,33): error C2143: syntax error: missing '{' before '*' [C:\Users\user\Documents\GitHub\HyperXTalk\build-win-x86_64\livecode\thirdparty\libmysql\libmysql.vcxproj]
C:\Users\user\Documents\GitHub\HyperXTalk\thirdparty\libmysql\src\violite.h(77,37): error C2059: syntax error: ')' [C:\Users\user\Documents\GitHub\HyperXTalk\build-win-x86_64\livecode\thirdparty\libmysql\libmysql.vcxproj]
C:\Users\user\Documents\GitHub\HyperXTalk\thirdparty\libmysql\src\violite.h(79,33): error C2143: syntax error: missing ')' before '*' [C:\Users\user\Documents\GitHub\HyperXTalk\build-win-x86_64\livecode\thirdparty\libmysql\libmysql.vcxproj]
C:\Users\user\Documents\GitHub\HyperXTalk\thirdparty\libmysql\src\violite.h(79,33): error C2143: syntax error: missing '{' before '*' [C:\Users\user\Documents\GitHub\HyperXTalk\build-win-x86_64\livecode\thirdparty\libmysql\libmysql.vcxproj]
C:\Users\user\Documents\GitHub\HyperXTalk\thirdparty\libmysql\src\violite.h(79,37): error C2059: syntax error: ')' [C:\Users\user\Documents\GitHub\HyperXTalk\build-win-x86_64\livecode\thirdparty\libmysql\libmysql.vcxproj]
C:\Users\user\Documents\GitHub\HyperXTalk\thirdparty\libmysql\src\violite.h(81,32): error C2143: syntax error: missing ')' before '*' [C:\Users\user\Documents\GitHub\HyperXTalk\build-win-x86_64\livecode\thirdparty\libmysql\libmysql.vcxproj]
C:\Users\user\Documents\GitHub\HyperXTalk\thirdparty\libmysql\src\violite.h(81,32): error C2143: syntax error: missing '{' before '*' [C:\Users\user\Documents\GitHub\HyperXTalk\build-win-x86_64\livecode\thirdparty\libmysql\libmysql.vcxproj]
C:\Users\user\Documents\GitHub\HyperXTalk\thirdparty\libmysql\src\violite.h(81,37): error C2059: syntax error: ')' [C:\Users\user\Documents\GitHub\HyperXTalk\build-win-x86_64\livecode\thirdparty\libmysql\libmysql.vcxproj]
C:\Users\user\Documents\GitHub\HyperXTalk\thirdparty\libmysql\src\violite.h(83,18): error C2143: syntax error: missing ')' before '*' [C:\Users\user\Documents\GitHub\HyperXTalk\build-win-x86_64\livecode\thirdparty\libmysql\libmysql.vcxproj]
C:\Users\user\Documents\GitHub\HyperXTalk\thirdparty\libmysql\src\violite.h(83,18): error C2143: syntax error: missing '{' before '*' [C:\Users\user\Documents\GitHub\HyperXTalk\build-win-x86_64\livecode\thirdparty\libmysql\libmysql.vcxproj]
C:\Users\user\Documents\GitHub\HyperXTalk\thirdparty\libmysql\src\violite.h(83,22): error C2059: syntax error: ')' [C:\Users\user\Documents\GitHub\HyperXTalk\build-win-x86_64\livecode\thirdparty\libmysql\libmysql.vcxproj]
C:\Users\user\Documents\GitHub\HyperXTalk\thirdparty\libmysql\src\violite.h(85,21): error C2143: syntax error: missing ')' before '*' [C:\Users\user\Documents\GitHub\HyperXTalk\build-win-x86_64\livecode\thirdparty\libmysql\libmysql.vcxproj]
C:\Users\user\Documents\GitHub\HyperXTalk\thirdparty\libmysql\src\violite.h(85,21): error C2143: syntax error: missing '{' before '*' [C:\Users\user\Documents\GitHub\HyperXTalk\build-win-x86_64\livecode\thirdparty\libmysql\libmysql.vcxproj]
C:\Users\user\Documents\GitHub\HyperXTalk\thirdparty\libmysql\src\violite.h(85,25): error C2059: syntax error: ')' [C:\Users\user\Documents\GitHub\HyperXTalk\build-win-x86_64\livecode\thirdparty\libmysql\libmysql.vcxproj]
C:\Users\user\Documents\GitHub\HyperXTalk\thirdparty\libmysql\src\violite.h(87,27): error C2143: syntax error: missing ')' before '*' [C:\Users\user\Documents\GitHub\HyperXTalk\build-win-x86_64\livecode\thirdparty\libmysql\libmysql.vcxproj]
C:\Users\user\Documents\GitHub\HyperXTalk\thirdparty\libmysql\src\violite.h(87,27): error C2143: syntax error: missing '{' before '*' [C:\Users\user\Documents\GitHub\HyperXTalk\build-win-x86_64\livecode\thirdparty\libmysql\libmysql.vcxproj]
C:\Users\user\Documents\GitHub\HyperXTalk\thirdparty\libmysql\src\violite.h(87,38): error C2059: syntax error: 'type' [C:\Users\user\Documents\GitHub\HyperXTalk\build-win-x86_64\livecode\thirdparty\libmysql\libmysql.vcxproj]
C:\Users\user\Documents\GitHub\HyperXTalk\thirdparty\libmysql\src\violite.h(87,71): error C2059: syntax error: ')' [C:\Users\user\Documents\GitHub\HyperXTalk\build-win-x86_64\livecode\thirdparty\libmysql\libmysql.vcxproj]
C:\Users\user\Documents\GitHub\HyperXTalk\thirdparty\libmysql\src\violite.h(88,27): error C2143: syntax error: missing ')' before '*' [C:\Users\user\Documents\GitHub\HyperXTalk\build-win-x86_64\livecode\thirdparty\libmysql\libmysql.vcxproj]
C:\Users\user\Documents\GitHub\HyperXTalk\thirdparty\libmysql\src\violite.h(88,27): error C2143: syntax error: missing '{' before '*' [C:\Users\user\Documents\GitHub\HyperXTalk\build-win-x86_64\livecode\thirdparty\libmysql\libmysql.vcxproj]
C:\Users\user\Documents\GitHub\HyperXTalk\thirdparty\libmysql\src\violite.h(88,32): error C2370: 'uint': redefinition; different storage class [C:\Users\user\Documents\GitHub\HyperXTalk\build-win-x86_64\livecode\thirdparty\libmysql\libmysql.vcxproj]
C:\Users\user\Documents\GitHub\HyperXTalk\thirdparty\libmysql\src\config-win.h(153): message : see declaration of 'uint' [C:\Users\user\Documents\GitHub\HyperXTalk\build-win-x86_64\livecode\thirdparty\libmysql\libmysql.vcxproj]
C:\Users\user\Documents\GitHub\HyperXTalk\thirdparty\libmysql\src\violite.h(88,37): error C2146: syntax error: missing ';' before identifier 'timeout' [C:\Users\user\Documents\GitHub\HyperXTalk\build-win-x86_64\livecode\thirdparty\libmysql\libmysql.vcxproj]
C:\Users\user\Documents\GitHub\HyperXTalk\thirdparty\libmysql\src\violite.h(88,44): error C2059: syntax error: ')' [C:\Users\user\Documents\GitHub\HyperXTalk\build-win-x86_64\livecode\thirdparty\libmysql\libmysql.vcxproj]
C:\Users\user\Documents\GitHub\HyperXTalk\thirdparty\libmysql\src\violite.h(89,27): error C2143: syntax error: missing ')' before '*' [C:\Users\user\Documents\GitHub\HyperXTalk\build-win-x86_64\livecode\thirdparty\libmysql\libmysql.vcxproj]
C:\Users\user\Documents\GitHub\HyperXTalk\thirdparty\libmysql\src\violite.h(89,27): error C2143: syntax error: missing '{' before '*' [C:\Users\user\Documents\GitHub\HyperXTalk\build-win-x86_64\livecode\thirdparty\libmysql\libmysql.vcxproj]
C:\Users\user\Documents\GitHub\HyperXTalk\thirdparty\libmysql\src\violite.h(89,33): error C2370: 'uint': redefinition; different storage class [C:\Users\user\Documents\GitHub\HyperXTalk\build-win-x86_64\livecode\thirdparty\libmysql\libmysql.vcxproj]
C:\Users\user\Documents\GitHub\HyperXTalk\thirdparty\libmysql\src\config-win.h(153): message : see declaration of 'uint' [C:\Users\user\Documents\GitHub\HyperXTalk\build-win-x86_64\livecode\thirdparty\libmysql\libmysql.vcxproj]
C:\Users\user\Documents\GitHub\HyperXTalk\thirdparty\libmysql\src\violite.h(89,38): error C2143: syntax error: missing ';' before '*' [C:\Users\user\Documents\GitHub\HyperXTalk\build-win-x86_64\livecode\thirdparty\libmysql\libmysql.vcxproj]
C:\Users\user\Documents\GitHub\HyperXTalk\thirdparty\libmysql\src\violite.h(89,44): error C2059: syntax error: ')' [C:\Users\user\Documents\GitHub\HyperXTalk\build-win-x86_64\livecode\thirdparty\libmysql\libmysql.vcxproj]
C:\Users\user\Documents\GitHub\HyperXTalk\thirdparty\libmysql\src\violite.h(89,44): fatal error C1003: error count exceeds 100; stopping compilation [C:\Users\user\Documents\GitHub\HyperXTalk\build-win-x86_64\livecode\thirdparty\libmysql\libmysql.vcxproj]
C:\Users\user\Documents\GitHub\HyperXTalk\thirdparty\libmysql\src\violite.h(44,4): error C2143: syntax error: missing '{' before '*' [C:\Users\user\Documents\GitHub\HyperXTalk\build-win-x86_64\livecode\thirdparty\libmysql\libmysql.vcxproj]
C:\Users\user\Documents\GitHub\HyperXTalk\thirdparty\libmysql\src\violite.h(46,4): error C2143: syntax error: missing '{' before '*' [C:\Users\user\Documents\GitHub\HyperXTalk\build-win-x86_64\livecode\thirdparty\libmysql\libmysql.vcxproj]
C:\Users\user\Documents\GitHub\HyperXTalk\thirdparty\libmysql\src\violite.h(47,4): error C2143: syntax error: missing '{' before '*' [C:\Users\user\Documents\GitHub\HyperXTalk\build-win-x86_64\livecode\thirdparty\libmysql\libmysql.vcxproj]
C:\Users\user\Documents\GitHub\HyperXTalk\thirdparty\libmysql\src\violite.h(54,26): error C2143: syntax error: missing ')' before '*' [C:\Users\user\Documents\GitHub\HyperXTalk\build-win-x86_64\livecode\thirdparty\libmysql\libmysql.vcxproj]
C:\Users\user\Documents\GitHub\HyperXTalk\thirdparty\libmysql\src\violite.h(54,26): error C2143: syntax error: missing '{' before '*' [C:\Users\user\Documents\GitHub\HyperXTalk\build-win-x86_64\livecode\thirdparty\libmysql\libmysql.vcxproj]
C:\Users\user\Documents\GitHub\HyperXTalk\thirdparty\libmysql\src\violite.h(54,32): error C2371: 'uchar': redefinition; different basic types [C:\Users\user\Documents\GitHub\HyperXTalk\build-win-x86_64\livecode\thirdparty\libmysql\libmysql.vcxproj]
C:\Users\user\Documents\GitHub\HyperXTalk\thirdparty\libmysql\src\my_global.h(977): message : see declaration of 'uchar' [C:\Users\user\Documents\GitHub\HyperXTalk\build-win-x86_64\livecode\thirdparty\libmysql\libmysql.vcxproj]
C:\Users\user\Documents\GitHub\HyperXTalk\thirdparty\libmysql\src\violite.h(54,38): error C2143: syntax error: missing ';' before '*' [C:\Users\user\Documents\GitHub\HyperXTalk\build-win-x86_64\livecode\thirdparty\libmysql\libmysql.vcxproj]
C:\Users\user\Documents\GitHub\HyperXTalk\thirdparty\libmysql\src\violite.h(54,45): error C2370: 'size_t': redefinition; different storage class [C:\Users\user\Documents\GitHub\HyperXTalk\build-win-x86_64\livecode\thirdparty\libmysql\libmysql.vcxproj]
C:\Program Files (x86)\Microsoft Visual Studio\2019\Community\VC\Tools\MSVC\14.29.30133\include\vcruntime.h(197): message : see declaration of 'size_t' [C:\Users\user\Documents\GitHub\HyperXTalk\build-win-x86_64\livecode\thirdparty\libmysql\libmysql.vcxproj]
C:\Users\user\Documents\GitHub\HyperXTalk\thirdparty\libmysql\src\violite.h(54,52): error C2146: syntax error: missing ';' before identifier 'size' [C:\Users\user\Documents\GitHub\HyperXTalk\build-win-x86_64\livecode\thirdparty\libmysql\libmysql.vcxproj]
C:\Users\user\Documents\GitHub\HyperXTalk\thirdparty\libmysql\src\violite.h(54,56): error C2059: syntax error: ')' [C:\Users\user\Documents\GitHub\HyperXTalk\build-win-x86_64\livecode\thirdparty\libmysql\libmysql.vcxproj]
C:\Users\user\Documents\GitHub\HyperXTalk\thirdparty\libmysql\src\violite.h(55,27): error C2143: syntax error: missing ')' before '*' [C:\Users\user\Documents\GitHub\HyperXTalk\build-win-x86_64\livecode\thirdparty\libmysql\libmysql.vcxproj]
C:\Users\user\Documents\GitHub\HyperXTalk\thirdparty\libmysql\src\violite.h(55,27): error C2143: syntax error: missing '{' before '*' [C:\Users\user\Documents\GitHub\HyperXTalk\build-win-x86_64\livecode\thirdparty\libmysql\libmysql.vcxproj]
C:\Users\user\Documents\GitHub\HyperXTalk\thirdparty\libmysql\src\violite.h(55,39): error C2371: 'uchar': redefinition; different basic types [C:\Users\user\Documents\GitHub\HyperXTalk\build-win-x86_64\livecode\thirdparty\libmysql\libmysql.vcxproj]
C:\Users\user\Documents\GitHub\HyperXTalk\thirdparty\libmysql\src\my_global.h(977): message : see declaration of 'uchar' [C:\Users\user\Documents\GitHub\HyperXTalk\build-win-x86_64\livecode\thirdparty\libmysql\libmysql.vcxproj]
C:\Users\user\Documents\GitHub\HyperXTalk\thirdparty\libmysql\src\violite.h(55,45): error C2143: syntax error: missing ';' before '*' [C:\Users\user\Documents\GitHub\HyperXTalk\build-win-x86_64\livecode\thirdparty\libmysql\libmysql.vcxproj]
C:\Users\user\Documents\GitHub\HyperXTalk\thirdparty\libmysql\src\violite.h(55,52): error C2370: 'size_t': redefinition; different storage class [C:\Users\user\Documents\GitHub\HyperXTalk\build-win-x86_64\livecode\thirdparty\libmysql\libmysql.vcxproj]
C:\Program Files (x86)\Microsoft Visual Studio\2019\Community\VC\Tools\MSVC\14.29.30133\include\vcruntime.h(197): message : see declaration of 'size_t' [C:\Users\user\Documents\GitHub\HyperXTalk\build-win-x86_64\livecode\thirdparty\libmysql\libmysql.vcxproj]
C:\Users\user\Documents\GitHub\HyperXTalk\thirdparty\libmysql\src\violite.h(55,59): error C2146: syntax error: missing ';' before identifier 'size' [C:\Users\user\Documents\GitHub\HyperXTalk\build-win-x86_64\livecode\thirdparty\libmysql\libmysql.vcxproj]
C:\Users\user\Documents\GitHub\HyperXTalk\thirdparty\libmysql\src\violite.h(55,63): error C2059: syntax error: ')' [C:\Users\user\Documents\GitHub\HyperXTalk\build-win-x86_64\livecode\thirdparty\libmysql\libmysql.vcxproj]
C:\Users\user\Documents\GitHub\HyperXTalk\thirdparty\libmysql\src\violite.h(56,24): error C2143: syntax error: missing ')' before '*' [C:\Users\user\Documents\GitHub\HyperXTalk\build-win-x86_64\livecode\thirdparty\libmysql\libmysql.vcxproj]
C:\Users\user\Documents\GitHub\HyperXTalk\thirdparty\libmysql\src\violite.h(56,24): error C2143: syntax error: missing '{' before '*' [C:\Users\user\Documents\GitHub\HyperXTalk\build-win-x86_64\livecode\thirdparty\libmysql\libmysql.vcxproj]
C:\Users\user\Documents\GitHub\HyperXTalk\thirdparty\libmysql\src\violite.h(56,29): error C2059: syntax error: ')' [C:\Users\user\Documents\GitHub\HyperXTalk\build-win-x86_64\livecode\thirdparty\libmysql\libmysql.vcxproj]
C:\Users\user\Documents\GitHub\HyperXTalk\thirdparty\libmysql\src\violite.h(61,20): error C2143: syntax error: missing ')' before '*' [C:\Users\user\Documents\GitHub\HyperXTalk\build-win-x86_64\livecode\thirdparty\libmysql\libmysql.vcxproj]
C:\Users\user\Documents\GitHub\HyperXTalk\thirdparty\libmysql\src\violite.h(61,20): error C2143: syntax error: missing '{' before '*' [C:\Users\user\Documents\GitHub\HyperXTalk\build-win-x86_64\livecode\thirdparty\libmysql\libmysql.vcxproj]
C:\Users\user\Documents\GitHub\HyperXTalk\thirdparty\libmysql\src\violite.h(61,25): error C2059: syntax error: ')' [C:\Users\user\Documents\GitHub\HyperXTalk\build-win-x86_64\livecode\thirdparty\libmysql\libmysql.vcxproj]
C:\Users\user\Documents\GitHub\HyperXTalk\thirdparty\libmysql\src\violite.h(62,18): error C2143: syntax error: missing ')' before '*' [C:\Users\user\Documents\GitHub\HyperXTalk\build-win-x86_64\livecode\thirdparty\libmysql\libmysql.vcxproj]
C:\Users\user\Documents\GitHub\HyperXTalk\thirdparty\libmysql\src\violite.h(62,18): error C2143: syntax error: missing '{' before '*' [C:\Users\user\Documents\GitHub\HyperXTalk\build-win-x86_64\livecode\thirdparty\libmysql\libmysql.vcxproj]
C:\Users\user\Documents\GitHub\HyperXTalk\thirdparty\libmysql\src\violite.h(62,23): error C2059: syntax error: ')' [C:\Users\user\Documents\GitHub\HyperXTalk\build-win-x86_64\livecode\thirdparty\libmysql\libmysql.vcxproj]
C:\Users\user\Documents\GitHub\HyperXTalk\thirdparty\libmysql\src\violite.h(63,22): error C2143: syntax error: missing ')' before '*' [C:\Users\user\Documents\GitHub\HyperXTalk\build-win-x86_64\livecode\thirdparty\libmysql\libmysql.vcxproj]
C:\Users\user\Documents\GitHub\HyperXTalk\thirdparty\libmysql\src\violite.h(63,22): error C2143: syntax error: missing '{' before '*' [C:\Users\user\Documents\GitHub\HyperXTalk\build-win-x86_64\livecode\thirdparty\libmysql\libmysql.vcxproj]
C:\Users\user\Documents\GitHub\HyperXTalk\thirdparty\libmysql\src\violite.h(63,48): error C2059: syntax error: 'type' [C:\Users\user\Documents\GitHub\HyperXTalk\build-win-x86_64\livecode\thirdparty\libmysql\libmysql.vcxproj]
C:\Users\user\Documents\GitHub\HyperXTalk\thirdparty\libmysql\src\violite.h(64,57): error C2059: syntax error: ')' [C:\Users\user\Documents\GitHub\HyperXTalk\build-win-x86_64\livecode\thirdparty\libmysql\libmysql.vcxproj]
C:\Users\user\Documents\GitHub\HyperXTalk\thirdparty\libmysql\src\violite.h(65,21): error C2143: syntax error: missing ')' before '*' [C:\Users\user\Documents\GitHub\HyperXTalk\build-win-x86_64\livecode\thirdparty\libmysql\libmysql.vcxproj]
C:\Users\user\Documents\GitHub\HyperXTalk\thirdparty\libmysql\src\violite.h(65,21): error C2143: syntax error: missing '{' before '*' [C:\Users\user\Documents\GitHub\HyperXTalk\build-win-x86_64\livecode\thirdparty\libmysql\libmysql.vcxproj]
C:\Users\user\Documents\GitHub\HyperXTalk\thirdparty\libmysql\src\violite.h(65,27): error C2371: 'uchar': redefinition; different basic types [C:\Users\user\Documents\GitHub\HyperXTalk\build-win-x86_64\livecode\thirdparty\libmysql\libmysql.vcxproj]
C:\Users\user\Documents\GitHub\HyperXTalk\thirdparty\libmysql\src\my_global.h(977): message : see declaration of 'uchar' [C:\Users\user\Documents\GitHub\HyperXTalk\build-win-x86_64\livecode\thirdparty\libmysql\libmysql.vcxproj]
C:\Users\user\Documents\GitHub\HyperXTalk\thirdparty\libmysql\src\violite.h(65,33): error C2143: syntax error: missing ';' before '*' [C:\Users\user\Documents\GitHub\HyperXTalk\build-win-x86_64\livecode\thirdparty\libmysql\libmysql.vcxproj]
C:\Users\user\Documents\GitHub\HyperXTalk\thirdparty\libmysql\src\violite.h(65,40): error C2370: 'size_t': redefinition; different storage class [C:\Users\user\Documents\GitHub\HyperXTalk\build-win-x86_64\livecode\thirdparty\libmysql\libmysql.vcxproj]
C:\Program Files (x86)\Microsoft Visual Studio\2019\Community\VC\Tools\MSVC\14.29.30133\include\vcruntime.h(197): message : see declaration of 'size_t' [C:\Users\user\Documents\GitHub\HyperXTalk\build-win-x86_64\livecode\thirdparty\libmysql\libmysql.vcxproj]
C:\Users\user\Documents\GitHub\HyperXTalk\thirdparty\libmysql\src\violite.h(65,47): error C2146: syntax error: missing ';' before identifier 'size' [C:\Users\user\Documents\GitHub\HyperXTalk\build-win-x86_64\livecode\thirdparty\libmysql\libmysql.vcxproj]
C:\Users\user\Documents\GitHub\HyperXTalk\thirdparty\libmysql\src\violite.h(65,51): error C2059: syntax error: ')' [C:\Users\user\Documents\GitHub\HyperXTalk\build-win-x86_64\livecode\thirdparty\libmysql\libmysql.vcxproj]
C:\Users\user\Documents\GitHub\HyperXTalk\thirdparty\libmysql\src\violite.h(66,27): error C2143: syntax error: missing ')' before '*' [C:\Users\user\Documents\GitHub\HyperXTalk\build-win-x86_64\livecode\thirdparty\libmysql\libmysql.vcxproj]
C:\Users\user\Documents\GitHub\HyperXTalk\thirdparty\libmysql\src\violite.h(66,27): error C2143: syntax error: missing '{' before '*' [C:\Users\user\Documents\GitHub\HyperXTalk\build-win-x86_64\livecode\thirdparty\libmysql\libmysql.vcxproj]
C:\Users\user\Documents\GitHub\HyperXTalk\thirdparty\libmysql\src\violite.h(66,33): error C2371: 'uchar': redefinition; different basic types [C:\Users\user\Documents\GitHub\HyperXTalk\build-win-x86_64\livecode\thirdparty\libmysql\libmysql.vcxproj]
C:\Users\user\Documents\GitHub\HyperXTalk\thirdparty\libmysql\src\my_global.h(977): message : see declaration of 'uchar' [C:\Users\user\Documents\GitHub\HyperXTalk\build-win-x86_64\livecode\thirdparty\libmysql\libmysql.vcxproj]
C:\Users\user\Documents\GitHub\HyperXTalk\thirdparty\libmysql\src\violite.h(66,39): error C2143: syntax error: missing ';' before '*' [C:\Users\user\Documents\GitHub\HyperXTalk\build-win-x86_64\livecode\thirdparty\libmysql\libmysql.vcxproj]
C:\Users\user\Documents\GitHub\HyperXTalk\thirdparty\libmysql\src\violite.h(66,46): error C2370: 'size_t': redefinition; different storage class [C:\Users\user\Documents\GitHub\HyperXTalk\build-win-x86_64\livecode\thirdparty\libmysql\libmysql.vcxproj]
C:\Program Files (x86)\Microsoft Visual Studio\2019\Community\VC\Tools\MSVC\14.29.30133\include\vcruntime.h(197): message : see declaration of 'size_t' [C:\Users\user\Documents\GitHub\HyperXTalk\build-win-x86_64\livecode\thirdparty\libmysql\libmysql.vcxproj]
C:\Users\user\Documents\GitHub\HyperXTalk\thirdparty\libmysql\src\violite.h(66,53): error C2146: syntax error: missing ';' before identifier 'size' [C:\Users\user\Documents\GitHub\HyperXTalk\build-win-x86_64\livecode\thirdparty\libmysql\libmysql.vcxproj]
C:\Users\user\Documents\GitHub\HyperXTalk\thirdparty\libmysql\src\violite.h(66,57): error C2059: syntax error: ')' [C:\Users\user\Documents\GitHub\HyperXTalk\build-win-x86_64\livecode\thirdparty\libmysql\libmysql.vcxproj]
C:\Users\user\Documents\GitHub\HyperXTalk\thirdparty\libmysql\src\violite.h(67,22): error C2143: syntax error: missing ')' before '*' [C:\Users\user\Documents\GitHub\HyperXTalk\build-win-x86_64\livecode\thirdparty\libmysql\libmysql.vcxproj]
C:\Users\user\Documents\GitHub\HyperXTalk\thirdparty\libmysql\src\violite.h(67,22): error C2143: syntax error: missing '{' before '*' [C:\Users\user\Documents\GitHub\HyperXTalk\build-win-x86_64\livecode\thirdparty\libmysql\libmysql.vcxproj]
C:\Users\user\Documents\GitHub\HyperXTalk\thirdparty\libmysql\src\violite.h(67,34): error C2371: 'uchar': redefinition; different basic types [C:\Users\user\Documents\GitHub\HyperXTalk\build-win-x86_64\livecode\thirdparty\libmysql\libmysql.vcxproj]
C:\Users\user\Documents\GitHub\HyperXTalk\thirdparty\libmysql\src\my_global.h(977): message : see declaration of 'uchar' [C:\Users\user\Documents\GitHub\HyperXTalk\build-win-x86_64\livecode\thirdparty\libmysql\libmysql.vcxproj]
C:\Users\user\Documents\GitHub\HyperXTalk\thirdparty\libmysql\src\violite.h(67,40): error C2143: syntax error: missing ';' before '*' [C:\Users\user\Documents\GitHub\HyperXTalk\build-win-x86_64\livecode\thirdparty\libmysql\libmysql.vcxproj]
C:\Users\user\Documents\GitHub\HyperXTalk\thirdparty\libmysql\src\violite.h(67,47): error C2370: 'size_t': redefinition; different storage class [C:\Users\user\Documents\GitHub\HyperXTalk\build-win-x86_64\livecode\thirdparty\libmysql\libmysql.vcxproj]
C:\Program Files (x86)\Microsoft Visual Studio\2019\Community\VC\Tools\MSVC\14.29.30133\include\vcruntime.h(197): message : see declaration of 'size_t' [C:\Users\user\Documents\GitHub\HyperXTalk\build-win-x86_64\livecode\thirdparty\libmysql\libmysql.vcxproj]
C:\Users\user\Documents\GitHub\HyperXTalk\thirdparty\libmysql\src\violite.h(67,54): error C2146: syntax error: missing ';' before identifier 'size' [C:\Users\user\Documents\GitHub\HyperXTalk\build-win-x86_64\livecode\thirdparty\libmysql\libmysql.vcxproj]
C:\Users\user\Documents\GitHub\HyperXTalk\thirdparty\libmysql\src\violite.h(67,58): error C2059: syntax error: ')' [C:\Users\user\Documents\GitHub\HyperXTalk\build-win-x86_64\livecode\thirdparty\libmysql\libmysql.vcxproj]
C:\Users\user\Documents\GitHub\HyperXTalk\thirdparty\libmysql\src\violite.h(68,22): error C2143: syntax error: missing ')' before '*' [C:\Users\user\Documents\GitHub\HyperXTalk\build-win-x86_64\livecode\thirdparty\libmysql\libmysql.vcxproj]
C:\Users\user\Documents\GitHub\HyperXTalk\thirdparty\libmysql\src\violite.h(68,22): error C2143: syntax error: missing '{' before '*' [C:\Users\user\Documents\GitHub\HyperXTalk\build-win-x86_64\livecode\thirdparty\libmysql\libmysql.vcxproj]
C:\Users\user\Documents\GitHub\HyperXTalk\thirdparty\libmysql\src\violite.h(68,28): error C2371: 'my_bool': redefinition; different basic types [C:\Users\user\Documents\GitHub\HyperXTalk\build-win-x86_64\livecode\thirdparty\libmysql\libmysql.vcxproj]
C:\Users\user\Documents\GitHub\HyperXTalk\thirdparty\libmysql\src\my_global.h(626): message : see declaration of 'my_bool' [C:\Users\user\Documents\GitHub\HyperXTalk\build-win-x86_64\livecode\thirdparty\libmysql\libmysql.vcxproj]
C:\Users\user\Documents\GitHub\HyperXTalk\thirdparty\libmysql\src\violite.h(68,36): error C2146: syntax error: missing ';' before identifier 'onoff' [C:\Users\user\Documents\GitHub\HyperXTalk\build-win-x86_64\livecode\thirdparty\libmysql\libmysql.vcxproj]
C:\Users\user\Documents\GitHub\HyperXTalk\thirdparty\libmysql\src\violite.h(68,43): error C2371: 'my_bool': redefinition; different basic types [C:\Users\user\Documents\GitHub\HyperXTalk\build-win-x86_64\livecode\thirdparty\libmysql\libmysql.vcxproj]
C:\Users\user\Documents\GitHub\HyperXTalk\thirdparty\libmysql\src\my_global.h(626): message : see declaration of 'my_bool' [C:\Users\user\Documents\GitHub\HyperXTalk\build-win-x86_64\livecode\thirdparty\libmysql\libmysql.vcxproj]
C:\Users\user\Documents\GitHub\HyperXTalk\thirdparty\libmysql\src\violite.h(68,51): error C2143: syntax error: missing ';' before '*' [C:\Users\user\Documents\GitHub\HyperXTalk\build-win-x86_64\livecode\thirdparty\libmysql\libmysql.vcxproj]
C:\Users\user\Documents\GitHub\HyperXTalk\thirdparty\libmysql\src\violite.h(68,60): error C2059: syntax error: ')' [C:\Users\user\Documents\GitHub\HyperXTalk\build-win-x86_64\livecode\thirdparty\libmysql\libmysql.vcxproj]
C:\Users\user\Documents\GitHub\HyperXTalk\thirdparty\libmysql\src\violite.h(69,29): error C2143: syntax error: missing ')' before '*' [C:\Users\user\Documents\GitHub\HyperXTalk\build-win-x86_64\livecode\thirdparty\libmysql\libmysql.vcxproj]
C:\Users\user\Documents\GitHub\HyperXTalk\thirdparty\libmysql\src\violite.h(69,29): error C2143: syntax error: missing '{' before '*' [C:\Users\user\Documents\GitHub\HyperXTalk\build-win-x86_64\livecode\thirdparty\libmysql\libmysql.vcxproj]
C:\Users\user\Documents\GitHub\HyperXTalk\thirdparty\libmysql\src\violite.h(69,33): error C2059: syntax error: ')' [C:\Users\user\Documents\GitHub\HyperXTalk\build-win-x86_64\livecode\thirdparty\libmysql\libmysql.vcxproj]
C:\Users\user\Documents\GitHub\HyperXTalk\thirdparty\libmysql\src\violite.h(71,22): error C2143: syntax error: missing ')' before '*' [C:\Users\user\Documents\GitHub\HyperXTalk\build-win-x86_64\livecode\thirdparty\libmysql\libmysql.vcxproj]
C:\Users\user\Documents\GitHub\HyperXTalk\thirdparty\libmysql\src\violite.h(71,22): error C2143: syntax error: missing '{' before '*' [C:\Users\user\Documents\GitHub\HyperXTalk\build-win-x86_64\livecode\thirdparty\libmysql\libmysql.vcxproj]
C:\Users\user\Documents\GitHub\HyperXTalk\thirdparty\libmysql\src\violite.h(71,26): error C2059: syntax error: ')' [C:\Users\user\Documents\GitHub\HyperXTalk\build-win-x86_64\livecode\thirdparty\libmysql\libmysql.vcxproj]
C:\Users\user\Documents\GitHub\HyperXTalk\thirdparty\libmysql\src\violite.h(73,23): error C2143: syntax error: missing ')' before '*' [C:\Users\user\Documents\GitHub\HyperXTalk\build-win-x86_64\livecode\thirdparty\libmysql\libmysql.vcxproj]
C:\Users\user\Documents\GitHub\HyperXTalk\thirdparty\libmysql\src\violite.h(73,23): error C2143: syntax error: missing '{' before '*' [C:\Users\user\Documents\GitHub\HyperXTalk\build-win-x86_64\livecode\thirdparty\libmysql\libmysql.vcxproj]
C:\Users\user\Documents\GitHub\HyperXTalk\thirdparty\libmysql\src\violite.h(73,29): error C2371: 'my_bool': redefinition; different basic types [C:\Users\user\Documents\GitHub\HyperXTalk\build-win-x86_64\livecode\thirdparty\libmysql\libmysql.vcxproj]
C:\Users\user\Documents\GitHub\HyperXTalk\thirdparty\libmysql\src\my_global.h(626): message : see declaration of 'my_bool' [C:\Users\user\Documents\GitHub\HyperXTalk\build-win-x86_64\livecode\thirdparty\libmysql\libmysql.vcxproj]
C:\Users\user\Documents\GitHub\HyperXTalk\thirdparty\libmysql\src\violite.h(73,37): error C2146: syntax error: missing ';' before identifier 'onoff' [C:\Users\user\Documents\GitHub\HyperXTalk\build-win-x86_64\livecode\thirdparty\libmysql\libmysql.vcxproj]
C:\Users\user\Documents\GitHub\HyperXTalk\thirdparty\libmysql\src\violite.h(73,42): error C2059: syntax error: ')' [C:\Users\user\Documents\GitHub\HyperXTalk\build-win-x86_64\livecode\thirdparty\libmysql\libmysql.vcxproj]
C:\Users\user\Documents\GitHub\HyperXTalk\thirdparty\libmysql\src\violite.h(75,30): error C2143: syntax error: missing ')' before '*' [C:\Users\user\Documents\GitHub\HyperXTalk\build-win-x86_64\livecode\thirdparty\libmysql\libmysql.vcxproj]
C:\Users\user\Documents\GitHub\HyperXTalk\thirdparty\libmysql\src\violite.h(75,30): error C2143: syntax error: missing '{' before '*' [C:\Users\user\Documents\GitHub\HyperXTalk\build-win-x86_64\livecode\thirdparty\libmysql\libmysql.vcxproj]
C:\Users\user\Documents\GitHub\HyperXTalk\thirdparty\libmysql\src\violite.h(75,34): error C2059: syntax error: ')' [C:\Users\user\Documents\GitHub\HyperXTalk\build-win-x86_64\livecode\thirdparty\libmysql\libmysql.vcxproj]
C:\Users\user\Documents\GitHub\HyperXTalk\thirdparty\libmysql\src\violite.h(77,33): error C2143: syntax error: missing ')' before '*' [C:\Users\user\Documents\GitHub\HyperXTalk\build-win-x86_64\livecode\thirdparty\libmysql\libmysql.vcxproj]
C:\Users\user\Documents\GitHub\HyperXTalk\thirdparty\libmysql\src\violite.h(77,33): error C2143: syntax error: missing '{' before '*' [C:\Users\user\Documents\GitHub\HyperXTalk\build-win-x86_64\livecode\thirdparty\libmysql\libmysql.vcxproj]
C:\Users\user\Documents\GitHub\HyperXTalk\thirdparty\libmysql\src\violite.h(77,37): error C2059: syntax error: ')' [C:\Users\user\Documents\GitHub\HyperXTalk\build-win-x86_64\livecode\thirdparty\libmysql\libmysql.vcxproj]
C:\Users\user\Documents\GitHub\HyperXTalk\thirdparty\libmysql\src\violite.h(79,33): error C2143: syntax error: missing ')' before '*' [C:\Users\user\Documents\GitHub\HyperXTalk\build-win-x86_64\livecode\thirdparty\libmysql\libmysql.vcxproj]
C:\Users\user\Documents\GitHub\HyperXTalk\thirdparty\libmysql\src\violite.h(79,33): error C2143: syntax error: missing '{' before '*' [C:\Users\user\Documents\GitHub\HyperXTalk\build-win-x86_64\livecode\thirdparty\libmysql\libmysql.vcxproj]
C:\Users\user\Documents\GitHub\HyperXTalk\thirdparty\libmysql\src\violite.h(79,37): error C2059: syntax error: ')' [C:\Users\user\Documents\GitHub\HyperXTalk\build-win-x86_64\livecode\thirdparty\libmysql\libmysql.vcxproj]
C:\Users\user\Documents\GitHub\HyperXTalk\thirdparty\libmysql\src\violite.h(81,32): error C2143: syntax error: missing ')' before '*' [C:\Users\user\Documents\GitHub\HyperXTalk\build-win-x86_64\livecode\thirdparty\libmysql\libmysql.vcxproj]
C:\Users\user\Documents\GitHub\HyperXTalk\thirdparty\libmysql\src\violite.h(81,32): error C2143: syntax error: missing '{' before '*' [C:\Users\user\Documents\GitHub\HyperXTalk\build-win-x86_64\livecode\thirdparty\libmysql\libmysql.vcxproj]
C:\Users\user\Documents\GitHub\HyperXTalk\thirdparty\libmysql\src\violite.h(81,37): error C2059: syntax error: ')' [C:\Users\user\Documents\GitHub\HyperXTalk\build-win-x86_64\livecode\thirdparty\libmysql\libmysql.vcxproj]
C:\Users\user\Documents\GitHub\HyperXTalk\thirdparty\libmysql\src\violite.h(83,18): error C2143: syntax error: missing ')' before '*' [C:\Users\user\Documents\GitHub\HyperXTalk\build-win-x86_64\livecode\thirdparty\libmysql\libmysql.vcxproj]
C:\Users\user\Documents\GitHub\HyperXTalk\thirdparty\libmysql\src\violite.h(83,18): error C2143: syntax error: missing '{' before '*' [C:\Users\user\Documents\GitHub\HyperXTalk\build-win-x86_64\livecode\thirdparty\libmysql\libmysql.vcxproj]
C:\Users\user\Documents\GitHub\HyperXTalk\thirdparty\libmysql\src\violite.h(83,22): error C2059: syntax error: ')' [C:\Users\user\Documents\GitHub\HyperXTalk\build-win-x86_64\livecode\thirdparty\libmysql\libmysql.vcxproj]
C:\Users\user\Documents\GitHub\HyperXTalk\thirdparty\libmysql\src\violite.h(85,21): error C2143: syntax error: missing ')' before '*' [C:\Users\user\Documents\GitHub\HyperXTalk\build-win-x86_64\livecode\thirdparty\libmysql\libmysql.vcxproj]
C:\Users\user\Documents\GitHub\HyperXTalk\thirdparty\libmysql\src\violite.h(85,21): error C2143: syntax error: missing '{' before '*' [C:\Users\user\Documents\GitHub\HyperXTalk\build-win-x86_64\livecode\thirdparty\libmysql\libmysql.vcxproj]
C:\Users\user\Documents\GitHub\HyperXTalk\thirdparty\libmysql\src\violite.h(85,25): error C2059: syntax error: ')' [C:\Users\user\Documents\GitHub\HyperXTalk\build-win-x86_64\livecode\thirdparty\libmysql\libmysql.vcxproj]
C:\Users\user\Documents\GitHub\HyperXTalk\thirdparty\libmysql\src\violite.h(87,27): error C2143: syntax error: missing ')' before '*' [C:\Users\user\Documents\GitHub\HyperXTalk\build-win-x86_64\livecode\thirdparty\libmysql\libmysql.vcxproj]
C:\Users\user\Documents\GitHub\HyperXTalk\thirdparty\libmysql\src\violite.h(87,27): error C2143: syntax error: missing '{' before '*' [C:\Users\user\Documents\GitHub\HyperXTalk\build-win-x86_64\livecode\thirdparty\libmysql\libmysql.vcxproj]
C:\Users\user\Documents\GitHub\HyperXTalk\thirdparty\libmysql\src\violite.h(87,38): error C2059: syntax error: 'type' [C:\Users\user\Documents\GitHub\HyperXTalk\build-win-x86_64\livecode\thirdparty\libmysql\libmysql.vcxproj]
C:\Users\user\Documents\GitHub\HyperXTalk\thirdparty\libmysql\src\violite.h(87,71): error C2059: syntax error: ')' [C:\Users\user\Documents\GitHub\HyperXTalk\build-win-x86_64\livecode\thirdparty\libmysql\libmysql.vcxproj]
C:\Users\user\Documents\GitHub\HyperXTalk\thirdparty\libmysql\src\violite.h(88,27): error C2143: syntax error: missing ')' before '*' [C:\Users\user\Documents\GitHub\HyperXTalk\build-win-x86_64\livecode\thirdparty\libmysql\libmysql.vcxproj]
C:\Users\user\Documents\GitHub\HyperXTalk\thirdparty\libmysql\src\violite.h(88,27): error C2143: syntax error: missing '{' before '*' [C:\Users\user\Documents\GitHub\HyperXTalk\build-win-x86_64\livecode\thirdparty\libmysql\libmysql.vcxproj]
C:\Users\user\Documents\GitHub\HyperXTalk\thirdparty\libmysql\src\violite.h(88,32): error C2370: 'uint': redefinition; different storage class [C:\Users\user\Documents\GitHub\HyperXTalk\build-win-x86_64\livecode\thirdparty\libmysql\libmysql.vcxproj]
C:\Users\user\Documents\GitHub\HyperXTalk\thirdparty\libmysql\src\config-win.h(153): message : see declaration of 'uint' [C:\Users\user\Documents\GitHub\HyperXTalk\build-win-x86_64\livecode\thirdparty\libmysql\libmysql.vcxproj]
C:\Users\user\Documents\GitHub\HyperXTalk\thirdparty\libmysql\src\violite.h(88,37): error C2146: syntax error: missing ';' before identifier 'timeout' [C:\Users\user\Documents\GitHub\HyperXTalk\build-win-x86_64\livecode\thirdparty\libmysql\libmysql.vcxproj]
C:\Users\user\Documents\GitHub\HyperXTalk\thirdparty\libmysql\src\violite.h(88,44): error C2059: syntax error: ')' [C:\Users\user\Documents\GitHub\HyperXTalk\build-win-x86_64\livecode\thirdparty\libmysql\libmysql.vcxproj]
C:\Users\user\Documents\GitHub\HyperXTalk\thirdparty\libmysql\src\violite.h(89,27): error C2143: syntax error: missing ')' before '*' [C:\Users\user\Documents\GitHub\HyperXTalk\build-win-x86_64\livecode\thirdparty\libmysql\libmysql.vcxproj]
C:\Users\user\Documents\GitHub\HyperXTalk\thirdparty\libmysql\src\violite.h(89,27): error C2143: syntax error: missing '{' before '*' [C:\Users\user\Documents\GitHub\HyperXTalk\build-win-x86_64\livecode\thirdparty\libmysql\libmysql.vcxproj]
C:\Users\user\Documents\GitHub\HyperXTalk\thirdparty\libmysql\src\violite.h(89,33): error C2370: 'uint': redefinition; different storage class [C:\Users\user\Documents\GitHub\HyperXTalk\build-win-x86_64\livecode\thirdparty\libmysql\libmysql.vcxproj]
C:\Users\user\Documents\GitHub\HyperXTalk\thirdparty\libmysql\src\config-win.h(153): message : see declaration of 'uint' [C:\Users\user\Documents\GitHub\HyperXTalk\build-win-x86_64\livecode\thirdparty\libmysql\libmysql.vcxproj]
C:\Users\user\Documents\GitHub\HyperXTalk\thirdparty\libmysql\src\violite.h(89,38): error C2143: syntax error: missing ';' before '*' [C:\Users\user\Documents\GitHub\HyperXTalk\build-win-x86_64\livecode\thirdparty\libmysql\libmysql.vcxproj]
C:\Users\user\Documents\GitHub\HyperXTalk\thirdparty\libmysql\src\violite.h(89,44): error C2059: syntax error: ')' [C:\Users\user\Documents\GitHub\HyperXTalk\build-win-x86_64\livecode\thirdparty\libmysql\libmysql.vcxproj]
C:\Users\user\Documents\GitHub\HyperXTalk\thirdparty\libmysql\src\violite.h(89,44): fatal error C1003: error count exceeds 100; stopping compilation [C:\Users\user\Documents\GitHub\HyperXTalk\build-win-x86_64\livecode\thirdparty\libmysql\libmysql.vcxproj]
Done Building Project "C:\Users\user\Documents\GitHub\HyperXTalk\build-win-x86_64\livecode\thirdparty\libmysql\libmysql.vcxproj" (default targets) -- FAILED.
Project "C:\Users\user\Documents\GitHub\HyperXTalk\build-win-x86_64\livecode\thirdparty-prebuilts.vcxproj" (74) is building "C:\Users\user\Documents\GitHub\HyperXTalk\build-win-x86_64\livecode\thirdparty\libsqlite\libsqlite.vcxproj" (90) on node 1 (default targets).
InitializeBuildStatus:
ClCompile:
Lib:
  libsqlite.vcxproj -> C:\Users\user\Documents\GitHub\HyperXTalk\build-win-x86_64\livecode\Debug\lib\libsqlite.lib
FinalizeBuildStatus:
Done Building Project "C:\Users\user\Documents\GitHub\HyperXTalk\build-win-x86_64\livecode\thirdparty\libsqlite\libsqlite.vcxproj" (default targets).
Project "C:\Users\user\Documents\GitHub\HyperXTalk\build-win-x86_64\livecode\thirdparty-prebuilts.vcxproj" (74) is building "C:\Users\user\Documents\GitHub\HyperXTalk\build-win-x86_64\livecode\thirdparty\libxml\libxml.vcxproj" (91) on node 1 (default targets).
InitializeBuildStatus:
ClCompile:
Lib:
  libxml.vcxproj -> C:\Users\user\Documents\GitHub\HyperXTalk\build-win-x86_64\livecode\Debug\lib\libxml.lib
FinalizeBuildStatus:
Done Building Project "C:\Users\user\Documents\GitHub\HyperXTalk\build-win-x86_64\livecode\thirdparty\libxml\libxml.vcxproj" (default targets).
Project "C:\Users\user\Documents\GitHub\HyperXTalk\build-win-x86_64\livecode\thirdparty-prebuilts.vcxproj" (74) is building "C:\Users\user\Documents\GitHub\HyperXTalk\build-win-x86_64\livecode\thirdparty\libxslt\libxslt.vcxproj" (92) on node 1 (default targets).
InitializeBuildStatus:
ClCompile:
Lib:
  libxslt.vcxproj -> C:\Users\user\Documents\GitHub\HyperXTalk\build-win-x86_64\livecode\Debug\lib\libxslt.lib
FinalizeBuildStatus:
Done Building Project "C:\Users\user\Documents\GitHub\HyperXTalk\build-win-x86_64\livecode\thirdparty\libxslt\libxslt.vcxproj" (default targets).
Project "C:\Users\user\Documents\GitHub\HyperXTalk\build-win-x86_64\livecode\thirdparty-prebuilts.vcxproj" (74) is building "C:\Users\user\Documents\GitHub\HyperXTalk\build-win-x86_64\livecode\thirdparty\libzip\libzip.vcxproj" (93) on node 1 (default targets).
InitializeBuildStatus:
ClCompile:
Lib:
  libzip.vcxproj -> C:\Users\user\Documents\GitHub\HyperXTalk\build-win-x86_64\livecode\Debug\lib\libzip.lib
FinalizeBuildStatus:
Done Building Project "C:\Users\user\Documents\GitHub\HyperXTalk\build-win-x86_64\livecode\thirdparty\libzip\libzip.vcxproj" (default targets).
Project "C:\Users\user\Documents\GitHub\HyperXTalk\build-win-x86_64\livecode\thirdparty-prebuilts.vcxproj" (74) is building "C:\Users\user\Documents\GitHub\HyperXTalk\build-win-x86_64\livecode\thirdparty\libiodbc\libiodbc.vcxproj" (94) on node 1 (default targets).
InitializeBuildStatus:
FinalizeBuildStatus:
Done Building Project "C:\Users\user\Documents\GitHub\HyperXTalk\build-win-x86_64\livecode\thirdparty\libiodbc\libiodbc.vcxproj" (default targets).
Project "C:\Users\user\Documents\GitHub\HyperXTalk\build-win-x86_64\livecode\thirdparty-prebuilts.vcxproj" (74) is building "C:\Users\user\Documents\GitHub\HyperXTalk\build-win-x86_64\livecode\thirdparty\libpq\libpq.vcxproj" (95) on node 1 (default targets).
InitializeBuildStatus:
ClCompile:
Lib:
  libpq.vcxproj -> C:\Users\user\Documents\GitHub\HyperXTalk\build-win-x86_64\livecode\Debug\lib\libpq.lib
FinalizeBuildStatus:
Done Building Project "C:\Users\user\Documents\GitHub\HyperXTalk\build-win-x86_64\livecode\thirdparty\libpq\libpq.vcxproj" (default targets).
Project "C:\Users\user\Documents\GitHub\HyperXTalk\build-win-x86_64\livecode\thirdparty-prebuilts.vcxproj" (74) is building "C:\Users\user\Documents\GitHub\HyperXTalk\build-win-x86_64\livecode\thirdparty\libcairo\libcairo.vcxproj" (96) on node 1 (default targets).
InitializeBuildStatus:
ClCompile:
Lib:
  libcairo.vcxproj -> C:\Users\user\Documents\GitHub\HyperXTalk\build-win-x86_64\livecode\Debug\lib\libcairo.lib
FinalizeBuildStatus:
Done Building Project "C:\Users\user\Documents\GitHub\HyperXTalk\build-win-x86_64\livecode\thirdparty\libcairo\libcairo.vcxproj" (default targets).
Done Building Project "C:\Users\user\Documents\GitHub\HyperXTalk\build-win-x86_64\livecode\thirdparty-prebuilts.vcxproj" (default targets) -- FAILED.
Project "C:\Users\user\Documents\GitHub\HyperXTalk\build-win-x86_64\livecode\livecode.sln" (1) is building "C:\Users\user\Documents\GitHub\HyperXTalk\build-win-x86_64\livecode\prebuilt\thirdparty_prebuilt_cairo.vcxproj" (97) on node 1 (default targets).
InitializeBuildStatus:
FinalizeBuildStatus:
Done Building Project "C:\Users\user\Documents\GitHub\HyperXTalk\build-win-x86_64\livecode\prebuilt\thirdparty_prebuilt_cairo.vcxproj" (default targets).
Project "C:\Users\user\Documents\GitHub\HyperXTalk\build-win-x86_64\livecode\livecode.sln" (1) is building "C:\Users\user\Documents\GitHub\HyperXTalk\build-win-x86_64\livecode\prebuilt\thirdparty_prebuilt_pq.vcxproj" (98) on node 1 (default targets).
InitializeBuildStatus:
FinalizeBuildStatus:
Done Building Project "C:\Users\user\Documents\GitHub\HyperXTalk\build-win-x86_64\livecode\prebuilt\thirdparty_prebuilt_pq.vcxproj" (default targets).
Project "C:\Users\user\Documents\GitHub\HyperXTalk\build-win-x86_64\livecode\livecode.sln" (1) is building "C:\Users\user\Documents\GitHub\HyperXTalk\build-win-x86_64\livecode\prebuilt\thirdparty_prebuilt_xml.vcxproj" (99) on node 1 (default targets).
InitializeBuildStatus:
FinalizeBuildStatus:
Done Building Project "C:\Users\user\Documents\GitHub\HyperXTalk\build-win-x86_64\livecode\prebuilt\thirdparty_prebuilt_xml.vcxproj" (default targets).
Project "C:\Users\user\Documents\GitHub\HyperXTalk\build-win-x86_64\livecode\livecode.sln" (1) is building "C:\Users\user\Documents\GitHub\HyperXTalk\build-win-x86_64\livecode\prebuilt\thirdparty_prebuilt_xslt.vcxproj" (100) on node 1 (default targets).
InitializeBuildStatus:
FinalizeBuildStatus:
Done Building Project "C:\Users\user\Documents\GitHub\HyperXTalk\build-win-x86_64\livecode\prebuilt\thirdparty_prebuilt_xslt.vcxproj" (default targets).
Project "C:\Users\user\Documents\GitHub\HyperXTalk\build-win-x86_64\livecode\livecode.sln" (1) is building "C:\Users\user\Documents\GitHub\HyperXTalk\build-win-x86_64\livecode\prebuilt\thirdparty_prebuilt_zip.vcxproj" (101) on node 1 (default targets).
InitializeBuildStatus:
FinalizeBuildStatus:
Done Building Project "C:\Users\user\Documents\GitHub\HyperXTalk\build-win-x86_64\livecode\prebuilt\thirdparty_prebuilt_zip.vcxproj" (default targets).
Project "C:\Users\user\Documents\GitHub\HyperXTalk\build-win-x86_64\livecode\livecode.sln" (1) is building "C:\Users\user\Documents\GitHub\HyperXTalk\build-win-x86_64\livecode\toolchain\toolchain-all.vcxproj" (102) on node 1 (default targets).
Project "C:\Users\user\Documents\GitHub\HyperXTalk\build-win-x86_64\livecode\toolchain\toolchain-all.vcxproj" (102) is building "C:\Users\user\Documents\GitHub\HyperXTalk\build-win-x86_64\livecode\toolchain\lc-compile-ffi-java\lc-compile-ffi-java.vcxproj" (103) on node 1 (default targets).
Project "C:\Users\user\Documents\GitHub\HyperXTalk\build-win-x86_64\livecode\toolchain\lc-compile-ffi-java\lc-compile-ffi-java.vcxproj" (103) is building "C:\Users\user\Documents\GitHub\HyperXTalk\build-win-x86_64\livecode\toolchain\lc-compile-ffi-java\src\lc-compile-ffi-java.vcxproj" (104) on node 1 (default targets).
Project "C:\Users\user\Documents\GitHub\HyperXTalk\build-win-x86_64\livecode\toolchain\lc-compile-ffi-java\src\lc-compile-ffi-java.vcxproj" (104) is building "C:\Users\user\Documents\GitHub\HyperXTalk\build-win-x86_64\livecode\toolchain\lc-compile-ffi-java\src\lc-compile-ffi-java-lib.vcxproj" (105) on node 1 (default targets).
InitializeBuildStatus:
ClCompile:
Lib:
  lc-compile-ffi-java-lib.vcxproj -> C:\Users\user\Documents\GitHub\HyperXTalk\build-win-x86_64\livecode\Debug\lib\lc-compile-ffi-java-lib-target.lib
FinalizeBuildStatus:
Done Building Project "C:\Users\user\Documents\GitHub\HyperXTalk\build-win-x86_64\livecode\toolchain\lc-compile-ffi-java\src\lc-compile-ffi-java-lib.vcxproj" (default targets).
Done Building Project "C:\Users\user\Documents\GitHub\HyperXTalk\build-win-x86_64\livecode\toolchain\lc-compile-ffi-java\src\lc-compile-ffi-java.vcxproj" (default targets) -- FAILED.
Done Building Project "C:\Users\user\Documents\GitHub\HyperXTalk\build-win-x86_64\livecode\toolchain\lc-compile-ffi-java\lc-compile-ffi-java.vcxproj" (default targets) -- FAILED.
Done Building Project "C:\Users\user\Documents\GitHub\HyperXTalk\build-win-x86_64\livecode\toolchain\toolchain-all.vcxproj" (default targets) -- FAILED.
Project "C:\Users\user\Documents\GitHub\HyperXTalk\build-win-x86_64\livecode\livecode.sln" (1) is building "C:\Users\user\Documents\GitHub\HyperXTalk\build-win-x86_64\livecode\extensions\libraries\timezone\tz\tz.vcxproj" (107) on node 1 (default targets).
Project "C:\Users\user\Documents\GitHub\HyperXTalk\build-win-x86_64\livecode\extensions\libraries\timezone\tz\tz.vcxproj" (107) is building "C:\Users\user\Documents\GitHub\HyperXTalk\build-win-x86_64\livecode\extensions\libraries\timezone\tz\libtz-build.vcxproj" (108) on node 1 (default targets).
InitializeBuildStatus:
ClCompile:
Link:
  libtz-build.vcxproj -> C:\Users\user\Documents\GitHub\HyperXTalk\build-win-x86_64\livecode\Debug\\tz.dll
FinalizeBuildStatus:
Done Building Project "C:\Users\user\Documents\GitHub\HyperXTalk\build-win-x86_64\livecode\extensions\libraries\timezone\tz\libtz-build.vcxproj" (default targets).
InitializeBuildStatus:
CustomBuild:
FinalizeBuildStatus:
Done Building Project "C:\Users\user\Documents\GitHub\HyperXTalk\build-win-x86_64\livecode\extensions\libraries\timezone\tz\tz.vcxproj" (default targets).
Done Building Project "C:\Users\user\Documents\GitHub\HyperXTalk\build-win-x86_64\livecode\livecode.sln" (default targets) -- FAILED.
"C:\Users\user\Documents\GitHub\HyperXTalk\build-win-x86_64\livecode\livecode.sln" (default target) (1) ->
"C:\Users\user\Documents\GitHub\HyperXTalk\build-win-x86_64\livecode\revbrowser\revbrowser-cefprocess.vcxproj" (default target) (5) ->
"C:\Users\user\Documents\GitHub\HyperXTalk\build-win-x86_64\livecode\prebuilt\thirdparty_prebuilt_z.vcxproj" (default target) (6) ->
"C:\Users\user\Documents\GitHub\HyperXTalk\build-win-x86_64\livecode\prebuilt\thirdparty_prebuilt_dep.vcxproj" (default target) (7) ->
"C:\Users\user\Documents\GitHub\HyperXTalk\build-win-x86_64\livecode\prebuilt\fetch.vcxproj" (default target) (8) ->
"C:\Users\user\Documents\GitHub\HyperXTalk\build-win-x86_64\livecode\prebuilt\fetch-win.vcxproj" (default target) (9) ->
  C:\Program Files (x86)\Microsoft Visual Studio\2019\Community\MSBuild\Microsoft\VC\v160\Microsoft.CppCommon.targets(241,5): warning MSB8065: Custom build for item "..\..\..\prebuilt\fetch-libraries.sh" succeeded, but specified output "c:\users\user\documents\github\hyperxtalk\prebuilt\bin\win32\x86" has not been created. This may cause incremental build to work incorrectly. [C:\Users\user\Documents\GitHub\HyperXTalk\build-win-x86_64\livecode\prebuilt\fetch-win.vcxproj]
  C:\Program Files (x86)\Microsoft Visual Studio\2019\Community\MSBuild\Microsoft\VC\v160\Microsoft.CppCommon.targets(241,5): warning MSB8065: Custom build for item "..\..\..\prebuilt\fetch-libraries.sh" succeeded, but specified output "c:\users\user\documents\github\hyperxtalk\prebuilt\lib\win32\x86" has not been created. This may cause incremental build to work incorrectly. [C:\Users\user\Documents\GitHub\HyperXTalk\build-win-x86_64\livecode\prebuilt\fetch-win.vcxproj]
  C:\Program Files (x86)\Microsoft Visual Studio\2019\Community\MSBuild\Microsoft\VC\v160\Microsoft.CppCommon.targets(241,5): warning MSB8065: Custom build for item "..\..\..\prebuilt\fetch-libraries.sh" succeeded, but specified output "c:\users\user\documents\github\hyperxtalk\prebuilt\unpacked" has not been created. This may cause incremental build to work incorrectly. [C:\Users\user\Documents\GitHub\HyperXTalk\build-win-x86_64\livecode\prebuilt\fetch-win.vcxproj]
"C:\Users\user\Documents\GitHub\HyperXTalk\build-win-x86_64\livecode\livecode.sln" (default target) (1) ->
"C:\Users\user\Documents\GitHub\HyperXTalk\build-win-x86_64\livecode\libcpptest\run-test-libcpptest.vcxproj" (default target) (70) ->
"C:\Users\user\Documents\GitHub\HyperXTalk\build-win-x86_64\livecode\libcpptest\test-libcpptest.vcxproj" (default target) (71) ->
  trivial.obj : warning LNK4075: ignoring '/EDITANDCONTINUE' due to '/OPT:ICF' specification [C:\Users\user\Documents\GitHub\HyperXTalk\build-win-x86_64\livecode\libcpptest\test-libcpptest.vcxproj]
  C:\Users\user\Documents\GitHub\HyperXTalk\build-win-x86_64\livecode\Debug\lib\libcpptest.lib : warning LNK4272: library machine type 'x86' conflicts with target machine type 'x64' [C:\Users\user\Documents\GitHub\HyperXTalk\build-win-x86_64\livecode\libcpptest\test-libcpptest.vcxproj]
"C:\Users\user\Documents\GitHub\HyperXTalk\build-win-x86_64\livecode\livecode.sln" (default target) (1) ->
"C:\Users\user\Documents\GitHub\HyperXTalk\build-win-x86_64\livecode\revbrowser\revbrowser-cefprocess.vcxproj" (default target) (5) ->
"C:\Users\user\Documents\GitHub\HyperXTalk\build-win-x86_64\livecode\thirdparty\libffi\libffi.vcxproj" (default target) (19) ->
  ..\..\..\..\thirdparty\libffi\src\x86\win64.asm(891): error A2119: language type must be specified [C:\Users\user\Documents\GitHub\HyperXTalk\build-win-x86_64\livecode\thirdparty\libffi\libffi.vcxproj]
  ..\..\..\..\thirdparty\libffi\src\x86\win64.asm(925): error A2008: syntax error : . [C:\Users\user\Documents\GitHub\HyperXTalk\build-win-x86_64\livecode\thirdparty\libffi\libffi.vcxproj]
  ..\..\..\..\thirdparty\libffi\src\x86\win64.asm(927): error A2008: syntax error : . [C:\Users\user\Documents\GitHub\HyperXTalk\build-win-x86_64\livecode\thirdparty\libffi\libffi.vcxproj]
  ..\..\..\..\thirdparty\libffi\src\x86\win64.asm(939): error A2119: language type must be specified [C:\Users\user\Documents\GitHub\HyperXTalk\build-win-x86_64\livecode\thirdparty\libffi\libffi.vcxproj]
  ..\..\..\..\thirdparty\libffi\src\x86\win64.asm(945): error A2008: syntax error : . [C:\Users\user\Documents\GitHub\HyperXTalk\build-win-x86_64\livecode\thirdparty\libffi\libffi.vcxproj]
  ..\..\..\..\thirdparty\libffi\src\x86\win64.asm(947): error A2008: syntax error : . [C:\Users\user\Documents\GitHub\HyperXTalk\build-win-x86_64\livecode\thirdparty\libffi\libffi.vcxproj]
  ..\..\..\..\thirdparty\libffi\src\x86\win64.asm(949): error A2008: syntax error : . [C:\Users\user\Documents\GitHub\HyperXTalk\build-win-x86_64\livecode\thirdparty\libffi\libffi.vcxproj]
  ..\..\..\..\thirdparty\libffi\src\x86\win64.asm(951): error A2008: syntax error : . [C:\Users\user\Documents\GitHub\HyperXTalk\build-win-x86_64\livecode\thirdparty\libffi\libffi.vcxproj]
  ..\..\..\..\thirdparty\libffi\src\x86\win64.asm(1054): error A2008: syntax error : cdqe [C:\Users\user\Documents\GitHub\HyperXTalk\build-win-x86_64\livecode\thirdparty\libffi\libffi.vcxproj]
  ..\..\..\..\thirdparty\libffi\src\x86\win64.asm(1103): error A2008: syntax error : cdqe [C:\Users\user\Documents\GitHub\HyperXTalk\build-win-x86_64\livecode\thirdparty\libffi\libffi.vcxproj]
  ..\..\..\..\thirdparty\libffi\src\x86\win64.asm(893): error A2006: undefined symbol : r11 [C:\Users\user\Documents\GitHub\HyperXTalk\build-win-x86_64\livecode\thirdparty\libffi\libffi.vcxproj]
  ..\..\..\..\thirdparty\libffi\src\x86\win64.asm(895): error A2006: undefined symbol : rsp [C:\Users\user\Documents\GitHub\HyperXTalk\build-win-x86_64\livecode\thirdparty\libffi\libffi.vcxproj]
  ..\..\..\..\thirdparty\libffi\src\x86\win64.asm(898): error A2006: undefined symbol : rsp [C:\Users\user\Documents\GitHub\HyperXTalk\build-win-x86_64\livecode\thirdparty\libffi\libffi.vcxproj]
  ..\..\..\..\thirdparty\libffi\src\x86\win64.asm(901): error A2006: undefined symbol : r11 [C:\Users\user\Documents\GitHub\HyperXTalk\build-win-x86_64\livecode\thirdparty\libffi\libffi.vcxproj]
  ..\..\..\..\thirdparty\libffi\src\x86\win64.asm(903): error A2006: undefined symbol : rsp [C:\Users\user\Documents\GitHub\HyperXTalk\build-win-x86_64\livecode\thirdparty\libffi\libffi.vcxproj]
  ..\..\..\..\thirdparty\libffi\src\x86\win64.asm(906): error A2006: undefined symbol : rsp [C:\Users\user\Documents\GitHub\HyperXTalk\build-win-x86_64\livecode\thirdparty\libffi\libffi.vcxproj]
  ..\..\..\..\thirdparty\libffi\src\x86\win64.asm(909): error A2006: undefined symbol : r11 [C:\Users\user\Documents\GitHub\HyperXTalk\build-win-x86_64\livecode\thirdparty\libffi\libffi.vcxproj]
  ..\..\..\..\thirdparty\libffi\src\x86\win64.asm(911): error A2006: undefined symbol : rsp [C:\Users\user\Documents\GitHub\HyperXTalk\build-win-x86_64\livecode\thirdparty\libffi\libffi.vcxproj]
  ..\..\..\..\thirdparty\libffi\src\x86\win64.asm(914): error A2006: undefined symbol : rsp [C:\Users\user\Documents\GitHub\HyperXTalk\build-win-x86_64\livecode\thirdparty\libffi\libffi.vcxproj]
  ..\..\..\..\thirdparty\libffi\src\x86\win64.asm(917): error A2006: undefined symbol : r11 [C:\Users\user\Documents\GitHub\HyperXTalk\build-win-x86_64\livecode\thirdparty\libffi\libffi.vcxproj]
  ..\..\..\..\thirdparty\libffi\src\x86\win64.asm(919): error A2006: undefined symbol : rsp [C:\Users\user\Documents\GitHub\HyperXTalk\build-win-x86_64\livecode\thirdparty\libffi\libffi.vcxproj]
  ..\..\..\..\thirdparty\libffi\src\x86\win64.asm(922): error A2006: undefined symbol : rsp [C:\Users\user\Documents\GitHub\HyperXTalk\build-win-x86_64\livecode\thirdparty\libffi\libffi.vcxproj]
  ..\..\..\..\thirdparty\libffi\src\x86\win64.asm(926): error A2006: undefined symbol : rsp [C:\Users\user\Documents\GitHub\HyperXTalk\build-win-x86_64\livecode\thirdparty\libffi\libffi.vcxproj]
  ..\..\..\..\thirdparty\libffi\src\x86\win64.asm(928): error A2006: undefined symbol : rcx [C:\Users\user\Documents\GitHub\HyperXTalk\build-win-x86_64\livecode\thirdparty\libffi\libffi.vcxproj]
  ..\..\..\..\thirdparty\libffi\src\x86\win64.asm(929): error A2006: undefined symbol : rdx [C:\Users\user\Documents\GitHub\HyperXTalk\build-win-x86_64\livecode\thirdparty\libffi\libffi.vcxproj]
  ..\..\..\..\thirdparty\libffi\src\x86\win64.asm(930): error A2006: undefined symbol : rdx [C:\Users\user\Documents\GitHub\HyperXTalk\build-win-x86_64\livecode\thirdparty\libffi\libffi.vcxproj]
  ..\..\..\..\thirdparty\libffi\src\x86\win64.asm(931): error A2006: undefined symbol : rax [C:\Users\user\Documents\GitHub\HyperXTalk\build-win-x86_64\livecode\thirdparty\libffi\libffi.vcxproj]
  ..\..\..\..\thirdparty\libffi\src\x86\win64.asm(932): error A2006: undefined symbol : rax [C:\Users\user\Documents\GitHub\HyperXTalk\build-win-x86_64\livecode\thirdparty\libffi\libffi.vcxproj]
  ..\..\..\..\thirdparty\libffi\src\x86\win64.asm(933): error A2006: undefined symbol : rsp [C:\Users\user\Documents\GitHub\HyperXTalk\build-win-x86_64\livecode\thirdparty\libffi\libffi.vcxproj]
  ..\..\..\..\thirdparty\libffi\src\x86\win64.asm(934): error A2006: undefined symbol : rax [C:\Users\user\Documents\GitHub\HyperXTalk\build-win-x86_64\livecode\thirdparty\libffi\libffi.vcxproj]
  ..\..\..\..\thirdparty\libffi\src\x86\win64.asm(941): error A2006: undefined symbol : rsp [C:\Users\user\Documents\GitHub\HyperXTalk\build-win-x86_64\livecode\thirdparty\libffi\libffi.vcxproj]
  ..\..\..\..\thirdparty\libffi\src\x86\win64.asm(942): error A2006: undefined symbol : rsp [C:\Users\user\Documents\GitHub\HyperXTalk\build-win-x86_64\livecode\thirdparty\libffi\libffi.vcxproj]
  ..\..\..\..\thirdparty\libffi\src\x86\win64.asm(943): error A2006: undefined symbol : rsp [C:\Users\user\Documents\GitHub\HyperXTalk\build-win-x86_64\livecode\thirdparty\libffi\libffi.vcxproj]
  ..\..\..\..\thirdparty\libffi\src\x86\win64.asm(944): error A2006: undefined symbol : rsp [C:\Users\user\Documents\GitHub\HyperXTalk\build-win-x86_64\livecode\thirdparty\libffi\libffi.vcxproj]
  ..\..\..\..\thirdparty\libffi\src\x86\win64.asm(946): error A2006: undefined symbol : rbp [C:\Users\user\Documents\GitHub\HyperXTalk\build-win-x86_64\livecode\thirdparty\libffi\libffi.vcxproj]
  ..\..\..\..\thirdparty\libffi\src\x86\win64.asm(948): error A2006: undefined symbol : rsp [C:\Users\user\Documents\GitHub\HyperXTalk\build-win-x86_64\livecode\thirdparty\libffi\libffi.vcxproj]
  ..\..\..\..\thirdparty\libffi\src\x86\win64.asm(950): error A2006: undefined symbol : rbp [C:\Users\user\Documents\GitHub\HyperXTalk\build-win-x86_64\livecode\thirdparty\libffi\libffi.vcxproj]
  ..\..\..\..\thirdparty\libffi\src\x86\win64.asm(953): error A2006: undefined symbol : rbp [C:\Users\user\Documents\GitHub\HyperXTalk\build-win-x86_64\livecode\thirdparty\libffi\libffi.vcxproj]
  ..\..\..\..\thirdparty\libffi\src\x86\win64.asm(954): error A2006: undefined symbol : rax [C:\Users\user\Documents\GitHub\HyperXTalk\build-win-x86_64\livecode\thirdparty\libffi\libffi.vcxproj]
  ..\..\..\..\thirdparty\libffi\src\x86\win64.asm(955): error A2006: undefined symbol : rax [C:\Users\user\Documents\GitHub\HyperXTalk\build-win-x86_64\livecode\thirdparty\libffi\libffi.vcxproj]
  ..\..\..\..\thirdparty\libffi\src\x86\win64.asm(957): error A2006: undefined symbol : rsp [C:\Users\user\Documents\GitHub\HyperXTalk\build-win-x86_64\livecode\thirdparty\libffi\libffi.vcxproj]
  ..\..\..\..\thirdparty\libffi\src\x86\win64.asm(958): error A2006: undefined symbol : rax [C:\Users\user\Documents\GitHub\HyperXTalk\build-win-x86_64\livecode\thirdparty\libffi\libffi.vcxproj]
  ..\..\..\..\thirdparty\libffi\src\x86\win64.asm(959): error A2006: undefined symbol : rbp [C:\Users\user\Documents\GitHub\HyperXTalk\build-win-x86_64\livecode\thirdparty\libffi\libffi.vcxproj]
  ..\..\..\..\thirdparty\libffi\src\x86\win64.asm(961): error A2006: undefined symbol : rdx [C:\Users\user\Documents\GitHub\HyperXTalk\build-win-x86_64\livecode\thirdparty\libffi\libffi.vcxproj]
  ..\..\..\..\thirdparty\libffi\src\x86\win64.asm(962): error A2006: undefined symbol : rcx [C:\Users\user\Documents\GitHub\HyperXTalk\build-win-x86_64\livecode\thirdparty\libffi\libffi.vcxproj]
  ..\..\..\..\thirdparty\libffi\src\x86\win64.asm(963): error A2006: undefined symbol : rbp [C:\Users\user\Documents\GitHub\HyperXTalk\build-win-x86_64\livecode\thirdparty\libffi\libffi.vcxproj]
  ..\..\..\..\thirdparty\libffi\src\x86\win64.asm(965): error A2006: undefined symbol : rsp [C:\Users\user\Documents\GitHub\HyperXTalk\build-win-x86_64\livecode\thirdparty\libffi\libffi.vcxproj]
  ..\..\..\..\thirdparty\libffi\src\x86\win64.asm(967): error A2006: undefined symbol : rsp [C:\Users\user\Documents\GitHub\HyperXTalk\build-win-x86_64\livecode\thirdparty\libffi\libffi.vcxproj]
  ..\..\..\..\thirdparty\libffi\src\x86\win64.asm(968): error A2006: undefined symbol : r9 [C:\Users\user\Documents\GitHub\HyperXTalk\build-win-x86_64\livecode\thirdparty\libffi\libffi.vcxproj]
  ..\..\..\..\thirdparty\libffi\src\x86\win64.asm(970): error A2006: undefined symbol : rsp [C:\Users\user\Documents\GitHub\HyperXTalk\build-win-x86_64\livecode\thirdparty\libffi\libffi.vcxproj]
  ..\..\..\..\thirdparty\libffi\src\x86\win64.asm(971): error A2006: undefined symbol : r8 [C:\Users\user\Documents\GitHub\HyperXTalk\build-win-x86_64\livecode\thirdparty\libffi\libffi.vcxproj]
  ..\..\..\..\thirdparty\libffi\src\x86\win64.asm(973): error A2006: undefined symbol : rsp [C:\Users\user\Documents\GitHub\HyperXTalk\build-win-x86_64\livecode\thirdparty\libffi\libffi.vcxproj]
  ..\..\..\..\thirdparty\libffi\src\x86\win64.asm(974): error A2006: undefined symbol : rdx [C:\Users\user\Documents\GitHub\HyperXTalk\build-win-x86_64\livecode\thirdparty\libffi\libffi.vcxproj]
  ..\..\..\..\thirdparty\libffi\src\x86\win64.asm(976): error A2006: undefined symbol : rsp [C:\Users\user\Documents\GitHub\HyperXTalk\build-win-x86_64\livecode\thirdparty\libffi\libffi.vcxproj]
  ..\..\..\..\thirdparty\libffi\src\x86\win64.asm(977): error A2006: undefined symbol : rcx [C:\Users\user\Documents\GitHub\HyperXTalk\build-win-x86_64\livecode\thirdparty\libffi\libffi.vcxproj]
  ..\..\..\..\thirdparty\libffi\src\x86\win64.asm(979): error A2006: undefined symbol : rbp [C:\Users\user\Documents\GitHub\HyperXTalk\build-win-x86_64\livecode\thirdparty\libffi\libffi.vcxproj]
  ..\..\..\..\thirdparty\libffi\src\x86\win64.asm(981): error A2006: undefined symbol : rbp [C:\Users\user\Documents\GitHub\HyperXTalk\build-win-x86_64\livecode\thirdparty\libffi\libffi.vcxproj]
  ..\..\..\..\thirdparty\libffi\src\x86\win64.asm(984): error A2006: undefined symbol : rcx [C:\Users\user\Documents\GitHub\HyperXTalk\build-win-x86_64\livecode\thirdparty\libffi\libffi.vcxproj]
  ..\..\..\..\thirdparty\libffi\src\x86\win64.asm(985): error A2006: undefined symbol : rcx [C:\Users\user\Documents\GitHub\HyperXTalk\build-win-x86_64\livecode\thirdparty\libffi\libffi.vcxproj]
  ..\..\..\..\thirdparty\libffi\src\x86\win64.asm(989): error A2006: undefined symbol : rbp [C:\Users\user\Documents\GitHub\HyperXTalk\build-win-x86_64\livecode\thirdparty\libffi\libffi.vcxproj]
  ..\..\..\..\thirdparty\libffi\src\x86\win64.asm(992): error A2006: undefined symbol : rcx [C:\Users\user\Documents\GitHub\HyperXTalk\build-win-x86_64\livecode\thirdparty\libffi\libffi.vcxproj]
  ..\..\..\..\thirdparty\libffi\src\x86\win64.asm(993): error A2006: undefined symbol : rcx [C:\Users\user\Documents\GitHub\HyperXTalk\build-win-x86_64\livecode\thirdparty\libffi\libffi.vcxproj]
  ..\..\..\..\thirdparty\libffi\src\x86\win64.asm(997): error A2006: undefined symbol : rbp [C:\Users\user\Documents\GitHub\HyperXTalk\build-win-x86_64\livecode\thirdparty\libffi\libffi.vcxproj]
  ..\..\..\..\thirdparty\libffi\src\x86\win64.asm(1000): error A2006: undefined symbol : rcx [C:\Users\user\Documents\GitHub\HyperXTalk\build-win-x86_64\livecode\thirdparty\libffi\libffi.vcxproj]
  ..\..\..\..\thirdparty\libffi\src\x86\win64.asm(1001): error A2006: undefined symbol : rcx [C:\Users\user\Documents\GitHub\HyperXTalk\build-win-x86_64\livecode\thirdparty\libffi\libffi.vcxproj]
  ..\..\..\..\thirdparty\libffi\src\x86\win64.asm(1005): error A2006: undefined symbol : rbp [C:\Users\user\Documents\GitHub\HyperXTalk\build-win-x86_64\livecode\thirdparty\libffi\libffi.vcxproj]
  ..\..\..\..\thirdparty\libffi\src\x86\win64.asm(1008): error A2006: undefined symbol : rcx [C:\Users\user\Documents\GitHub\HyperXTalk\build-win-x86_64\livecode\thirdparty\libffi\libffi.vcxproj]
  ..\..\..\..\thirdparty\libffi\src\x86\win64.asm(1009): error A2006: undefined symbol : rax [C:\Users\user\Documents\GitHub\HyperXTalk\build-win-x86_64\livecode\thirdparty\libffi\libffi.vcxproj]
  ..\..\..\..\thirdparty\libffi\src\x86\win64.asm(1010): error A2006: undefined symbol : rcx [C:\Users\user\Documents\GitHub\HyperXTalk\build-win-x86_64\livecode\thirdparty\libffi\libffi.vcxproj]
  ..\..\..\..\thirdparty\libffi\src\x86\win64.asm(1014): error A2006: undefined symbol : rbp [C:\Users\user\Documents\GitHub\HyperXTalk\build-win-x86_64\livecode\thirdparty\libffi\libffi.vcxproj]
  ..\..\..\..\thirdparty\libffi\src\x86\win64.asm(1017): error A2006: undefined symbol : rcx [C:\Users\user\Documents\GitHub\HyperXTalk\build-win-x86_64\livecode\thirdparty\libffi\libffi.vcxproj]
  ..\..\..\..\thirdparty\libffi\src\x86\win64.asm(1018): error A2006: undefined symbol : rax [C:\Users\user\Documents\GitHub\HyperXTalk\build-win-x86_64\livecode\thirdparty\libffi\libffi.vcxproj]
  ..\..\..\..\thirdparty\libffi\src\x86\win64.asm(1019): error A2006: undefined symbol : rcx [C:\Users\user\Documents\GitHub\HyperXTalk\build-win-x86_64\livecode\thirdparty\libffi\libffi.vcxproj]
  ..\..\..\..\thirdparty\libffi\src\x86\win64.asm(1023): error A2006: undefined symbol : rbp [C:\Users\user\Documents\GitHub\HyperXTalk\build-win-x86_64\livecode\thirdparty\libffi\libffi.vcxproj]
  ..\..\..\..\thirdparty\libffi\src\x86\win64.asm(1026): error A2006: undefined symbol : rcx [C:\Users\user\Documents\GitHub\HyperXTalk\build-win-x86_64\livecode\thirdparty\libffi\libffi.vcxproj]
  ..\..\..\..\thirdparty\libffi\src\x86\win64.asm(1027): error A2006: undefined symbol : rax [C:\Users\user\Documents\GitHub\HyperXTalk\build-win-x86_64\livecode\thirdparty\libffi\libffi.vcxproj]
  ..\..\..\..\thirdparty\libffi\src\x86\win64.asm(1028): error A2006: undefined symbol : rcx [C:\Users\user\Documents\GitHub\HyperXTalk\build-win-x86_64\livecode\thirdparty\libffi\libffi.vcxproj]
  ..\..\..\..\thirdparty\libffi\src\x86\win64.asm(1032): error A2006: undefined symbol : rbp [C:\Users\user\Documents\GitHub\HyperXTalk\build-win-x86_64\livecode\thirdparty\libffi\libffi.vcxproj]
  ..\..\..\..\thirdparty\libffi\src\x86\win64.asm(1035): error A2006: undefined symbol : rcx [C:\Users\user\Documents\GitHub\HyperXTalk\build-win-x86_64\livecode\thirdparty\libffi\libffi.vcxproj]
  ..\..\..\..\thirdparty\libffi\src\x86\win64.asm(1036): error A2006: undefined symbol : rax [C:\Users\user\Documents\GitHub\HyperXTalk\build-win-x86_64\livecode\thirdparty\libffi\libffi.vcxproj]
  ..\..\..\..\thirdparty\libffi\src\x86\win64.asm(1037): error A2006: undefined symbol : rcx [C:\Users\user\Documents\GitHub\HyperXTalk\build-win-x86_64\livecode\thirdparty\libffi\libffi.vcxproj]
  ..\..\..\..\thirdparty\libffi\src\x86\win64.asm(1041): error A2006: undefined symbol : rbp [C:\Users\user\Documents\GitHub\HyperXTalk\build-win-x86_64\livecode\thirdparty\libffi\libffi.vcxproj]
  ..\..\..\..\thirdparty\libffi\src\x86\win64.asm(1044): error A2006: undefined symbol : rcx [C:\Users\user\Documents\GitHub\HyperXTalk\build-win-x86_64\livecode\thirdparty\libffi\libffi.vcxproj]
  ..\..\..\..\thirdparty\libffi\src\x86\win64.asm(1046): error A2006: undefined symbol : rcx [C:\Users\user\Documents\GitHub\HyperXTalk\build-win-x86_64\livecode\thirdparty\libffi\libffi.vcxproj]
  ..\..\..\..\thirdparty\libffi\src\x86\win64.asm(1050): error A2006: undefined symbol : rbp [C:\Users\user\Documents\GitHub\HyperXTalk\build-win-x86_64\livecode\thirdparty\libffi\libffi.vcxproj]
  ..\..\..\..\thirdparty\libffi\src\x86\win64.asm(1053): error A2006: undefined symbol : rcx [C:\Users\user\Documents\GitHub\HyperXTalk\build-win-x86_64\livecode\thirdparty\libffi\libffi.vcxproj]
  ..\..\..\..\thirdparty\libffi\src\x86\win64.asm(1055): error A2006: undefined symbol : rcx [C:\Users\user\Documents\GitHub\HyperXTalk\build-win-x86_64\livecode\thirdparty\libffi\libffi.vcxproj]
  ..\..\..\..\thirdparty\libffi\src\x86\win64.asm(1059): error A2006: undefined symbol : rbp [C:\Users\user\Documents\GitHub\HyperXTalk\build-win-x86_64\livecode\thirdparty\libffi\libffi.vcxproj]
  ..\..\..\..\thirdparty\libffi\src\x86\win64.asm(1062): error A2006: undefined symbol : rax [C:\Users\user\Documents\GitHub\HyperXTalk\build-win-x86_64\livecode\thirdparty\libffi\libffi.vcxproj]
  ..\..\..\..\thirdparty\libffi\src\x86\win64.asm(1063): error A2006: undefined symbol : rax [C:\Users\user\Documents\GitHub\HyperXTalk\build-win-x86_64\livecode\thirdparty\libffi\libffi.vcxproj]
  ..\..\..\..\thirdparty\libffi\src\x86\win64.asm(1067): error A2006: undefined symbol : rbp [C:\Users\user\Documents\GitHub\HyperXTalk\build-win-x86_64\livecode\thirdparty\libffi\libffi.vcxproj]
  ..\..\..\..\thirdparty\libffi\src\x86\win64.asm(1070): error A2006: undefined symbol : rax [C:\Users\user\Documents\GitHub\HyperXTalk\build-win-x86_64\livecode\thirdparty\libffi\libffi.vcxproj]
  ..\..\..\..\thirdparty\libffi\src\x86\win64.asm(1071): error A2006: undefined symbol : rax [C:\Users\user\Documents\GitHub\HyperXTalk\build-win-x86_64\livecode\thirdparty\libffi\libffi.vcxproj]
  ..\..\..\..\thirdparty\libffi\src\x86\win64.asm(1075): error A2006: undefined symbol : rbp [C:\Users\user\Documents\GitHub\HyperXTalk\build-win-x86_64\livecode\thirdparty\libffi\libffi.vcxproj]
  ..\..\..\..\thirdparty\libffi\src\x86\win64.asm(1078): error A2006: undefined symbol : rcx [C:\Users\user\Documents\GitHub\HyperXTalk\build-win-x86_64\livecode\thirdparty\libffi\libffi.vcxproj]
  ..\..\..\..\thirdparty\libffi\src\x86\win64.asm(1079): error A2006: undefined symbol : rcx [C:\Users\user\Documents\GitHub\HyperXTalk\build-win-x86_64\livecode\thirdparty\libffi\libffi.vcxproj]
  ..\..\..\..\thirdparty\libffi\src\x86\win64.asm(1083): error A2006: undefined symbol : rbp [C:\Users\user\Documents\GitHub\HyperXTalk\build-win-x86_64\livecode\thirdparty\libffi\libffi.vcxproj]
  ..\..\..\..\thirdparty\libffi\src\x86\win64.asm(1086): error A2006: undefined symbol : rcx [C:\Users\user\Documents\GitHub\HyperXTalk\build-win-x86_64\livecode\thirdparty\libffi\libffi.vcxproj]
  ..\..\..\..\thirdparty\libffi\src\x86\win64.asm(1087): error A2006: undefined symbol : rcx [C:\Users\user\Documents\GitHub\HyperXTalk\build-win-x86_64\livecode\thirdparty\libffi\libffi.vcxproj]
  ..\..\..\..\thirdparty\libffi\src\x86\win64.asm(1091): error A2006: undefined symbol : rbp [C:\Users\user\Documents\GitHub\HyperXTalk\build-win-x86_64\livecode\thirdparty\libffi\libffi.vcxproj]
  ..\..\..\..\thirdparty\libffi\src\x86\win64.asm(1094): fatal error A1012: error count exceeds 100; stopping assembly [C:\Users\user\Documents\GitHub\HyperXTalk\build-win-x86_64\livecode\thirdparty\libffi\libffi.vcxproj]
  C:\Program Files (x86)\Microsoft Visual Studio\2019\Community\MSBuild\Microsoft\VC\v160\BuildCustomizations\masm.targets(70,5): error MSB3721: The command "ml.exe /c /nologo /Zi /Fo"Debug\Win32\obj\libffi\win64.obj" /W0 /errorReport:prompt  /Ta..\..\..\..\thirdparty\libffi\src\x86\win64.asm" exited with code 1. [C:\Users\user\Documents\GitHub\HyperXTalk\build-win-x86_64\livecode\thirdparty\libffi\libffi.vcxproj]
"C:\Users\user\Documents\GitHub\HyperXTalk\build-win-x86_64\livecode\livecode.sln" (default target) (1) ->
"C:\Users\user\Documents\GitHub\HyperXTalk\build-win-x86_64\livecode\libcpptest\run-test-libcpptest.vcxproj" (default target) (70) ->
"C:\Users\user\Documents\GitHub\HyperXTalk\build-win-x86_64\livecode\libcpptest\test-libcpptest.vcxproj" (default target) (71) ->
  trivial.obj : error LNK2019: unresolved external symbol "bool __cdecl testing::internal::IsTrue(bool)" (?IsTrue@internal@testing@@YA_N_N@Z) referenced in function "public: static void (__cdecl*__cdecl testing::internal::SuiteApiResolver<class testing::Test>::GetSetUpCaseOrSuite(char const *,int))(void)" (?GetSetUpCaseOrSuite@?$SuiteApiResolver@VTest@testing@@@internal@testing@@SAP6AXXZPEBDH@Z) [C:\Users\user\Documents\GitHub\HyperXTalk\build-win-x86_64\livecode\libcpptest\test-libcpptest.vcxproj]
  trivial.obj : error LNK2019: unresolved external symbol "public: __cdecl testing::internal::GTestLog::GTestLog(enum testing::internal::GTestLogSeverity,char const *,int)" (??0GTestLog@internal@testing@@QEAA@W4GTestLogSeverity@12@PEBDH@Z) referenced in function "public: static void (__cdecl*__cdecl testing::internal::SuiteApiResolver<class testing::Test>::GetSetUpCaseOrSuite(char const *,int))(void)" (?GetSetUpCaseOrSuite@?$SuiteApiResolver@VTest@testing@@@internal@testing@@SAP6AXXZPEBDH@Z) [C:\Users\user\Documents\GitHub\HyperXTalk\build-win-x86_64\livecode\libcpptest\test-libcpptest.vcxproj]
  trivial.obj : error LNK2019: unresolved external symbol "public: __cdecl testing::internal::GTestLog::~GTestLog(void)" (??1GTestLog@internal@testing@@QEAA@XZ) referenced in function "public: static void (__cdecl*__cdecl testing::internal::SuiteApiResolver<class testing::Test>::GetSetUpCaseOrSuite(char const *,int))(void)" (?GetSetUpCaseOrSuite@?$SuiteApiResolver@VTest@testing@@@internal@testing@@SAP6AXXZPEBDH@Z) [C:\Users\user\Documents\GitHub\HyperXTalk\build-win-x86_64\livecode\libcpptest\test-libcpptest.vcxproj]
  trivial.obj : error LNK2019: unresolved external symbol "public: __cdecl testing::Message::Message(void)" (??0Message@testing@@QEAA@XZ) referenced in function "private: virtual void __cdecl trivial_trivial_Test::TestBody(void)" (?TestBody@trivial_trivial_Test@@EEAAXXZ) [C:\Users\user\Documents\GitHub\HyperXTalk\build-win-x86_64\livecode\libcpptest\test-libcpptest.vcxproj]
  trivial.obj : error LNK2019: unresolved external symbol "class std::basic_string<char,struct std::char_traits<char>,class std::allocator<char> > __cdecl testing::internal::GetBoolAssertionFailureMessage(class testing::AssertionResult const &,char const *,char const *,char const *)" (?GetBoolAssertionFailureMessage@internal@testing@@YA?AV?$basic_string@DU?$char_traits@D@std@@V?$allocator@D@2@@std@@AEBVAssertionResult@2@PEBD11@Z) referenced in function "private: virtual void __cdecl trivial_trivial_Test::TestBody(void)" (?TestBody@trivial_trivial_Test@@EEAAXXZ) [C:\Users\user\Documents\GitHub\HyperXTalk\build-win-x86_64\livecode\libcpptest\test-libcpptest.vcxproj]
  trivial.obj : error LNK2019: unresolved external symbol "void const * __cdecl testing::internal::GetTestTypeId(void)" (?GetTestTypeId@internal@testing@@YAPEBXXZ) referenced in function "void __cdecl `dynamic initializer for 'private: static class testing::TestInfo * trivial_trivial_Test::test_info_''(void)" (??__E?test_info_@trivial_trivial_Test@@0QEAVTestInfo@testing@@EA@@YAXXZ) [C:\Users\user\Documents\GitHub\HyperXTalk\build-win-x86_64\livecode\libcpptest\test-libcpptest.vcxproj]
  trivial.obj : error LNK2019: unresolved external symbol "class testing::TestInfo * __cdecl testing::internal::MakeAndRegisterTestInfo(char const *,char const *,char const *,char const *,struct testing::internal::CodeLocation,void const *,void (__cdecl*)(void),void (__cdecl*)(void),class testing::internal::TestFactoryBase *)" (?MakeAndRegisterTestInfo@internal@testing@@YAPEAVTestInfo@2@PEBD000UCodeLocation@12@PEBXP6AXXZ3PEAVTestFactoryBase@12@@Z) referenced in function "void __cdecl `dynamic initializer for 'private: static class testing::TestInfo * trivial_trivial_Test::test_info_''(void)" (??__E?test_info_@trivial_trivial_Test@@0QEAVTestInfo@testing@@EA@@YAXXZ) [C:\Users\user\Documents\GitHub\HyperXTalk\build-win-x86_64\livecode\libcpptest\test-libcpptest.vcxproj]
  trivial.obj : error LNK2019: unresolved external symbol "public: virtual __cdecl testing::Test::~Test(void)" (??1Test@testing@@UEAA@XZ) referenced in function "public: virtual __cdecl trivial_trivial_Test::~trivial_trivial_Test(void)" (??1trivial_trivial_Test@@UEAA@XZ) [C:\Users\user\Documents\GitHub\HyperXTalk\build-win-x86_64\livecode\libcpptest\test-libcpptest.vcxproj]
  trivial.obj : error LNK2019: unresolved external symbol "protected: __cdecl testing::Test::Test(void)" (??0Test@testing@@IEAA@XZ) referenced in function "public: __cdecl trivial_trivial_Test::trivial_trivial_Test(void)" (??0trivial_trivial_Test@@QEAA@XZ) [C:\Users\user\Documents\GitHub\HyperXTalk\build-win-x86_64\livecode\libcpptest\test-libcpptest.vcxproj]
  trivial.obj : error LNK2001: unresolved external symbol "protected: virtual void __cdecl testing::Test::SetUp(void)" (?SetUp@Test@testing@@MEAAXXZ) [C:\Users\user\Documents\GitHub\HyperXTalk\build-win-x86_64\livecode\libcpptest\test-libcpptest.vcxproj]
  trivial.obj : error LNK2001: unresolved external symbol "protected: virtual void __cdecl testing::Test::TearDown(void)" (?TearDown@Test@testing@@MEAAXXZ) [C:\Users\user\Documents\GitHub\HyperXTalk\build-win-x86_64\livecode\libcpptest\test-libcpptest.vcxproj]
  trivial.obj : error LNK2019: unresolved external symbol "public: __cdecl testing::internal::AssertHelper::AssertHelper(enum testing::TestPartResult::Type,char const *,int,char const *)" (??0AssertHelper@internal@testing@@QEAA@W4Type@TestPartResult@2@PEBDH1@Z) referenced in function "private: virtual void __cdecl trivial_trivial_Test::TestBody(void)" (?TestBody@trivial_trivial_Test@@EEAAXXZ) [C:\Users\user\Documents\GitHub\HyperXTalk\build-win-x86_64\livecode\libcpptest\test-libcpptest.vcxproj]
  trivial.obj : error LNK2019: unresolved external symbol "public: __cdecl testing::internal::AssertHelper::~AssertHelper(void)" (??1AssertHelper@internal@testing@@QEAA@XZ) referenced in function "private: virtual void __cdecl trivial_trivial_Test::TestBody(void)" (?TestBody@trivial_trivial_Test@@EEAAXXZ) [C:\Users\user\Documents\GitHub\HyperXTalk\build-win-x86_64\livecode\libcpptest\test-libcpptest.vcxproj]
  trivial.obj : error LNK2019: unresolved external symbol "public: void __cdecl testing::internal::AssertHelper::operator=(class testing::Message const &)const " (??4AssertHelper@internal@testing@@QEBAXAEBVMessage@2@@Z) referenced in function "private: virtual void __cdecl trivial_trivial_Test::TestBody(void)" (?TestBody@trivial_trivial_Test@@EEAAXXZ) [C:\Users\user\Documents\GitHub\HyperXTalk\build-win-x86_64\livecode\libcpptest\test-libcpptest.vcxproj]
  LIBCMTD.lib(exe_main.obj) : error LNK2019: unresolved external symbol main referenced in function "int __cdecl invoke_main(void)" (?invoke_main@@YAHXZ) [C:\Users\user\Documents\GitHub\HyperXTalk\build-win-x86_64\livecode\libcpptest\test-libcpptest.vcxproj]
  C:\Users\user\Documents\GitHub\HyperXTalk\build-win-x86_64\livecode\Debug\test-libcpptest.exe : fatal error LNK1120: 15 unresolved externals [C:\Users\user\Documents\GitHub\HyperXTalk\build-win-x86_64\livecode\libcpptest\test-libcpptest.vcxproj]
"C:\Users\user\Documents\GitHub\HyperXTalk\build-win-x86_64\livecode\livecode.sln" (default target) (1) ->
"C:\Users\user\Documents\GitHub\HyperXTalk\build-win-x86_64\livecode\thirdparty-prebuilts.vcxproj" (default target) (74) ->
"C:\Users\user\Documents\GitHub\HyperXTalk\build-win-x86_64\livecode\thirdparty\libmysql\libmysql.vcxproj" (default target) (89) ->
  C:\Users\user\Documents\GitHub\HyperXTalk\thirdparty\libmysql\src\violite.h(44,4): error C2143: syntax error: missing '{' before '*' [C:\Users\user\Documents\GitHub\HyperXTalk\build-win-x86_64\livecode\thirdparty\libmysql\libmysql.vcxproj]
  C:\Users\user\Documents\GitHub\HyperXTalk\thirdparty\libmysql\src\violite.h(46,4): error C2143: syntax error: missing '{' before '*' [C:\Users\user\Documents\GitHub\HyperXTalk\build-win-x86_64\livecode\thirdparty\libmysql\libmysql.vcxproj]
  C:\Users\user\Documents\GitHub\HyperXTalk\thirdparty\libmysql\src\violite.h(47,4): error C2143: syntax error: missing '{' before '*' [C:\Users\user\Documents\GitHub\HyperXTalk\build-win-x86_64\livecode\thirdparty\libmysql\libmysql.vcxproj]
  C:\Users\user\Documents\GitHub\HyperXTalk\thirdparty\libmysql\src\violite.h(54,26): error C2143: syntax error: missing ')' before '*' [C:\Users\user\Documents\GitHub\HyperXTalk\build-win-x86_64\livecode\thirdparty\libmysql\libmysql.vcxproj]
  C:\Users\user\Documents\GitHub\HyperXTalk\thirdparty\libmysql\src\violite.h(54,26): error C2143: syntax error: missing '{' before '*' [C:\Users\user\Documents\GitHub\HyperXTalk\build-win-x86_64\livecode\thirdparty\libmysql\libmysql.vcxproj]
  C:\Users\user\Documents\GitHub\HyperXTalk\thirdparty\libmysql\src\violite.h(54,32): error C2371: 'uchar': redefinition; different basic types [C:\Users\user\Documents\GitHub\HyperXTalk\build-win-x86_64\livecode\thirdparty\libmysql\libmysql.vcxproj]
  C:\Users\user\Documents\GitHub\HyperXTalk\thirdparty\libmysql\src\violite.h(54,38): error C2143: syntax error: missing ';' before '*' [C:\Users\user\Documents\GitHub\HyperXTalk\build-win-x86_64\livecode\thirdparty\libmysql\libmysql.vcxproj]
  C:\Users\user\Documents\GitHub\HyperXTalk\thirdparty\libmysql\src\violite.h(54,45): error C2370: 'size_t': redefinition; different storage class [C:\Users\user\Documents\GitHub\HyperXTalk\build-win-x86_64\livecode\thirdparty\libmysql\libmysql.vcxproj]
  C:\Users\user\Documents\GitHub\HyperXTalk\thirdparty\libmysql\src\violite.h(54,52): error C2146: syntax error: missing ';' before identifier 'size' [C:\Users\user\Documents\GitHub\HyperXTalk\build-win-x86_64\livecode\thirdparty\libmysql\libmysql.vcxproj]
  C:\Users\user\Documents\GitHub\HyperXTalk\thirdparty\libmysql\src\violite.h(54,56): error C2059: syntax error: ')' [C:\Users\user\Documents\GitHub\HyperXTalk\build-win-x86_64\livecode\thirdparty\libmysql\libmysql.vcxproj]
  C:\Users\user\Documents\GitHub\HyperXTalk\thirdparty\libmysql\src\violite.h(55,27): error C2143: syntax error: missing ')' before '*' [C:\Users\user\Documents\GitHub\HyperXTalk\build-win-x86_64\livecode\thirdparty\libmysql\libmysql.vcxproj]
  C:\Users\user\Documents\GitHub\HyperXTalk\thirdparty\libmysql\src\violite.h(55,27): error C2143: syntax error: missing '{' before '*' [C:\Users\user\Documents\GitHub\HyperXTalk\build-win-x86_64\livecode\thirdparty\libmysql\libmysql.vcxproj]
  C:\Users\user\Documents\GitHub\HyperXTalk\thirdparty\libmysql\src\violite.h(55,39): error C2371: 'uchar': redefinition; different basic types [C:\Users\user\Documents\GitHub\HyperXTalk\build-win-x86_64\livecode\thirdparty\libmysql\libmysql.vcxproj]
  C:\Users\user\Documents\GitHub\HyperXTalk\thirdparty\libmysql\src\violite.h(55,45): error C2143: syntax error: missing ';' before '*' [C:\Users\user\Documents\GitHub\HyperXTalk\build-win-x86_64\livecode\thirdparty\libmysql\libmysql.vcxproj]
  C:\Users\user\Documents\GitHub\HyperXTalk\thirdparty\libmysql\src\violite.h(55,52): error C2370: 'size_t': redefinition; different storage class [C:\Users\user\Documents\GitHub\HyperXTalk\build-win-x86_64\livecode\thirdparty\libmysql\libmysql.vcxproj]
  C:\Users\user\Documents\GitHub\HyperXTalk\thirdparty\libmysql\src\violite.h(55,59): error C2146: syntax error: missing ';' before identifier 'size' [C:\Users\user\Documents\GitHub\HyperXTalk\build-win-x86_64\livecode\thirdparty\libmysql\libmysql.vcxproj]
  C:\Users\user\Documents\GitHub\HyperXTalk\thirdparty\libmysql\src\violite.h(55,63): error C2059: syntax error: ')' [C:\Users\user\Documents\GitHub\HyperXTalk\build-win-x86_64\livecode\thirdparty\libmysql\libmysql.vcxproj]
  C:\Users\user\Documents\GitHub\HyperXTalk\thirdparty\libmysql\src\violite.h(56,24): error C2143: syntax error: missing ')' before '*' [C:\Users\user\Documents\GitHub\HyperXTalk\build-win-x86_64\livecode\thirdparty\libmysql\libmysql.vcxproj]
  C:\Users\user\Documents\GitHub\HyperXTalk\thirdparty\libmysql\src\violite.h(56,24): error C2143: syntax error: missing '{' before '*' [C:\Users\user\Documents\GitHub\HyperXTalk\build-win-x86_64\livecode\thirdparty\libmysql\libmysql.vcxproj]
  C:\Users\user\Documents\GitHub\HyperXTalk\thirdparty\libmysql\src\violite.h(56,29): error C2059: syntax error: ')' [C:\Users\user\Documents\GitHub\HyperXTalk\build-win-x86_64\livecode\thirdparty\libmysql\libmysql.vcxproj]
  C:\Users\user\Documents\GitHub\HyperXTalk\thirdparty\libmysql\src\violite.h(61,20): error C2143: syntax error: missing ')' before '*' [C:\Users\user\Documents\GitHub\HyperXTalk\build-win-x86_64\livecode\thirdparty\libmysql\libmysql.vcxproj]
  C:\Users\user\Documents\GitHub\HyperXTalk\thirdparty\libmysql\src\violite.h(61,20): error C2143: syntax error: missing '{' before '*' [C:\Users\user\Documents\GitHub\HyperXTalk\build-win-x86_64\livecode\thirdparty\libmysql\libmysql.vcxproj]
  C:\Users\user\Documents\GitHub\HyperXTalk\thirdparty\libmysql\src\violite.h(61,25): error C2059: syntax error: ')' [C:\Users\user\Documents\GitHub\HyperXTalk\build-win-x86_64\livecode\thirdparty\libmysql\libmysql.vcxproj]
  C:\Users\user\Documents\GitHub\HyperXTalk\thirdparty\libmysql\src\violite.h(62,18): error C2143: syntax error: missing ')' before '*' [C:\Users\user\Documents\GitHub\HyperXTalk\build-win-x86_64\livecode\thirdparty\libmysql\libmysql.vcxproj]
  C:\Users\user\Documents\GitHub\HyperXTalk\thirdparty\libmysql\src\violite.h(62,18): error C2143: syntax error: missing '{' before '*' [C:\Users\user\Documents\GitHub\HyperXTalk\build-win-x86_64\livecode\thirdparty\libmysql\libmysql.vcxproj]
  C:\Users\user\Documents\GitHub\HyperXTalk\thirdparty\libmysql\src\violite.h(62,23): error C2059: syntax error: ')' [C:\Users\user\Documents\GitHub\HyperXTalk\build-win-x86_64\livecode\thirdparty\libmysql\libmysql.vcxproj]
  C:\Users\user\Documents\GitHub\HyperXTalk\thirdparty\libmysql\src\violite.h(63,22): error C2143: syntax error: missing ')' before '*' [C:\Users\user\Documents\GitHub\HyperXTalk\build-win-x86_64\livecode\thirdparty\libmysql\libmysql.vcxproj]
  C:\Users\user\Documents\GitHub\HyperXTalk\thirdparty\libmysql\src\violite.h(63,22): error C2143: syntax error: missing '{' before '*' [C:\Users\user\Documents\GitHub\HyperXTalk\build-win-x86_64\livecode\thirdparty\libmysql\libmysql.vcxproj]
  C:\Users\user\Documents\GitHub\HyperXTalk\thirdparty\libmysql\src\violite.h(63,48): error C2059: syntax error: 'type' [C:\Users\user\Documents\GitHub\HyperXTalk\build-win-x86_64\livecode\thirdparty\libmysql\libmysql.vcxproj]
  C:\Users\user\Documents\GitHub\HyperXTalk\thirdparty\libmysql\src\violite.h(64,57): error C2059: syntax error: ')' [C:\Users\user\Documents\GitHub\HyperXTalk\build-win-x86_64\livecode\thirdparty\libmysql\libmysql.vcxproj]
  C:\Users\user\Documents\GitHub\HyperXTalk\thirdparty\libmysql\src\violite.h(65,21): error C2143: syntax error: missing ')' before '*' [C:\Users\user\Documents\GitHub\HyperXTalk\build-win-x86_64\livecode\thirdparty\libmysql\libmysql.vcxproj]
  C:\Users\user\Documents\GitHub\HyperXTalk\thirdparty\libmysql\src\violite.h(65,21): error C2143: syntax error: missing '{' before '*' [C:\Users\user\Documents\GitHub\HyperXTalk\build-win-x86_64\livecode\thirdparty\libmysql\libmysql.vcxproj]
  C:\Users\user\Documents\GitHub\HyperXTalk\thirdparty\libmysql\src\violite.h(65,27): error C2371: 'uchar': redefinition; different basic types [C:\Users\user\Documents\GitHub\HyperXTalk\build-win-x86_64\livecode\thirdparty\libmysql\libmysql.vcxproj]
  C:\Users\user\Documents\GitHub\HyperXTalk\thirdparty\libmysql\src\violite.h(65,33): error C2143: syntax error: missing ';' before '*' [C:\Users\user\Documents\GitHub\HyperXTalk\build-win-x86_64\livecode\thirdparty\libmysql\libmysql.vcxproj]
  C:\Users\user\Documents\GitHub\HyperXTalk\thirdparty\libmysql\src\violite.h(65,40): error C2370: 'size_t': redefinition; different storage class [C:\Users\user\Documents\GitHub\HyperXTalk\build-win-x86_64\livecode\thirdparty\libmysql\libmysql.vcxproj]
  C:\Users\user\Documents\GitHub\HyperXTalk\thirdparty\libmysql\src\violite.h(65,47): error C2146: syntax error: missing ';' before identifier 'size' [C:\Users\user\Documents\GitHub\HyperXTalk\build-win-x86_64\livecode\thirdparty\libmysql\libmysql.vcxproj]
  C:\Users\user\Documents\GitHub\HyperXTalk\thirdparty\libmysql\src\violite.h(65,51): error C2059: syntax error: ')' [C:\Users\user\Documents\GitHub\HyperXTalk\build-win-x86_64\livecode\thirdparty\libmysql\libmysql.vcxproj]
  C:\Users\user\Documents\GitHub\HyperXTalk\thirdparty\libmysql\src\violite.h(66,27): error C2143: syntax error: missing ')' before '*' [C:\Users\user\Documents\GitHub\HyperXTalk\build-win-x86_64\livecode\thirdparty\libmysql\libmysql.vcxproj]
  C:\Users\user\Documents\GitHub\HyperXTalk\thirdparty\libmysql\src\violite.h(66,27): error C2143: syntax error: missing '{' before '*' [C:\Users\user\Documents\GitHub\HyperXTalk\build-win-x86_64\livecode\thirdparty\libmysql\libmysql.vcxproj]
  C:\Users\user\Documents\GitHub\HyperXTalk\thirdparty\libmysql\src\violite.h(66,33): error C2371: 'uchar': redefinition; different basic types [C:\Users\user\Documents\GitHub\HyperXTalk\build-win-x86_64\livecode\thirdparty\libmysql\libmysql.vcxproj]
  C:\Users\user\Documents\GitHub\HyperXTalk\thirdparty\libmysql\src\violite.h(66,39): error C2143: syntax error: missing ';' before '*' [C:\Users\user\Documents\GitHub\HyperXTalk\build-win-x86_64\livecode\thirdparty\libmysql\libmysql.vcxproj]
  C:\Users\user\Documents\GitHub\HyperXTalk\thirdparty\libmysql\src\violite.h(66,46): error C2370: 'size_t': redefinition; different storage class [C:\Users\user\Documents\GitHub\HyperXTalk\build-win-x86_64\livecode\thirdparty\libmysql\libmysql.vcxproj]
  C:\Users\user\Documents\GitHub\HyperXTalk\thirdparty\libmysql\src\violite.h(66,53): error C2146: syntax error: missing ';' before identifier 'size' [C:\Users\user\Documents\GitHub\HyperXTalk\build-win-x86_64\livecode\thirdparty\libmysql\libmysql.vcxproj]
  C:\Users\user\Documents\GitHub\HyperXTalk\thirdparty\libmysql\src\violite.h(66,57): error C2059: syntax error: ')' [C:\Users\user\Documents\GitHub\HyperXTalk\build-win-x86_64\livecode\thirdparty\libmysql\libmysql.vcxproj]
  C:\Users\user\Documents\GitHub\HyperXTalk\thirdparty\libmysql\src\violite.h(67,22): error C2143: syntax error: missing ')' before '*' [C:\Users\user\Documents\GitHub\HyperXTalk\build-win-x86_64\livecode\thirdparty\libmysql\libmysql.vcxproj]
  C:\Users\user\Documents\GitHub\HyperXTalk\thirdparty\libmysql\src\violite.h(67,22): error C2143: syntax error: missing '{' before '*' [C:\Users\user\Documents\GitHub\HyperXTalk\build-win-x86_64\livecode\thirdparty\libmysql\libmysql.vcxproj]
  C:\Users\user\Documents\GitHub\HyperXTalk\thirdparty\libmysql\src\violite.h(67,34): error C2371: 'uchar': redefinition; different basic types [C:\Users\user\Documents\GitHub\HyperXTalk\build-win-x86_64\livecode\thirdparty\libmysql\libmysql.vcxproj]
  C:\Users\user\Documents\GitHub\HyperXTalk\thirdparty\libmysql\src\violite.h(67,40): error C2143: syntax error: missing ';' before '*' [C:\Users\user\Documents\GitHub\HyperXTalk\build-win-x86_64\livecode\thirdparty\libmysql\libmysql.vcxproj]
  C:\Users\user\Documents\GitHub\HyperXTalk\thirdparty\libmysql\src\violite.h(67,47): error C2370: 'size_t': redefinition; different storage class [C:\Users\user\Documents\GitHub\HyperXTalk\build-win-x86_64\livecode\thirdparty\libmysql\libmysql.vcxproj]
  C:\Users\user\Documents\GitHub\HyperXTalk\thirdparty\libmysql\src\violite.h(67,54): error C2146: syntax error: missing ';' before identifier 'size' [C:\Users\user\Documents\GitHub\HyperXTalk\build-win-x86_64\livecode\thirdparty\libmysql\libmysql.vcxproj]
  C:\Users\user\Documents\GitHub\HyperXTalk\thirdparty\libmysql\src\violite.h(67,58): error C2059: syntax error: ')' [C:\Users\user\Documents\GitHub\HyperXTalk\build-win-x86_64\livecode\thirdparty\libmysql\libmysql.vcxproj]
  C:\Users\user\Documents\GitHub\HyperXTalk\thirdparty\libmysql\src\violite.h(68,22): error C2143: syntax error: missing ')' before '*' [C:\Users\user\Documents\GitHub\HyperXTalk\build-win-x86_64\livecode\thirdparty\libmysql\libmysql.vcxproj]
  C:\Users\user\Documents\GitHub\HyperXTalk\thirdparty\libmysql\src\violite.h(68,22): error C2143: syntax error: missing '{' before '*' [C:\Users\user\Documents\GitHub\HyperXTalk\build-win-x86_64\livecode\thirdparty\libmysql\libmysql.vcxproj]
  C:\Users\user\Documents\GitHub\HyperXTalk\thirdparty\libmysql\src\violite.h(68,28): error C2371: 'my_bool': redefinition; different basic types [C:\Users\user\Documents\GitHub\HyperXTalk\build-win-x86_64\livecode\thirdparty\libmysql\libmysql.vcxproj]
  C:\Users\user\Documents\GitHub\HyperXTalk\thirdparty\libmysql\src\violite.h(68,36): error C2146: syntax error: missing ';' before identifier 'onoff' [C:\Users\user\Documents\GitHub\HyperXTalk\build-win-x86_64\livecode\thirdparty\libmysql\libmysql.vcxproj]
  C:\Users\user\Documents\GitHub\HyperXTalk\thirdparty\libmysql\src\violite.h(68,43): error C2371: 'my_bool': redefinition; different basic types [C:\Users\user\Documents\GitHub\HyperXTalk\build-win-x86_64\livecode\thirdparty\libmysql\libmysql.vcxproj]
  C:\Users\user\Documents\GitHub\HyperXTalk\thirdparty\libmysql\src\violite.h(68,51): error C2143: syntax error: missing ';' before '*' [C:\Users\user\Documents\GitHub\HyperXTalk\build-win-x86_64\livecode\thirdparty\libmysql\libmysql.vcxproj]
  C:\Users\user\Documents\GitHub\HyperXTalk\thirdparty\libmysql\src\violite.h(68,60): error C2059: syntax error: ')' [C:\Users\user\Documents\GitHub\HyperXTalk\build-win-x86_64\livecode\thirdparty\libmysql\libmysql.vcxproj]
  C:\Users\user\Documents\GitHub\HyperXTalk\thirdparty\libmysql\src\violite.h(69,29): error C2143: syntax error: missing ')' before '*' [C:\Users\user\Documents\GitHub\HyperXTalk\build-win-x86_64\livecode\thirdparty\libmysql\libmysql.vcxproj]
  C:\Users\user\Documents\GitHub\HyperXTalk\thirdparty\libmysql\src\violite.h(69,29): error C2143: syntax error: missing '{' before '*' [C:\Users\user\Documents\GitHub\HyperXTalk\build-win-x86_64\livecode\thirdparty\libmysql\libmysql.vcxproj]
  C:\Users\user\Documents\GitHub\HyperXTalk\thirdparty\libmysql\src\violite.h(69,33): error C2059: syntax error: ')' [C:\Users\user\Documents\GitHub\HyperXTalk\build-win-x86_64\livecode\thirdparty\libmysql\libmysql.vcxproj]
  C:\Users\user\Documents\GitHub\HyperXTalk\thirdparty\libmysql\src\violite.h(71,22): error C2143: syntax error: missing ')' before '*' [C:\Users\user\Documents\GitHub\HyperXTalk\build-win-x86_64\livecode\thirdparty\libmysql\libmysql.vcxproj]
  C:\Users\user\Documents\GitHub\HyperXTalk\thirdparty\libmysql\src\violite.h(71,22): error C2143: syntax error: missing '{' before '*' [C:\Users\user\Documents\GitHub\HyperXTalk\build-win-x86_64\livecode\thirdparty\libmysql\libmysql.vcxproj]
  C:\Users\user\Documents\GitHub\HyperXTalk\thirdparty\libmysql\src\violite.h(71,26): error C2059: syntax error: ')' [C:\Users\user\Documents\GitHub\HyperXTalk\build-win-x86_64\livecode\thirdparty\libmysql\libmysql.vcxproj]
  C:\Users\user\Documents\GitHub\HyperXTalk\thirdparty\libmysql\src\violite.h(73,23): error C2143: syntax error: missing ')' before '*' [C:\Users\user\Documents\GitHub\HyperXTalk\build-win-x86_64\livecode\thirdparty\libmysql\libmysql.vcxproj]
  C:\Users\user\Documents\GitHub\HyperXTalk\thirdparty\libmysql\src\violite.h(73,23): error C2143: syntax error: missing '{' before '*' [C:\Users\user\Documents\GitHub\HyperXTalk\build-win-x86_64\livecode\thirdparty\libmysql\libmysql.vcxproj]
  C:\Users\user\Documents\GitHub\HyperXTalk\thirdparty\libmysql\src\violite.h(73,29): error C2371: 'my_bool': redefinition; different basic types [C:\Users\user\Documents\GitHub\HyperXTalk\build-win-x86_64\livecode\thirdparty\libmysql\libmysql.vcxproj]
  C:\Users\user\Documents\GitHub\HyperXTalk\thirdparty\libmysql\src\violite.h(73,37): error C2146: syntax error: missing ';' before identifier 'onoff' [C:\Users\user\Documents\GitHub\HyperXTalk\build-win-x86_64\livecode\thirdparty\libmysql\libmysql.vcxproj]
  C:\Users\user\Documents\GitHub\HyperXTalk\thirdparty\libmysql\src\violite.h(73,42): error C2059: syntax error: ')' [C:\Users\user\Documents\GitHub\HyperXTalk\build-win-x86_64\livecode\thirdparty\libmysql\libmysql.vcxproj]
  C:\Users\user\Documents\GitHub\HyperXTalk\thirdparty\libmysql\src\violite.h(75,30): error C2143: syntax error: missing ')' before '*' [C:\Users\user\Documents\GitHub\HyperXTalk\build-win-x86_64\livecode\thirdparty\libmysql\libmysql.vcxproj]
  C:\Users\user\Documents\GitHub\HyperXTalk\thirdparty\libmysql\src\violite.h(75,30): error C2143: syntax error: missing '{' before '*' [C:\Users\user\Documents\GitHub\HyperXTalk\build-win-x86_64\livecode\thirdparty\libmysql\libmysql.vcxproj]
  C:\Users\user\Documents\GitHub\HyperXTalk\thirdparty\libmysql\src\violite.h(75,34): error C2059: syntax error: ')' [C:\Users\user\Documents\GitHub\HyperXTalk\build-win-x86_64\livecode\thirdparty\libmysql\libmysql.vcxproj]
  C:\Users\user\Documents\GitHub\HyperXTalk\thirdparty\libmysql\src\violite.h(77,33): error C2143: syntax error: missing ')' before '*' [C:\Users\user\Documents\GitHub\HyperXTalk\build-win-x86_64\livecode\thirdparty\libmysql\libmysql.vcxproj]
  C:\Users\user\Documents\GitHub\HyperXTalk\thirdparty\libmysql\src\violite.h(77,33): error C2143: syntax error: missing '{' before '*' [C:\Users\user\Documents\GitHub\HyperXTalk\build-win-x86_64\livecode\thirdparty\libmysql\libmysql.vcxproj]
  C:\Users\user\Documents\GitHub\HyperXTalk\thirdparty\libmysql\src\violite.h(77,37): error C2059: syntax error: ')' [C:\Users\user\Documents\GitHub\HyperXTalk\build-win-x86_64\livecode\thirdparty\libmysql\libmysql.vcxproj]
  C:\Users\user\Documents\GitHub\HyperXTalk\thirdparty\libmysql\src\violite.h(79,33): error C2143: syntax error: missing ')' before '*' [C:\Users\user\Documents\GitHub\HyperXTalk\build-win-x86_64\livecode\thirdparty\libmysql\libmysql.vcxproj]
  C:\Users\user\Documents\GitHub\HyperXTalk\thirdparty\libmysql\src\violite.h(79,33): error C2143: syntax error: missing '{' before '*' [C:\Users\user\Documents\GitHub\HyperXTalk\build-win-x86_64\livecode\thirdparty\libmysql\libmysql.vcxproj]
  C:\Users\user\Documents\GitHub\HyperXTalk\thirdparty\libmysql\src\violite.h(79,37): error C2059: syntax error: ')' [C:\Users\user\Documents\GitHub\HyperXTalk\build-win-x86_64\livecode\thirdparty\libmysql\libmysql.vcxproj]
  C:\Users\user\Documents\GitHub\HyperXTalk\thirdparty\libmysql\src\violite.h(81,32): error C2143: syntax error: missing ')' before '*' [C:\Users\user\Documents\GitHub\HyperXTalk\build-win-x86_64\livecode\thirdparty\libmysql\libmysql.vcxproj]
  C:\Users\user\Documents\GitHub\HyperXTalk\thirdparty\libmysql\src\violite.h(81,32): error C2143: syntax error: missing '{' before '*' [C:\Users\user\Documents\GitHub\HyperXTalk\build-win-x86_64\livecode\thirdparty\libmysql\libmysql.vcxproj]
  C:\Users\user\Documents\GitHub\HyperXTalk\thirdparty\libmysql\src\violite.h(81,37): error C2059: syntax error: ')' [C:\Users\user\Documents\GitHub\HyperXTalk\build-win-x86_64\livecode\thirdparty\libmysql\libmysql.vcxproj]
  C:\Users\user\Documents\GitHub\HyperXTalk\thirdparty\libmysql\src\violite.h(83,18): error C2143: syntax error: missing ')' before '*' [C:\Users\user\Documents\GitHub\HyperXTalk\build-win-x86_64\livecode\thirdparty\libmysql\libmysql.vcxproj]
  C:\Users\user\Documents\GitHub\HyperXTalk\thirdparty\libmysql\src\violite.h(83,18): error C2143: syntax error: missing '{' before '*' [C:\Users\user\Documents\GitHub\HyperXTalk\build-win-x86_64\livecode\thirdparty\libmysql\libmysql.vcxproj]
  C:\Users\user\Documents\GitHub\HyperXTalk\thirdparty\libmysql\src\violite.h(83,22): error C2059: syntax error: ')' [C:\Users\user\Documents\GitHub\HyperXTalk\build-win-x86_64\livecode\thirdparty\libmysql\libmysql.vcxproj]
  C:\Users\user\Documents\GitHub\HyperXTalk\thirdparty\libmysql\src\violite.h(85,21): error C2143: syntax error: missing ')' before '*' [C:\Users\user\Documents\GitHub\HyperXTalk\build-win-x86_64\livecode\thirdparty\libmysql\libmysql.vcxproj]
  C:\Users\user\Documents\GitHub\HyperXTalk\thirdparty\libmysql\src\violite.h(85,21): error C2143: syntax error: missing '{' before '*' [C:\Users\user\Documents\GitHub\HyperXTalk\build-win-x86_64\livecode\thirdparty\libmysql\libmysql.vcxproj]
  C:\Users\user\Documents\GitHub\HyperXTalk\thirdparty\libmysql\src\violite.h(85,25): error C2059: syntax error: ')' [C:\Users\user\Documents\GitHub\HyperXTalk\build-win-x86_64\livecode\thirdparty\libmysql\libmysql.vcxproj]
  C:\Users\user\Documents\GitHub\HyperXTalk\thirdparty\libmysql\src\violite.h(87,27): error C2143: syntax error: missing ')' before '*' [C:\Users\user\Documents\GitHub\HyperXTalk\build-win-x86_64\livecode\thirdparty\libmysql\libmysql.vcxproj]
  C:\Users\user\Documents\GitHub\HyperXTalk\thirdparty\libmysql\src\violite.h(87,27): error C2143: syntax error: missing '{' before '*' [C:\Users\user\Documents\GitHub\HyperXTalk\build-win-x86_64\livecode\thirdparty\libmysql\libmysql.vcxproj]
  C:\Users\user\Documents\GitHub\HyperXTalk\thirdparty\libmysql\src\violite.h(87,38): error C2059: syntax error: 'type' [C:\Users\user\Documents\GitHub\HyperXTalk\build-win-x86_64\livecode\thirdparty\libmysql\libmysql.vcxproj]
  C:\Users\user\Documents\GitHub\HyperXTalk\thirdparty\libmysql\src\violite.h(87,71): error C2059: syntax error: ')' [C:\Users\user\Documents\GitHub\HyperXTalk\build-win-x86_64\livecode\thirdparty\libmysql\libmysql.vcxproj]
  C:\Users\user\Documents\GitHub\HyperXTalk\thirdparty\libmysql\src\violite.h(88,27): error C2143: syntax error: missing ')' before '*' [C:\Users\user\Documents\GitHub\HyperXTalk\build-win-x86_64\livecode\thirdparty\libmysql\libmysql.vcxproj]
  C:\Users\user\Documents\GitHub\HyperXTalk\thirdparty\libmysql\src\violite.h(88,27): error C2143: syntax error: missing '{' before '*' [C:\Users\user\Documents\GitHub\HyperXTalk\build-win-x86_64\livecode\thirdparty\libmysql\libmysql.vcxproj]
  C:\Users\user\Documents\GitHub\HyperXTalk\thirdparty\libmysql\src\violite.h(88,32): error C2370: 'uint': redefinition; different storage class [C:\Users\user\Documents\GitHub\HyperXTalk\build-win-x86_64\livecode\thirdparty\libmysql\libmysql.vcxproj]
  C:\Users\user\Documents\GitHub\HyperXTalk\thirdparty\libmysql\src\violite.h(88,37): error C2146: syntax error: missing ';' before identifier 'timeout' [C:\Users\user\Documents\GitHub\HyperXTalk\build-win-x86_64\livecode\thirdparty\libmysql\libmysql.vcxproj]
  C:\Users\user\Documents\GitHub\HyperXTalk\thirdparty\libmysql\src\violite.h(88,44): error C2059: syntax error: ')' [C:\Users\user\Documents\GitHub\HyperXTalk\build-win-x86_64\livecode\thirdparty\libmysql\libmysql.vcxproj]
  C:\Users\user\Documents\GitHub\HyperXTalk\thirdparty\libmysql\src\violite.h(89,27): error C2143: syntax error: missing ')' before '*' [C:\Users\user\Documents\GitHub\HyperXTalk\build-win-x86_64\livecode\thirdparty\libmysql\libmysql.vcxproj]
  C:\Users\user\Documents\GitHub\HyperXTalk\thirdparty\libmysql\src\violite.h(89,27): error C2143: syntax error: missing '{' before '*' [C:\Users\user\Documents\GitHub\HyperXTalk\build-win-x86_64\livecode\thirdparty\libmysql\libmysql.vcxproj]
  C:\Users\user\Documents\GitHub\HyperXTalk\thirdparty\libmysql\src\violite.h(89,33): error C2370: 'uint': redefinition; different storage class [C:\Users\user\Documents\GitHub\HyperXTalk\build-win-x86_64\livecode\thirdparty\libmysql\libmysql.vcxproj]
  C:\Users\user\Documents\GitHub\HyperXTalk\thirdparty\libmysql\src\violite.h(89,38): error C2143: syntax error: missing ';' before '*' [C:\Users\user\Documents\GitHub\HyperXTalk\build-win-x86_64\livecode\thirdparty\libmysql\libmysql.vcxproj]
  C:\Users\user\Documents\GitHub\HyperXTalk\thirdparty\libmysql\src\violite.h(89,44): error C2059: syntax error: ')' [C:\Users\user\Documents\GitHub\HyperXTalk\build-win-x86_64\livecode\thirdparty\libmysql\libmysql.vcxproj]
  C:\Users\user\Documents\GitHub\HyperXTalk\thirdparty\libmysql\src\violite.h(89,44): fatal error C1003: error count exceeds 100; stopping compilation [C:\Users\user\Documents\GitHub\HyperXTalk\build-win-x86_64\livecode\thirdparty\libmysql\libmysql.vcxproj]
  C:\Users\user\Documents\GitHub\HyperXTalk\thirdparty\libmysql\include\mysql_time.h(85,3): error C2061: syntax error: identifier 'In_C_you_should_use_my_bool_instead' [C:\Users\user\Documents\GitHub\HyperXTalk\build-win-x86_64\livecode\thirdparty\libmysql\libmysql.vcxproj]
  C:\Users\user\Documents\GitHub\HyperXTalk\thirdparty\libmysql\include\mysql_time.h(89,1): error C2059: syntax error: '}' [C:\Users\user\Documents\GitHub\HyperXTalk\build-win-x86_64\livecode\thirdparty\libmysql\libmysql.vcxproj]
  C:\Users\user\Documents\GitHub\HyperXTalk\thirdparty\libmysql\src\my_time.h(76,37): error C2143: syntax error: missing ')' before '*' [C:\Users\user\Documents\GitHub\HyperXTalk\build-win-x86_64\livecode\thirdparty\libmysql\libmysql.vcxproj]
  C:\Users\user\Documents\GitHub\HyperXTalk\thirdparty\libmysql\src\my_time.h(76,37): error C2143: syntax error: missing '{' before '*' [C:\Users\user\Documents\GitHub\HyperXTalk\build-win-x86_64\livecode\thirdparty\libmysql\libmysql.vcxproj]
  C:\Users\user\Documents\GitHub\HyperXTalk\thirdparty\libmysql\src\my_time.h(76,45): error C2371: 'my_bool': redefinition; different basic types [C:\Users\user\Documents\GitHub\HyperXTalk\build-win-x86_64\livecode\thirdparty\libmysql\libmysql.vcxproj]
  C:\Users\user\Documents\GitHub\HyperXTalk\thirdparty\libmysql\src\my_time.h(76,53): error C2146: syntax error: missing ';' before identifier 'not_zero_date' [C:\Users\user\Documents\GitHub\HyperXTalk\build-win-x86_64\livecode\thirdparty\libmysql\libmysql.vcxproj]
  C:\Users\user\Documents\GitHub\HyperXTalk\thirdparty\libmysql\src\my_time.h(77,20): error C2370: 'ulong': redefinition; different storage class [C:\Users\user\Documents\GitHub\HyperXTalk\build-win-x86_64\livecode\thirdparty\libmysql\libmysql.vcxproj]
  C:\Users\user\Documents\GitHub\HyperXTalk\thirdparty\libmysql\src\my_time.h(77,26): error C2146: syntax error: missing ';' before identifier 'flags' [C:\Users\user\Documents\GitHub\HyperXTalk\build-win-x86_64\livecode\thirdparty\libmysql\libmysql.vcxproj]
  C:\Users\user\Documents\GitHub\HyperXTalk\thirdparty\libmysql\src\my_time.h(77,37): error C2059: syntax error: 'type' [C:\Users\user\Documents\GitHub\HyperXTalk\build-win-x86_64\livecode\thirdparty\libmysql\libmysql.vcxproj]
  C:\Users\user\Documents\GitHub\HyperXTalk\thirdparty\libmysql\src\my_time.h(77,45): error C2059: syntax error: ')' [C:\Users\user\Documents\GitHub\HyperXTalk\build-win-x86_64\livecode\thirdparty\libmysql\libmysql.vcxproj]
  C:\Users\user\Documents\GitHub\HyperXTalk\thirdparty\libmysql\src\my_time.h(79,58): error C2143: syntax error: missing ')' before '*' [C:\Users\user\Documents\GitHub\HyperXTalk\build-win-x86_64\livecode\thirdparty\libmysql\libmysql.vcxproj]
  C:\Users\user\Documents\GitHub\HyperXTalk\thirdparty\libmysql\src\my_time.h(79,58): error C2081: 'MYSQL_TIME': name in formal parameter list illegal [C:\Users\user\Documents\GitHub\HyperXTalk\build-win-x86_64\livecode\thirdparty\libmysql\libmysql.vcxproj]
  C:\Users\user\Documents\GitHub\HyperXTalk\thirdparty\libmysql\src\my_time.h(79,58): error C2143: syntax error: missing '{' before '*' [C:\Users\user\Documents\GitHub\HyperXTalk\build-win-x86_64\livecode\thirdparty\libmysql\libmysql.vcxproj]
  C:\Users\user\Documents\GitHub\HyperXTalk\thirdparty\libmysql\src\my_time.h(80,17): error C2370: 'uint': redefinition; different storage class [C:\Users\user\Documents\GitHub\HyperXTalk\build-win-x86_64\livecode\thirdparty\libmysql\libmysql.vcxproj]
  C:\Users\user\Documents\GitHub\HyperXTalk\thirdparty\libmysql\src\my_time.h(80,22): error C2146: syntax error: missing ';' before identifier 'flags' [C:\Users\user\Documents\GitHub\HyperXTalk\build-win-x86_64\livecode\thirdparty\libmysql\libmysql.vcxproj]
  C:\Users\user\Documents\GitHub\HyperXTalk\thirdparty\libmysql\src\my_time.h(80,33): error C2059: syntax error: 'type' [C:\Users\user\Documents\GitHub\HyperXTalk\build-win-x86_64\livecode\thirdparty\libmysql\libmysql.vcxproj]
  C:\Users\user\Documents\GitHub\HyperXTalk\thirdparty\libmysql\src\my_time.h(80,41): error C2059: syntax error: ')' [C:\Users\user\Documents\GitHub\HyperXTalk\build-win-x86_64\livecode\thirdparty\libmysql\libmysql.vcxproj]
  C:\Users\user\Documents\GitHub\HyperXTalk\thirdparty\libmysql\src\my_time.h(81,53): error C2143: syntax error: missing ')' before '*' [C:\Users\user\Documents\GitHub\HyperXTalk\build-win-x86_64\livecode\thirdparty\libmysql\libmysql.vcxproj]
  C:\Users\user\Documents\GitHub\HyperXTalk\thirdparty\libmysql\src\my_time.h(81,53): error C2081: 'MYSQL_TIME': name in formal parameter list illegal [C:\Users\user\Documents\GitHub\HyperXTalk\build-win-x86_64\livecode\thirdparty\libmysql\libmysql.vcxproj]
  C:\Users\user\Documents\GitHub\HyperXTalk\thirdparty\libmysql\src\my_time.h(81,53): error C2143: syntax error: missing '{' before '*' [C:\Users\user\Documents\GitHub\HyperXTalk\build-win-x86_64\livecode\thirdparty\libmysql\libmysql.vcxproj]
  C:\Users\user\Documents\GitHub\HyperXTalk\thirdparty\libmysql\src\my_time.h(82,29): error C2370: 'uint': redefinition; different storage class [C:\Users\user\Documents\GitHub\HyperXTalk\build-win-x86_64\livecode\thirdparty\libmysql\libmysql.vcxproj]
  C:\Users\user\Documents\GitHub\HyperXTalk\thirdparty\libmysql\src\my_time.h(82,34): error C2146: syntax error: missing ';' before identifier 'flags' [C:\Users\user\Documents\GitHub\HyperXTalk\build-win-x86_64\livecode\thirdparty\libmysql\libmysql.vcxproj]
  C:\Users\user\Documents\GitHub\HyperXTalk\thirdparty\libmysql\src\my_time.h(82,45): error C2059: syntax error: 'type' [C:\Users\user\Documents\GitHub\HyperXTalk\build-win-x86_64\livecode\thirdparty\libmysql\libmysql.vcxproj]
  C:\Users\user\Documents\GitHub\HyperXTalk\thirdparty\libmysql\src\my_time.h(82,53): error C2059: syntax error: ')' [C:\Users\user\Documents\GitHub\HyperXTalk\build-win-x86_64\livecode\thirdparty\libmysql\libmysql.vcxproj]
  C:\Users\user\Documents\GitHub\HyperXTalk\thirdparty\libmysql\src\my_time.h(83,55): error C2143: syntax error: missing ')' before '*' [C:\Users\user\Documents\GitHub\HyperXTalk\build-win-x86_64\livecode\thirdparty\libmysql\libmysql.vcxproj]
  C:\Users\user\Documents\GitHub\HyperXTalk\thirdparty\libmysql\src\my_time.h(83,55): error C2143: syntax error: missing '{' before '*' [C:\Users\user\Documents\GitHub\HyperXTalk\build-win-x86_64\livecode\thirdparty\libmysql\libmysql.vcxproj]
  C:\Users\user\Documents\GitHub\HyperXTalk\thirdparty\libmysql\src\my_time.h(83,56): error C2059: syntax error: ')' [C:\Users\user\Documents\GitHub\HyperXTalk\build-win-x86_64\livecode\thirdparty\libmysql\libmysql.vcxproj]
  C:\Users\user\Documents\GitHub\HyperXTalk\thirdparty\libmysql\src\my_time.h(83,57): error C2059: syntax error: ';' [C:\Users\user\Documents\GitHub\HyperXTalk\build-win-x86_64\livecode\thirdparty\libmysql\libmysql.vcxproj]
  C:\Users\user\Documents\GitHub\HyperXTalk\thirdparty\libmysql\src\my_time.h(84,51): error C2143: syntax error: missing ')' before '*' [C:\Users\user\Documents\GitHub\HyperXTalk\build-win-x86_64\livecode\thirdparty\libmysql\libmysql.vcxproj]
  C:\Users\user\Documents\GitHub\HyperXTalk\thirdparty\libmysql\src\my_time.h(84,51): error C2143: syntax error: missing '{' before '*' [C:\Users\user\Documents\GitHub\HyperXTalk\build-win-x86_64\livecode\thirdparty\libmysql\libmysql.vcxproj]
  C:\Users\user\Documents\GitHub\HyperXTalk\thirdparty\libmysql\src\my_time.h(84,52): error C2059: syntax error: ')' [C:\Users\user\Documents\GitHub\HyperXTalk\build-win-x86_64\livecode\thirdparty\libmysql\libmysql.vcxproj]
  C:\Users\user\Documents\GitHub\HyperXTalk\thirdparty\libmysql\src\my_time.h(84,53): error C2059: syntax error: ';' [C:\Users\user\Documents\GitHub\HyperXTalk\build-win-x86_64\livecode\thirdparty\libmysql\libmysql.vcxproj]
  C:\Users\user\Documents\GitHub\HyperXTalk\thirdparty\libmysql\src\my_time.h(85,51): error C2143: syntax error: missing ')' before '*' [C:\Users\user\Documents\GitHub\HyperXTalk\build-win-x86_64\livecode\thirdparty\libmysql\libmysql.vcxproj]
  C:\Users\user\Documents\GitHub\HyperXTalk\thirdparty\libmysql\src\my_time.h(85,51): error C2143: syntax error: missing '{' before '*' [C:\Users\user\Documents\GitHub\HyperXTalk\build-win-x86_64\livecode\thirdparty\libmysql\libmysql.vcxproj]
  C:\Users\user\Documents\GitHub\HyperXTalk\thirdparty\libmysql\src\my_time.h(85,52): error C2059: syntax error: ')' [C:\Users\user\Documents\GitHub\HyperXTalk\build-win-x86_64\livecode\thirdparty\libmysql\libmysql.vcxproj]
  C:\Users\user\Documents\GitHub\HyperXTalk\thirdparty\libmysql\src\my_time.h(85,53): error C2059: syntax error: ';' [C:\Users\user\Documents\GitHub\HyperXTalk\build-win-x86_64\livecode\thirdparty\libmysql\libmysql.vcxproj]
  C:\Users\user\Documents\GitHub\HyperXTalk\thirdparty\libmysql\src\my_time.h(86,46): error C2143: syntax error: missing ')' before '*' [C:\Users\user\Documents\GitHub\HyperXTalk\build-win-x86_64\livecode\thirdparty\libmysql\libmysql.vcxproj]
  C:\Users\user\Documents\GitHub\HyperXTalk\thirdparty\libmysql\src\my_time.h(86,46): error C2143: syntax error: missing '{' before '*' [C:\Users\user\Documents\GitHub\HyperXTalk\build-win-x86_64\livecode\thirdparty\libmysql\libmysql.vcxproj]
  C:\Users\user\Documents\GitHub\HyperXTalk\thirdparty\libmysql\src\my_time.h(86,47): error C2059: syntax error: ')' [C:\Users\user\Documents\GitHub\HyperXTalk\build-win-x86_64\livecode\thirdparty\libmysql\libmysql.vcxproj]
  C:\Users\user\Documents\GitHub\HyperXTalk\thirdparty\libmysql\src\my_time.h(86,48): error C2059: syntax error: ';' [C:\Users\user\Documents\GitHub\HyperXTalk\build-win-x86_64\livecode\thirdparty\libmysql\libmysql.vcxproj]
  C:\Users\user\Documents\GitHub\HyperXTalk\thirdparty\libmysql\src\my_time.h(89,61): error C2143: syntax error: missing ')' before '*' [C:\Users\user\Documents\GitHub\HyperXTalk\build-win-x86_64\livecode\thirdparty\libmysql\libmysql.vcxproj]
  C:\Users\user\Documents\GitHub\HyperXTalk\thirdparty\libmysql\src\my_time.h(89,61): error C2081: 'MYSQL_TIME': name in formal parameter list illegal [C:\Users\user\Documents\GitHub\HyperXTalk\build-win-x86_64\livecode\thirdparty\libmysql\libmysql.vcxproj]
  C:\Users\user\Documents\GitHub\HyperXTalk\thirdparty\libmysql\src\my_time.h(89,61): error C2143: syntax error: missing '{' before '*' [C:\Users\user\Documents\GitHub\HyperXTalk\build-win-x86_64\livecode\thirdparty\libmysql\libmysql.vcxproj]
  C:\Users\user\Documents\GitHub\HyperXTalk\thirdparty\libmysql\src\my_time.h(90,25): error C2059: syntax error: 'type' [C:\Users\user\Documents\GitHub\HyperXTalk\build-win-x86_64\livecode\thirdparty\libmysql\libmysql.vcxproj]
  C:\Users\user\Documents\GitHub\HyperXTalk\thirdparty\libmysql\src\my_time.h(90,33): error C2059: syntax error: ')' [C:\Users\user\Documents\GitHub\HyperXTalk\build-win-x86_64\livecode\thirdparty\libmysql\libmysql.vcxproj]
  C:\Users\user\Documents\GitHub\HyperXTalk\thirdparty\libmysql\src\my_time.h(114,65): error C2143: syntax error: missing ')' before '*' [C:\Users\user\Documents\GitHub\HyperXTalk\build-win-x86_64\livecode\thirdparty\libmysql\libmysql.vcxproj]
  C:\Users\user\Documents\GitHub\HyperXTalk\thirdparty\libmysql\src\my_time.h(114,65): error C2143: syntax error: missing '{' before '*' [C:\Users\user\Documents\GitHub\HyperXTalk\build-win-x86_64\livecode\thirdparty\libmysql\libmysql.vcxproj]
  C:\Users\user\Documents\GitHub\HyperXTalk\thirdparty\libmysql\src\my_time.h(114,67): error C2059: syntax error: ')' [C:\Users\user\Documents\GitHub\HyperXTalk\build-win-x86_64\livecode\thirdparty\libmysql\libmysql.vcxproj]
  C:\Users\user\Documents\GitHub\HyperXTalk\thirdparty\libmysql\src\my_time.h(115,1): error C2054: expected '(' to follow 't' [C:\Users\user\Documents\GitHub\HyperXTalk\build-win-x86_64\livecode\thirdparty\libmysql\libmysql.vcxproj]
  C:\Users\user\Documents\GitHub\HyperXTalk\thirdparty\libmysql\src\my_time.h(125,36): error C2143: syntax error: missing ')' before '*' [C:\Users\user\Documents\GitHub\HyperXTalk\build-win-x86_64\livecode\thirdparty\libmysql\libmysql.vcxproj]
  C:\Users\user\Documents\GitHub\HyperXTalk\thirdparty\libmysql\src\my_time.h(125,36): error C2143: syntax error: missing '{' before '*' [C:\Users\user\Documents\GitHub\HyperXTalk\build-win-x86_64\livecode\thirdparty\libmysql\libmysql.vcxproj]
  C:\Users\user\Documents\GitHub\HyperXTalk\thirdparty\libmysql\src\my_time.h(125,45): error C2059: syntax error: 'type' [C:\Users\user\Documents\GitHub\HyperXTalk\build-win-x86_64\livecode\thirdparty\libmysql\libmysql.vcxproj]
  C:\Users\user\Documents\GitHub\HyperXTalk\thirdparty\libmysql\src\my_time.h(126,43): error C2059: syntax error: ')' [C:\Users\user\Documents\GitHub\HyperXTalk\build-win-x86_64\livecode\thirdparty\libmysql\libmysql.vcxproj]
  C:\Users\user\Documents\GitHub\HyperXTalk\thirdparty\libmysql\src\my_time.h(128,31): error C2143: syntax error: missing ')' before '*' [C:\Users\user\Documents\GitHub\HyperXTalk\build-win-x86_64\livecode\thirdparty\libmysql\libmysql.vcxproj]
  C:\Users\user\Documents\GitHub\HyperXTalk\thirdparty\libmysql\src\my_time.h(128,31): error C2143: syntax error: missing '{' before '*' [C:\Users\user\Documents\GitHub\HyperXTalk\build-win-x86_64\livecode\thirdparty\libmysql\libmysql.vcxproj]
  C:\Users\user\Documents\GitHub\HyperXTalk\thirdparty\libmysql\src\my_time.h(128,67): error C2059: syntax error: 'type' [C:\Users\user\Documents\GitHub\HyperXTalk\build-win-x86_64\livecode\thirdparty\libmysql\libmysql.vcxproj]
  C:\Users\user\Documents\GitHub\HyperXTalk\thirdparty\libmysql\src\my_time.h(128,76): error C2059: syntax error: ')' [C:\Users\user\Documents\GitHub\HyperXTalk\build-win-x86_64\livecode\thirdparty\libmysql\libmysql.vcxproj]
  C:\Users\user\Documents\GitHub\HyperXTalk\thirdparty\libmysql\src\my_time.h(140,37): error C2143: syntax error: missing ')' before '*' [C:\Users\user\Documents\GitHub\HyperXTalk\build-win-x86_64\livecode\thirdparty\libmysql\libmysql.vcxproj]
  C:\Users\user\Documents\GitHub\HyperXTalk\thirdparty\libmysql\src\my_time.h(140,37): error C2143: syntax error: missing '{' before '*' [C:\Users\user\Documents\GitHub\HyperXTalk\build-win-x86_64\livecode\thirdparty\libmysql\libmysql.vcxproj]
  C:\Users\user\Documents\GitHub\HyperXTalk\thirdparty\libmysql\src\my_time.h(140,51): error C2059: syntax error: 'type' [C:\Users\user\Documents\GitHub\HyperXTalk\build-win-x86_64\livecode\thirdparty\libmysql\libmysql.vcxproj]
  C:\Users\user\Documents\GitHub\HyperXTalk\thirdparty\libmysql\src\my_time.h(140,54): error C2059: syntax error: ')' [C:\Users\user\Documents\GitHub\HyperXTalk\build-win-x86_64\livecode\thirdparty\libmysql\libmysql.vcxproj]
  C:\Users\user\Documents\GitHub\HyperXTalk\thirdparty\libmysql\src\my_time.h(141,37): error C2143: syntax error: missing ')' before '*' [C:\Users\user\Documents\GitHub\HyperXTalk\build-win-x86_64\livecode\thirdparty\libmysql\libmysql.vcxproj]
  C:\Users\user\Documents\GitHub\HyperXTalk\thirdparty\libmysql\src\my_time.h(141,37): error C2143: syntax error: missing '{' before '*' [C:\Users\user\Documents\GitHub\HyperXTalk\build-win-x86_64\livecode\thirdparty\libmysql\libmysql.vcxproj]
  C:\Users\user\Documents\GitHub\HyperXTalk\thirdparty\libmysql\src\my_time.h(141,51): error C2059: syntax error: 'type' [C:\Users\user\Documents\GitHub\HyperXTalk\build-win-x86_64\livecode\thirdparty\libmysql\libmysql.vcxproj]
  C:\Users\user\Documents\GitHub\HyperXTalk\thirdparty\libmysql\src\my_time.h(141,54): error C2059: syntax error: ')' [C:\Users\user\Documents\GitHub\HyperXTalk\build-win-x86_64\livecode\thirdparty\libmysql\libmysql.vcxproj]
  C:\Users\user\Documents\GitHub\HyperXTalk\thirdparty\libmysql\src\my_time.h(142,41): error C2143: syntax error: missing ')' before '*' [C:\Users\user\Documents\GitHub\HyperXTalk\build-win-x86_64\livecode\thirdparty\libmysql\libmysql.vcxproj]
  C:\Users\user\Documents\GitHub\HyperXTalk\thirdparty\libmysql\src\my_time.h(142,41): error C2143: syntax error: missing '{' before '*' [C:\Users\user\Documents\GitHub\HyperXTalk\build-win-x86_64\livecode\thirdparty\libmysql\libmysql.vcxproj]
  C:\Users\user\Documents\GitHub\HyperXTalk\thirdparty\libmysql\src\my_time.h(142,55): error C2059: syntax error: 'type' [C:\Users\user\Documents\GitHub\HyperXTalk\build-win-x86_64\livecode\thirdparty\libmysql\libmysql.vcxproj]
  C:\Users\user\Documents\GitHub\HyperXTalk\thirdparty\libmysql\src\my_time.h(142,58): error C2059: syntax error: ')' [C:\Users\user\Documents\GitHub\HyperXTalk\build-win-x86_64\livecode\thirdparty\libmysql\libmysql.vcxproj]
  C:\Users\user\Documents\GitHub\HyperXTalk\thirdparty\libmysql\src\my_time.h(143,37): error C2143: syntax error: missing ')' before '*' [C:\Users\user\Documents\GitHub\HyperXTalk\build-win-x86_64\livecode\thirdparty\libmysql\libmysql.vcxproj]
  C:\Users\user\Documents\GitHub\HyperXTalk\thirdparty\libmysql\src\my_time.h(143,37): error C2143: syntax error: missing '{' before '*' [C:\Users\user\Documents\GitHub\HyperXTalk\build-win-x86_64\livecode\thirdparty\libmysql\libmysql.vcxproj]
  C:\Users\user\Documents\GitHub\HyperXTalk\thirdparty\libmysql\src\my_time.h(143,51): error C2059: syntax error: 'type' [C:\Users\user\Documents\GitHub\HyperXTalk\build-win-x86_64\livecode\thirdparty\libmysql\libmysql.vcxproj]
  C:\Users\user\Documents\GitHub\HyperXTalk\thirdparty\libmysql\src\my_time.h(143,54): error C2059: syntax error: ')' [C:\Users\user\Documents\GitHub\HyperXTalk\build-win-x86_64\livecode\thirdparty\libmysql\libmysql.vcxproj]
  C:\Users\user\Documents\GitHub\HyperXTalk\thirdparty\libmysql\src\violite.h(44,4): error C2143: syntax error: missing '{' before '*' [C:\Users\user\Documents\GitHub\HyperXTalk\build-win-x86_64\livecode\thirdparty\libmysql\libmysql.vcxproj]
  C:\Users\user\Documents\GitHub\HyperXTalk\thirdparty\libmysql\src\violite.h(46,4): error C2143: syntax error: missing '{' before '*' [C:\Users\user\Documents\GitHub\HyperXTalk\build-win-x86_64\livecode\thirdparty\libmysql\libmysql.vcxproj]
  C:\Users\user\Documents\GitHub\HyperXTalk\thirdparty\libmysql\src\violite.h(47,4): error C2143: syntax error: missing '{' before '*' [C:\Users\user\Documents\GitHub\HyperXTalk\build-win-x86_64\livecode\thirdparty\libmysql\libmysql.vcxproj]
  C:\Users\user\Documents\GitHub\HyperXTalk\thirdparty\libmysql\src\violite.h(54,26): error C2143: syntax error: missing ')' before '*' [C:\Users\user\Documents\GitHub\HyperXTalk\build-win-x86_64\livecode\thirdparty\libmysql\libmysql.vcxproj]
  C:\Users\user\Documents\GitHub\HyperXTalk\thirdparty\libmysql\src\violite.h(54,26): error C2143: syntax error: missing '{' before '*' [C:\Users\user\Documents\GitHub\HyperXTalk\build-win-x86_64\livecode\thirdparty\libmysql\libmysql.vcxproj]
  C:\Users\user\Documents\GitHub\HyperXTalk\thirdparty\libmysql\src\violite.h(54,32): error C2371: 'uchar': redefinition; different basic types [C:\Users\user\Documents\GitHub\HyperXTalk\build-win-x86_64\livecode\thirdparty\libmysql\libmysql.vcxproj]
  C:\Users\user\Documents\GitHub\HyperXTalk\thirdparty\libmysql\src\violite.h(54,38): error C2143: syntax error: missing ';' before '*' [C:\Users\user\Documents\GitHub\HyperXTalk\build-win-x86_64\livecode\thirdparty\libmysql\libmysql.vcxproj]
  C:\Users\user\Documents\GitHub\HyperXTalk\thirdparty\libmysql\src\violite.h(54,45): error C2370: 'size_t': redefinition; different storage class [C:\Users\user\Documents\GitHub\HyperXTalk\build-win-x86_64\livecode\thirdparty\libmysql\libmysql.vcxproj]
  C:\Users\user\Documents\GitHub\HyperXTalk\thirdparty\libmysql\src\violite.h(54,52): error C2146: syntax error: missing ';' before identifier 'size' [C:\Users\user\Documents\GitHub\HyperXTalk\build-win-x86_64\livecode\thirdparty\libmysql\libmysql.vcxproj]
  C:\Users\user\Documents\GitHub\HyperXTalk\thirdparty\libmysql\src\violite.h(54,56): error C2059: syntax error: ')' [C:\Users\user\Documents\GitHub\HyperXTalk\build-win-x86_64\livecode\thirdparty\libmysql\libmysql.vcxproj]
  C:\Users\user\Documents\GitHub\HyperXTalk\thirdparty\libmysql\src\violite.h(55,27): error C2143: syntax error: missing ')' before '*' [C:\Users\user\Documents\GitHub\HyperXTalk\build-win-x86_64\livecode\thirdparty\libmysql\libmysql.vcxproj]
  C:\Users\user\Documents\GitHub\HyperXTalk\thirdparty\libmysql\src\violite.h(55,27): error C2143: syntax error: missing '{' before '*' [C:\Users\user\Documents\GitHub\HyperXTalk\build-win-x86_64\livecode\thirdparty\libmysql\libmysql.vcxproj]
  C:\Users\user\Documents\GitHub\HyperXTalk\thirdparty\libmysql\src\violite.h(55,39): error C2371: 'uchar': redefinition; different basic types [C:\Users\user\Documents\GitHub\HyperXTalk\build-win-x86_64\livecode\thirdparty\libmysql\libmysql.vcxproj]
  C:\Users\user\Documents\GitHub\HyperXTalk\thirdparty\libmysql\src\violite.h(55,45): error C2143: syntax error: missing ';' before '*' [C:\Users\user\Documents\GitHub\HyperXTalk\build-win-x86_64\livecode\thirdparty\libmysql\libmysql.vcxproj]
  C:\Users\user\Documents\GitHub\HyperXTalk\thirdparty\libmysql\src\violite.h(55,52): error C2370: 'size_t': redefinition; different storage class [C:\Users\user\Documents\GitHub\HyperXTalk\build-win-x86_64\livecode\thirdparty\libmysql\libmysql.vcxproj]
  C:\Users\user\Documents\GitHub\HyperXTalk\thirdparty\libmysql\src\violite.h(55,59): error C2146: syntax error: missing ';' before identifier 'size' [C:\Users\user\Documents\GitHub\HyperXTalk\build-win-x86_64\livecode\thirdparty\libmysql\libmysql.vcxproj]
  C:\Users\user\Documents\GitHub\HyperXTalk\thirdparty\libmysql\src\violite.h(55,63): error C2059: syntax error: ')' [C:\Users\user\Documents\GitHub\HyperXTalk\build-win-x86_64\livecode\thirdparty\libmysql\libmysql.vcxproj]
  C:\Users\user\Documents\GitHub\HyperXTalk\thirdparty\libmysql\src\violite.h(56,24): error C2143: syntax error: missing ')' before '*' [C:\Users\user\Documents\GitHub\HyperXTalk\build-win-x86_64\livecode\thirdparty\libmysql\libmysql.vcxproj]
  C:\Users\user\Documents\GitHub\HyperXTalk\thirdparty\libmysql\src\violite.h(56,24): error C2143: syntax error: missing '{' before '*' [C:\Users\user\Documents\GitHub\HyperXTalk\build-win-x86_64\livecode\thirdparty\libmysql\libmysql.vcxproj]
  C:\Users\user\Documents\GitHub\HyperXTalk\thirdparty\libmysql\src\violite.h(56,29): error C2059: syntax error: ')' [C:\Users\user\Documents\GitHub\HyperXTalk\build-win-x86_64\livecode\thirdparty\libmysql\libmysql.vcxproj]
  C:\Users\user\Documents\GitHub\HyperXTalk\thirdparty\libmysql\src\violite.h(61,20): error C2143: syntax error: missing ')' before '*' [C:\Users\user\Documents\GitHub\HyperXTalk\build-win-x86_64\livecode\thirdparty\libmysql\libmysql.vcxproj]
  C:\Users\user\Documents\GitHub\HyperXTalk\thirdparty\libmysql\src\violite.h(61,20): error C2143: syntax error: missing '{' before '*' [C:\Users\user\Documents\GitHub\HyperXTalk\build-win-x86_64\livecode\thirdparty\libmysql\libmysql.vcxproj]
  C:\Users\user\Documents\GitHub\HyperXTalk\thirdparty\libmysql\src\violite.h(61,25): error C2059: syntax error: ')' [C:\Users\user\Documents\GitHub\HyperXTalk\build-win-x86_64\livecode\thirdparty\libmysql\libmysql.vcxproj]
  C:\Users\user\Documents\GitHub\HyperXTalk\thirdparty\libmysql\src\violite.h(62,18): error C2143: syntax error: missing ')' before '*' [C:\Users\user\Documents\GitHub\HyperXTalk\build-win-x86_64\livecode\thirdparty\libmysql\libmysql.vcxproj]
  C:\Users\user\Documents\GitHub\HyperXTalk\thirdparty\libmysql\src\violite.h(62,18): error C2143: syntax error: missing '{' before '*' [C:\Users\user\Documents\GitHub\HyperXTalk\build-win-x86_64\livecode\thirdparty\libmysql\libmysql.vcxproj]
  C:\Users\user\Documents\GitHub\HyperXTalk\thirdparty\libmysql\src\violite.h(62,23): error C2059: syntax error: ')' [C:\Users\user\Documents\GitHub\HyperXTalk\build-win-x86_64\livecode\thirdparty\libmysql\libmysql.vcxproj]
  C:\Users\user\Documents\GitHub\HyperXTalk\thirdparty\libmysql\src\violite.h(63,22): error C2143: syntax error: missing ')' before '*' [C:\Users\user\Documents\GitHub\HyperXTalk\build-win-x86_64\livecode\thirdparty\libmysql\libmysql.vcxproj]
  C:\Users\user\Documents\GitHub\HyperXTalk\thirdparty\libmysql\src\violite.h(63,22): error C2143: syntax error: missing '{' before '*' [C:\Users\user\Documents\GitHub\HyperXTalk\build-win-x86_64\livecode\thirdparty\libmysql\libmysql.vcxproj]
  C:\Users\user\Documents\GitHub\HyperXTalk\thirdparty\libmysql\src\violite.h(63,22): fatal error C1003: error count exceeds 100; stopping compilation [C:\Users\user\Documents\GitHub\HyperXTalk\build-win-x86_64\livecode\thirdparty\libmysql\libmysql.vcxproj]
  C:\Users\user\Documents\GitHub\HyperXTalk\thirdparty\libmysql\include\mysql_time.h(85,3): error C2061: syntax error: identifier 'In_C_you_should_use_my_bool_instead' [C:\Users\user\Documents\GitHub\HyperXTalk\build-win-x86_64\livecode\thirdparty\libmysql\libmysql.vcxproj]
  C:\Users\user\Documents\GitHub\HyperXTalk\thirdparty\libmysql\include\mysql_time.h(89,1): error C2059: syntax error: '}' [C:\Users\user\Documents\GitHub\HyperXTalk\build-win-x86_64\livecode\thirdparty\libmysql\libmysql.vcxproj]
  C:\Users\user\Documents\GitHub\HyperXTalk\thirdparty\libmysql\src\my_time.h(76,37): error C2143: syntax error: missing ')' before '*' [C:\Users\user\Documents\GitHub\HyperXTalk\build-win-x86_64\livecode\thirdparty\libmysql\libmysql.vcxproj]
  C:\Users\user\Documents\GitHub\HyperXTalk\thirdparty\libmysql\src\my_time.h(76,37): error C2143: syntax error: missing '{' before '*' [C:\Users\user\Documents\GitHub\HyperXTalk\build-win-x86_64\livecode\thirdparty\libmysql\libmysql.vcxproj]
  C:\Users\user\Documents\GitHub\HyperXTalk\thirdparty\libmysql\src\my_time.h(76,45): error C2371: 'my_bool': redefinition; different basic types [C:\Users\user\Documents\GitHub\HyperXTalk\build-win-x86_64\livecode\thirdparty\libmysql\libmysql.vcxproj]
  C:\Users\user\Documents\GitHub\HyperXTalk\thirdparty\libmysql\src\my_time.h(76,53): error C2146: syntax error: missing ';' before identifier 'not_zero_date' [C:\Users\user\Documents\GitHub\HyperXTalk\build-win-x86_64\livecode\thirdparty\libmysql\libmysql.vcxproj]
  C:\Users\user\Documents\GitHub\HyperXTalk\thirdparty\libmysql\src\my_time.h(77,20): error C2370: 'ulong': redefinition; different storage class [C:\Users\user\Documents\GitHub\HyperXTalk\build-win-x86_64\livecode\thirdparty\libmysql\libmysql.vcxproj]
  C:\Users\user\Documents\GitHub\HyperXTalk\thirdparty\libmysql\src\my_time.h(77,26): error C2146: syntax error: missing ';' before identifier 'flags' [C:\Users\user\Documents\GitHub\HyperXTalk\build-win-x86_64\livecode\thirdparty\libmysql\libmysql.vcxproj]
  C:\Users\user\Documents\GitHub\HyperXTalk\thirdparty\libmysql\src\my_time.h(77,37): error C2059: syntax error: 'type' [C:\Users\user\Documents\GitHub\HyperXTalk\build-win-x86_64\livecode\thirdparty\libmysql\libmysql.vcxproj]
  C:\Users\user\Documents\GitHub\HyperXTalk\thirdparty\libmysql\src\my_time.h(77,45): error C2059: syntax error: ')' [C:\Users\user\Documents\GitHub\HyperXTalk\build-win-x86_64\livecode\thirdparty\libmysql\libmysql.vcxproj]
  C:\Users\user\Documents\GitHub\HyperXTalk\thirdparty\libmysql\src\my_time.h(79,58): error C2143: syntax error: missing ')' before '*' [C:\Users\user\Documents\GitHub\HyperXTalk\build-win-x86_64\livecode\thirdparty\libmysql\libmysql.vcxproj]
  C:\Users\user\Documents\GitHub\HyperXTalk\thirdparty\libmysql\src\my_time.h(79,58): error C2081: 'MYSQL_TIME': name in formal parameter list illegal [C:\Users\user\Documents\GitHub\HyperXTalk\build-win-x86_64\livecode\thirdparty\libmysql\libmysql.vcxproj]
  C:\Users\user\Documents\GitHub\HyperXTalk\thirdparty\libmysql\src\my_time.h(79,58): error C2143: syntax error: missing '{' before '*' [C:\Users\user\Documents\GitHub\HyperXTalk\build-win-x86_64\livecode\thirdparty\libmysql\libmysql.vcxproj]
  C:\Users\user\Documents\GitHub\HyperXTalk\thirdparty\libmysql\src\my_time.h(80,17): error C2370: 'uint': redefinition; different storage class [C:\Users\user\Documents\GitHub\HyperXTalk\build-win-x86_64\livecode\thirdparty\libmysql\libmysql.vcxproj]
  C:\Users\user\Documents\GitHub\HyperXTalk\thirdparty\libmysql\src\my_time.h(80,22): error C2146: syntax error: missing ';' before identifier 'flags' [C:\Users\user\Documents\GitHub\HyperXTalk\build-win-x86_64\livecode\thirdparty\libmysql\libmysql.vcxproj]
  C:\Users\user\Documents\GitHub\HyperXTalk\thirdparty\libmysql\src\my_time.h(80,33): error C2059: syntax error: 'type' [C:\Users\user\Documents\GitHub\HyperXTalk\build-win-x86_64\livecode\thirdparty\libmysql\libmysql.vcxproj]
  C:\Users\user\Documents\GitHub\HyperXTalk\thirdparty\libmysql\src\my_time.h(80,41): error C2059: syntax error: ')' [C:\Users\user\Documents\GitHub\HyperXTalk\build-win-x86_64\livecode\thirdparty\libmysql\libmysql.vcxproj]
  C:\Users\user\Documents\GitHub\HyperXTalk\thirdparty\libmysql\src\my_time.h(81,53): error C2143: syntax error: missing ')' before '*' [C:\Users\user\Documents\GitHub\HyperXTalk\build-win-x86_64\livecode\thirdparty\libmysql\libmysql.vcxproj]
  C:\Users\user\Documents\GitHub\HyperXTalk\thirdparty\libmysql\src\my_time.h(81,53): error C2081: 'MYSQL_TIME': name in formal parameter list illegal [C:\Users\user\Documents\GitHub\HyperXTalk\build-win-x86_64\livecode\thirdparty\libmysql\libmysql.vcxproj]
  C:\Users\user\Documents\GitHub\HyperXTalk\thirdparty\libmysql\src\my_time.h(81,53): error C2143: syntax error: missing '{' before '*' [C:\Users\user\Documents\GitHub\HyperXTalk\build-win-x86_64\livecode\thirdparty\libmysql\libmysql.vcxproj]
  C:\Users\user\Documents\GitHub\HyperXTalk\thirdparty\libmysql\src\my_time.h(82,29): error C2370: 'uint': redefinition; different storage class [C:\Users\user\Documents\GitHub\HyperXTalk\build-win-x86_64\livecode\thirdparty\libmysql\libmysql.vcxproj]
  C:\Users\user\Documents\GitHub\HyperXTalk\thirdparty\libmysql\src\my_time.h(82,34): error C2146: syntax error: missing ';' before identifier 'flags' [C:\Users\user\Documents\GitHub\HyperXTalk\build-win-x86_64\livecode\thirdparty\libmysql\libmysql.vcxproj]
  C:\Users\user\Documents\GitHub\HyperXTalk\thirdparty\libmysql\src\my_time.h(82,45): error C2059: syntax error: 'type' [C:\Users\user\Documents\GitHub\HyperXTalk\build-win-x86_64\livecode\thirdparty\libmysql\libmysql.vcxproj]
  C:\Users\user\Documents\GitHub\HyperXTalk\thirdparty\libmysql\src\my_time.h(82,53): error C2059: syntax error: ')' [C:\Users\user\Documents\GitHub\HyperXTalk\build-win-x86_64\livecode\thirdparty\libmysql\libmysql.vcxproj]
  C:\Users\user\Documents\GitHub\HyperXTalk\thirdparty\libmysql\src\my_time.h(83,55): error C2143: syntax error: missing ')' before '*' [C:\Users\user\Documents\GitHub\HyperXTalk\build-win-x86_64\livecode\thirdparty\libmysql\libmysql.vcxproj]
  C:\Users\user\Documents\GitHub\HyperXTalk\thirdparty\libmysql\src\my_time.h(83,55): error C2143: syntax error: missing '{' before '*' [C:\Users\user\Documents\GitHub\HyperXTalk\build-win-x86_64\livecode\thirdparty\libmysql\libmysql.vcxproj]
  C:\Users\user\Documents\GitHub\HyperXTalk\thirdparty\libmysql\src\my_time.h(83,56): error C2059: syntax error: ')' [C:\Users\user\Documents\GitHub\HyperXTalk\build-win-x86_64\livecode\thirdparty\libmysql\libmysql.vcxproj]
  C:\Users\user\Documents\GitHub\HyperXTalk\thirdparty\libmysql\src\my_time.h(83,57): error C2059: syntax error: ';' [C:\Users\user\Documents\GitHub\HyperXTalk\build-win-x86_64\livecode\thirdparty\libmysql\libmysql.vcxproj]
  C:\Users\user\Documents\GitHub\HyperXTalk\thirdparty\libmysql\src\my_time.h(84,51): error C2143: syntax error: missing ')' before '*' [C:\Users\user\Documents\GitHub\HyperXTalk\build-win-x86_64\livecode\thirdparty\libmysql\libmysql.vcxproj]
  C:\Users\user\Documents\GitHub\HyperXTalk\thirdparty\libmysql\src\my_time.h(84,51): error C2143: syntax error: missing '{' before '*' [C:\Users\user\Documents\GitHub\HyperXTalk\build-win-x86_64\livecode\thirdparty\libmysql\libmysql.vcxproj]
  C:\Users\user\Documents\GitHub\HyperXTalk\thirdparty\libmysql\src\my_time.h(84,52): error C2059: syntax error: ')' [C:\Users\user\Documents\GitHub\HyperXTalk\build-win-x86_64\livecode\thirdparty\libmysql\libmysql.vcxproj]
  C:\Users\user\Documents\GitHub\HyperXTalk\thirdparty\libmysql\src\my_time.h(84,53): error C2059: syntax error: ';' [C:\Users\user\Documents\GitHub\HyperXTalk\build-win-x86_64\livecode\thirdparty\libmysql\libmysql.vcxproj]
  C:\Users\user\Documents\GitHub\HyperXTalk\thirdparty\libmysql\src\my_time.h(85,51): error C2143: syntax error: missing ')' before '*' [C:\Users\user\Documents\GitHub\HyperXTalk\build-win-x86_64\livecode\thirdparty\libmysql\libmysql.vcxproj]
  C:\Users\user\Documents\GitHub\HyperXTalk\thirdparty\libmysql\src\my_time.h(85,51): error C2143: syntax error: missing '{' before '*' [C:\Users\user\Documents\GitHub\HyperXTalk\build-win-x86_64\livecode\thirdparty\libmysql\libmysql.vcxproj]
  C:\Users\user\Documents\GitHub\HyperXTalk\thirdparty\libmysql\src\my_time.h(85,52): error C2059: syntax error: ')' [C:\Users\user\Documents\GitHub\HyperXTalk\build-win-x86_64\livecode\thirdparty\libmysql\libmysql.vcxproj]
  C:\Users\user\Documents\GitHub\HyperXTalk\thirdparty\libmysql\src\my_time.h(85,53): error C2059: syntax error: ';' [C:\Users\user\Documents\GitHub\HyperXTalk\build-win-x86_64\livecode\thirdparty\libmysql\libmysql.vcxproj]
  C:\Users\user\Documents\GitHub\HyperXTalk\thirdparty\libmysql\src\my_time.h(86,46): error C2143: syntax error: missing ')' before '*' [C:\Users\user\Documents\GitHub\HyperXTalk\build-win-x86_64\livecode\thirdparty\libmysql\libmysql.vcxproj]
  C:\Users\user\Documents\GitHub\HyperXTalk\thirdparty\libmysql\src\my_time.h(86,46): error C2143: syntax error: missing '{' before '*' [C:\Users\user\Documents\GitHub\HyperXTalk\build-win-x86_64\livecode\thirdparty\libmysql\libmysql.vcxproj]
  C:\Users\user\Documents\GitHub\HyperXTalk\thirdparty\libmysql\src\my_time.h(86,47): error C2059: syntax error: ')' [C:\Users\user\Documents\GitHub\HyperXTalk\build-win-x86_64\livecode\thirdparty\libmysql\libmysql.vcxproj]
  C:\Users\user\Documents\GitHub\HyperXTalk\thirdparty\libmysql\src\my_time.h(86,48): error C2059: syntax error: ';' [C:\Users\user\Documents\GitHub\HyperXTalk\build-win-x86_64\livecode\thirdparty\libmysql\libmysql.vcxproj]
  C:\Users\user\Documents\GitHub\HyperXTalk\thirdparty\libmysql\src\my_time.h(89,61): error C2143: syntax error: missing ')' before '*' [C:\Users\user\Documents\GitHub\HyperXTalk\build-win-x86_64\livecode\thirdparty\libmysql\libmysql.vcxproj]
  C:\Users\user\Documents\GitHub\HyperXTalk\thirdparty\libmysql\src\my_time.h(89,61): error C2081: 'MYSQL_TIME': name in formal parameter list illegal [C:\Users\user\Documents\GitHub\HyperXTalk\build-win-x86_64\livecode\thirdparty\libmysql\libmysql.vcxproj]
  C:\Users\user\Documents\GitHub\HyperXTalk\thirdparty\libmysql\src\my_time.h(89,61): error C2143: syntax error: missing '{' before '*' [C:\Users\user\Documents\GitHub\HyperXTalk\build-win-x86_64\livecode\thirdparty\libmysql\libmysql.vcxproj]
  C:\Users\user\Documents\GitHub\HyperXTalk\thirdparty\libmysql\src\my_time.h(90,25): error C2059: syntax error: 'type' [C:\Users\user\Documents\GitHub\HyperXTalk\build-win-x86_64\livecode\thirdparty\libmysql\libmysql.vcxproj]
  C:\Users\user\Documents\GitHub\HyperXTalk\thirdparty\libmysql\src\my_time.h(90,33): error C2059: syntax error: ')' [C:\Users\user\Documents\GitHub\HyperXTalk\build-win-x86_64\livecode\thirdparty\libmysql\libmysql.vcxproj]
  C:\Users\user\Documents\GitHub\HyperXTalk\thirdparty\libmysql\src\my_time.h(114,65): error C2143: syntax error: missing ')' before '*' [C:\Users\user\Documents\GitHub\HyperXTalk\build-win-x86_64\livecode\thirdparty\libmysql\libmysql.vcxproj]
  C:\Users\user\Documents\GitHub\HyperXTalk\thirdparty\libmysql\src\my_time.h(114,65): error C2143: syntax error: missing '{' before '*' [C:\Users\user\Documents\GitHub\HyperXTalk\build-win-x86_64\livecode\thirdparty\libmysql\libmysql.vcxproj]
  C:\Users\user\Documents\GitHub\HyperXTalk\thirdparty\libmysql\src\my_time.h(114,67): error C2059: syntax error: ')' [C:\Users\user\Documents\GitHub\HyperXTalk\build-win-x86_64\livecode\thirdparty\libmysql\libmysql.vcxproj]
  C:\Users\user\Documents\GitHub\HyperXTalk\thirdparty\libmysql\src\my_time.h(115,1): error C2054: expected '(' to follow 't' [C:\Users\user\Documents\GitHub\HyperXTalk\build-win-x86_64\livecode\thirdparty\libmysql\libmysql.vcxproj]
  C:\Users\user\Documents\GitHub\HyperXTalk\thirdparty\libmysql\src\my_time.h(125,36): error C2143: syntax error: missing ')' before '*' [C:\Users\user\Documents\GitHub\HyperXTalk\build-win-x86_64\livecode\thirdparty\libmysql\libmysql.vcxproj]
  C:\Users\user\Documents\GitHub\HyperXTalk\thirdparty\libmysql\src\my_time.h(125,36): error C2143: syntax error: missing '{' before '*' [C:\Users\user\Documents\GitHub\HyperXTalk\build-win-x86_64\livecode\thirdparty\libmysql\libmysql.vcxproj]
  C:\Users\user\Documents\GitHub\HyperXTalk\thirdparty\libmysql\src\my_time.h(125,45): error C2059: syntax error: 'type' [C:\Users\user\Documents\GitHub\HyperXTalk\build-win-x86_64\livecode\thirdparty\libmysql\libmysql.vcxproj]
  C:\Users\user\Documents\GitHub\HyperXTalk\thirdparty\libmysql\src\my_time.h(126,43): error C2059: syntax error: ')' [C:\Users\user\Documents\GitHub\HyperXTalk\build-win-x86_64\livecode\thirdparty\libmysql\libmysql.vcxproj]
  C:\Users\user\Documents\GitHub\HyperXTalk\thirdparty\libmysql\src\my_time.h(128,31): error C2143: syntax error: missing ')' before '*' [C:\Users\user\Documents\GitHub\HyperXTalk\build-win-x86_64\livecode\thirdparty\libmysql\libmysql.vcxproj]
  C:\Users\user\Documents\GitHub\HyperXTalk\thirdparty\libmysql\src\my_time.h(128,31): error C2143: syntax error: missing '{' before '*' [C:\Users\user\Documents\GitHub\HyperXTalk\build-win-x86_64\livecode\thirdparty\libmysql\libmysql.vcxproj]
  C:\Users\user\Documents\GitHub\HyperXTalk\thirdparty\libmysql\src\my_time.h(128,67): error C2059: syntax error: 'type' [C:\Users\user\Documents\GitHub\HyperXTalk\build-win-x86_64\livecode\thirdparty\libmysql\libmysql.vcxproj]
  C:\Users\user\Documents\GitHub\HyperXTalk\thirdparty\libmysql\src\my_time.h(128,76): error C2059: syntax error: ')' [C:\Users\user\Documents\GitHub\HyperXTalk\build-win-x86_64\livecode\thirdparty\libmysql\libmysql.vcxproj]
  C:\Users\user\Documents\GitHub\HyperXTalk\thirdparty\libmysql\src\my_time.h(140,37): error C2143: syntax error: missing ')' before '*' [C:\Users\user\Documents\GitHub\HyperXTalk\build-win-x86_64\livecode\thirdparty\libmysql\libmysql.vcxproj]
  C:\Users\user\Documents\GitHub\HyperXTalk\thirdparty\libmysql\src\my_time.h(140,37): error C2143: syntax error: missing '{' before '*' [C:\Users\user\Documents\GitHub\HyperXTalk\build-win-x86_64\livecode\thirdparty\libmysql\libmysql.vcxproj]
  C:\Users\user\Documents\GitHub\HyperXTalk\thirdparty\libmysql\src\my_time.h(140,51): error C2059: syntax error: 'type' [C:\Users\user\Documents\GitHub\HyperXTalk\build-win-x86_64\livecode\thirdparty\libmysql\libmysql.vcxproj]
  C:\Users\user\Documents\GitHub\HyperXTalk\thirdparty\libmysql\src\my_time.h(140,54): error C2059: syntax error: ')' [C:\Users\user\Documents\GitHub\HyperXTalk\build-win-x86_64\livecode\thirdparty\libmysql\libmysql.vcxproj]
  C:\Users\user\Documents\GitHub\HyperXTalk\thirdparty\libmysql\src\my_time.h(141,37): error C2143: syntax error: missing ')' before '*' [C:\Users\user\Documents\GitHub\HyperXTalk\build-win-x86_64\livecode\thirdparty\libmysql\libmysql.vcxproj]
  C:\Users\user\Documents\GitHub\HyperXTalk\thirdparty\libmysql\src\my_time.h(141,37): error C2143: syntax error: missing '{' before '*' [C:\Users\user\Documents\GitHub\HyperXTalk\build-win-x86_64\livecode\thirdparty\libmysql\libmysql.vcxproj]
  C:\Users\user\Documents\GitHub\HyperXTalk\thirdparty\libmysql\src\my_time.h(141,51): error C2059: syntax error: 'type' [C:\Users\user\Documents\GitHub\HyperXTalk\build-win-x86_64\livecode\thirdparty\libmysql\libmysql.vcxproj]
  C:\Users\user\Documents\GitHub\HyperXTalk\thirdparty\libmysql\src\my_time.h(141,54): error C2059: syntax error: ')' [C:\Users\user\Documents\GitHub\HyperXTalk\build-win-x86_64\livecode\thirdparty\libmysql\libmysql.vcxproj]
  C:\Users\user\Documents\GitHub\HyperXTalk\thirdparty\libmysql\src\my_time.h(142,41): error C2143: syntax error: missing ')' before '*' [C:\Users\user\Documents\GitHub\HyperXTalk\build-win-x86_64\livecode\thirdparty\libmysql\libmysql.vcxproj]
  C:\Users\user\Documents\GitHub\HyperXTalk\thirdparty\libmysql\src\my_time.h(142,41): error C2143: syntax error: missing '{' before '*' [C:\Users\user\Documents\GitHub\HyperXTalk\build-win-x86_64\livecode\thirdparty\libmysql\libmysql.vcxproj]
  C:\Users\user\Documents\GitHub\HyperXTalk\thirdparty\libmysql\src\my_time.h(142,55): error C2059: syntax error: 'type' [C:\Users\user\Documents\GitHub\HyperXTalk\build-win-x86_64\livecode\thirdparty\libmysql\libmysql.vcxproj]
  C:\Users\user\Documents\GitHub\HyperXTalk\thirdparty\libmysql\src\my_time.h(142,58): error C2059: syntax error: ')' [C:\Users\user\Documents\GitHub\HyperXTalk\build-win-x86_64\livecode\thirdparty\libmysql\libmysql.vcxproj]
  C:\Users\user\Documents\GitHub\HyperXTalk\thirdparty\libmysql\src\my_time.h(143,37): error C2143: syntax error: missing ')' before '*' [C:\Users\user\Documents\GitHub\HyperXTalk\build-win-x86_64\livecode\thirdparty\libmysql\libmysql.vcxproj]
  C:\Users\user\Documents\GitHub\HyperXTalk\thirdparty\libmysql\src\my_time.h(143,37): error C2143: syntax error: missing '{' before '*' [C:\Users\user\Documents\GitHub\HyperXTalk\build-win-x86_64\livecode\thirdparty\libmysql\libmysql.vcxproj]
  C:\Users\user\Documents\GitHub\HyperXTalk\thirdparty\libmysql\src\my_time.h(143,51): error C2059: syntax error: 'type' [C:\Users\user\Documents\GitHub\HyperXTalk\build-win-x86_64\livecode\thirdparty\libmysql\libmysql.vcxproj]
  C:\Users\user\Documents\GitHub\HyperXTalk\thirdparty\libmysql\src\my_time.h(143,54): error C2059: syntax error: ')' [C:\Users\user\Documents\GitHub\HyperXTalk\build-win-x86_64\livecode\thirdparty\libmysql\libmysql.vcxproj]
  C:\Users\user\Documents\GitHub\HyperXTalk\thirdparty\libmysql\src\my_time.c(78,37): error C2143: syntax error: missing ')' before '*' [C:\Users\user\Documents\GitHub\HyperXTalk\build-win-x86_64\livecode\thirdparty\libmysql\libmysql.vcxproj]
  C:\Users\user\Documents\GitHub\HyperXTalk\thirdparty\libmysql\src\my_time.c(78,37): error C2143: syntax error: missing '{' before '*' [C:\Users\user\Documents\GitHub\HyperXTalk\build-win-x86_64\livecode\thirdparty\libmysql\libmysql.vcxproj]
  C:\Users\user\Documents\GitHub\HyperXTalk\thirdparty\libmysql\src\my_time.c(78,45): error C2371: 'my_bool': redefinition; different basic types [C:\Users\user\Documents\GitHub\HyperXTalk\build-win-x86_64\livecode\thirdparty\libmysql\libmysql.vcxproj]
  C:\Users\user\Documents\GitHub\HyperXTalk\thirdparty\libmysql\src\my_time.c(78,53): error C2146: syntax error: missing ';' before identifier 'not_zero_date' [C:\Users\user\Documents\GitHub\HyperXTalk\build-win-x86_64\livecode\thirdparty\libmysql\libmysql.vcxproj]
  C:\Users\user\Documents\GitHub\HyperXTalk\thirdparty\libmysql\src\my_time.c(79,20): error C2370: 'ulong': redefinition; different storage class [C:\Users\user\Documents\GitHub\HyperXTalk\build-win-x86_64\livecode\thirdparty\libmysql\libmysql.vcxproj]
  C:\Users\user\Documents\GitHub\HyperXTalk\thirdparty\libmysql\src\my_time.c(79,26): error C2146: syntax error: missing ';' before identifier 'flags' [C:\Users\user\Documents\GitHub\HyperXTalk\build-win-x86_64\livecode\thirdparty\libmysql\libmysql.vcxproj]
  C:\Users\user\Documents\GitHub\HyperXTalk\thirdparty\libmysql\src\my_time.c(79,37): error C2059: syntax error: 'type' [C:\Users\user\Documents\GitHub\HyperXTalk\build-win-x86_64\livecode\thirdparty\libmysql\libmysql.vcxproj]
  C:\Users\user\Documents\GitHub\HyperXTalk\thirdparty\libmysql\src\my_time.c(79,45): error C2059: syntax error: ')' [C:\Users\user\Documents\GitHub\HyperXTalk\build-win-x86_64\livecode\thirdparty\libmysql\libmysql.vcxproj]
  C:\Users\user\Documents\GitHub\HyperXTalk\thirdparty\libmysql\src\my_time.c(160,58): error C2143: syntax error: missing ')' before '*' [C:\Users\user\Documents\GitHub\HyperXTalk\build-win-x86_64\livecode\thirdparty\libmysql\libmysql.vcxproj]
  C:\Users\user\Documents\GitHub\HyperXTalk\thirdparty\libmysql\src\my_time.c(160,58): error C2081: 'MYSQL_TIME': name in formal parameter list illegal [C:\Users\user\Documents\GitHub\HyperXTalk\build-win-x86_64\livecode\thirdparty\libmysql\libmysql.vcxproj]
  C:\Users\user\Documents\GitHub\HyperXTalk\thirdparty\libmysql\src\my_time.c(160,58): error C2143: syntax error: missing '{' before '*' [C:\Users\user\Documents\GitHub\HyperXTalk\build-win-x86_64\livecode\thirdparty\libmysql\libmysql.vcxproj]
  C:\Users\user\Documents\GitHub\HyperXTalk\thirdparty\libmysql\src\my_time.c(161,17): error C2370: 'uint': redefinition; different storage class [C:\Users\user\Documents\GitHub\HyperXTalk\build-win-x86_64\livecode\thirdparty\libmysql\libmysql.vcxproj]
  C:\Users\user\Documents\GitHub\HyperXTalk\thirdparty\libmysql\src\my_time.c(161,22): error C2146: syntax error: missing ';' before identifier 'flags' [C:\Users\user\Documents\GitHub\HyperXTalk\build-win-x86_64\livecode\thirdparty\libmysql\libmysql.vcxproj]
  C:\Users\user\Documents\GitHub\HyperXTalk\thirdparty\libmysql\src\my_time.c(161,33): error C2059: syntax error: 'type' [C:\Users\user\Documents\GitHub\HyperXTalk\build-win-x86_64\livecode\thirdparty\libmysql\libmysql.vcxproj]
  C:\Users\user\Documents\GitHub\HyperXTalk\thirdparty\libmysql\src\my_time.c(161,41): error C2059: syntax error: ')' [C:\Users\user\Documents\GitHub\HyperXTalk\build-win-x86_64\livecode\thirdparty\libmysql\libmysql.vcxproj]
  C:\Users\user\Documents\GitHub\HyperXTalk\thirdparty\libmysql\src\my_time.c(488,62): error C2143: syntax error: missing ')' before '*' [C:\Users\user\Documents\GitHub\HyperXTalk\build-win-x86_64\livecode\thirdparty\libmysql\libmysql.vcxproj]
  C:\Users\user\Documents\GitHub\HyperXTalk\thirdparty\libmysql\src\my_time.c(488,62): error C2081: 'MYSQL_TIME': name in formal parameter list illegal [C:\Users\user\Documents\GitHub\HyperXTalk\build-win-x86_64\livecode\thirdparty\libmysql\libmysql.vcxproj]
  C:\Users\user\Documents\GitHub\HyperXTalk\thirdparty\libmysql\src\my_time.c(488,62): error C2143: syntax error: missing '{' before '*' [C:\Users\user\Documents\GitHub\HyperXTalk\build-win-x86_64\livecode\thirdparty\libmysql\libmysql.vcxproj]
  C:\Users\user\Documents\GitHub\HyperXTalk\thirdparty\libmysql\src\my_time.c(489,25): error C2059: syntax error: 'type' [C:\Users\user\Documents\GitHub\HyperXTalk\build-win-x86_64\livecode\thirdparty\libmysql\libmysql.vcxproj]
  C:\Users\user\Documents\GitHub\HyperXTalk\thirdparty\libmysql\src\my_time.c(489,33): error C2059: syntax error: ')' [C:\Users\user\Documents\GitHub\HyperXTalk\build-win-x86_64\livecode\thirdparty\libmysql\libmysql.vcxproj]
  C:\Users\user\Documents\GitHub\HyperXTalk\thirdparty\libmysql\src\my_time.c(692,16): error C2037: left of 'minute' specifies undefined struct/union 'st_mysql_time' [C:\Users\user\Documents\GitHub\HyperXTalk\build-win-x86_64\livecode\thirdparty\libmysql\libmysql.vcxproj]
  C:\Users\user\Documents\GitHub\HyperXTalk\thirdparty\libmysql\src\my_time.c(692,41): error C2037: left of 'second' specifies undefined struct/union 'st_mysql_time' [C:\Users\user\Documents\GitHub\HyperXTalk\build-win-x86_64\livecode\thirdparty\libmysql\libmysql.vcxproj]
  C:\Users\user\Documents\GitHub\HyperXTalk\thirdparty\libmysql\src\my_time.c(695,18): error C2037: left of 'hour' specifies undefined struct/union 'st_mysql_time' [C:\Users\user\Documents\GitHub\HyperXTalk\build-win-x86_64\livecode\thirdparty\libmysql\libmysql.vcxproj]
  C:\Users\user\Documents\GitHub\HyperXTalk\thirdparty\libmysql\src\my_time.c(695,38): error C2037: left of 'day' specifies undefined struct/union 'st_mysql_time' [C:\Users\user\Documents\GitHub\HyperXTalk\build-win-x86_64\livecode\thirdparty\libmysql\libmysql.vcxproj]
  C:\Users\user\Documents\GitHub\HyperXTalk\thirdparty\libmysql\src\my_time.c(697,42): error C2037: left of 'minute' specifies undefined struct/union 'st_mysql_time' [C:\Users\user\Documents\GitHub\HyperXTalk\build-win-x86_64\livecode\thirdparty\libmysql\libmysql.vcxproj]
  C:\Users\user\Documents\GitHub\HyperXTalk\thirdparty\libmysql\src\my_time.c(698,17): error C2037: left of 'second' specifies undefined struct/union 'st_mysql_time' [C:\Users\user\Documents\GitHub\HyperXTalk\build-win-x86_64\livecode\thirdparty\libmysql\libmysql.vcxproj]
  C:\Users\user\Documents\GitHub\HyperXTalk\thirdparty\libmysql\src\my_time.c(698,56): error C2037: left of 'second_part' specifies undefined struct/union 'st_mysql_time' [C:\Users\user\Documents\GitHub\HyperXTalk\build-win-x86_64\livecode\thirdparty\libmysql\libmysql.vcxproj]
  C:\Users\user\Documents\GitHub\HyperXTalk\thirdparty\libmysql\src\my_time.c(701,12): error C2037: left of 'day' specifies undefined struct/union 'st_mysql_time' [C:\Users\user\Documents\GitHub\HyperXTalk\build-win-x86_64\livecode\thirdparty\libmysql\libmysql.vcxproj]
  C:\Users\user\Documents\GitHub\HyperXTalk\thirdparty\libmysql\src\my_time.c(701,12): fatal error C1003: error count exceeds 100; stopping compilation [C:\Users\user\Documents\GitHub\HyperXTalk\build-win-x86_64\livecode\thirdparty\libmysql\libmysql.vcxproj]
  C:\Users\user\Documents\GitHub\HyperXTalk\thirdparty\libmysql\src\violite.h(44,4): error C2143: syntax error: missing '{' before '*' [C:\Users\user\Documents\GitHub\HyperXTalk\build-win-x86_64\livecode\thirdparty\libmysql\libmysql.vcxproj]
  C:\Users\user\Documents\GitHub\HyperXTalk\thirdparty\libmysql\src\violite.h(46,4): error C2143: syntax error: missing '{' before '*' [C:\Users\user\Documents\GitHub\HyperXTalk\build-win-x86_64\livecode\thirdparty\libmysql\libmysql.vcxproj]
  C:\Users\user\Documents\GitHub\HyperXTalk\thirdparty\libmysql\src\violite.h(47,4): error C2143: syntax error: missing '{' before '*' [C:\Users\user\Documents\GitHub\HyperXTalk\build-win-x86_64\livecode\thirdparty\libmysql\libmysql.vcxproj]
  C:\Users\user\Documents\GitHub\HyperXTalk\thirdparty\libmysql\src\violite.h(54,26): error C2143: syntax error: missing ')' before '*' [C:\Users\user\Documents\GitHub\HyperXTalk\build-win-x86_64\livecode\thirdparty\libmysql\libmysql.vcxproj]
  C:\Users\user\Documents\GitHub\HyperXTalk\thirdparty\libmysql\src\violite.h(54,26): error C2143: syntax error: missing '{' before '*' [C:\Users\user\Documents\GitHub\HyperXTalk\build-win-x86_64\livecode\thirdparty\libmysql\libmysql.vcxproj]
  C:\Users\user\Documents\GitHub\HyperXTalk\thirdparty\libmysql\src\violite.h(54,32): error C2371: 'uchar': redefinition; different basic types [C:\Users\user\Documents\GitHub\HyperXTalk\build-win-x86_64\livecode\thirdparty\libmysql\libmysql.vcxproj]
  C:\Users\user\Documents\GitHub\HyperXTalk\thirdparty\libmysql\src\violite.h(54,38): error C2143: syntax error: missing ';' before '*' [C:\Users\user\Documents\GitHub\HyperXTalk\build-win-x86_64\livecode\thirdparty\libmysql\libmysql.vcxproj]
  C:\Users\user\Documents\GitHub\HyperXTalk\thirdparty\libmysql\src\violite.h(54,45): error C2370: 'size_t': redefinition; different storage class [C:\Users\user\Documents\GitHub\HyperXTalk\build-win-x86_64\livecode\thirdparty\libmysql\libmysql.vcxproj]
  C:\Users\user\Documents\GitHub\HyperXTalk\thirdparty\libmysql\src\violite.h(54,52): error C2146: syntax error: missing ';' before identifier 'size' [C:\Users\user\Documents\GitHub\HyperXTalk\build-win-x86_64\livecode\thirdparty\libmysql\libmysql.vcxproj]
  C:\Users\user\Documents\GitHub\HyperXTalk\thirdparty\libmysql\src\violite.h(54,56): error C2059: syntax error: ')' [C:\Users\user\Documents\GitHub\HyperXTalk\build-win-x86_64\livecode\thirdparty\libmysql\libmysql.vcxproj]
  C:\Users\user\Documents\GitHub\HyperXTalk\thirdparty\libmysql\src\violite.h(55,27): error C2143: syntax error: missing ')' before '*' [C:\Users\user\Documents\GitHub\HyperXTalk\build-win-x86_64\livecode\thirdparty\libmysql\libmysql.vcxproj]
  C:\Users\user\Documents\GitHub\HyperXTalk\thirdparty\libmysql\src\violite.h(55,27): error C2143: syntax error: missing '{' before '*' [C:\Users\user\Documents\GitHub\HyperXTalk\build-win-x86_64\livecode\thirdparty\libmysql\libmysql.vcxproj]
  C:\Users\user\Documents\GitHub\HyperXTalk\thirdparty\libmysql\src\violite.h(55,39): error C2371: 'uchar': redefinition; different basic types [C:\Users\user\Documents\GitHub\HyperXTalk\build-win-x86_64\livecode\thirdparty\libmysql\libmysql.vcxproj]
  C:\Users\user\Documents\GitHub\HyperXTalk\thirdparty\libmysql\src\violite.h(55,45): error C2143: syntax error: missing ';' before '*' [C:\Users\user\Documents\GitHub\HyperXTalk\build-win-x86_64\livecode\thirdparty\libmysql\libmysql.vcxproj]
  C:\Users\user\Documents\GitHub\HyperXTalk\thirdparty\libmysql\src\violite.h(55,52): error C2370: 'size_t': redefinition; different storage class [C:\Users\user\Documents\GitHub\HyperXTalk\build-win-x86_64\livecode\thirdparty\libmysql\libmysql.vcxproj]
  C:\Users\user\Documents\GitHub\HyperXTalk\thirdparty\libmysql\src\violite.h(55,59): error C2146: syntax error: missing ';' before identifier 'size' [C:\Users\user\Documents\GitHub\HyperXTalk\build-win-x86_64\livecode\thirdparty\libmysql\libmysql.vcxproj]
  C:\Users\user\Documents\GitHub\HyperXTalk\thirdparty\libmysql\src\violite.h(55,63): error C2059: syntax error: ')' [C:\Users\user\Documents\GitHub\HyperXTalk\build-win-x86_64\livecode\thirdparty\libmysql\libmysql.vcxproj]
  C:\Users\user\Documents\GitHub\HyperXTalk\thirdparty\libmysql\src\violite.h(56,24): error C2143: syntax error: missing ')' before '*' [C:\Users\user\Documents\GitHub\HyperXTalk\build-win-x86_64\livecode\thirdparty\libmysql\libmysql.vcxproj]
  C:\Users\user\Documents\GitHub\HyperXTalk\thirdparty\libmysql\src\violite.h(56,24): error C2143: syntax error: missing '{' before '*' [C:\Users\user\Documents\GitHub\HyperXTalk\build-win-x86_64\livecode\thirdparty\libmysql\libmysql.vcxproj]
  C:\Users\user\Documents\GitHub\HyperXTalk\thirdparty\libmysql\src\violite.h(56,29): error C2059: syntax error: ')' [C:\Users\user\Documents\GitHub\HyperXTalk\build-win-x86_64\livecode\thirdparty\libmysql\libmysql.vcxproj]
  C:\Users\user\Documents\GitHub\HyperXTalk\thirdparty\libmysql\src\violite.h(61,20): error C2143: syntax error: missing ')' before '*' [C:\Users\user\Documents\GitHub\HyperXTalk\build-win-x86_64\livecode\thirdparty\libmysql\libmysql.vcxproj]
  C:\Users\user\Documents\GitHub\HyperXTalk\thirdparty\libmysql\src\violite.h(61,20): error C2143: syntax error: missing '{' before '*' [C:\Users\user\Documents\GitHub\HyperXTalk\build-win-x86_64\livecode\thirdparty\libmysql\libmysql.vcxproj]
  C:\Users\user\Documents\GitHub\HyperXTalk\thirdparty\libmysql\src\violite.h(61,25): error C2059: syntax error: ')' [C:\Users\user\Documents\GitHub\HyperXTalk\build-win-x86_64\livecode\thirdparty\libmysql\libmysql.vcxproj]
  C:\Users\user\Documents\GitHub\HyperXTalk\thirdparty\libmysql\src\violite.h(62,18): error C2143: syntax error: missing ')' before '*' [C:\Users\user\Documents\GitHub\HyperXTalk\build-win-x86_64\livecode\thirdparty\libmysql\libmysql.vcxproj]
  C:\Users\user\Documents\GitHub\HyperXTalk\thirdparty\libmysql\src\violite.h(62,18): error C2143: syntax error: missing '{' before '*' [C:\Users\user\Documents\GitHub\HyperXTalk\build-win-x86_64\livecode\thirdparty\libmysql\libmysql.vcxproj]
  C:\Users\user\Documents\GitHub\HyperXTalk\thirdparty\libmysql\src\violite.h(62,23): error C2059: syntax error: ')' [C:\Users\user\Documents\GitHub\HyperXTalk\build-win-x86_64\livecode\thirdparty\libmysql\libmysql.vcxproj]
  C:\Users\user\Documents\GitHub\HyperXTalk\thirdparty\libmysql\src\violite.h(63,22): error C2143: syntax error: missing ')' before '*' [C:\Users\user\Documents\GitHub\HyperXTalk\build-win-x86_64\livecode\thirdparty\libmysql\libmysql.vcxproj]
  C:\Users\user\Documents\GitHub\HyperXTalk\thirdparty\libmysql\src\violite.h(63,22): error C2143: syntax error: missing '{' before '*' [C:\Users\user\Documents\GitHub\HyperXTalk\build-win-x86_64\livecode\thirdparty\libmysql\libmysql.vcxproj]
  C:\Users\user\Documents\GitHub\HyperXTalk\thirdparty\libmysql\src\violite.h(63,48): error C2059: syntax error: 'type' [C:\Users\user\Documents\GitHub\HyperXTalk\build-win-x86_64\livecode\thirdparty\libmysql\libmysql.vcxproj]
  C:\Users\user\Documents\GitHub\HyperXTalk\thirdparty\libmysql\src\violite.h(64,57): error C2059: syntax error: ')' [C:\Users\user\Documents\GitHub\HyperXTalk\build-win-x86_64\livecode\thirdparty\libmysql\libmysql.vcxproj]
  C:\Users\user\Documents\GitHub\HyperXTalk\thirdparty\libmysql\src\violite.h(65,21): error C2143: syntax error: missing ')' before '*' [C:\Users\user\Documents\GitHub\HyperXTalk\build-win-x86_64\livecode\thirdparty\libmysql\libmysql.vcxproj]
  C:\Users\user\Documents\GitHub\HyperXTalk\thirdparty\libmysql\src\violite.h(65,21): error C2143: syntax error: missing '{' before '*' [C:\Users\user\Documents\GitHub\HyperXTalk\build-win-x86_64\livecode\thirdparty\libmysql\libmysql.vcxproj]
  C:\Users\user\Documents\GitHub\HyperXTalk\thirdparty\libmysql\src\violite.h(65,27): error C2371: 'uchar': redefinition; different basic types [C:\Users\user\Documents\GitHub\HyperXTalk\build-win-x86_64\livecode\thirdparty\libmysql\libmysql.vcxproj]
  C:\Users\user\Documents\GitHub\HyperXTalk\thirdparty\libmysql\src\violite.h(65,33): error C2143: syntax error: missing ';' before '*' [C:\Users\user\Documents\GitHub\HyperXTalk\build-win-x86_64\livecode\thirdparty\libmysql\libmysql.vcxproj]
  C:\Users\user\Documents\GitHub\HyperXTalk\thirdparty\libmysql\src\violite.h(65,40): error C2370: 'size_t': redefinition; different storage class [C:\Users\user\Documents\GitHub\HyperXTalk\build-win-x86_64\livecode\thirdparty\libmysql\libmysql.vcxproj]
  C:\Users\user\Documents\GitHub\HyperXTalk\thirdparty\libmysql\src\violite.h(65,47): error C2146: syntax error: missing ';' before identifier 'size' [C:\Users\user\Documents\GitHub\HyperXTalk\build-win-x86_64\livecode\thirdparty\libmysql\libmysql.vcxproj]
  C:\Users\user\Documents\GitHub\HyperXTalk\thirdparty\libmysql\src\violite.h(65,51): error C2059: syntax error: ')' [C:\Users\user\Documents\GitHub\HyperXTalk\build-win-x86_64\livecode\thirdparty\libmysql\libmysql.vcxproj]
  C:\Users\user\Documents\GitHub\HyperXTalk\thirdparty\libmysql\src\violite.h(66,27): error C2143: syntax error: missing ')' before '*' [C:\Users\user\Documents\GitHub\HyperXTalk\build-win-x86_64\livecode\thirdparty\libmysql\libmysql.vcxproj]
  C:\Users\user\Documents\GitHub\HyperXTalk\thirdparty\libmysql\src\violite.h(66,27): error C2143: syntax error: missing '{' before '*' [C:\Users\user\Documents\GitHub\HyperXTalk\build-win-x86_64\livecode\thirdparty\libmysql\libmysql.vcxproj]
  C:\Users\user\Documents\GitHub\HyperXTalk\thirdparty\libmysql\src\violite.h(66,33): error C2371: 'uchar': redefinition; different basic types [C:\Users\user\Documents\GitHub\HyperXTalk\build-win-x86_64\livecode\thirdparty\libmysql\libmysql.vcxproj]
  C:\Users\user\Documents\GitHub\HyperXTalk\thirdparty\libmysql\src\violite.h(66,39): error C2143: syntax error: missing ';' before '*' [C:\Users\user\Documents\GitHub\HyperXTalk\build-win-x86_64\livecode\thirdparty\libmysql\libmysql.vcxproj]
  C:\Users\user\Documents\GitHub\HyperXTalk\thirdparty\libmysql\src\violite.h(66,46): error C2370: 'size_t': redefinition; different storage class [C:\Users\user\Documents\GitHub\HyperXTalk\build-win-x86_64\livecode\thirdparty\libmysql\libmysql.vcxproj]
  C:\Users\user\Documents\GitHub\HyperXTalk\thirdparty\libmysql\src\violite.h(66,53): error C2146: syntax error: missing ';' before identifier 'size' [C:\Users\user\Documents\GitHub\HyperXTalk\build-win-x86_64\livecode\thirdparty\libmysql\libmysql.vcxproj]
  C:\Users\user\Documents\GitHub\HyperXTalk\thirdparty\libmysql\src\violite.h(66,57): error C2059: syntax error: ')' [C:\Users\user\Documents\GitHub\HyperXTalk\build-win-x86_64\livecode\thirdparty\libmysql\libmysql.vcxproj]
  C:\Users\user\Documents\GitHub\HyperXTalk\thirdparty\libmysql\src\violite.h(67,22): error C2143: syntax error: missing ')' before '*' [C:\Users\user\Documents\GitHub\HyperXTalk\build-win-x86_64\livecode\thirdparty\libmysql\libmysql.vcxproj]
  C:\Users\user\Documents\GitHub\HyperXTalk\thirdparty\libmysql\src\violite.h(67,22): error C2143: syntax error: missing '{' before '*' [C:\Users\user\Documents\GitHub\HyperXTalk\build-win-x86_64\livecode\thirdparty\libmysql\libmysql.vcxproj]
  C:\Users\user\Documents\GitHub\HyperXTalk\thirdparty\libmysql\src\violite.h(67,34): error C2371: 'uchar': redefinition; different basic types [C:\Users\user\Documents\GitHub\HyperXTalk\build-win-x86_64\livecode\thirdparty\libmysql\libmysql.vcxproj]
  C:\Users\user\Documents\GitHub\HyperXTalk\thirdparty\libmysql\src\violite.h(67,40): error C2143: syntax error: missing ';' before '*' [C:\Users\user\Documents\GitHub\HyperXTalk\build-win-x86_64\livecode\thirdparty\libmysql\libmysql.vcxproj]
  C:\Users\user\Documents\GitHub\HyperXTalk\thirdparty\libmysql\src\violite.h(67,47): error C2370: 'size_t': redefinition; different storage class [C:\Users\user\Documents\GitHub\HyperXTalk\build-win-x86_64\livecode\thirdparty\libmysql\libmysql.vcxproj]
  C:\Users\user\Documents\GitHub\HyperXTalk\thirdparty\libmysql\src\violite.h(67,54): error C2146: syntax error: missing ';' before identifier 'size' [C:\Users\user\Documents\GitHub\HyperXTalk\build-win-x86_64\livecode\thirdparty\libmysql\libmysql.vcxproj]
  C:\Users\user\Documents\GitHub\HyperXTalk\thirdparty\libmysql\src\violite.h(67,58): error C2059: syntax error: ')' [C:\Users\user\Documents\GitHub\HyperXTalk\build-win-x86_64\livecode\thirdparty\libmysql\libmysql.vcxproj]
  C:\Users\user\Documents\GitHub\HyperXTalk\thirdparty\libmysql\src\violite.h(68,22): error C2143: syntax error: missing ')' before '*' [C:\Users\user\Documents\GitHub\HyperXTalk\build-win-x86_64\livecode\thirdparty\libmysql\libmysql.vcxproj]
  C:\Users\user\Documents\GitHub\HyperXTalk\thirdparty\libmysql\src\violite.h(68,22): error C2143: syntax error: missing '{' before '*' [C:\Users\user\Documents\GitHub\HyperXTalk\build-win-x86_64\livecode\thirdparty\libmysql\libmysql.vcxproj]
  C:\Users\user\Documents\GitHub\HyperXTalk\thirdparty\libmysql\src\violite.h(68,28): error C2371: 'my_bool': redefinition; different basic types [C:\Users\user\Documents\GitHub\HyperXTalk\build-win-x86_64\livecode\thirdparty\libmysql\libmysql.vcxproj]
  C:\Users\user\Documents\GitHub\HyperXTalk\thirdparty\libmysql\src\violite.h(68,36): error C2146: syntax error: missing ';' before identifier 'onoff' [C:\Users\user\Documents\GitHub\HyperXTalk\build-win-x86_64\livecode\thirdparty\libmysql\libmysql.vcxproj]
  C:\Users\user\Documents\GitHub\HyperXTalk\thirdparty\libmysql\src\violite.h(68,43): error C2371: 'my_bool': redefinition; different basic types [C:\Users\user\Documents\GitHub\HyperXTalk\build-win-x86_64\livecode\thirdparty\libmysql\libmysql.vcxproj]
  C:\Users\user\Documents\GitHub\HyperXTalk\thirdparty\libmysql\src\violite.h(68,51): error C2143: syntax error: missing ';' before '*' [C:\Users\user\Documents\GitHub\HyperXTalk\build-win-x86_64\livecode\thirdparty\libmysql\libmysql.vcxproj]
  C:\Users\user\Documents\GitHub\HyperXTalk\thirdparty\libmysql\src\violite.h(68,60): error C2059: syntax error: ')' [C:\Users\user\Documents\GitHub\HyperXTalk\build-win-x86_64\livecode\thirdparty\libmysql\libmysql.vcxproj]
  C:\Users\user\Documents\GitHub\HyperXTalk\thirdparty\libmysql\src\violite.h(69,29): error C2143: syntax error: missing ')' before '*' [C:\Users\user\Documents\GitHub\HyperXTalk\build-win-x86_64\livecode\thirdparty\libmysql\libmysql.vcxproj]
  C:\Users\user\Documents\GitHub\HyperXTalk\thirdparty\libmysql\src\violite.h(69,29): error C2143: syntax error: missing '{' before '*' [C:\Users\user\Documents\GitHub\HyperXTalk\build-win-x86_64\livecode\thirdparty\libmysql\libmysql.vcxproj]
  C:\Users\user\Documents\GitHub\HyperXTalk\thirdparty\libmysql\src\violite.h(69,33): error C2059: syntax error: ')' [C:\Users\user\Documents\GitHub\HyperXTalk\build-win-x86_64\livecode\thirdparty\libmysql\libmysql.vcxproj]
  C:\Users\user\Documents\GitHub\HyperXTalk\thirdparty\libmysql\src\violite.h(71,22): error C2143: syntax error: missing ')' before '*' [C:\Users\user\Documents\GitHub\HyperXTalk\build-win-x86_64\livecode\thirdparty\libmysql\libmysql.vcxproj]
  C:\Users\user\Documents\GitHub\HyperXTalk\thirdparty\libmysql\src\violite.h(71,22): error C2143: syntax error: missing '{' before '*' [C:\Users\user\Documents\GitHub\HyperXTalk\build-win-x86_64\livecode\thirdparty\libmysql\libmysql.vcxproj]
  C:\Users\user\Documents\GitHub\HyperXTalk\thirdparty\libmysql\src\violite.h(71,26): error C2059: syntax error: ')' [C:\Users\user\Documents\GitHub\HyperXTalk\build-win-x86_64\livecode\thirdparty\libmysql\libmysql.vcxproj]
  C:\Users\user\Documents\GitHub\HyperXTalk\thirdparty\libmysql\src\violite.h(73,23): error C2143: syntax error: missing ')' before '*' [C:\Users\user\Documents\GitHub\HyperXTalk\build-win-x86_64\livecode\thirdparty\libmysql\libmysql.vcxproj]
  C:\Users\user\Documents\GitHub\HyperXTalk\thirdparty\libmysql\src\violite.h(73,23): error C2143: syntax error: missing '{' before '*' [C:\Users\user\Documents\GitHub\HyperXTalk\build-win-x86_64\livecode\thirdparty\libmysql\libmysql.vcxproj]
  C:\Users\user\Documents\GitHub\HyperXTalk\thirdparty\libmysql\src\violite.h(73,29): error C2371: 'my_bool': redefinition; different basic types [C:\Users\user\Documents\GitHub\HyperXTalk\build-win-x86_64\livecode\thirdparty\libmysql\libmysql.vcxproj]
  C:\Users\user\Documents\GitHub\HyperXTalk\thirdparty\libmysql\src\violite.h(73,37): error C2146: syntax error: missing ';' before identifier 'onoff' [C:\Users\user\Documents\GitHub\HyperXTalk\build-win-x86_64\livecode\thirdparty\libmysql\libmysql.vcxproj]
  C:\Users\user\Documents\GitHub\HyperXTalk\thirdparty\libmysql\src\violite.h(73,42): error C2059: syntax error: ')' [C:\Users\user\Documents\GitHub\HyperXTalk\build-win-x86_64\livecode\thirdparty\libmysql\libmysql.vcxproj]
  C:\Users\user\Documents\GitHub\HyperXTalk\thirdparty\libmysql\src\violite.h(75,30): error C2143: syntax error: missing ')' before '*' [C:\Users\user\Documents\GitHub\HyperXTalk\build-win-x86_64\livecode\thirdparty\libmysql\libmysql.vcxproj]
  C:\Users\user\Documents\GitHub\HyperXTalk\thirdparty\libmysql\src\violite.h(75,30): error C2143: syntax error: missing '{' before '*' [C:\Users\user\Documents\GitHub\HyperXTalk\build-win-x86_64\livecode\thirdparty\libmysql\libmysql.vcxproj]
  C:\Users\user\Documents\GitHub\HyperXTalk\thirdparty\libmysql\src\violite.h(75,34): error C2059: syntax error: ')' [C:\Users\user\Documents\GitHub\HyperXTalk\build-win-x86_64\livecode\thirdparty\libmysql\libmysql.vcxproj]
  C:\Users\user\Documents\GitHub\HyperXTalk\thirdparty\libmysql\src\violite.h(77,33): error C2143: syntax error: missing ')' before '*' [C:\Users\user\Documents\GitHub\HyperXTalk\build-win-x86_64\livecode\thirdparty\libmysql\libmysql.vcxproj]
  C:\Users\user\Documents\GitHub\HyperXTalk\thirdparty\libmysql\src\violite.h(77,33): error C2143: syntax error: missing '{' before '*' [C:\Users\user\Documents\GitHub\HyperXTalk\build-win-x86_64\livecode\thirdparty\libmysql\libmysql.vcxproj]
  C:\Users\user\Documents\GitHub\HyperXTalk\thirdparty\libmysql\src\violite.h(77,37): error C2059: syntax error: ')' [C:\Users\user\Documents\GitHub\HyperXTalk\build-win-x86_64\livecode\thirdparty\libmysql\libmysql.vcxproj]
  C:\Users\user\Documents\GitHub\HyperXTalk\thirdparty\libmysql\src\violite.h(79,33): error C2143: syntax error: missing ')' before '*' [C:\Users\user\Documents\GitHub\HyperXTalk\build-win-x86_64\livecode\thirdparty\libmysql\libmysql.vcxproj]
  C:\Users\user\Documents\GitHub\HyperXTalk\thirdparty\libmysql\src\violite.h(79,33): error C2143: syntax error: missing '{' before '*' [C:\Users\user\Documents\GitHub\HyperXTalk\build-win-x86_64\livecode\thirdparty\libmysql\libmysql.vcxproj]
  C:\Users\user\Documents\GitHub\HyperXTalk\thirdparty\libmysql\src\violite.h(79,37): error C2059: syntax error: ')' [C:\Users\user\Documents\GitHub\HyperXTalk\build-win-x86_64\livecode\thirdparty\libmysql\libmysql.vcxproj]
  C:\Users\user\Documents\GitHub\HyperXTalk\thirdparty\libmysql\src\violite.h(81,32): error C2143: syntax error: missing ')' before '*' [C:\Users\user\Documents\GitHub\HyperXTalk\build-win-x86_64\livecode\thirdparty\libmysql\libmysql.vcxproj]
  C:\Users\user\Documents\GitHub\HyperXTalk\thirdparty\libmysql\src\violite.h(81,32): error C2143: syntax error: missing '{' before '*' [C:\Users\user\Documents\GitHub\HyperXTalk\build-win-x86_64\livecode\thirdparty\libmysql\libmysql.vcxproj]
  C:\Users\user\Documents\GitHub\HyperXTalk\thirdparty\libmysql\src\violite.h(81,37): error C2059: syntax error: ')' [C:\Users\user\Documents\GitHub\HyperXTalk\build-win-x86_64\livecode\thirdparty\libmysql\libmysql.vcxproj]
  C:\Users\user\Documents\GitHub\HyperXTalk\thirdparty\libmysql\src\violite.h(83,18): error C2143: syntax error: missing ')' before '*' [C:\Users\user\Documents\GitHub\HyperXTalk\build-win-x86_64\livecode\thirdparty\libmysql\libmysql.vcxproj]
  C:\Users\user\Documents\GitHub\HyperXTalk\thirdparty\libmysql\src\violite.h(83,18): error C2143: syntax error: missing '{' before '*' [C:\Users\user\Documents\GitHub\HyperXTalk\build-win-x86_64\livecode\thirdparty\libmysql\libmysql.vcxproj]
  C:\Users\user\Documents\GitHub\HyperXTalk\thirdparty\libmysql\src\violite.h(83,22): error C2059: syntax error: ')' [C:\Users\user\Documents\GitHub\HyperXTalk\build-win-x86_64\livecode\thirdparty\libmysql\libmysql.vcxproj]
  C:\Users\user\Documents\GitHub\HyperXTalk\thirdparty\libmysql\src\violite.h(85,21): error C2143: syntax error: missing ')' before '*' [C:\Users\user\Documents\GitHub\HyperXTalk\build-win-x86_64\livecode\thirdparty\libmysql\libmysql.vcxproj]
  C:\Users\user\Documents\GitHub\HyperXTalk\thirdparty\libmysql\src\violite.h(85,21): error C2143: syntax error: missing '{' before '*' [C:\Users\user\Documents\GitHub\HyperXTalk\build-win-x86_64\livecode\thirdparty\libmysql\libmysql.vcxproj]
  C:\Users\user\Documents\GitHub\HyperXTalk\thirdparty\libmysql\src\violite.h(85,25): error C2059: syntax error: ')' [C:\Users\user\Documents\GitHub\HyperXTalk\build-win-x86_64\livecode\thirdparty\libmysql\libmysql.vcxproj]
  C:\Users\user\Documents\GitHub\HyperXTalk\thirdparty\libmysql\src\violite.h(87,27): error C2143: syntax error: missing ')' before '*' [C:\Users\user\Documents\GitHub\HyperXTalk\build-win-x86_64\livecode\thirdparty\libmysql\libmysql.vcxproj]
  C:\Users\user\Documents\GitHub\HyperXTalk\thirdparty\libmysql\src\violite.h(87,27): error C2143: syntax error: missing '{' before '*' [C:\Users\user\Documents\GitHub\HyperXTalk\build-win-x86_64\livecode\thirdparty\libmysql\libmysql.vcxproj]
  C:\Users\user\Documents\GitHub\HyperXTalk\thirdparty\libmysql\src\violite.h(87,38): error C2059: syntax error: 'type' [C:\Users\user\Documents\GitHub\HyperXTalk\build-win-x86_64\livecode\thirdparty\libmysql\libmysql.vcxproj]
  C:\Users\user\Documents\GitHub\HyperXTalk\thirdparty\libmysql\src\violite.h(87,71): error C2059: syntax error: ')' [C:\Users\user\Documents\GitHub\HyperXTalk\build-win-x86_64\livecode\thirdparty\libmysql\libmysql.vcxproj]
  C:\Users\user\Documents\GitHub\HyperXTalk\thirdparty\libmysql\src\violite.h(88,27): error C2143: syntax error: missing ')' before '*' [C:\Users\user\Documents\GitHub\HyperXTalk\build-win-x86_64\livecode\thirdparty\libmysql\libmysql.vcxproj]
  C:\Users\user\Documents\GitHub\HyperXTalk\thirdparty\libmysql\src\violite.h(88,27): error C2143: syntax error: missing '{' before '*' [C:\Users\user\Documents\GitHub\HyperXTalk\build-win-x86_64\livecode\thirdparty\libmysql\libmysql.vcxproj]
  C:\Users\user\Documents\GitHub\HyperXTalk\thirdparty\libmysql\src\violite.h(88,32): error C2370: 'uint': redefinition; different storage class [C:\Users\user\Documents\GitHub\HyperXTalk\build-win-x86_64\livecode\thirdparty\libmysql\libmysql.vcxproj]
  C:\Users\user\Documents\GitHub\HyperXTalk\thirdparty\libmysql\src\violite.h(88,37): error C2146: syntax error: missing ';' before identifier 'timeout' [C:\Users\user\Documents\GitHub\HyperXTalk\build-win-x86_64\livecode\thirdparty\libmysql\libmysql.vcxproj]
  C:\Users\user\Documents\GitHub\HyperXTalk\thirdparty\libmysql\src\violite.h(88,44): error C2059: syntax error: ')' [C:\Users\user\Documents\GitHub\HyperXTalk\build-win-x86_64\livecode\thirdparty\libmysql\libmysql.vcxproj]
  C:\Users\user\Documents\GitHub\HyperXTalk\thirdparty\libmysql\src\violite.h(89,27): error C2143: syntax error: missing ')' before '*' [C:\Users\user\Documents\GitHub\HyperXTalk\build-win-x86_64\livecode\thirdparty\libmysql\libmysql.vcxproj]
  C:\Users\user\Documents\GitHub\HyperXTalk\thirdparty\libmysql\src\violite.h(89,27): error C2143: syntax error: missing '{' before '*' [C:\Users\user\Documents\GitHub\HyperXTalk\build-win-x86_64\livecode\thirdparty\libmysql\libmysql.vcxproj]
  C:\Users\user\Documents\GitHub\HyperXTalk\thirdparty\libmysql\src\violite.h(89,33): error C2370: 'uint': redefinition; different storage class [C:\Users\user\Documents\GitHub\HyperXTalk\build-win-x86_64\livecode\thirdparty\libmysql\libmysql.vcxproj]
  C:\Users\user\Documents\GitHub\HyperXTalk\thirdparty\libmysql\src\violite.h(89,38): error C2143: syntax error: missing ';' before '*' [C:\Users\user\Documents\GitHub\HyperXTalk\build-win-x86_64\livecode\thirdparty\libmysql\libmysql.vcxproj]
  C:\Users\user\Documents\GitHub\HyperXTalk\thirdparty\libmysql\src\violite.h(89,44): error C2059: syntax error: ')' [C:\Users\user\Documents\GitHub\HyperXTalk\build-win-x86_64\livecode\thirdparty\libmysql\libmysql.vcxproj]
  C:\Users\user\Documents\GitHub\HyperXTalk\thirdparty\libmysql\src\violite.h(89,44): fatal error C1003: error count exceeds 100; stopping compilation [C:\Users\user\Documents\GitHub\HyperXTalk\build-win-x86_64\livecode\thirdparty\libmysql\libmysql.vcxproj]
  C:\Users\user\Documents\GitHub\HyperXTalk\thirdparty\libmysql\src\password.c(144,59): error C2065: 'SCRAMBLE_LENGTH_323': undeclared identifier [C:\Users\user\Documents\GitHub\HyperXTalk\build-win-x86_64\livecode\thirdparty\libmysql\libmysql.vcxproj]
  C:\Users\user\Documents\GitHub\HyperXTalk\thirdparty\libmysql\src\password.c(146,61): error C2065: 'SCRAMBLE_LENGTH_323': undeclared identifier [C:\Users\user\Documents\GitHub\HyperXTalk\build-win-x86_64\livecode\thirdparty\libmysql\libmysql.vcxproj]
  C:\Users\user\Documents\GitHub\HyperXTalk\thirdparty\libmysql\src\password.c(185,59): error C2065: 'SCRAMBLE_LENGTH_323': undeclared identifier [C:\Users\user\Documents\GitHub\HyperXTalk\build-win-x86_64\livecode\thirdparty\libmysql\libmysql.vcxproj]
  C:\Users\user\Documents\GitHub\HyperXTalk\thirdparty\libmysql\src\password.c(189,3): error C2065: 'SCRAMBLE_LENGTH_323': undeclared identifier [C:\Users\user\Documents\GitHub\HyperXTalk\build-win-x86_64\livecode\thirdparty\libmysql\libmysql.vcxproj]
  C:\Users\user\Documents\GitHub\HyperXTalk\thirdparty\libmysql\src\password.c(192,43): error C2065: 'SCRAMBLE_LENGTH_323': undeclared identifier [C:\Users\user\Documents\GitHub\HyperXTalk\build-win-x86_64\livecode\thirdparty\libmysql\libmysql.vcxproj]
  C:\Users\user\Documents\GitHub\HyperXTalk\thirdparty\libmysql\src\violite.h(44,4): error C2143: syntax error: missing '{' before '*' [C:\Users\user\Documents\GitHub\HyperXTalk\build-win-x86_64\livecode\thirdparty\libmysql\libmysql.vcxproj]
  C:\Users\user\Documents\GitHub\HyperXTalk\thirdparty\libmysql\src\violite.h(46,4): error C2143: syntax error: missing '{' before '*' [C:\Users\user\Documents\GitHub\HyperXTalk\build-win-x86_64\livecode\thirdparty\libmysql\libmysql.vcxproj]
  C:\Users\user\Documents\GitHub\HyperXTalk\thirdparty\libmysql\src\violite.h(47,4): error C2143: syntax error: missing '{' before '*' [C:\Users\user\Documents\GitHub\HyperXTalk\build-win-x86_64\livecode\thirdparty\libmysql\libmysql.vcxproj]
  C:\Users\user\Documents\GitHub\HyperXTalk\thirdparty\libmysql\src\violite.h(54,26): error C2143: syntax error: missing ')' before '*' [C:\Users\user\Documents\GitHub\HyperXTalk\build-win-x86_64\livecode\thirdparty\libmysql\libmysql.vcxproj]
  C:\Users\user\Documents\GitHub\HyperXTalk\thirdparty\libmysql\src\violite.h(54,26): error C2143: syntax error: missing '{' before '*' [C:\Users\user\Documents\GitHub\HyperXTalk\build-win-x86_64\livecode\thirdparty\libmysql\libmysql.vcxproj]
  C:\Users\user\Documents\GitHub\HyperXTalk\thirdparty\libmysql\src\violite.h(54,32): error C2371: 'uchar': redefinition; different basic types [C:\Users\user\Documents\GitHub\HyperXTalk\build-win-x86_64\livecode\thirdparty\libmysql\libmysql.vcxproj]
  C:\Users\user\Documents\GitHub\HyperXTalk\thirdparty\libmysql\src\violite.h(54,38): error C2143: syntax error: missing ';' before '*' [C:\Users\user\Documents\GitHub\HyperXTalk\build-win-x86_64\livecode\thirdparty\libmysql\libmysql.vcxproj]
  C:\Users\user\Documents\GitHub\HyperXTalk\thirdparty\libmysql\src\violite.h(54,45): error C2370: 'size_t': redefinition; different storage class [C:\Users\user\Documents\GitHub\HyperXTalk\build-win-x86_64\livecode\thirdparty\libmysql\libmysql.vcxproj]
  C:\Users\user\Documents\GitHub\HyperXTalk\thirdparty\libmysql\src\violite.h(54,52): error C2146: syntax error: missing ';' before identifier 'size' [C:\Users\user\Documents\GitHub\HyperXTalk\build-win-x86_64\livecode\thirdparty\libmysql\libmysql.vcxproj]
  C:\Users\user\Documents\GitHub\HyperXTalk\thirdparty\libmysql\src\violite.h(54,56): error C2059: syntax error: ')' [C:\Users\user\Documents\GitHub\HyperXTalk\build-win-x86_64\livecode\thirdparty\libmysql\libmysql.vcxproj]
  C:\Users\user\Documents\GitHub\HyperXTalk\thirdparty\libmysql\src\violite.h(55,27): error C2143: syntax error: missing ')' before '*' [C:\Users\user\Documents\GitHub\HyperXTalk\build-win-x86_64\livecode\thirdparty\libmysql\libmysql.vcxproj]
  C:\Users\user\Documents\GitHub\HyperXTalk\thirdparty\libmysql\src\violite.h(55,27): error C2143: syntax error: missing '{' before '*' [C:\Users\user\Documents\GitHub\HyperXTalk\build-win-x86_64\livecode\thirdparty\libmysql\libmysql.vcxproj]
  C:\Users\user\Documents\GitHub\HyperXTalk\thirdparty\libmysql\src\violite.h(55,39): error C2371: 'uchar': redefinition; different basic types [C:\Users\user\Documents\GitHub\HyperXTalk\build-win-x86_64\livecode\thirdparty\libmysql\libmysql.vcxproj]
  C:\Users\user\Documents\GitHub\HyperXTalk\thirdparty\libmysql\src\violite.h(55,45): error C2143: syntax error: missing ';' before '*' [C:\Users\user\Documents\GitHub\HyperXTalk\build-win-x86_64\livecode\thirdparty\libmysql\libmysql.vcxproj]
  C:\Users\user\Documents\GitHub\HyperXTalk\thirdparty\libmysql\src\violite.h(55,52): error C2370: 'size_t': redefinition; different storage class [C:\Users\user\Documents\GitHub\HyperXTalk\build-win-x86_64\livecode\thirdparty\libmysql\libmysql.vcxproj]
  C:\Users\user\Documents\GitHub\HyperXTalk\thirdparty\libmysql\src\violite.h(55,59): error C2146: syntax error: missing ';' before identifier 'size' [C:\Users\user\Documents\GitHub\HyperXTalk\build-win-x86_64\livecode\thirdparty\libmysql\libmysql.vcxproj]
  C:\Users\user\Documents\GitHub\HyperXTalk\thirdparty\libmysql\src\violite.h(55,63): error C2059: syntax error: ')' [C:\Users\user\Documents\GitHub\HyperXTalk\build-win-x86_64\livecode\thirdparty\libmysql\libmysql.vcxproj]
  C:\Users\user\Documents\GitHub\HyperXTalk\thirdparty\libmysql\src\violite.h(56,24): error C2143: syntax error: missing ')' before '*' [C:\Users\user\Documents\GitHub\HyperXTalk\build-win-x86_64\livecode\thirdparty\libmysql\libmysql.vcxproj]
  C:\Users\user\Documents\GitHub\HyperXTalk\thirdparty\libmysql\src\violite.h(56,24): error C2143: syntax error: missing '{' before '*' [C:\Users\user\Documents\GitHub\HyperXTalk\build-win-x86_64\livecode\thirdparty\libmysql\libmysql.vcxproj]
  C:\Users\user\Documents\GitHub\HyperXTalk\thirdparty\libmysql\src\violite.h(56,29): error C2059: syntax error: ')' [C:\Users\user\Documents\GitHub\HyperXTalk\build-win-x86_64\livecode\thirdparty\libmysql\libmysql.vcxproj]
  C:\Users\user\Documents\GitHub\HyperXTalk\thirdparty\libmysql\src\violite.h(61,20): error C2143: syntax error: missing ')' before '*' [C:\Users\user\Documents\GitHub\HyperXTalk\build-win-x86_64\livecode\thirdparty\libmysql\libmysql.vcxproj]
  C:\Users\user\Documents\GitHub\HyperXTalk\thirdparty\libmysql\src\violite.h(61,20): error C2143: syntax error: missing '{' before '*' [C:\Users\user\Documents\GitHub\HyperXTalk\build-win-x86_64\livecode\thirdparty\libmysql\libmysql.vcxproj]
  C:\Users\user\Documents\GitHub\HyperXTalk\thirdparty\libmysql\src\violite.h(61,25): error C2059: syntax error: ')' [C:\Users\user\Documents\GitHub\HyperXTalk\build-win-x86_64\livecode\thirdparty\libmysql\libmysql.vcxproj]
  C:\Users\user\Documents\GitHub\HyperXTalk\thirdparty\libmysql\src\violite.h(62,18): error C2143: syntax error: missing ')' before '*' [C:\Users\user\Documents\GitHub\HyperXTalk\build-win-x86_64\livecode\thirdparty\libmysql\libmysql.vcxproj]
  C:\Users\user\Documents\GitHub\HyperXTalk\thirdparty\libmysql\src\violite.h(62,18): error C2143: syntax error: missing '{' before '*' [C:\Users\user\Documents\GitHub\HyperXTalk\build-win-x86_64\livecode\thirdparty\libmysql\libmysql.vcxproj]
  C:\Users\user\Documents\GitHub\HyperXTalk\thirdparty\libmysql\src\violite.h(62,23): error C2059: syntax error: ')' [C:\Users\user\Documents\GitHub\HyperXTalk\build-win-x86_64\livecode\thirdparty\libmysql\libmysql.vcxproj]
  C:\Users\user\Documents\GitHub\HyperXTalk\thirdparty\libmysql\src\violite.h(63,22): error C2143: syntax error: missing ')' before '*' [C:\Users\user\Documents\GitHub\HyperXTalk\build-win-x86_64\livecode\thirdparty\libmysql\libmysql.vcxproj]
  C:\Users\user\Documents\GitHub\HyperXTalk\thirdparty\libmysql\src\violite.h(63,22): error C2143: syntax error: missing '{' before '*' [C:\Users\user\Documents\GitHub\HyperXTalk\build-win-x86_64\livecode\thirdparty\libmysql\libmysql.vcxproj]
  C:\Users\user\Documents\GitHub\HyperXTalk\thirdparty\libmysql\src\violite.h(63,48): error C2059: syntax error: 'type' [C:\Users\user\Documents\GitHub\HyperXTalk\build-win-x86_64\livecode\thirdparty\libmysql\libmysql.vcxproj]
  C:\Users\user\Documents\GitHub\HyperXTalk\thirdparty\libmysql\src\violite.h(64,57): error C2059: syntax error: ')' [C:\Users\user\Documents\GitHub\HyperXTalk\build-win-x86_64\livecode\thirdparty\libmysql\libmysql.vcxproj]
  C:\Users\user\Documents\GitHub\HyperXTalk\thirdparty\libmysql\src\violite.h(65,21): error C2143: syntax error: missing ')' before '*' [C:\Users\user\Documents\GitHub\HyperXTalk\build-win-x86_64\livecode\thirdparty\libmysql\libmysql.vcxproj]
  C:\Users\user\Documents\GitHub\HyperXTalk\thirdparty\libmysql\src\violite.h(65,21): error C2143: syntax error: missing '{' before '*' [C:\Users\user\Documents\GitHub\HyperXTalk\build-win-x86_64\livecode\thirdparty\libmysql\libmysql.vcxproj]
  C:\Users\user\Documents\GitHub\HyperXTalk\thirdparty\libmysql\src\violite.h(65,27): error C2371: 'uchar': redefinition; different basic types [C:\Users\user\Documents\GitHub\HyperXTalk\build-win-x86_64\livecode\thirdparty\libmysql\libmysql.vcxproj]
  C:\Users\user\Documents\GitHub\HyperXTalk\thirdparty\libmysql\src\violite.h(65,33): error C2143: syntax error: missing ';' before '*' [C:\Users\user\Documents\GitHub\HyperXTalk\build-win-x86_64\livecode\thirdparty\libmysql\libmysql.vcxproj]
  C:\Users\user\Documents\GitHub\HyperXTalk\thirdparty\libmysql\src\violite.h(65,40): error C2370: 'size_t': redefinition; different storage class [C:\Users\user\Documents\GitHub\HyperXTalk\build-win-x86_64\livecode\thirdparty\libmysql\libmysql.vcxproj]
  C:\Users\user\Documents\GitHub\HyperXTalk\thirdparty\libmysql\src\violite.h(65,47): error C2146: syntax error: missing ';' before identifier 'size' [C:\Users\user\Documents\GitHub\HyperXTalk\build-win-x86_64\livecode\thirdparty\libmysql\libmysql.vcxproj]
  C:\Users\user\Documents\GitHub\HyperXTalk\thirdparty\libmysql\src\violite.h(65,51): error C2059: syntax error: ')' [C:\Users\user\Documents\GitHub\HyperXTalk\build-win-x86_64\livecode\thirdparty\libmysql\libmysql.vcxproj]
  C:\Users\user\Documents\GitHub\HyperXTalk\thirdparty\libmysql\src\violite.h(66,27): error C2143: syntax error: missing ')' before '*' [C:\Users\user\Documents\GitHub\HyperXTalk\build-win-x86_64\livecode\thirdparty\libmysql\libmysql.vcxproj]
  C:\Users\user\Documents\GitHub\HyperXTalk\thirdparty\libmysql\src\violite.h(66,27): error C2143: syntax error: missing '{' before '*' [C:\Users\user\Documents\GitHub\HyperXTalk\build-win-x86_64\livecode\thirdparty\libmysql\libmysql.vcxproj]
  C:\Users\user\Documents\GitHub\HyperXTalk\thirdparty\libmysql\src\violite.h(66,33): error C2371: 'uchar': redefinition; different basic types [C:\Users\user\Documents\GitHub\HyperXTalk\build-win-x86_64\livecode\thirdparty\libmysql\libmysql.vcxproj]
  C:\Users\user\Documents\GitHub\HyperXTalk\thirdparty\libmysql\src\violite.h(66,39): error C2143: syntax error: missing ';' before '*' [C:\Users\user\Documents\GitHub\HyperXTalk\build-win-x86_64\livecode\thirdparty\libmysql\libmysql.vcxproj]
  C:\Users\user\Documents\GitHub\HyperXTalk\thirdparty\libmysql\src\violite.h(66,46): error C2370: 'size_t': redefinition; different storage class [C:\Users\user\Documents\GitHub\HyperXTalk\build-win-x86_64\livecode\thirdparty\libmysql\libmysql.vcxproj]
  C:\Users\user\Documents\GitHub\HyperXTalk\thirdparty\libmysql\src\violite.h(66,53): error C2146: syntax error: missing ';' before identifier 'size' [C:\Users\user\Documents\GitHub\HyperXTalk\build-win-x86_64\livecode\thirdparty\libmysql\libmysql.vcxproj]
  C:\Users\user\Documents\GitHub\HyperXTalk\thirdparty\libmysql\src\violite.h(66,57): error C2059: syntax error: ')' [C:\Users\user\Documents\GitHub\HyperXTalk\build-win-x86_64\livecode\thirdparty\libmysql\libmysql.vcxproj]
  C:\Users\user\Documents\GitHub\HyperXTalk\thirdparty\libmysql\src\violite.h(67,22): error C2143: syntax error: missing ')' before '*' [C:\Users\user\Documents\GitHub\HyperXTalk\build-win-x86_64\livecode\thirdparty\libmysql\libmysql.vcxproj]
  C:\Users\user\Documents\GitHub\HyperXTalk\thirdparty\libmysql\src\violite.h(67,22): error C2143: syntax error: missing '{' before '*' [C:\Users\user\Documents\GitHub\HyperXTalk\build-win-x86_64\livecode\thirdparty\libmysql\libmysql.vcxproj]
  C:\Users\user\Documents\GitHub\HyperXTalk\thirdparty\libmysql\src\violite.h(67,34): error C2371: 'uchar': redefinition; different basic types [C:\Users\user\Documents\GitHub\HyperXTalk\build-win-x86_64\livecode\thirdparty\libmysql\libmysql.vcxproj]
  C:\Users\user\Documents\GitHub\HyperXTalk\thirdparty\libmysql\src\violite.h(67,40): error C2143: syntax error: missing ';' before '*' [C:\Users\user\Documents\GitHub\HyperXTalk\build-win-x86_64\livecode\thirdparty\libmysql\libmysql.vcxproj]
  C:\Users\user\Documents\GitHub\HyperXTalk\thirdparty\libmysql\src\violite.h(67,47): error C2370: 'size_t': redefinition; different storage class [C:\Users\user\Documents\GitHub\HyperXTalk\build-win-x86_64\livecode\thirdparty\libmysql\libmysql.vcxproj]
  C:\Users\user\Documents\GitHub\HyperXTalk\thirdparty\libmysql\src\violite.h(67,54): error C2146: syntax error: missing ';' before identifier 'size' [C:\Users\user\Documents\GitHub\HyperXTalk\build-win-x86_64\livecode\thirdparty\libmysql\libmysql.vcxproj]
  C:\Users\user\Documents\GitHub\HyperXTalk\thirdparty\libmysql\src\violite.h(67,58): error C2059: syntax error: ')' [C:\Users\user\Documents\GitHub\HyperXTalk\build-win-x86_64\livecode\thirdparty\libmysql\libmysql.vcxproj]
  C:\Users\user\Documents\GitHub\HyperXTalk\thirdparty\libmysql\src\violite.h(68,22): error C2143: syntax error: missing ')' before '*' [C:\Users\user\Documents\GitHub\HyperXTalk\build-win-x86_64\livecode\thirdparty\libmysql\libmysql.vcxproj]
  C:\Users\user\Documents\GitHub\HyperXTalk\thirdparty\libmysql\src\violite.h(68,22): error C2143: syntax error: missing '{' before '*' [C:\Users\user\Documents\GitHub\HyperXTalk\build-win-x86_64\livecode\thirdparty\libmysql\libmysql.vcxproj]
  C:\Users\user\Documents\GitHub\HyperXTalk\thirdparty\libmysql\src\violite.h(68,28): error C2371: 'my_bool': redefinition; different basic types [C:\Users\user\Documents\GitHub\HyperXTalk\build-win-x86_64\livecode\thirdparty\libmysql\libmysql.vcxproj]
  C:\Users\user\Documents\GitHub\HyperXTalk\thirdparty\libmysql\src\violite.h(68,36): error C2146: syntax error: missing ';' before identifier 'onoff' [C:\Users\user\Documents\GitHub\HyperXTalk\build-win-x86_64\livecode\thirdparty\libmysql\libmysql.vcxproj]
  C:\Users\user\Documents\GitHub\HyperXTalk\thirdparty\libmysql\src\violite.h(68,43): error C2371: 'my_bool': redefinition; different basic types [C:\Users\user\Documents\GitHub\HyperXTalk\build-win-x86_64\livecode\thirdparty\libmysql\libmysql.vcxproj]
  C:\Users\user\Documents\GitHub\HyperXTalk\thirdparty\libmysql\src\violite.h(68,51): error C2143: syntax error: missing ';' before '*' [C:\Users\user\Documents\GitHub\HyperXTalk\build-win-x86_64\livecode\thirdparty\libmysql\libmysql.vcxproj]
  C:\Users\user\Documents\GitHub\HyperXTalk\thirdparty\libmysql\src\violite.h(68,60): error C2059: syntax error: ')' [C:\Users\user\Documents\GitHub\HyperXTalk\build-win-x86_64\livecode\thirdparty\libmysql\libmysql.vcxproj]
  C:\Users\user\Documents\GitHub\HyperXTalk\thirdparty\libmysql\src\violite.h(69,29): error C2143: syntax error: missing ')' before '*' [C:\Users\user\Documents\GitHub\HyperXTalk\build-win-x86_64\livecode\thirdparty\libmysql\libmysql.vcxproj]
  C:\Users\user\Documents\GitHub\HyperXTalk\thirdparty\libmysql\src\violite.h(69,29): error C2143: syntax error: missing '{' before '*' [C:\Users\user\Documents\GitHub\HyperXTalk\build-win-x86_64\livecode\thirdparty\libmysql\libmysql.vcxproj]
  C:\Users\user\Documents\GitHub\HyperXTalk\thirdparty\libmysql\src\violite.h(69,33): error C2059: syntax error: ')' [C:\Users\user\Documents\GitHub\HyperXTalk\build-win-x86_64\livecode\thirdparty\libmysql\libmysql.vcxproj]
  C:\Users\user\Documents\GitHub\HyperXTalk\thirdparty\libmysql\src\violite.h(71,22): error C2143: syntax error: missing ')' before '*' [C:\Users\user\Documents\GitHub\HyperXTalk\build-win-x86_64\livecode\thirdparty\libmysql\libmysql.vcxproj]
  C:\Users\user\Documents\GitHub\HyperXTalk\thirdparty\libmysql\src\violite.h(71,22): error C2143: syntax error: missing '{' before '*' [C:\Users\user\Documents\GitHub\HyperXTalk\build-win-x86_64\livecode\thirdparty\libmysql\libmysql.vcxproj]
  C:\Users\user\Documents\GitHub\HyperXTalk\thirdparty\libmysql\src\violite.h(71,26): error C2059: syntax error: ')' [C:\Users\user\Documents\GitHub\HyperXTalk\build-win-x86_64\livecode\thirdparty\libmysql\libmysql.vcxproj]
  C:\Users\user\Documents\GitHub\HyperXTalk\thirdparty\libmysql\src\violite.h(73,23): error C2143: syntax error: missing ')' before '*' [C:\Users\user\Documents\GitHub\HyperXTalk\build-win-x86_64\livecode\thirdparty\libmysql\libmysql.vcxproj]
  C:\Users\user\Documents\GitHub\HyperXTalk\thirdparty\libmysql\src\violite.h(73,23): error C2143: syntax error: missing '{' before '*' [C:\Users\user\Documents\GitHub\HyperXTalk\build-win-x86_64\livecode\thirdparty\libmysql\libmysql.vcxproj]
  C:\Users\user\Documents\GitHub\HyperXTalk\thirdparty\libmysql\src\violite.h(73,29): error C2371: 'my_bool': redefinition; different basic types [C:\Users\user\Documents\GitHub\HyperXTalk\build-win-x86_64\livecode\thirdparty\libmysql\libmysql.vcxproj]
  C:\Users\user\Documents\GitHub\HyperXTalk\thirdparty\libmysql\src\violite.h(73,37): error C2146: syntax error: missing ';' before identifier 'onoff' [C:\Users\user\Documents\GitHub\HyperXTalk\build-win-x86_64\livecode\thirdparty\libmysql\libmysql.vcxproj]
  C:\Users\user\Documents\GitHub\HyperXTalk\thirdparty\libmysql\src\violite.h(73,42): error C2059: syntax error: ')' [C:\Users\user\Documents\GitHub\HyperXTalk\build-win-x86_64\livecode\thirdparty\libmysql\libmysql.vcxproj]
  C:\Users\user\Documents\GitHub\HyperXTalk\thirdparty\libmysql\src\violite.h(75,30): error C2143: syntax error: missing ')' before '*' [C:\Users\user\Documents\GitHub\HyperXTalk\build-win-x86_64\livecode\thirdparty\libmysql\libmysql.vcxproj]
  C:\Users\user\Documents\GitHub\HyperXTalk\thirdparty\libmysql\src\violite.h(75,30): error C2143: syntax error: missing '{' before '*' [C:\Users\user\Documents\GitHub\HyperXTalk\build-win-x86_64\livecode\thirdparty\libmysql\libmysql.vcxproj]
  C:\Users\user\Documents\GitHub\HyperXTalk\thirdparty\libmysql\src\violite.h(75,34): error C2059: syntax error: ')' [C:\Users\user\Documents\GitHub\HyperXTalk\build-win-x86_64\livecode\thirdparty\libmysql\libmysql.vcxproj]
  C:\Users\user\Documents\GitHub\HyperXTalk\thirdparty\libmysql\src\violite.h(77,33): error C2143: syntax error: missing ')' before '*' [C:\Users\user\Documents\GitHub\HyperXTalk\build-win-x86_64\livecode\thirdparty\libmysql\libmysql.vcxproj]
  C:\Users\user\Documents\GitHub\HyperXTalk\thirdparty\libmysql\src\violite.h(77,33): error C2143: syntax error: missing '{' before '*' [C:\Users\user\Documents\GitHub\HyperXTalk\build-win-x86_64\livecode\thirdparty\libmysql\libmysql.vcxproj]
  C:\Users\user\Documents\GitHub\HyperXTalk\thirdparty\libmysql\src\violite.h(77,37): error C2059: syntax error: ')' [C:\Users\user\Documents\GitHub\HyperXTalk\build-win-x86_64\livecode\thirdparty\libmysql\libmysql.vcxproj]
  C:\Users\user\Documents\GitHub\HyperXTalk\thirdparty\libmysql\src\violite.h(79,33): error C2143: syntax error: missing ')' before '*' [C:\Users\user\Documents\GitHub\HyperXTalk\build-win-x86_64\livecode\thirdparty\libmysql\libmysql.vcxproj]
  C:\Users\user\Documents\GitHub\HyperXTalk\thirdparty\libmysql\src\violite.h(79,33): error C2143: syntax error: missing '{' before '*' [C:\Users\user\Documents\GitHub\HyperXTalk\build-win-x86_64\livecode\thirdparty\libmysql\libmysql.vcxproj]
  C:\Users\user\Documents\GitHub\HyperXTalk\thirdparty\libmysql\src\violite.h(79,37): error C2059: syntax error: ')' [C:\Users\user\Documents\GitHub\HyperXTalk\build-win-x86_64\livecode\thirdparty\libmysql\libmysql.vcxproj]
  C:\Users\user\Documents\GitHub\HyperXTalk\thirdparty\libmysql\src\violite.h(81,32): error C2143: syntax error: missing ')' before '*' [C:\Users\user\Documents\GitHub\HyperXTalk\build-win-x86_64\livecode\thirdparty\libmysql\libmysql.vcxproj]
  C:\Users\user\Documents\GitHub\HyperXTalk\thirdparty\libmysql\src\violite.h(81,32): error C2143: syntax error: missing '{' before '*' [C:\Users\user\Documents\GitHub\HyperXTalk\build-win-x86_64\livecode\thirdparty\libmysql\libmysql.vcxproj]
  C:\Users\user\Documents\GitHub\HyperXTalk\thirdparty\libmysql\src\violite.h(81,37): error C2059: syntax error: ')' [C:\Users\user\Documents\GitHub\HyperXTalk\build-win-x86_64\livecode\thirdparty\libmysql\libmysql.vcxproj]
  C:\Users\user\Documents\GitHub\HyperXTalk\thirdparty\libmysql\src\violite.h(83,18): error C2143: syntax error: missing ')' before '*' [C:\Users\user\Documents\GitHub\HyperXTalk\build-win-x86_64\livecode\thirdparty\libmysql\libmysql.vcxproj]
  C:\Users\user\Documents\GitHub\HyperXTalk\thirdparty\libmysql\src\violite.h(83,18): error C2143: syntax error: missing '{' before '*' [C:\Users\user\Documents\GitHub\HyperXTalk\build-win-x86_64\livecode\thirdparty\libmysql\libmysql.vcxproj]
  C:\Users\user\Documents\GitHub\HyperXTalk\thirdparty\libmysql\src\violite.h(83,22): error C2059: syntax error: ')' [C:\Users\user\Documents\GitHub\HyperXTalk\build-win-x86_64\livecode\thirdparty\libmysql\libmysql.vcxproj]
  C:\Users\user\Documents\GitHub\HyperXTalk\thirdparty\libmysql\src\violite.h(85,21): error C2143: syntax error: missing ')' before '*' [C:\Users\user\Documents\GitHub\HyperXTalk\build-win-x86_64\livecode\thirdparty\libmysql\libmysql.vcxproj]
  C:\Users\user\Documents\GitHub\HyperXTalk\thirdparty\libmysql\src\violite.h(85,21): error C2143: syntax error: missing '{' before '*' [C:\Users\user\Documents\GitHub\HyperXTalk\build-win-x86_64\livecode\thirdparty\libmysql\libmysql.vcxproj]
  C:\Users\user\Documents\GitHub\HyperXTalk\thirdparty\libmysql\src\violite.h(85,25): error C2059: syntax error: ')' [C:\Users\user\Documents\GitHub\HyperXTalk\build-win-x86_64\livecode\thirdparty\libmysql\libmysql.vcxproj]
  C:\Users\user\Documents\GitHub\HyperXTalk\thirdparty\libmysql\src\violite.h(87,27): error C2143: syntax error: missing ')' before '*' [C:\Users\user\Documents\GitHub\HyperXTalk\build-win-x86_64\livecode\thirdparty\libmysql\libmysql.vcxproj]
  C:\Users\user\Documents\GitHub\HyperXTalk\thirdparty\libmysql\src\violite.h(87,27): error C2143: syntax error: missing '{' before '*' [C:\Users\user\Documents\GitHub\HyperXTalk\build-win-x86_64\livecode\thirdparty\libmysql\libmysql.vcxproj]
  C:\Users\user\Documents\GitHub\HyperXTalk\thirdparty\libmysql\src\violite.h(87,38): error C2059: syntax error: 'type' [C:\Users\user\Documents\GitHub\HyperXTalk\build-win-x86_64\livecode\thirdparty\libmysql\libmysql.vcxproj]
  C:\Users\user\Documents\GitHub\HyperXTalk\thirdparty\libmysql\src\violite.h(87,71): error C2059: syntax error: ')' [C:\Users\user\Documents\GitHub\HyperXTalk\build-win-x86_64\livecode\thirdparty\libmysql\libmysql.vcxproj]
  C:\Users\user\Documents\GitHub\HyperXTalk\thirdparty\libmysql\src\violite.h(88,27): error C2143: syntax error: missing ')' before '*' [C:\Users\user\Documents\GitHub\HyperXTalk\build-win-x86_64\livecode\thirdparty\libmysql\libmysql.vcxproj]
  C:\Users\user\Documents\GitHub\HyperXTalk\thirdparty\libmysql\src\violite.h(88,27): error C2143: syntax error: missing '{' before '*' [C:\Users\user\Documents\GitHub\HyperXTalk\build-win-x86_64\livecode\thirdparty\libmysql\libmysql.vcxproj]
  C:\Users\user\Documents\GitHub\HyperXTalk\thirdparty\libmysql\src\violite.h(88,32): error C2370: 'uint': redefinition; different storage class [C:\Users\user\Documents\GitHub\HyperXTalk\build-win-x86_64\livecode\thirdparty\libmysql\libmysql.vcxproj]
  C:\Users\user\Documents\GitHub\HyperXTalk\thirdparty\libmysql\src\violite.h(88,37): error C2146: syntax error: missing ';' before identifier 'timeout' [C:\Users\user\Documents\GitHub\HyperXTalk\build-win-x86_64\livecode\thirdparty\libmysql\libmysql.vcxproj]
  C:\Users\user\Documents\GitHub\HyperXTalk\thirdparty\libmysql\src\violite.h(88,44): error C2059: syntax error: ')' [C:\Users\user\Documents\GitHub\HyperXTalk\build-win-x86_64\livecode\thirdparty\libmysql\libmysql.vcxproj]
  C:\Users\user\Documents\GitHub\HyperXTalk\thirdparty\libmysql\src\violite.h(89,27): error C2143: syntax error: missing ')' before '*' [C:\Users\user\Documents\GitHub\HyperXTalk\build-win-x86_64\livecode\thirdparty\libmysql\libmysql.vcxproj]
  C:\Users\user\Documents\GitHub\HyperXTalk\thirdparty\libmysql\src\violite.h(89,27): error C2143: syntax error: missing '{' before '*' [C:\Users\user\Documents\GitHub\HyperXTalk\build-win-x86_64\livecode\thirdparty\libmysql\libmysql.vcxproj]
  C:\Users\user\Documents\GitHub\HyperXTalk\thirdparty\libmysql\src\violite.h(89,33): error C2370: 'uint': redefinition; different storage class [C:\Users\user\Documents\GitHub\HyperXTalk\build-win-x86_64\livecode\thirdparty\libmysql\libmysql.vcxproj]
  C:\Users\user\Documents\GitHub\HyperXTalk\thirdparty\libmysql\src\violite.h(89,38): error C2143: syntax error: missing ';' before '*' [C:\Users\user\Documents\GitHub\HyperXTalk\build-win-x86_64\livecode\thirdparty\libmysql\libmysql.vcxproj]
  C:\Users\user\Documents\GitHub\HyperXTalk\thirdparty\libmysql\src\violite.h(89,44): error C2059: syntax error: ')' [C:\Users\user\Documents\GitHub\HyperXTalk\build-win-x86_64\livecode\thirdparty\libmysql\libmysql.vcxproj]
  C:\Users\user\Documents\GitHub\HyperXTalk\thirdparty\libmysql\src\violite.h(89,44): fatal error C1003: error count exceeds 100; stopping compilation [C:\Users\user\Documents\GitHub\HyperXTalk\build-win-x86_64\livecode\thirdparty\libmysql\libmysql.vcxproj]
  C:\Users\user\Documents\GitHub\HyperXTalk\thirdparty\libmysql\src\violite.h(44,4): error C2143: syntax error: missing '{' before '*' [C:\Users\user\Documents\GitHub\HyperXTalk\build-win-x86_64\livecode\thirdparty\libmysql\libmysql.vcxproj]
  C:\Users\user\Documents\GitHub\HyperXTalk\thirdparty\libmysql\src\violite.h(46,4): error C2143: syntax error: missing '{' before '*' [C:\Users\user\Documents\GitHub\HyperXTalk\build-win-x86_64\livecode\thirdparty\libmysql\libmysql.vcxproj]
  C:\Users\user\Documents\GitHub\HyperXTalk\thirdparty\libmysql\src\violite.h(47,4): error C2143: syntax error: missing '{' before '*' [C:\Users\user\Documents\GitHub\HyperXTalk\build-win-x86_64\livecode\thirdparty\libmysql\libmysql.vcxproj]
  C:\Users\user\Documents\GitHub\HyperXTalk\thirdparty\libmysql\src\violite.h(54,26): error C2143: syntax error: missing ')' before '*' [C:\Users\user\Documents\GitHub\HyperXTalk\build-win-x86_64\livecode\thirdparty\libmysql\libmysql.vcxproj]
  C:\Users\user\Documents\GitHub\HyperXTalk\thirdparty\libmysql\src\violite.h(54,26): error C2143: syntax error: missing '{' before '*' [C:\Users\user\Documents\GitHub\HyperXTalk\build-win-x86_64\livecode\thirdparty\libmysql\libmysql.vcxproj]
  C:\Users\user\Documents\GitHub\HyperXTalk\thirdparty\libmysql\src\violite.h(54,32): error C2371: 'uchar': redefinition; different basic types [C:\Users\user\Documents\GitHub\HyperXTalk\build-win-x86_64\livecode\thirdparty\libmysql\libmysql.vcxproj]
  C:\Users\user\Documents\GitHub\HyperXTalk\thirdparty\libmysql\src\violite.h(54,38): error C2143: syntax error: missing ';' before '*' [C:\Users\user\Documents\GitHub\HyperXTalk\build-win-x86_64\livecode\thirdparty\libmysql\libmysql.vcxproj]
  C:\Users\user\Documents\GitHub\HyperXTalk\thirdparty\libmysql\src\violite.h(54,45): error C2370: 'size_t': redefinition; different storage class [C:\Users\user\Documents\GitHub\HyperXTalk\build-win-x86_64\livecode\thirdparty\libmysql\libmysql.vcxproj]
  C:\Users\user\Documents\GitHub\HyperXTalk\thirdparty\libmysql\src\violite.h(54,52): error C2146: syntax error: missing ';' before identifier 'size' [C:\Users\user\Documents\GitHub\HyperXTalk\build-win-x86_64\livecode\thirdparty\libmysql\libmysql.vcxproj]
  C:\Users\user\Documents\GitHub\HyperXTalk\thirdparty\libmysql\src\violite.h(54,56): error C2059: syntax error: ')' [C:\Users\user\Documents\GitHub\HyperXTalk\build-win-x86_64\livecode\thirdparty\libmysql\libmysql.vcxproj]
  C:\Users\user\Documents\GitHub\HyperXTalk\thirdparty\libmysql\src\violite.h(55,27): error C2143: syntax error: missing ')' before '*' [C:\Users\user\Documents\GitHub\HyperXTalk\build-win-x86_64\livecode\thirdparty\libmysql\libmysql.vcxproj]
  C:\Users\user\Documents\GitHub\HyperXTalk\thirdparty\libmysql\src\violite.h(55,27): error C2143: syntax error: missing '{' before '*' [C:\Users\user\Documents\GitHub\HyperXTalk\build-win-x86_64\livecode\thirdparty\libmysql\libmysql.vcxproj]
  C:\Users\user\Documents\GitHub\HyperXTalk\thirdparty\libmysql\src\violite.h(55,39): error C2371: 'uchar': redefinition; different basic types [C:\Users\user\Documents\GitHub\HyperXTalk\build-win-x86_64\livecode\thirdparty\libmysql\libmysql.vcxproj]
  C:\Users\user\Documents\GitHub\HyperXTalk\thirdparty\libmysql\src\violite.h(55,45): error C2143: syntax error: missing ';' before '*' [C:\Users\user\Documents\GitHub\HyperXTalk\build-win-x86_64\livecode\thirdparty\libmysql\libmysql.vcxproj]
  C:\Users\user\Documents\GitHub\HyperXTalk\thirdparty\libmysql\src\violite.h(55,52): error C2370: 'size_t': redefinition; different storage class [C:\Users\user\Documents\GitHub\HyperXTalk\build-win-x86_64\livecode\thirdparty\libmysql\libmysql.vcxproj]
  C:\Users\user\Documents\GitHub\HyperXTalk\thirdparty\libmysql\src\violite.h(55,59): error C2146: syntax error: missing ';' before identifier 'size' [C:\Users\user\Documents\GitHub\HyperXTalk\build-win-x86_64\livecode\thirdparty\libmysql\libmysql.vcxproj]
  C:\Users\user\Documents\GitHub\HyperXTalk\thirdparty\libmysql\src\violite.h(55,63): error C2059: syntax error: ')' [C:\Users\user\Documents\GitHub\HyperXTalk\build-win-x86_64\livecode\thirdparty\libmysql\libmysql.vcxproj]
  C:\Users\user\Documents\GitHub\HyperXTalk\thirdparty\libmysql\src\violite.h(56,24): error C2143: syntax error: missing ')' before '*' [C:\Users\user\Documents\GitHub\HyperXTalk\build-win-x86_64\livecode\thirdparty\libmysql\libmysql.vcxproj]
  C:\Users\user\Documents\GitHub\HyperXTalk\thirdparty\libmysql\src\violite.h(56,24): error C2143: syntax error: missing '{' before '*' [C:\Users\user\Documents\GitHub\HyperXTalk\build-win-x86_64\livecode\thirdparty\libmysql\libmysql.vcxproj]
  C:\Users\user\Documents\GitHub\HyperXTalk\thirdparty\libmysql\src\violite.h(56,29): error C2059: syntax error: ')' [C:\Users\user\Documents\GitHub\HyperXTalk\build-win-x86_64\livecode\thirdparty\libmysql\libmysql.vcxproj]
  C:\Users\user\Documents\GitHub\HyperXTalk\thirdparty\libmysql\src\violite.h(61,20): error C2143: syntax error: missing ')' before '*' [C:\Users\user\Documents\GitHub\HyperXTalk\build-win-x86_64\livecode\thirdparty\libmysql\libmysql.vcxproj]
  C:\Users\user\Documents\GitHub\HyperXTalk\thirdparty\libmysql\src\violite.h(61,20): error C2143: syntax error: missing '{' before '*' [C:\Users\user\Documents\GitHub\HyperXTalk\build-win-x86_64\livecode\thirdparty\libmysql\libmysql.vcxproj]
  C:\Users\user\Documents\GitHub\HyperXTalk\thirdparty\libmysql\src\violite.h(61,25): error C2059: syntax error: ')' [C:\Users\user\Documents\GitHub\HyperXTalk\build-win-x86_64\livecode\thirdparty\libmysql\libmysql.vcxproj]
  C:\Users\user\Documents\GitHub\HyperXTalk\thirdparty\libmysql\src\violite.h(62,18): error C2143: syntax error: missing ')' before '*' [C:\Users\user\Documents\GitHub\HyperXTalk\build-win-x86_64\livecode\thirdparty\libmysql\libmysql.vcxproj]
  C:\Users\user\Documents\GitHub\HyperXTalk\thirdparty\libmysql\src\violite.h(62,18): error C2143: syntax error: missing '{' before '*' [C:\Users\user\Documents\GitHub\HyperXTalk\build-win-x86_64\livecode\thirdparty\libmysql\libmysql.vcxproj]
  C:\Users\user\Documents\GitHub\HyperXTalk\thirdparty\libmysql\src\violite.h(62,23): error C2059: syntax error: ')' [C:\Users\user\Documents\GitHub\HyperXTalk\build-win-x86_64\livecode\thirdparty\libmysql\libmysql.vcxproj]
  C:\Users\user\Documents\GitHub\HyperXTalk\thirdparty\libmysql\src\violite.h(63,22): error C2143: syntax error: missing ')' before '*' [C:\Users\user\Documents\GitHub\HyperXTalk\build-win-x86_64\livecode\thirdparty\libmysql\libmysql.vcxproj]
  C:\Users\user\Documents\GitHub\HyperXTalk\thirdparty\libmysql\src\violite.h(63,22): error C2143: syntax error: missing '{' before '*' [C:\Users\user\Documents\GitHub\HyperXTalk\build-win-x86_64\livecode\thirdparty\libmysql\libmysql.vcxproj]
  C:\Users\user\Documents\GitHub\HyperXTalk\thirdparty\libmysql\src\violite.h(63,48): error C2059: syntax error: 'type' [C:\Users\user\Documents\GitHub\HyperXTalk\build-win-x86_64\livecode\thirdparty\libmysql\libmysql.vcxproj]
  C:\Users\user\Documents\GitHub\HyperXTalk\thirdparty\libmysql\src\violite.h(64,57): error C2059: syntax error: ')' [C:\Users\user\Documents\GitHub\HyperXTalk\build-win-x86_64\livecode\thirdparty\libmysql\libmysql.vcxproj]
  C:\Users\user\Documents\GitHub\HyperXTalk\thirdparty\libmysql\src\violite.h(65,21): error C2143: syntax error: missing ')' before '*' [C:\Users\user\Documents\GitHub\HyperXTalk\build-win-x86_64\livecode\thirdparty\libmysql\libmysql.vcxproj]
  C:\Users\user\Documents\GitHub\HyperXTalk\thirdparty\libmysql\src\violite.h(65,21): error C2143: syntax error: missing '{' before '*' [C:\Users\user\Documents\GitHub\HyperXTalk\build-win-x86_64\livecode\thirdparty\libmysql\libmysql.vcxproj]
  C:\Users\user\Documents\GitHub\HyperXTalk\thirdparty\libmysql\src\violite.h(65,27): error C2371: 'uchar': redefinition; different basic types [C:\Users\user\Documents\GitHub\HyperXTalk\build-win-x86_64\livecode\thirdparty\libmysql\libmysql.vcxproj]
  C:\Users\user\Documents\GitHub\HyperXTalk\thirdparty\libmysql\src\violite.h(65,33): error C2143: syntax error: missing ';' before '*' [C:\Users\user\Documents\GitHub\HyperXTalk\build-win-x86_64\livecode\thirdparty\libmysql\libmysql.vcxproj]
  C:\Users\user\Documents\GitHub\HyperXTalk\thirdparty\libmysql\src\violite.h(65,40): error C2370: 'size_t': redefinition; different storage class [C:\Users\user\Documents\GitHub\HyperXTalk\build-win-x86_64\livecode\thirdparty\libmysql\libmysql.vcxproj]
  C:\Users\user\Documents\GitHub\HyperXTalk\thirdparty\libmysql\src\violite.h(65,47): error C2146: syntax error: missing ';' before identifier 'size' [C:\Users\user\Documents\GitHub\HyperXTalk\build-win-x86_64\livecode\thirdparty\libmysql\libmysql.vcxproj]
  C:\Users\user\Documents\GitHub\HyperXTalk\thirdparty\libmysql\src\violite.h(65,51): error C2059: syntax error: ')' [C:\Users\user\Documents\GitHub\HyperXTalk\build-win-x86_64\livecode\thirdparty\libmysql\libmysql.vcxproj]
  C:\Users\user\Documents\GitHub\HyperXTalk\thirdparty\libmysql\src\violite.h(66,27): error C2143: syntax error: missing ')' before '*' [C:\Users\user\Documents\GitHub\HyperXTalk\build-win-x86_64\livecode\thirdparty\libmysql\libmysql.vcxproj]
  C:\Users\user\Documents\GitHub\HyperXTalk\thirdparty\libmysql\src\violite.h(66,27): error C2143: syntax error: missing '{' before '*' [C:\Users\user\Documents\GitHub\HyperXTalk\build-win-x86_64\livecode\thirdparty\libmysql\libmysql.vcxproj]
  C:\Users\user\Documents\GitHub\HyperXTalk\thirdparty\libmysql\src\violite.h(66,33): error C2371: 'uchar': redefinition; different basic types [C:\Users\user\Documents\GitHub\HyperXTalk\build-win-x86_64\livecode\thirdparty\libmysql\libmysql.vcxproj]
  C:\Users\user\Documents\GitHub\HyperXTalk\thirdparty\libmysql\src\violite.h(66,39): error C2143: syntax error: missing ';' before '*' [C:\Users\user\Documents\GitHub\HyperXTalk\build-win-x86_64\livecode\thirdparty\libmysql\libmysql.vcxproj]
  C:\Users\user\Documents\GitHub\HyperXTalk\thirdparty\libmysql\src\violite.h(66,46): error C2370: 'size_t': redefinition; different storage class [C:\Users\user\Documents\GitHub\HyperXTalk\build-win-x86_64\livecode\thirdparty\libmysql\libmysql.vcxproj]
  C:\Users\user\Documents\GitHub\HyperXTalk\thirdparty\libmysql\src\violite.h(66,53): error C2146: syntax error: missing ';' before identifier 'size' [C:\Users\user\Documents\GitHub\HyperXTalk\build-win-x86_64\livecode\thirdparty\libmysql\libmysql.vcxproj]
  C:\Users\user\Documents\GitHub\HyperXTalk\thirdparty\libmysql\src\violite.h(66,57): error C2059: syntax error: ')' [C:\Users\user\Documents\GitHub\HyperXTalk\build-win-x86_64\livecode\thirdparty\libmysql\libmysql.vcxproj]
  C:\Users\user\Documents\GitHub\HyperXTalk\thirdparty\libmysql\src\violite.h(67,22): error C2143: syntax error: missing ')' before '*' [C:\Users\user\Documents\GitHub\HyperXTalk\build-win-x86_64\livecode\thirdparty\libmysql\libmysql.vcxproj]
  C:\Users\user\Documents\GitHub\HyperXTalk\thirdparty\libmysql\src\violite.h(67,22): error C2143: syntax error: missing '{' before '*' [C:\Users\user\Documents\GitHub\HyperXTalk\build-win-x86_64\livecode\thirdparty\libmysql\libmysql.vcxproj]
  C:\Users\user\Documents\GitHub\HyperXTalk\thirdparty\libmysql\src\violite.h(67,34): error C2371: 'uchar': redefinition; different basic types [C:\Users\user\Documents\GitHub\HyperXTalk\build-win-x86_64\livecode\thirdparty\libmysql\libmysql.vcxproj]
  C:\Users\user\Documents\GitHub\HyperXTalk\thirdparty\libmysql\src\violite.h(67,40): error C2143: syntax error: missing ';' before '*' [C:\Users\user\Documents\GitHub\HyperXTalk\build-win-x86_64\livecode\thirdparty\libmysql\libmysql.vcxproj]
  C:\Users\user\Documents\GitHub\HyperXTalk\thirdparty\libmysql\src\violite.h(67,47): error C2370: 'size_t': redefinition; different storage class [C:\Users\user\Documents\GitHub\HyperXTalk\build-win-x86_64\livecode\thirdparty\libmysql\libmysql.vcxproj]
  C:\Users\user\Documents\GitHub\HyperXTalk\thirdparty\libmysql\src\violite.h(67,54): error C2146: syntax error: missing ';' before identifier 'size' [C:\Users\user\Documents\GitHub\HyperXTalk\build-win-x86_64\livecode\thirdparty\libmysql\libmysql.vcxproj]
  C:\Users\user\Documents\GitHub\HyperXTalk\thirdparty\libmysql\src\violite.h(67,58): error C2059: syntax error: ')' [C:\Users\user\Documents\GitHub\HyperXTalk\build-win-x86_64\livecode\thirdparty\libmysql\libmysql.vcxproj]
  C:\Users\user\Documents\GitHub\HyperXTalk\thirdparty\libmysql\src\violite.h(68,22): error C2143: syntax error: missing ')' before '*' [C:\Users\user\Documents\GitHub\HyperXTalk\build-win-x86_64\livecode\thirdparty\libmysql\libmysql.vcxproj]
  C:\Users\user\Documents\GitHub\HyperXTalk\thirdparty\libmysql\src\violite.h(68,22): error C2143: syntax error: missing '{' before '*' [C:\Users\user\Documents\GitHub\HyperXTalk\build-win-x86_64\livecode\thirdparty\libmysql\libmysql.vcxproj]
  C:\Users\user\Documents\GitHub\HyperXTalk\thirdparty\libmysql\src\violite.h(68,28): error C2371: 'my_bool': redefinition; different basic types [C:\Users\user\Documents\GitHub\HyperXTalk\build-win-x86_64\livecode\thirdparty\libmysql\libmysql.vcxproj]
  C:\Users\user\Documents\GitHub\HyperXTalk\thirdparty\libmysql\src\violite.h(68,36): error C2146: syntax error: missing ';' before identifier 'onoff' [C:\Users\user\Documents\GitHub\HyperXTalk\build-win-x86_64\livecode\thirdparty\libmysql\libmysql.vcxproj]
  C:\Users\user\Documents\GitHub\HyperXTalk\thirdparty\libmysql\src\violite.h(68,43): error C2371: 'my_bool': redefinition; different basic types [C:\Users\user\Documents\GitHub\HyperXTalk\build-win-x86_64\livecode\thirdparty\libmysql\libmysql.vcxproj]
  C:\Users\user\Documents\GitHub\HyperXTalk\thirdparty\libmysql\src\violite.h(68,51): error C2143: syntax error: missing ';' before '*' [C:\Users\user\Documents\GitHub\HyperXTalk\build-win-x86_64\livecode\thirdparty\libmysql\libmysql.vcxproj]
  C:\Users\user\Documents\GitHub\HyperXTalk\thirdparty\libmysql\src\violite.h(68,60): error C2059: syntax error: ')' [C:\Users\user\Documents\GitHub\HyperXTalk\build-win-x86_64\livecode\thirdparty\libmysql\libmysql.vcxproj]
  C:\Users\user\Documents\GitHub\HyperXTalk\thirdparty\libmysql\src\violite.h(69,29): error C2143: syntax error: missing ')' before '*' [C:\Users\user\Documents\GitHub\HyperXTalk\build-win-x86_64\livecode\thirdparty\libmysql\libmysql.vcxproj]
  C:\Users\user\Documents\GitHub\HyperXTalk\thirdparty\libmysql\src\violite.h(69,29): error C2143: syntax error: missing '{' before '*' [C:\Users\user\Documents\GitHub\HyperXTalk\build-win-x86_64\livecode\thirdparty\libmysql\libmysql.vcxproj]
  C:\Users\user\Documents\GitHub\HyperXTalk\thirdparty\libmysql\src\violite.h(69,33): error C2059: syntax error: ')' [C:\Users\user\Documents\GitHub\HyperXTalk\build-win-x86_64\livecode\thirdparty\libmysql\libmysql.vcxproj]
  C:\Users\user\Documents\GitHub\HyperXTalk\thirdparty\libmysql\src\violite.h(71,22): error C2143: syntax error: missing ')' before '*' [C:\Users\user\Documents\GitHub\HyperXTalk\build-win-x86_64\livecode\thirdparty\libmysql\libmysql.vcxproj]
  C:\Users\user\Documents\GitHub\HyperXTalk\thirdparty\libmysql\src\violite.h(71,22): error C2143: syntax error: missing '{' before '*' [C:\Users\user\Documents\GitHub\HyperXTalk\build-win-x86_64\livecode\thirdparty\libmysql\libmysql.vcxproj]
  C:\Users\user\Documents\GitHub\HyperXTalk\thirdparty\libmysql\src\violite.h(71,26): error C2059: syntax error: ')' [C:\Users\user\Documents\GitHub\HyperXTalk\build-win-x86_64\livecode\thirdparty\libmysql\libmysql.vcxproj]
  C:\Users\user\Documents\GitHub\HyperXTalk\thirdparty\libmysql\src\violite.h(73,23): error C2143: syntax error: missing ')' before '*' [C:\Users\user\Documents\GitHub\HyperXTalk\build-win-x86_64\livecode\thirdparty\libmysql\libmysql.vcxproj]
  C:\Users\user\Documents\GitHub\HyperXTalk\thirdparty\libmysql\src\violite.h(73,23): error C2143: syntax error: missing '{' before '*' [C:\Users\user\Documents\GitHub\HyperXTalk\build-win-x86_64\livecode\thirdparty\libmysql\libmysql.vcxproj]
  C:\Users\user\Documents\GitHub\HyperXTalk\thirdparty\libmysql\src\violite.h(73,29): error C2371: 'my_bool': redefinition; different basic types [C:\Users\user\Documents\GitHub\HyperXTalk\build-win-x86_64\livecode\thirdparty\libmysql\libmysql.vcxproj]
  C:\Users\user\Documents\GitHub\HyperXTalk\thirdparty\libmysql\src\violite.h(73,37): error C2146: syntax error: missing ';' before identifier 'onoff' [C:\Users\user\Documents\GitHub\HyperXTalk\build-win-x86_64\livecode\thirdparty\libmysql\libmysql.vcxproj]
  C:\Users\user\Documents\GitHub\HyperXTalk\thirdparty\libmysql\src\violite.h(73,42): error C2059: syntax error: ')' [C:\Users\user\Documents\GitHub\HyperXTalk\build-win-x86_64\livecode\thirdparty\libmysql\libmysql.vcxproj]
  C:\Users\user\Documents\GitHub\HyperXTalk\thirdparty\libmysql\src\violite.h(75,30): error C2143: syntax error: missing ')' before '*' [C:\Users\user\Documents\GitHub\HyperXTalk\build-win-x86_64\livecode\thirdparty\libmysql\libmysql.vcxproj]
  C:\Users\user\Documents\GitHub\HyperXTalk\thirdparty\libmysql\src\violite.h(75,30): error C2143: syntax error: missing '{' before '*' [C:\Users\user\Documents\GitHub\HyperXTalk\build-win-x86_64\livecode\thirdparty\libmysql\libmysql.vcxproj]
  C:\Users\user\Documents\GitHub\HyperXTalk\thirdparty\libmysql\src\violite.h(75,34): error C2059: syntax error: ')' [C:\Users\user\Documents\GitHub\HyperXTalk\build-win-x86_64\livecode\thirdparty\libmysql\libmysql.vcxproj]
  C:\Users\user\Documents\GitHub\HyperXTalk\thirdparty\libmysql\src\violite.h(77,33): error C2143: syntax error: missing ')' before '*' [C:\Users\user\Documents\GitHub\HyperXTalk\build-win-x86_64\livecode\thirdparty\libmysql\libmysql.vcxproj]
  C:\Users\user\Documents\GitHub\HyperXTalk\thirdparty\libmysql\src\violite.h(77,33): error C2143: syntax error: missing '{' before '*' [C:\Users\user\Documents\GitHub\HyperXTalk\build-win-x86_64\livecode\thirdparty\libmysql\libmysql.vcxproj]
  C:\Users\user\Documents\GitHub\HyperXTalk\thirdparty\libmysql\src\violite.h(77,37): error C2059: syntax error: ')' [C:\Users\user\Documents\GitHub\HyperXTalk\build-win-x86_64\livecode\thirdparty\libmysql\libmysql.vcxproj]
  C:\Users\user\Documents\GitHub\HyperXTalk\thirdparty\libmysql\src\violite.h(79,33): error C2143: syntax error: missing ')' before '*' [C:\Users\user\Documents\GitHub\HyperXTalk\build-win-x86_64\livecode\thirdparty\libmysql\libmysql.vcxproj]
  C:\Users\user\Documents\GitHub\HyperXTalk\thirdparty\libmysql\src\violite.h(79,33): error C2143: syntax error: missing '{' before '*' [C:\Users\user\Documents\GitHub\HyperXTalk\build-win-x86_64\livecode\thirdparty\libmysql\libmysql.vcxproj]
  C:\Users\user\Documents\GitHub\HyperXTalk\thirdparty\libmysql\src\violite.h(79,37): error C2059: syntax error: ')' [C:\Users\user\Documents\GitHub\HyperXTalk\build-win-x86_64\livecode\thirdparty\libmysql\libmysql.vcxproj]
  C:\Users\user\Documents\GitHub\HyperXTalk\thirdparty\libmysql\src\violite.h(81,32): error C2143: syntax error: missing ')' before '*' [C:\Users\user\Documents\GitHub\HyperXTalk\build-win-x86_64\livecode\thirdparty\libmysql\libmysql.vcxproj]
  C:\Users\user\Documents\GitHub\HyperXTalk\thirdparty\libmysql\src\violite.h(81,32): error C2143: syntax error: missing '{' before '*' [C:\Users\user\Documents\GitHub\HyperXTalk\build-win-x86_64\livecode\thirdparty\libmysql\libmysql.vcxproj]
  C:\Users\user\Documents\GitHub\HyperXTalk\thirdparty\libmysql\src\violite.h(81,37): error C2059: syntax error: ')' [C:\Users\user\Documents\GitHub\HyperXTalk\build-win-x86_64\livecode\thirdparty\libmysql\libmysql.vcxproj]
  C:\Users\user\Documents\GitHub\HyperXTalk\thirdparty\libmysql\src\violite.h(83,18): error C2143: syntax error: missing ')' before '*' [C:\Users\user\Documents\GitHub\HyperXTalk\build-win-x86_64\livecode\thirdparty\libmysql\libmysql.vcxproj]
  C:\Users\user\Documents\GitHub\HyperXTalk\thirdparty\libmysql\src\violite.h(83,18): error C2143: syntax error: missing '{' before '*' [C:\Users\user\Documents\GitHub\HyperXTalk\build-win-x86_64\livecode\thirdparty\libmysql\libmysql.vcxproj]
  C:\Users\user\Documents\GitHub\HyperXTalk\thirdparty\libmysql\src\violite.h(83,22): error C2059: syntax error: ')' [C:\Users\user\Documents\GitHub\HyperXTalk\build-win-x86_64\livecode\thirdparty\libmysql\libmysql.vcxproj]
  C:\Users\user\Documents\GitHub\HyperXTalk\thirdparty\libmysql\src\violite.h(85,21): error C2143: syntax error: missing ')' before '*' [C:\Users\user\Documents\GitHub\HyperXTalk\build-win-x86_64\livecode\thirdparty\libmysql\libmysql.vcxproj]
  C:\Users\user\Documents\GitHub\HyperXTalk\thirdparty\libmysql\src\violite.h(85,21): error C2143: syntax error: missing '{' before '*' [C:\Users\user\Documents\GitHub\HyperXTalk\build-win-x86_64\livecode\thirdparty\libmysql\libmysql.vcxproj]
  C:\Users\user\Documents\GitHub\HyperXTalk\thirdparty\libmysql\src\violite.h(85,25): error C2059: syntax error: ')' [C:\Users\user\Documents\GitHub\HyperXTalk\build-win-x86_64\livecode\thirdparty\libmysql\libmysql.vcxproj]
  C:\Users\user\Documents\GitHub\HyperXTalk\thirdparty\libmysql\src\violite.h(87,27): error C2143: syntax error: missing ')' before '*' [C:\Users\user\Documents\GitHub\HyperXTalk\build-win-x86_64\livecode\thirdparty\libmysql\libmysql.vcxproj]
  C:\Users\user\Documents\GitHub\HyperXTalk\thirdparty\libmysql\src\violite.h(87,27): error C2143: syntax error: missing '{' before '*' [C:\Users\user\Documents\GitHub\HyperXTalk\build-win-x86_64\livecode\thirdparty\libmysql\libmysql.vcxproj]
  C:\Users\user\Documents\GitHub\HyperXTalk\thirdparty\libmysql\src\violite.h(87,38): error C2059: syntax error: 'type' [C:\Users\user\Documents\GitHub\HyperXTalk\build-win-x86_64\livecode\thirdparty\libmysql\libmysql.vcxproj]
  C:\Users\user\Documents\GitHub\HyperXTalk\thirdparty\libmysql\src\violite.h(87,71): error C2059: syntax error: ')' [C:\Users\user\Documents\GitHub\HyperXTalk\build-win-x86_64\livecode\thirdparty\libmysql\libmysql.vcxproj]
  C:\Users\user\Documents\GitHub\HyperXTalk\thirdparty\libmysql\src\violite.h(88,27): error C2143: syntax error: missing ')' before '*' [C:\Users\user\Documents\GitHub\HyperXTalk\build-win-x86_64\livecode\thirdparty\libmysql\libmysql.vcxproj]
  C:\Users\user\Documents\GitHub\HyperXTalk\thirdparty\libmysql\src\violite.h(88,27): error C2143: syntax error: missing '{' before '*' [C:\Users\user\Documents\GitHub\HyperXTalk\build-win-x86_64\livecode\thirdparty\libmysql\libmysql.vcxproj]
  C:\Users\user\Documents\GitHub\HyperXTalk\thirdparty\libmysql\src\violite.h(88,32): error C2370: 'uint': redefinition; different storage class [C:\Users\user\Documents\GitHub\HyperXTalk\build-win-x86_64\livecode\thirdparty\libmysql\libmysql.vcxproj]
  C:\Users\user\Documents\GitHub\HyperXTalk\thirdparty\libmysql\src\violite.h(88,37): error C2146: syntax error: missing ';' before identifier 'timeout' [C:\Users\user\Documents\GitHub\HyperXTalk\build-win-x86_64\livecode\thirdparty\libmysql\libmysql.vcxproj]
  C:\Users\user\Documents\GitHub\HyperXTalk\thirdparty\libmysql\src\violite.h(88,44): error C2059: syntax error: ')' [C:\Users\user\Documents\GitHub\HyperXTalk\build-win-x86_64\livecode\thirdparty\libmysql\libmysql.vcxproj]
  C:\Users\user\Documents\GitHub\HyperXTalk\thirdparty\libmysql\src\violite.h(89,27): error C2143: syntax error: missing ')' before '*' [C:\Users\user\Documents\GitHub\HyperXTalk\build-win-x86_64\livecode\thirdparty\libmysql\libmysql.vcxproj]
  C:\Users\user\Documents\GitHub\HyperXTalk\thirdparty\libmysql\src\violite.h(89,27): error C2143: syntax error: missing '{' before '*' [C:\Users\user\Documents\GitHub\HyperXTalk\build-win-x86_64\livecode\thirdparty\libmysql\libmysql.vcxproj]
  C:\Users\user\Documents\GitHub\HyperXTalk\thirdparty\libmysql\src\violite.h(89,33): error C2370: 'uint': redefinition; different storage class [C:\Users\user\Documents\GitHub\HyperXTalk\build-win-x86_64\livecode\thirdparty\libmysql\libmysql.vcxproj]
  C:\Users\user\Documents\GitHub\HyperXTalk\thirdparty\libmysql\src\violite.h(89,38): error C2143: syntax error: missing ';' before '*' [C:\Users\user\Documents\GitHub\HyperXTalk\build-win-x86_64\livecode\thirdparty\libmysql\libmysql.vcxproj]
  C:\Users\user\Documents\GitHub\HyperXTalk\thirdparty\libmysql\src\violite.h(89,44): error C2059: syntax error: ')' [C:\Users\user\Documents\GitHub\HyperXTalk\build-win-x86_64\livecode\thirdparty\libmysql\libmysql.vcxproj]
  C:\Users\user\Documents\GitHub\HyperXTalk\thirdparty\libmysql\src\violite.h(89,44): fatal error C1003: error count exceeds 100; stopping compilation [C:\Users\user\Documents\GitHub\HyperXTalk\build-win-x86_64\livecode\thirdparty\libmysql\libmysql.vcxproj]
  C:\Users\user\Documents\GitHub\HyperXTalk\thirdparty\libmysql\src\violite.h(44,4): error C2143: syntax error: missing '{' before '*' [C:\Users\user\Documents\GitHub\HyperXTalk\build-win-x86_64\livecode\thirdparty\libmysql\libmysql.vcxproj]
  C:\Users\user\Documents\GitHub\HyperXTalk\thirdparty\libmysql\src\violite.h(46,4): error C2143: syntax error: missing '{' before '*' [C:\Users\user\Documents\GitHub\HyperXTalk\build-win-x86_64\livecode\thirdparty\libmysql\libmysql.vcxproj]
  C:\Users\user\Documents\GitHub\HyperXTalk\thirdparty\libmysql\src\violite.h(47,4): error C2143: syntax error: missing '{' before '*' [C:\Users\user\Documents\GitHub\HyperXTalk\build-win-x86_64\livecode\thirdparty\libmysql\libmysql.vcxproj]
  C:\Users\user\Documents\GitHub\HyperXTalk\thirdparty\libmysql\src\violite.h(54,26): error C2143: syntax error: missing ')' before '*' [C:\Users\user\Documents\GitHub\HyperXTalk\build-win-x86_64\livecode\thirdparty\libmysql\libmysql.vcxproj]
  C:\Users\user\Documents\GitHub\HyperXTalk\thirdparty\libmysql\src\violite.h(54,26): error C2143: syntax error: missing '{' before '*' [C:\Users\user\Documents\GitHub\HyperXTalk\build-win-x86_64\livecode\thirdparty\libmysql\libmysql.vcxproj]
  C:\Users\user\Documents\GitHub\HyperXTalk\thirdparty\libmysql\src\violite.h(54,32): error C2371: 'uchar': redefinition; different basic types [C:\Users\user\Documents\GitHub\HyperXTalk\build-win-x86_64\livecode\thirdparty\libmysql\libmysql.vcxproj]
  C:\Users\user\Documents\GitHub\HyperXTalk\thirdparty\libmysql\src\violite.h(54,38): error C2143: syntax error: missing ';' before '*' [C:\Users\user\Documents\GitHub\HyperXTalk\build-win-x86_64\livecode\thirdparty\libmysql\libmysql.vcxproj]
  C:\Users\user\Documents\GitHub\HyperXTalk\thirdparty\libmysql\src\violite.h(54,45): error C2370: 'size_t': redefinition; different storage class [C:\Users\user\Documents\GitHub\HyperXTalk\build-win-x86_64\livecode\thirdparty\libmysql\libmysql.vcxproj]
  C:\Users\user\Documents\GitHub\HyperXTalk\thirdparty\libmysql\src\violite.h(54,52): error C2146: syntax error: missing ';' before identifier 'size' [C:\Users\user\Documents\GitHub\HyperXTalk\build-win-x86_64\livecode\thirdparty\libmysql\libmysql.vcxproj]
  C:\Users\user\Documents\GitHub\HyperXTalk\thirdparty\libmysql\src\violite.h(54,56): error C2059: syntax error: ')' [C:\Users\user\Documents\GitHub\HyperXTalk\build-win-x86_64\livecode\thirdparty\libmysql\libmysql.vcxproj]
  C:\Users\user\Documents\GitHub\HyperXTalk\thirdparty\libmysql\src\violite.h(55,27): error C2143: syntax error: missing ')' before '*' [C:\Users\user\Documents\GitHub\HyperXTalk\build-win-x86_64\livecode\thirdparty\libmysql\libmysql.vcxproj]
  C:\Users\user\Documents\GitHub\HyperXTalk\thirdparty\libmysql\src\violite.h(55,27): error C2143: syntax error: missing '{' before '*' [C:\Users\user\Documents\GitHub\HyperXTalk\build-win-x86_64\livecode\thirdparty\libmysql\libmysql.vcxproj]
  C:\Users\user\Documents\GitHub\HyperXTalk\thirdparty\libmysql\src\violite.h(55,39): error C2371: 'uchar': redefinition; different basic types [C:\Users\user\Documents\GitHub\HyperXTalk\build-win-x86_64\livecode\thirdparty\libmysql\libmysql.vcxproj]
  C:\Users\user\Documents\GitHub\HyperXTalk\thirdparty\libmysql\src\violite.h(55,45): error C2143: syntax error: missing ';' before '*' [C:\Users\user\Documents\GitHub\HyperXTalk\build-win-x86_64\livecode\thirdparty\libmysql\libmysql.vcxproj]
  C:\Users\user\Documents\GitHub\HyperXTalk\thirdparty\libmysql\src\violite.h(55,52): error C2370: 'size_t': redefinition; different storage class [C:\Users\user\Documents\GitHub\HyperXTalk\build-win-x86_64\livecode\thirdparty\libmysql\libmysql.vcxproj]
  C:\Users\user\Documents\GitHub\HyperXTalk\thirdparty\libmysql\src\violite.h(55,59): error C2146: syntax error: missing ';' before identifier 'size' [C:\Users\user\Documents\GitHub\HyperXTalk\build-win-x86_64\livecode\thirdparty\libmysql\libmysql.vcxproj]
  C:\Users\user\Documents\GitHub\HyperXTalk\thirdparty\libmysql\src\violite.h(55,63): error C2059: syntax error: ')' [C:\Users\user\Documents\GitHub\HyperXTalk\build-win-x86_64\livecode\thirdparty\libmysql\libmysql.vcxproj]
  C:\Users\user\Documents\GitHub\HyperXTalk\thirdparty\libmysql\src\violite.h(56,24): error C2143: syntax error: missing ')' before '*' [C:\Users\user\Documents\GitHub\HyperXTalk\build-win-x86_64\livecode\thirdparty\libmysql\libmysql.vcxproj]
  C:\Users\user\Documents\GitHub\HyperXTalk\thirdparty\libmysql\src\violite.h(56,24): error C2143: syntax error: missing '{' before '*' [C:\Users\user\Documents\GitHub\HyperXTalk\build-win-x86_64\livecode\thirdparty\libmysql\libmysql.vcxproj]
  C:\Users\user\Documents\GitHub\HyperXTalk\thirdparty\libmysql\src\violite.h(56,29): error C2059: syntax error: ')' [C:\Users\user\Documents\GitHub\HyperXTalk\build-win-x86_64\livecode\thirdparty\libmysql\libmysql.vcxproj]
  C:\Users\user\Documents\GitHub\HyperXTalk\thirdparty\libmysql\src\violite.h(61,20): error C2143: syntax error: missing ')' before '*' [C:\Users\user\Documents\GitHub\HyperXTalk\build-win-x86_64\livecode\thirdparty\libmysql\libmysql.vcxproj]
  C:\Users\user\Documents\GitHub\HyperXTalk\thirdparty\libmysql\src\violite.h(61,20): error C2143: syntax error: missing '{' before '*' [C:\Users\user\Documents\GitHub\HyperXTalk\build-win-x86_64\livecode\thirdparty\libmysql\libmysql.vcxproj]
  C:\Users\user\Documents\GitHub\HyperXTalk\thirdparty\libmysql\src\violite.h(61,25): error C2059: syntax error: ')' [C:\Users\user\Documents\GitHub\HyperXTalk\build-win-x86_64\livecode\thirdparty\libmysql\libmysql.vcxproj]
  C:\Users\user\Documents\GitHub\HyperXTalk\thirdparty\libmysql\src\violite.h(62,18): error C2143: syntax error: missing ')' before '*' [C:\Users\user\Documents\GitHub\HyperXTalk\build-win-x86_64\livecode\thirdparty\libmysql\libmysql.vcxproj]
  C:\Users\user\Documents\GitHub\HyperXTalk\thirdparty\libmysql\src\violite.h(62,18): error C2143: syntax error: missing '{' before '*' [C:\Users\user\Documents\GitHub\HyperXTalk\build-win-x86_64\livecode\thirdparty\libmysql\libmysql.vcxproj]
  C:\Users\user\Documents\GitHub\HyperXTalk\thirdparty\libmysql\src\violite.h(62,23): error C2059: syntax error: ')' [C:\Users\user\Documents\GitHub\HyperXTalk\build-win-x86_64\livecode\thirdparty\libmysql\libmysql.vcxproj]
  C:\Users\user\Documents\GitHub\HyperXTalk\thirdparty\libmysql\src\violite.h(63,22): error C2143: syntax error: missing ')' before '*' [C:\Users\user\Documents\GitHub\HyperXTalk\build-win-x86_64\livecode\thirdparty\libmysql\libmysql.vcxproj]
  C:\Users\user\Documents\GitHub\HyperXTalk\thirdparty\libmysql\src\violite.h(63,22): error C2143: syntax error: missing '{' before '*' [C:\Users\user\Documents\GitHub\HyperXTalk\build-win-x86_64\livecode\thirdparty\libmysql\libmysql.vcxproj]
  C:\Users\user\Documents\GitHub\HyperXTalk\thirdparty\libmysql\src\violite.h(63,48): error C2059: syntax error: 'type' [C:\Users\user\Documents\GitHub\HyperXTalk\build-win-x86_64\livecode\thirdparty\libmysql\libmysql.vcxproj]
  C:\Users\user\Documents\GitHub\HyperXTalk\thirdparty\libmysql\src\violite.h(64,57): error C2059: syntax error: ')' [C:\Users\user\Documents\GitHub\HyperXTalk\build-win-x86_64\livecode\thirdparty\libmysql\libmysql.vcxproj]
  C:\Users\user\Documents\GitHub\HyperXTalk\thirdparty\libmysql\src\violite.h(65,21): error C2143: syntax error: missing ')' before '*' [C:\Users\user\Documents\GitHub\HyperXTalk\build-win-x86_64\livecode\thirdparty\libmysql\libmysql.vcxproj]
  C:\Users\user\Documents\GitHub\HyperXTalk\thirdparty\libmysql\src\violite.h(65,21): error C2143: syntax error: missing '{' before '*' [C:\Users\user\Documents\GitHub\HyperXTalk\build-win-x86_64\livecode\thirdparty\libmysql\libmysql.vcxproj]
  C:\Users\user\Documents\GitHub\HyperXTalk\thirdparty\libmysql\src\violite.h(65,27): error C2371: 'uchar': redefinition; different basic types [C:\Users\user\Documents\GitHub\HyperXTalk\build-win-x86_64\livecode\thirdparty\libmysql\libmysql.vcxproj]
  C:\Users\user\Documents\GitHub\HyperXTalk\thirdparty\libmysql\src\violite.h(65,33): error C2143: syntax error: missing ';' before '*' [C:\Users\user\Documents\GitHub\HyperXTalk\build-win-x86_64\livecode\thirdparty\libmysql\libmysql.vcxproj]
  C:\Users\user\Documents\GitHub\HyperXTalk\thirdparty\libmysql\src\violite.h(65,40): error C2370: 'size_t': redefinition; different storage class [C:\Users\user\Documents\GitHub\HyperXTalk\build-win-x86_64\livecode\thirdparty\libmysql\libmysql.vcxproj]
  C:\Users\user\Documents\GitHub\HyperXTalk\thirdparty\libmysql\src\violite.h(65,47): error C2146: syntax error: missing ';' before identifier 'size' [C:\Users\user\Documents\GitHub\HyperXTalk\build-win-x86_64\livecode\thirdparty\libmysql\libmysql.vcxproj]
  C:\Users\user\Documents\GitHub\HyperXTalk\thirdparty\libmysql\src\violite.h(65,51): error C2059: syntax error: ')' [C:\Users\user\Documents\GitHub\HyperXTalk\build-win-x86_64\livecode\thirdparty\libmysql\libmysql.vcxproj]
  C:\Users\user\Documents\GitHub\HyperXTalk\thirdparty\libmysql\src\violite.h(66,27): error C2143: syntax error: missing ')' before '*' [C:\Users\user\Documents\GitHub\HyperXTalk\build-win-x86_64\livecode\thirdparty\libmysql\libmysql.vcxproj]
  C:\Users\user\Documents\GitHub\HyperXTalk\thirdparty\libmysql\src\violite.h(66,27): error C2143: syntax error: missing '{' before '*' [C:\Users\user\Documents\GitHub\HyperXTalk\build-win-x86_64\livecode\thirdparty\libmysql\libmysql.vcxproj]
  C:\Users\user\Documents\GitHub\HyperXTalk\thirdparty\libmysql\src\violite.h(66,33): error C2371: 'uchar': redefinition; different basic types [C:\Users\user\Documents\GitHub\HyperXTalk\build-win-x86_64\livecode\thirdparty\libmysql\libmysql.vcxproj]
  C:\Users\user\Documents\GitHub\HyperXTalk\thirdparty\libmysql\src\violite.h(66,39): error C2143: syntax error: missing ';' before '*' [C:\Users\user\Documents\GitHub\HyperXTalk\build-win-x86_64\livecode\thirdparty\libmysql\libmysql.vcxproj]
  C:\Users\user\Documents\GitHub\HyperXTalk\thirdparty\libmysql\src\violite.h(66,46): error C2370: 'size_t': redefinition; different storage class [C:\Users\user\Documents\GitHub\HyperXTalk\build-win-x86_64\livecode\thirdparty\libmysql\libmysql.vcxproj]
  C:\Users\user\Documents\GitHub\HyperXTalk\thirdparty\libmysql\src\violite.h(66,53): error C2146: syntax error: missing ';' before identifier 'size' [C:\Users\user\Documents\GitHub\HyperXTalk\build-win-x86_64\livecode\thirdparty\libmysql\libmysql.vcxproj]
  C:\Users\user\Documents\GitHub\HyperXTalk\thirdparty\libmysql\src\violite.h(66,57): error C2059: syntax error: ')' [C:\Users\user\Documents\GitHub\HyperXTalk\build-win-x86_64\livecode\thirdparty\libmysql\libmysql.vcxproj]
  C:\Users\user\Documents\GitHub\HyperXTalk\thirdparty\libmysql\src\violite.h(67,22): error C2143: syntax error: missing ')' before '*' [C:\Users\user\Documents\GitHub\HyperXTalk\build-win-x86_64\livecode\thirdparty\libmysql\libmysql.vcxproj]
  C:\Users\user\Documents\GitHub\HyperXTalk\thirdparty\libmysql\src\violite.h(67,22): error C2143: syntax error: missing '{' before '*' [C:\Users\user\Documents\GitHub\HyperXTalk\build-win-x86_64\livecode\thirdparty\libmysql\libmysql.vcxproj]
  C:\Users\user\Documents\GitHub\HyperXTalk\thirdparty\libmysql\src\violite.h(67,34): error C2371: 'uchar': redefinition; different basic types [C:\Users\user\Documents\GitHub\HyperXTalk\build-win-x86_64\livecode\thirdparty\libmysql\libmysql.vcxproj]
  C:\Users\user\Documents\GitHub\HyperXTalk\thirdparty\libmysql\src\violite.h(67,40): error C2143: syntax error: missing ';' before '*' [C:\Users\user\Documents\GitHub\HyperXTalk\build-win-x86_64\livecode\thirdparty\libmysql\libmysql.vcxproj]
  C:\Users\user\Documents\GitHub\HyperXTalk\thirdparty\libmysql\src\violite.h(67,47): error C2370: 'size_t': redefinition; different storage class [C:\Users\user\Documents\GitHub\HyperXTalk\build-win-x86_64\livecode\thirdparty\libmysql\libmysql.vcxproj]
  C:\Users\user\Documents\GitHub\HyperXTalk\thirdparty\libmysql\src\violite.h(67,54): error C2146: syntax error: missing ';' before identifier 'size' [C:\Users\user\Documents\GitHub\HyperXTalk\build-win-x86_64\livecode\thirdparty\libmysql\libmysql.vcxproj]
  C:\Users\user\Documents\GitHub\HyperXTalk\thirdparty\libmysql\src\violite.h(67,58): error C2059: syntax error: ')' [C:\Users\user\Documents\GitHub\HyperXTalk\build-win-x86_64\livecode\thirdparty\libmysql\libmysql.vcxproj]
  C:\Users\user\Documents\GitHub\HyperXTalk\thirdparty\libmysql\src\violite.h(68,22): error C2143: syntax error: missing ')' before '*' [C:\Users\user\Documents\GitHub\HyperXTalk\build-win-x86_64\livecode\thirdparty\libmysql\libmysql.vcxproj]
  C:\Users\user\Documents\GitHub\HyperXTalk\thirdparty\libmysql\src\violite.h(68,22): error C2143: syntax error: missing '{' before '*' [C:\Users\user\Documents\GitHub\HyperXTalk\build-win-x86_64\livecode\thirdparty\libmysql\libmysql.vcxproj]
  C:\Users\user\Documents\GitHub\HyperXTalk\thirdparty\libmysql\src\violite.h(68,28): error C2371: 'my_bool': redefinition; different basic types [C:\Users\user\Documents\GitHub\HyperXTalk\build-win-x86_64\livecode\thirdparty\libmysql\libmysql.vcxproj]
  C:\Users\user\Documents\GitHub\HyperXTalk\thirdparty\libmysql\src\violite.h(68,36): error C2146: syntax error: missing ';' before identifier 'onoff' [C:\Users\user\Documents\GitHub\HyperXTalk\build-win-x86_64\livecode\thirdparty\libmysql\libmysql.vcxproj]
  C:\Users\user\Documents\GitHub\HyperXTalk\thirdparty\libmysql\src\violite.h(68,43): error C2371: 'my_bool': redefinition; different basic types [C:\Users\user\Documents\GitHub\HyperXTalk\build-win-x86_64\livecode\thirdparty\libmysql\libmysql.vcxproj]
  C:\Users\user\Documents\GitHub\HyperXTalk\thirdparty\libmysql\src\violite.h(68,51): error C2143: syntax error: missing ';' before '*' [C:\Users\user\Documents\GitHub\HyperXTalk\build-win-x86_64\livecode\thirdparty\libmysql\libmysql.vcxproj]
  C:\Users\user\Documents\GitHub\HyperXTalk\thirdparty\libmysql\src\violite.h(68,60): error C2059: syntax error: ')' [C:\Users\user\Documents\GitHub\HyperXTalk\build-win-x86_64\livecode\thirdparty\libmysql\libmysql.vcxproj]
  C:\Users\user\Documents\GitHub\HyperXTalk\thirdparty\libmysql\src\violite.h(69,29): error C2143: syntax error: missing ')' before '*' [C:\Users\user\Documents\GitHub\HyperXTalk\build-win-x86_64\livecode\thirdparty\libmysql\libmysql.vcxproj]
  C:\Users\user\Documents\GitHub\HyperXTalk\thirdparty\libmysql\src\violite.h(69,29): error C2143: syntax error: missing '{' before '*' [C:\Users\user\Documents\GitHub\HyperXTalk\build-win-x86_64\livecode\thirdparty\libmysql\libmysql.vcxproj]
  C:\Users\user\Documents\GitHub\HyperXTalk\thirdparty\libmysql\src\violite.h(69,33): error C2059: syntax error: ')' [C:\Users\user\Documents\GitHub\HyperXTalk\build-win-x86_64\livecode\thirdparty\libmysql\libmysql.vcxproj]
  C:\Users\user\Documents\GitHub\HyperXTalk\thirdparty\libmysql\src\violite.h(71,22): error C2143: syntax error: missing ')' before '*' [C:\Users\user\Documents\GitHub\HyperXTalk\build-win-x86_64\livecode\thirdparty\libmysql\libmysql.vcxproj]
  C:\Users\user\Documents\GitHub\HyperXTalk\thirdparty\libmysql\src\violite.h(71,22): error C2143: syntax error: missing '{' before '*' [C:\Users\user\Documents\GitHub\HyperXTalk\build-win-x86_64\livecode\thirdparty\libmysql\libmysql.vcxproj]
  C:\Users\user\Documents\GitHub\HyperXTalk\thirdparty\libmysql\src\violite.h(71,26): error C2059: syntax error: ')' [C:\Users\user\Documents\GitHub\HyperXTalk\build-win-x86_64\livecode\thirdparty\libmysql\libmysql.vcxproj]
  C:\Users\user\Documents\GitHub\HyperXTalk\thirdparty\libmysql\src\violite.h(73,23): error C2143: syntax error: missing ')' before '*' [C:\Users\user\Documents\GitHub\HyperXTalk\build-win-x86_64\livecode\thirdparty\libmysql\libmysql.vcxproj]
  C:\Users\user\Documents\GitHub\HyperXTalk\thirdparty\libmysql\src\violite.h(73,23): error C2143: syntax error: missing '{' before '*' [C:\Users\user\Documents\GitHub\HyperXTalk\build-win-x86_64\livecode\thirdparty\libmysql\libmysql.vcxproj]
  C:\Users\user\Documents\GitHub\HyperXTalk\thirdparty\libmysql\src\violite.h(73,29): error C2371: 'my_bool': redefinition; different basic types [C:\Users\user\Documents\GitHub\HyperXTalk\build-win-x86_64\livecode\thirdparty\libmysql\libmysql.vcxproj]
  C:\Users\user\Documents\GitHub\HyperXTalk\thirdparty\libmysql\src\violite.h(73,37): error C2146: syntax error: missing ';' before identifier 'onoff' [C:\Users\user\Documents\GitHub\HyperXTalk\build-win-x86_64\livecode\thirdparty\libmysql\libmysql.vcxproj]
  C:\Users\user\Documents\GitHub\HyperXTalk\thirdparty\libmysql\src\violite.h(73,42): error C2059: syntax error: ')' [C:\Users\user\Documents\GitHub\HyperXTalk\build-win-x86_64\livecode\thirdparty\libmysql\libmysql.vcxproj]
  C:\Users\user\Documents\GitHub\HyperXTalk\thirdparty\libmysql\src\violite.h(75,30): error C2143: syntax error: missing ')' before '*' [C:\Users\user\Documents\GitHub\HyperXTalk\build-win-x86_64\livecode\thirdparty\libmysql\libmysql.vcxproj]
  C:\Users\user\Documents\GitHub\HyperXTalk\thirdparty\libmysql\src\violite.h(75,30): error C2143: syntax error: missing '{' before '*' [C:\Users\user\Documents\GitHub\HyperXTalk\build-win-x86_64\livecode\thirdparty\libmysql\libmysql.vcxproj]
  C:\Users\user\Documents\GitHub\HyperXTalk\thirdparty\libmysql\src\violite.h(75,34): error C2059: syntax error: ')' [C:\Users\user\Documents\GitHub\HyperXTalk\build-win-x86_64\livecode\thirdparty\libmysql\libmysql.vcxproj]
  C:\Users\user\Documents\GitHub\HyperXTalk\thirdparty\libmysql\src\violite.h(77,33): error C2143: syntax error: missing ')' before '*' [C:\Users\user\Documents\GitHub\HyperXTalk\build-win-x86_64\livecode\thirdparty\libmysql\libmysql.vcxproj]
  C:\Users\user\Documents\GitHub\HyperXTalk\thirdparty\libmysql\src\violite.h(77,33): error C2143: syntax error: missing '{' before '*' [C:\Users\user\Documents\GitHub\HyperXTalk\build-win-x86_64\livecode\thirdparty\libmysql\libmysql.vcxproj]
  C:\Users\user\Documents\GitHub\HyperXTalk\thirdparty\libmysql\src\violite.h(77,37): error C2059: syntax error: ')' [C:\Users\user\Documents\GitHub\HyperXTalk\build-win-x86_64\livecode\thirdparty\libmysql\libmysql.vcxproj]
  C:\Users\user\Documents\GitHub\HyperXTalk\thirdparty\libmysql\src\violite.h(79,33): error C2143: syntax error: missing ')' before '*' [C:\Users\user\Documents\GitHub\HyperXTalk\build-win-x86_64\livecode\thirdparty\libmysql\libmysql.vcxproj]
  C:\Users\user\Documents\GitHub\HyperXTalk\thirdparty\libmysql\src\violite.h(79,33): error C2143: syntax error: missing '{' before '*' [C:\Users\user\Documents\GitHub\HyperXTalk\build-win-x86_64\livecode\thirdparty\libmysql\libmysql.vcxproj]
  C:\Users\user\Documents\GitHub\HyperXTalk\thirdparty\libmysql\src\violite.h(79,37): error C2059: syntax error: ')' [C:\Users\user\Documents\GitHub\HyperXTalk\build-win-x86_64\livecode\thirdparty\libmysql\libmysql.vcxproj]
  C:\Users\user\Documents\GitHub\HyperXTalk\thirdparty\libmysql\src\violite.h(81,32): error C2143: syntax error: missing ')' before '*' [C:\Users\user\Documents\GitHub\HyperXTalk\build-win-x86_64\livecode\thirdparty\libmysql\libmysql.vcxproj]
  C:\Users\user\Documents\GitHub\HyperXTalk\thirdparty\libmysql\src\violite.h(81,32): error C2143: syntax error: missing '{' before '*' [C:\Users\user\Documents\GitHub\HyperXTalk\build-win-x86_64\livecode\thirdparty\libmysql\libmysql.vcxproj]
  C:\Users\user\Documents\GitHub\HyperXTalk\thirdparty\libmysql\src\violite.h(81,37): error C2059: syntax error: ')' [C:\Users\user\Documents\GitHub\HyperXTalk\build-win-x86_64\livecode\thirdparty\libmysql\libmysql.vcxproj]
  C:\Users\user\Documents\GitHub\HyperXTalk\thirdparty\libmysql\src\violite.h(83,18): error C2143: syntax error: missing ')' before '*' [C:\Users\user\Documents\GitHub\HyperXTalk\build-win-x86_64\livecode\thirdparty\libmysql\libmysql.vcxproj]
  C:\Users\user\Documents\GitHub\HyperXTalk\thirdparty\libmysql\src\violite.h(83,18): error C2143: syntax error: missing '{' before '*' [C:\Users\user\Documents\GitHub\HyperXTalk\build-win-x86_64\livecode\thirdparty\libmysql\libmysql.vcxproj]
  C:\Users\user\Documents\GitHub\HyperXTalk\thirdparty\libmysql\src\violite.h(83,22): error C2059: syntax error: ')' [C:\Users\user\Documents\GitHub\HyperXTalk\build-win-x86_64\livecode\thirdparty\libmysql\libmysql.vcxproj]
  C:\Users\user\Documents\GitHub\HyperXTalk\thirdparty\libmysql\src\violite.h(85,21): error C2143: syntax error: missing ')' before '*' [C:\Users\user\Documents\GitHub\HyperXTalk\build-win-x86_64\livecode\thirdparty\libmysql\libmysql.vcxproj]
  C:\Users\user\Documents\GitHub\HyperXTalk\thirdparty\libmysql\src\violite.h(85,21): error C2143: syntax error: missing '{' before '*' [C:\Users\user\Documents\GitHub\HyperXTalk\build-win-x86_64\livecode\thirdparty\libmysql\libmysql.vcxproj]
  C:\Users\user\Documents\GitHub\HyperXTalk\thirdparty\libmysql\src\violite.h(85,25): error C2059: syntax error: ')' [C:\Users\user\Documents\GitHub\HyperXTalk\build-win-x86_64\livecode\thirdparty\libmysql\libmysql.vcxproj]
  C:\Users\user\Documents\GitHub\HyperXTalk\thirdparty\libmysql\src\violite.h(87,27): error C2143: syntax error: missing ')' before '*' [C:\Users\user\Documents\GitHub\HyperXTalk\build-win-x86_64\livecode\thirdparty\libmysql\libmysql.vcxproj]
  C:\Users\user\Documents\GitHub\HyperXTalk\thirdparty\libmysql\src\violite.h(87,27): error C2143: syntax error: missing '{' before '*' [C:\Users\user\Documents\GitHub\HyperXTalk\build-win-x86_64\livecode\thirdparty\libmysql\libmysql.vcxproj]
  C:\Users\user\Documents\GitHub\HyperXTalk\thirdparty\libmysql\src\violite.h(87,38): error C2059: syntax error: 'type' [C:\Users\user\Documents\GitHub\HyperXTalk\build-win-x86_64\livecode\thirdparty\libmysql\libmysql.vcxproj]
  C:\Users\user\Documents\GitHub\HyperXTalk\thirdparty\libmysql\src\violite.h(87,71): error C2059: syntax error: ')' [C:\Users\user\Documents\GitHub\HyperXTalk\build-win-x86_64\livecode\thirdparty\libmysql\libmysql.vcxproj]
  C:\Users\user\Documents\GitHub\HyperXTalk\thirdparty\libmysql\src\violite.h(88,27): error C2143: syntax error: missing ')' before '*' [C:\Users\user\Documents\GitHub\HyperXTalk\build-win-x86_64\livecode\thirdparty\libmysql\libmysql.vcxproj]
  C:\Users\user\Documents\GitHub\HyperXTalk\thirdparty\libmysql\src\violite.h(88,27): error C2143: syntax error: missing '{' before '*' [C:\Users\user\Documents\GitHub\HyperXTalk\build-win-x86_64\livecode\thirdparty\libmysql\libmysql.vcxproj]
  C:\Users\user\Documents\GitHub\HyperXTalk\thirdparty\libmysql\src\violite.h(88,32): error C2370: 'uint': redefinition; different storage class [C:\Users\user\Documents\GitHub\HyperXTalk\build-win-x86_64\livecode\thirdparty\libmysql\libmysql.vcxproj]
  C:\Users\user\Documents\GitHub\HyperXTalk\thirdparty\libmysql\src\violite.h(88,37): error C2146: syntax error: missing ';' before identifier 'timeout' [C:\Users\user\Documents\GitHub\HyperXTalk\build-win-x86_64\livecode\thirdparty\libmysql\libmysql.vcxproj]
  C:\Users\user\Documents\GitHub\HyperXTalk\thirdparty\libmysql\src\violite.h(88,44): error C2059: syntax error: ')' [C:\Users\user\Documents\GitHub\HyperXTalk\build-win-x86_64\livecode\thirdparty\libmysql\libmysql.vcxproj]
  C:\Users\user\Documents\GitHub\HyperXTalk\thirdparty\libmysql\src\violite.h(89,27): error C2143: syntax error: missing ')' before '*' [C:\Users\user\Documents\GitHub\HyperXTalk\build-win-x86_64\livecode\thirdparty\libmysql\libmysql.vcxproj]
  C:\Users\user\Documents\GitHub\HyperXTalk\thirdparty\libmysql\src\violite.h(89,27): error C2143: syntax error: missing '{' before '*' [C:\Users\user\Documents\GitHub\HyperXTalk\build-win-x86_64\livecode\thirdparty\libmysql\libmysql.vcxproj]
  C:\Users\user\Documents\GitHub\HyperXTalk\thirdparty\libmysql\src\violite.h(89,33): error C2370: 'uint': redefinition; different storage class [C:\Users\user\Documents\GitHub\HyperXTalk\build-win-x86_64\livecode\thirdparty\libmysql\libmysql.vcxproj]
  C:\Users\user\Documents\GitHub\HyperXTalk\thirdparty\libmysql\src\violite.h(89,38): error C2143: syntax error: missing ';' before '*' [C:\Users\user\Documents\GitHub\HyperXTalk\build-win-x86_64\livecode\thirdparty\libmysql\libmysql.vcxproj]
  C:\Users\user\Documents\GitHub\HyperXTalk\thirdparty\libmysql\src\violite.h(89,44): error C2059: syntax error: ')' [C:\Users\user\Documents\GitHub\HyperXTalk\build-win-x86_64\livecode\thirdparty\libmysql\libmysql.vcxproj]
  C:\Users\user\Documents\GitHub\HyperXTalk\thirdparty\libmysql\src\violite.h(89,44): fatal error C1003: error count exceeds 100; stopping compilation [C:\Users\user\Documents\GitHub\HyperXTalk\build-win-x86_64\livecode\thirdparty\libmysql\libmysql.vcxproj]
  C:\Users\user\Documents\GitHub\HyperXTalk\thirdparty\libmysql\src\violite.h(44,4): error C2143: syntax error: missing '{' before '*' [C:\Users\user\Documents\GitHub\HyperXTalk\build-win-x86_64\livecode\thirdparty\libmysql\libmysql.vcxproj]
  C:\Users\user\Documents\GitHub\HyperXTalk\thirdparty\libmysql\src\violite.h(46,4): error C2143: syntax error: missing '{' before '*' [C:\Users\user\Documents\GitHub\HyperXTalk\build-win-x86_64\livecode\thirdparty\libmysql\libmysql.vcxproj]
  C:\Users\user\Documents\GitHub\HyperXTalk\thirdparty\libmysql\src\violite.h(47,4): error C2143: syntax error: missing '{' before '*' [C:\Users\user\Documents\GitHub\HyperXTalk\build-win-x86_64\livecode\thirdparty\libmysql\libmysql.vcxproj]
  C:\Users\user\Documents\GitHub\HyperXTalk\thirdparty\libmysql\src\violite.h(54,26): error C2143: syntax error: missing ')' before '*' [C:\Users\user\Documents\GitHub\HyperXTalk\build-win-x86_64\livecode\thirdparty\libmysql\libmysql.vcxproj]
  C:\Users\user\Documents\GitHub\HyperXTalk\thirdparty\libmysql\src\violite.h(54,26): error C2143: syntax error: missing '{' before '*' [C:\Users\user\Documents\GitHub\HyperXTalk\build-win-x86_64\livecode\thirdparty\libmysql\libmysql.vcxproj]
  C:\Users\user\Documents\GitHub\HyperXTalk\thirdparty\libmysql\src\violite.h(54,32): error C2371: 'uchar': redefinition; different basic types [C:\Users\user\Documents\GitHub\HyperXTalk\build-win-x86_64\livecode\thirdparty\libmysql\libmysql.vcxproj]
  C:\Users\user\Documents\GitHub\HyperXTalk\thirdparty\libmysql\src\violite.h(54,38): error C2143: syntax error: missing ';' before '*' [C:\Users\user\Documents\GitHub\HyperXTalk\build-win-x86_64\livecode\thirdparty\libmysql\libmysql.vcxproj]
  C:\Users\user\Documents\GitHub\HyperXTalk\thirdparty\libmysql\src\violite.h(54,45): error C2370: 'size_t': redefinition; different storage class [C:\Users\user\Documents\GitHub\HyperXTalk\build-win-x86_64\livecode\thirdparty\libmysql\libmysql.vcxproj]
  C:\Users\user\Documents\GitHub\HyperXTalk\thirdparty\libmysql\src\violite.h(54,52): error C2146: syntax error: missing ';' before identifier 'size' [C:\Users\user\Documents\GitHub\HyperXTalk\build-win-x86_64\livecode\thirdparty\libmysql\libmysql.vcxproj]
  C:\Users\user\Documents\GitHub\HyperXTalk\thirdparty\libmysql\src\violite.h(54,56): error C2059: syntax error: ')' [C:\Users\user\Documents\GitHub\HyperXTalk\build-win-x86_64\livecode\thirdparty\libmysql\libmysql.vcxproj]
  C:\Users\user\Documents\GitHub\HyperXTalk\thirdparty\libmysql\src\violite.h(55,27): error C2143: syntax error: missing ')' before '*' [C:\Users\user\Documents\GitHub\HyperXTalk\build-win-x86_64\livecode\thirdparty\libmysql\libmysql.vcxproj]
  C:\Users\user\Documents\GitHub\HyperXTalk\thirdparty\libmysql\src\violite.h(55,27): error C2143: syntax error: missing '{' before '*' [C:\Users\user\Documents\GitHub\HyperXTalk\build-win-x86_64\livecode\thirdparty\libmysql\libmysql.vcxproj]
  C:\Users\user\Documents\GitHub\HyperXTalk\thirdparty\libmysql\src\violite.h(55,39): error C2371: 'uchar': redefinition; different basic types [C:\Users\user\Documents\GitHub\HyperXTalk\build-win-x86_64\livecode\thirdparty\libmysql\libmysql.vcxproj]
  C:\Users\user\Documents\GitHub\HyperXTalk\thirdparty\libmysql\src\violite.h(55,45): error C2143: syntax error: missing ';' before '*' [C:\Users\user\Documents\GitHub\HyperXTalk\build-win-x86_64\livecode\thirdparty\libmysql\libmysql.vcxproj]
  C:\Users\user\Documents\GitHub\HyperXTalk\thirdparty\libmysql\src\violite.h(55,52): error C2370: 'size_t': redefinition; different storage class [C:\Users\user\Documents\GitHub\HyperXTalk\build-win-x86_64\livecode\thirdparty\libmysql\libmysql.vcxproj]
  C:\Users\user\Documents\GitHub\HyperXTalk\thirdparty\libmysql\src\violite.h(55,59): error C2146: syntax error: missing ';' before identifier 'size' [C:\Users\user\Documents\GitHub\HyperXTalk\build-win-x86_64\livecode\thirdparty\libmysql\libmysql.vcxproj]
  C:\Users\user\Documents\GitHub\HyperXTalk\thirdparty\libmysql\src\violite.h(55,63): error C2059: syntax error: ')' [C:\Users\user\Documents\GitHub\HyperXTalk\build-win-x86_64\livecode\thirdparty\libmysql\libmysql.vcxproj]
  C:\Users\user\Documents\GitHub\HyperXTalk\thirdparty\libmysql\src\violite.h(56,24): error C2143: syntax error: missing ')' before '*' [C:\Users\user\Documents\GitHub\HyperXTalk\build-win-x86_64\livecode\thirdparty\libmysql\libmysql.vcxproj]
  C:\Users\user\Documents\GitHub\HyperXTalk\thirdparty\libmysql\src\violite.h(56,24): error C2143: syntax error: missing '{' before '*' [C:\Users\user\Documents\GitHub\HyperXTalk\build-win-x86_64\livecode\thirdparty\libmysql\libmysql.vcxproj]
  C:\Users\user\Documents\GitHub\HyperXTalk\thirdparty\libmysql\src\violite.h(56,29): error C2059: syntax error: ')' [C:\Users\user\Documents\GitHub\HyperXTalk\build-win-x86_64\livecode\thirdparty\libmysql\libmysql.vcxproj]
  C:\Users\user\Documents\GitHub\HyperXTalk\thirdparty\libmysql\src\violite.h(61,20): error C2143: syntax error: missing ')' before '*' [C:\Users\user\Documents\GitHub\HyperXTalk\build-win-x86_64\livecode\thirdparty\libmysql\libmysql.vcxproj]
  C:\Users\user\Documents\GitHub\HyperXTalk\thirdparty\libmysql\src\violite.h(61,20): error C2143: syntax error: missing '{' before '*' [C:\Users\user\Documents\GitHub\HyperXTalk\build-win-x86_64\livecode\thirdparty\libmysql\libmysql.vcxproj]
  C:\Users\user\Documents\GitHub\HyperXTalk\thirdparty\libmysql\src\violite.h(61,25): error C2059: syntax error: ')' [C:\Users\user\Documents\GitHub\HyperXTalk\build-win-x86_64\livecode\thirdparty\libmysql\libmysql.vcxproj]
  C:\Users\user\Documents\GitHub\HyperXTalk\thirdparty\libmysql\src\violite.h(62,18): error C2143: syntax error: missing ')' before '*' [C:\Users\user\Documents\GitHub\HyperXTalk\build-win-x86_64\livecode\thirdparty\libmysql\libmysql.vcxproj]
  C:\Users\user\Documents\GitHub\HyperXTalk\thirdparty\libmysql\src\violite.h(62,18): error C2143: syntax error: missing '{' before '*' [C:\Users\user\Documents\GitHub\HyperXTalk\build-win-x86_64\livecode\thirdparty\libmysql\libmysql.vcxproj]
  C:\Users\user\Documents\GitHub\HyperXTalk\thirdparty\libmysql\src\violite.h(62,23): error C2059: syntax error: ')' [C:\Users\user\Documents\GitHub\HyperXTalk\build-win-x86_64\livecode\thirdparty\libmysql\libmysql.vcxproj]
  C:\Users\user\Documents\GitHub\HyperXTalk\thirdparty\libmysql\src\violite.h(63,22): error C2143: syntax error: missing ')' before '*' [C:\Users\user\Documents\GitHub\HyperXTalk\build-win-x86_64\livecode\thirdparty\libmysql\libmysql.vcxproj]
  C:\Users\user\Documents\GitHub\HyperXTalk\thirdparty\libmysql\src\violite.h(63,22): error C2143: syntax error: missing '{' before '*' [C:\Users\user\Documents\GitHub\HyperXTalk\build-win-x86_64\livecode\thirdparty\libmysql\libmysql.vcxproj]
  C:\Users\user\Documents\GitHub\HyperXTalk\thirdparty\libmysql\src\violite.h(63,48): error C2059: syntax error: 'type' [C:\Users\user\Documents\GitHub\HyperXTalk\build-win-x86_64\livecode\thirdparty\libmysql\libmysql.vcxproj]
  C:\Users\user\Documents\GitHub\HyperXTalk\thirdparty\libmysql\src\violite.h(64,57): error C2059: syntax error: ')' [C:\Users\user\Documents\GitHub\HyperXTalk\build-win-x86_64\livecode\thirdparty\libmysql\libmysql.vcxproj]
  C:\Users\user\Documents\GitHub\HyperXTalk\thirdparty\libmysql\src\violite.h(65,21): error C2143: syntax error: missing ')' before '*' [C:\Users\user\Documents\GitHub\HyperXTalk\build-win-x86_64\livecode\thirdparty\libmysql\libmysql.vcxproj]
  C:\Users\user\Documents\GitHub\HyperXTalk\thirdparty\libmysql\src\violite.h(65,21): error C2143: syntax error: missing '{' before '*' [C:\Users\user\Documents\GitHub\HyperXTalk\build-win-x86_64\livecode\thirdparty\libmysql\libmysql.vcxproj]
  C:\Users\user\Documents\GitHub\HyperXTalk\thirdparty\libmysql\src\violite.h(65,27): error C2371: 'uchar': redefinition; different basic types [C:\Users\user\Documents\GitHub\HyperXTalk\build-win-x86_64\livecode\thirdparty\libmysql\libmysql.vcxproj]
  C:\Users\user\Documents\GitHub\HyperXTalk\thirdparty\libmysql\src\violite.h(65,33): error C2143: syntax error: missing ';' before '*' [C:\Users\user\Documents\GitHub\HyperXTalk\build-win-x86_64\livecode\thirdparty\libmysql\libmysql.vcxproj]
  C:\Users\user\Documents\GitHub\HyperXTalk\thirdparty\libmysql\src\violite.h(65,40): error C2370: 'size_t': redefinition; different storage class [C:\Users\user\Documents\GitHub\HyperXTalk\build-win-x86_64\livecode\thirdparty\libmysql\libmysql.vcxproj]
  C:\Users\user\Documents\GitHub\HyperXTalk\thirdparty\libmysql\src\violite.h(65,47): error C2146: syntax error: missing ';' before identifier 'size' [C:\Users\user\Documents\GitHub\HyperXTalk\build-win-x86_64\livecode\thirdparty\libmysql\libmysql.vcxproj]
  C:\Users\user\Documents\GitHub\HyperXTalk\thirdparty\libmysql\src\violite.h(65,51): error C2059: syntax error: ')' [C:\Users\user\Documents\GitHub\HyperXTalk\build-win-x86_64\livecode\thirdparty\libmysql\libmysql.vcxproj]
  C:\Users\user\Documents\GitHub\HyperXTalk\thirdparty\libmysql\src\violite.h(66,27): error C2143: syntax error: missing ')' before '*' [C:\Users\user\Documents\GitHub\HyperXTalk\build-win-x86_64\livecode\thirdparty\libmysql\libmysql.vcxproj]
  C:\Users\user\Documents\GitHub\HyperXTalk\thirdparty\libmysql\src\violite.h(66,27): error C2143: syntax error: missing '{' before '*' [C:\Users\user\Documents\GitHub\HyperXTalk\build-win-x86_64\livecode\thirdparty\libmysql\libmysql.vcxproj]
  C:\Users\user\Documents\GitHub\HyperXTalk\thirdparty\libmysql\src\violite.h(66,33): error C2371: 'uchar': redefinition; different basic types [C:\Users\user\Documents\GitHub\HyperXTalk\build-win-x86_64\livecode\thirdparty\libmysql\libmysql.vcxproj]
  C:\Users\user\Documents\GitHub\HyperXTalk\thirdparty\libmysql\src\violite.h(66,39): error C2143: syntax error: missing ';' before '*' [C:\Users\user\Documents\GitHub\HyperXTalk\build-win-x86_64\livecode\thirdparty\libmysql\libmysql.vcxproj]
  C:\Users\user\Documents\GitHub\HyperXTalk\thirdparty\libmysql\src\violite.h(66,46): error C2370: 'size_t': redefinition; different storage class [C:\Users\user\Documents\GitHub\HyperXTalk\build-win-x86_64\livecode\thirdparty\libmysql\libmysql.vcxproj]
  C:\Users\user\Documents\GitHub\HyperXTalk\thirdparty\libmysql\src\violite.h(66,53): error C2146: syntax error: missing ';' before identifier 'size' [C:\Users\user\Documents\GitHub\HyperXTalk\build-win-x86_64\livecode\thirdparty\libmysql\libmysql.vcxproj]
  C:\Users\user\Documents\GitHub\HyperXTalk\thirdparty\libmysql\src\violite.h(66,57): error C2059: syntax error: ')' [C:\Users\user\Documents\GitHub\HyperXTalk\build-win-x86_64\livecode\thirdparty\libmysql\libmysql.vcxproj]
  C:\Users\user\Documents\GitHub\HyperXTalk\thirdparty\libmysql\src\violite.h(67,22): error C2143: syntax error: missing ')' before '*' [C:\Users\user\Documents\GitHub\HyperXTalk\build-win-x86_64\livecode\thirdparty\libmysql\libmysql.vcxproj]
  C:\Users\user\Documents\GitHub\HyperXTalk\thirdparty\libmysql\src\violite.h(67,22): error C2143: syntax error: missing '{' before '*' [C:\Users\user\Documents\GitHub\HyperXTalk\build-win-x86_64\livecode\thirdparty\libmysql\libmysql.vcxproj]
  C:\Users\user\Documents\GitHub\HyperXTalk\thirdparty\libmysql\src\violite.h(67,34): error C2371: 'uchar': redefinition; different basic types [C:\Users\user\Documents\GitHub\HyperXTalk\build-win-x86_64\livecode\thirdparty\libmysql\libmysql.vcxproj]
  C:\Users\user\Documents\GitHub\HyperXTalk\thirdparty\libmysql\src\violite.h(67,40): error C2143: syntax error: missing ';' before '*' [C:\Users\user\Documents\GitHub\HyperXTalk\build-win-x86_64\livecode\thirdparty\libmysql\libmysql.vcxproj]
  C:\Users\user\Documents\GitHub\HyperXTalk\thirdparty\libmysql\src\violite.h(67,47): error C2370: 'size_t': redefinition; different storage class [C:\Users\user\Documents\GitHub\HyperXTalk\build-win-x86_64\livecode\thirdparty\libmysql\libmysql.vcxproj]
  C:\Users\user\Documents\GitHub\HyperXTalk\thirdparty\libmysql\src\violite.h(67,54): error C2146: syntax error: missing ';' before identifier 'size' [C:\Users\user\Documents\GitHub\HyperXTalk\build-win-x86_64\livecode\thirdparty\libmysql\libmysql.vcxproj]
  C:\Users\user\Documents\GitHub\HyperXTalk\thirdparty\libmysql\src\violite.h(67,58): error C2059: syntax error: ')' [C:\Users\user\Documents\GitHub\HyperXTalk\build-win-x86_64\livecode\thirdparty\libmysql\libmysql.vcxproj]
  C:\Users\user\Documents\GitHub\HyperXTalk\thirdparty\libmysql\src\violite.h(68,22): error C2143: syntax error: missing ')' before '*' [C:\Users\user\Documents\GitHub\HyperXTalk\build-win-x86_64\livecode\thirdparty\libmysql\libmysql.vcxproj]
  C:\Users\user\Documents\GitHub\HyperXTalk\thirdparty\libmysql\src\violite.h(68,22): error C2143: syntax error: missing '{' before '*' [C:\Users\user\Documents\GitHub\HyperXTalk\build-win-x86_64\livecode\thirdparty\libmysql\libmysql.vcxproj]
  C:\Users\user\Documents\GitHub\HyperXTalk\thirdparty\libmysql\src\violite.h(68,28): error C2371: 'my_bool': redefinition; different basic types [C:\Users\user\Documents\GitHub\HyperXTalk\build-win-x86_64\livecode\thirdparty\libmysql\libmysql.vcxproj]
  C:\Users\user\Documents\GitHub\HyperXTalk\thirdparty\libmysql\src\violite.h(68,36): error C2146: syntax error: missing ';' before identifier 'onoff' [C:\Users\user\Documents\GitHub\HyperXTalk\build-win-x86_64\livecode\thirdparty\libmysql\libmysql.vcxproj]
  C:\Users\user\Documents\GitHub\HyperXTalk\thirdparty\libmysql\src\violite.h(68,43): error C2371: 'my_bool': redefinition; different basic types [C:\Users\user\Documents\GitHub\HyperXTalk\build-win-x86_64\livecode\thirdparty\libmysql\libmysql.vcxproj]
  C:\Users\user\Documents\GitHub\HyperXTalk\thirdparty\libmysql\src\violite.h(68,51): error C2143: syntax error: missing ';' before '*' [C:\Users\user\Documents\GitHub\HyperXTalk\build-win-x86_64\livecode\thirdparty\libmysql\libmysql.vcxproj]
  C:\Users\user\Documents\GitHub\HyperXTalk\thirdparty\libmysql\src\violite.h(68,60): error C2059: syntax error: ')' [C:\Users\user\Documents\GitHub\HyperXTalk\build-win-x86_64\livecode\thirdparty\libmysql\libmysql.vcxproj]
  C:\Users\user\Documents\GitHub\HyperXTalk\thirdparty\libmysql\src\violite.h(69,29): error C2143: syntax error: missing ')' before '*' [C:\Users\user\Documents\GitHub\HyperXTalk\build-win-x86_64\livecode\thirdparty\libmysql\libmysql.vcxproj]
  C:\Users\user\Documents\GitHub\HyperXTalk\thirdparty\libmysql\src\violite.h(69,29): error C2143: syntax error: missing '{' before '*' [C:\Users\user\Documents\GitHub\HyperXTalk\build-win-x86_64\livecode\thirdparty\libmysql\libmysql.vcxproj]
  C:\Users\user\Documents\GitHub\HyperXTalk\thirdparty\libmysql\src\violite.h(69,33): error C2059: syntax error: ')' [C:\Users\user\Documents\GitHub\HyperXTalk\build-win-x86_64\livecode\thirdparty\libmysql\libmysql.vcxproj]
  C:\Users\user\Documents\GitHub\HyperXTalk\thirdparty\libmysql\src\violite.h(71,22): error C2143: syntax error: missing ')' before '*' [C:\Users\user\Documents\GitHub\HyperXTalk\build-win-x86_64\livecode\thirdparty\libmysql\libmysql.vcxproj]
  C:\Users\user\Documents\GitHub\HyperXTalk\thirdparty\libmysql\src\violite.h(71,22): error C2143: syntax error: missing '{' before '*' [C:\Users\user\Documents\GitHub\HyperXTalk\build-win-x86_64\livecode\thirdparty\libmysql\libmysql.vcxproj]
  C:\Users\user\Documents\GitHub\HyperXTalk\thirdparty\libmysql\src\violite.h(71,26): error C2059: syntax error: ')' [C:\Users\user\Documents\GitHub\HyperXTalk\build-win-x86_64\livecode\thirdparty\libmysql\libmysql.vcxproj]
  C:\Users\user\Documents\GitHub\HyperXTalk\thirdparty\libmysql\src\violite.h(73,23): error C2143: syntax error: missing ')' before '*' [C:\Users\user\Documents\GitHub\HyperXTalk\build-win-x86_64\livecode\thirdparty\libmysql\libmysql.vcxproj]
  C:\Users\user\Documents\GitHub\HyperXTalk\thirdparty\libmysql\src\violite.h(73,23): error C2143: syntax error: missing '{' before '*' [C:\Users\user\Documents\GitHub\HyperXTalk\build-win-x86_64\livecode\thirdparty\libmysql\libmysql.vcxproj]
  C:\Users\user\Documents\GitHub\HyperXTalk\thirdparty\libmysql\src\violite.h(73,29): error C2371: 'my_bool': redefinition; different basic types [C:\Users\user\Documents\GitHub\HyperXTalk\build-win-x86_64\livecode\thirdparty\libmysql\libmysql.vcxproj]
  C:\Users\user\Documents\GitHub\HyperXTalk\thirdparty\libmysql\src\violite.h(73,37): error C2146: syntax error: missing ';' before identifier 'onoff' [C:\Users\user\Documents\GitHub\HyperXTalk\build-win-x86_64\livecode\thirdparty\libmysql\libmysql.vcxproj]
  C:\Users\user\Documents\GitHub\HyperXTalk\thirdparty\libmysql\src\violite.h(73,42): error C2059: syntax error: ')' [C:\Users\user\Documents\GitHub\HyperXTalk\build-win-x86_64\livecode\thirdparty\libmysql\libmysql.vcxproj]
  C:\Users\user\Documents\GitHub\HyperXTalk\thirdparty\libmysql\src\violite.h(75,30): error C2143: syntax error: missing ')' before '*' [C:\Users\user\Documents\GitHub\HyperXTalk\build-win-x86_64\livecode\thirdparty\libmysql\libmysql.vcxproj]
  C:\Users\user\Documents\GitHub\HyperXTalk\thirdparty\libmysql\src\violite.h(75,30): error C2143: syntax error: missing '{' before '*' [C:\Users\user\Documents\GitHub\HyperXTalk\build-win-x86_64\livecode\thirdparty\libmysql\libmysql.vcxproj]
  C:\Users\user\Documents\GitHub\HyperXTalk\thirdparty\libmysql\src\violite.h(75,34): error C2059: syntax error: ')' [C:\Users\user\Documents\GitHub\HyperXTalk\build-win-x86_64\livecode\thirdparty\libmysql\libmysql.vcxproj]
  C:\Users\user\Documents\GitHub\HyperXTalk\thirdparty\libmysql\src\violite.h(77,33): error C2143: syntax error: missing ')' before '*' [C:\Users\user\Documents\GitHub\HyperXTalk\build-win-x86_64\livecode\thirdparty\libmysql\libmysql.vcxproj]
  C:\Users\user\Documents\GitHub\HyperXTalk\thirdparty\libmysql\src\violite.h(77,33): error C2143: syntax error: missing '{' before '*' [C:\Users\user\Documents\GitHub\HyperXTalk\build-win-x86_64\livecode\thirdparty\libmysql\libmysql.vcxproj]
  C:\Users\user\Documents\GitHub\HyperXTalk\thirdparty\libmysql\src\violite.h(77,37): error C2059: syntax error: ')' [C:\Users\user\Documents\GitHub\HyperXTalk\build-win-x86_64\livecode\thirdparty\libmysql\libmysql.vcxproj]
  C:\Users\user\Documents\GitHub\HyperXTalk\thirdparty\libmysql\src\violite.h(79,33): error C2143: syntax error: missing ')' before '*' [C:\Users\user\Documents\GitHub\HyperXTalk\build-win-x86_64\livecode\thirdparty\libmysql\libmysql.vcxproj]
  C:\Users\user\Documents\GitHub\HyperXTalk\thirdparty\libmysql\src\violite.h(79,33): error C2143: syntax error: missing '{' before '*' [C:\Users\user\Documents\GitHub\HyperXTalk\build-win-x86_64\livecode\thirdparty\libmysql\libmysql.vcxproj]
  C:\Users\user\Documents\GitHub\HyperXTalk\thirdparty\libmysql\src\violite.h(79,37): error C2059: syntax error: ')' [C:\Users\user\Documents\GitHub\HyperXTalk\build-win-x86_64\livecode\thirdparty\libmysql\libmysql.vcxproj]
  C:\Users\user\Documents\GitHub\HyperXTalk\thirdparty\libmysql\src\violite.h(81,32): error C2143: syntax error: missing ')' before '*' [C:\Users\user\Documents\GitHub\HyperXTalk\build-win-x86_64\livecode\thirdparty\libmysql\libmysql.vcxproj]
  C:\Users\user\Documents\GitHub\HyperXTalk\thirdparty\libmysql\src\violite.h(81,32): error C2143: syntax error: missing '{' before '*' [C:\Users\user\Documents\GitHub\HyperXTalk\build-win-x86_64\livecode\thirdparty\libmysql\libmysql.vcxproj]
  C:\Users\user\Documents\GitHub\HyperXTalk\thirdparty\libmysql\src\violite.h(81,37): error C2059: syntax error: ')' [C:\Users\user\Documents\GitHub\HyperXTalk\build-win-x86_64\livecode\thirdparty\libmysql\libmysql.vcxproj]
  C:\Users\user\Documents\GitHub\HyperXTalk\thirdparty\libmysql\src\violite.h(83,18): error C2143: syntax error: missing ')' before '*' [C:\Users\user\Documents\GitHub\HyperXTalk\build-win-x86_64\livecode\thirdparty\libmysql\libmysql.vcxproj]
  C:\Users\user\Documents\GitHub\HyperXTalk\thirdparty\libmysql\src\violite.h(83,18): error C2143: syntax error: missing '{' before '*' [C:\Users\user\Documents\GitHub\HyperXTalk\build-win-x86_64\livecode\thirdparty\libmysql\libmysql.vcxproj]
  C:\Users\user\Documents\GitHub\HyperXTalk\thirdparty\libmysql\src\violite.h(83,22): error C2059: syntax error: ')' [C:\Users\user\Documents\GitHub\HyperXTalk\build-win-x86_64\livecode\thirdparty\libmysql\libmysql.vcxproj]
  C:\Users\user\Documents\GitHub\HyperXTalk\thirdparty\libmysql\src\violite.h(85,21): error C2143: syntax error: missing ')' before '*' [C:\Users\user\Documents\GitHub\HyperXTalk\build-win-x86_64\livecode\thirdparty\libmysql\libmysql.vcxproj]
  C:\Users\user\Documents\GitHub\HyperXTalk\thirdparty\libmysql\src\violite.h(85,21): error C2143: syntax error: missing '{' before '*' [C:\Users\user\Documents\GitHub\HyperXTalk\build-win-x86_64\livecode\thirdparty\libmysql\libmysql.vcxproj]
  C:\Users\user\Documents\GitHub\HyperXTalk\thirdparty\libmysql\src\violite.h(85,25): error C2059: syntax error: ')' [C:\Users\user\Documents\GitHub\HyperXTalk\build-win-x86_64\livecode\thirdparty\libmysql\libmysql.vcxproj]
  C:\Users\user\Documents\GitHub\HyperXTalk\thirdparty\libmysql\src\violite.h(87,27): error C2143: syntax error: missing ')' before '*' [C:\Users\user\Documents\GitHub\HyperXTalk\build-win-x86_64\livecode\thirdparty\libmysql\libmysql.vcxproj]
  C:\Users\user\Documents\GitHub\HyperXTalk\thirdparty\libmysql\src\violite.h(87,27): error C2143: syntax error: missing '{' before '*' [C:\Users\user\Documents\GitHub\HyperXTalk\build-win-x86_64\livecode\thirdparty\libmysql\libmysql.vcxproj]
  C:\Users\user\Documents\GitHub\HyperXTalk\thirdparty\libmysql\src\violite.h(87,38): error C2059: syntax error: 'type' [C:\Users\user\Documents\GitHub\HyperXTalk\build-win-x86_64\livecode\thirdparty\libmysql\libmysql.vcxproj]
  C:\Users\user\Documents\GitHub\HyperXTalk\thirdparty\libmysql\src\violite.h(87,71): error C2059: syntax error: ')' [C:\Users\user\Documents\GitHub\HyperXTalk\build-win-x86_64\livecode\thirdparty\libmysql\libmysql.vcxproj]
  C:\Users\user\Documents\GitHub\HyperXTalk\thirdparty\libmysql\src\violite.h(88,27): error C2143: syntax error: missing ')' before '*' [C:\Users\user\Documents\GitHub\HyperXTalk\build-win-x86_64\livecode\thirdparty\libmysql\libmysql.vcxproj]
  C:\Users\user\Documents\GitHub\HyperXTalk\thirdparty\libmysql\src\violite.h(88,27): error C2143: syntax error: missing '{' before '*' [C:\Users\user\Documents\GitHub\HyperXTalk\build-win-x86_64\livecode\thirdparty\libmysql\libmysql.vcxproj]
  C:\Users\user\Documents\GitHub\HyperXTalk\thirdparty\libmysql\src\violite.h(88,32): error C2370: 'uint': redefinition; different storage class [C:\Users\user\Documents\GitHub\HyperXTalk\build-win-x86_64\livecode\thirdparty\libmysql\libmysql.vcxproj]
  C:\Users\user\Documents\GitHub\HyperXTalk\thirdparty\libmysql\src\violite.h(88,37): error C2146: syntax error: missing ';' before identifier 'timeout' [C:\Users\user\Documents\GitHub\HyperXTalk\build-win-x86_64\livecode\thirdparty\libmysql\libmysql.vcxproj]
  C:\Users\user\Documents\GitHub\HyperXTalk\thirdparty\libmysql\src\violite.h(88,44): error C2059: syntax error: ')' [C:\Users\user\Documents\GitHub\HyperXTalk\build-win-x86_64\livecode\thirdparty\libmysql\libmysql.vcxproj]
  C:\Users\user\Documents\GitHub\HyperXTalk\thirdparty\libmysql\src\violite.h(89,27): error C2143: syntax error: missing ')' before '*' [C:\Users\user\Documents\GitHub\HyperXTalk\build-win-x86_64\livecode\thirdparty\libmysql\libmysql.vcxproj]
  C:\Users\user\Documents\GitHub\HyperXTalk\thirdparty\libmysql\src\violite.h(89,27): error C2143: syntax error: missing '{' before '*' [C:\Users\user\Documents\GitHub\HyperXTalk\build-win-x86_64\livecode\thirdparty\libmysql\libmysql.vcxproj]
  C:\Users\user\Documents\GitHub\HyperXTalk\thirdparty\libmysql\src\violite.h(89,33): error C2370: 'uint': redefinition; different storage class [C:\Users\user\Documents\GitHub\HyperXTalk\build-win-x86_64\livecode\thirdparty\libmysql\libmysql.vcxproj]
  C:\Users\user\Documents\GitHub\HyperXTalk\thirdparty\libmysql\src\violite.h(89,38): error C2143: syntax error: missing ';' before '*' [C:\Users\user\Documents\GitHub\HyperXTalk\build-win-x86_64\livecode\thirdparty\libmysql\libmysql.vcxproj]
  C:\Users\user\Documents\GitHub\HyperXTalk\thirdparty\libmysql\src\violite.h(89,44): error C2059: syntax error: ')' [C:\Users\user\Documents\GitHub\HyperXTalk\build-win-x86_64\livecode\thirdparty\libmysql\libmysql.vcxproj]
  C:\Users\user\Documents\GitHub\HyperXTalk\thirdparty\libmysql\src\violite.h(89,44): fatal error C1003: error count exceeds 100; stopping compilation [C:\Users\user\Documents\GitHub\HyperXTalk\build-win-x86_64\livecode\thirdparty\libmysql\libmysql.vcxproj]
Time Elapsed 00:00:11.51
