Microsoft (R) Build Engine version 16.11.6+a918ceb31 for .NET Framework
Copyright (C) Microsoft Corporation. All rights reserved.

  perfect.vcxproj -> C:\Users\user\Documents\GitHub\HyperXTalk\build-win-x86_64\livecode\Debug\\perfect-target.exe
  Checking prebuilt libraries for Windows
  note: win32 prebuilts already present, skipping fetch
C:\Program Files (x86)\Microsoft Visual Studio\2019\Community\MSBuild\Microsoft\VC\v160\Microsoft.CppCommon.targets(241,5): warning MSB8065: Custom build for item "..\..\..\prebuilt\fetch-libraries.sh" succeeded, but specified output "c:\users\user\documents\github\hyperxtalk\prebuilt\bin\win32\x86" has not been created. This may cause incremental build to work incorrectly. [C:\Users\user\Documents\GitHub\HyperXTalk\build-win-x86_64\livecode\prebuilt\fetch-win.vcxproj]
C:\Program Files (x86)\Microsoft Visual Studio\2019\Community\MSBuild\Microsoft\VC\v160\Microsoft.CppCommon.targets(241,5): warning MSB8065: Custom build for item "..\..\..\prebuilt\fetch-libraries.sh" succeeded, but specified output "c:\users\user\documents\github\hyperxtalk\prebuilt\lib\win32\x86" has not been created. This may cause incremental build to work incorrectly. [C:\Users\user\Documents\GitHub\HyperXTalk\build-win-x86_64\livecode\prebuilt\fetch-win.vcxproj]
C:\Program Files (x86)\Microsoft Visual Studio\2019\Community\MSBuild\Microsoft\VC\v160\Microsoft.CppCommon.targets(241,5): warning MSB8065: Custom build for item "..\..\..\prebuilt\fetch-libraries.sh" succeeded, but specified output "c:\users\user\documents\github\hyperxtalk\prebuilt\unpacked" has not been created. This may cause incremental build to work incorrectly. [C:\Users\user\Documents\GitHub\HyperXTalk\build-win-x86_64\livecode\prebuilt\fetch-win.vcxproj]
  quicktime_stubs
  reflex.vcxproj -> C:\Users\user\Documents\GitHub\HyperXTalk\build-win-x86_64\livecode\Debug\\reflex-target.exe
  libopenssl_symbol_list_win
  security-community.vcxproj -> C:\Users\user\Documents\GitHub\HyperXTalk\build-win-x86_64\livecode\Debug\lib\security-community.lib
  generate_libopenssl_stubs
  libCore.vcxproj -> C:\Users\user\Documents\GitHub\HyperXTalk\build-win-x86_64\livecode\Debug\lib\libCore.lib
  stdscript.vcxproj -> C:\Users\user\Documents\GitHub\HyperXTalk\build-win-x86_64\livecode\Debug\lib\stdscript.lib
  Copying unpacked/cef/x86_64-win32-v142_static_Debug/lib/CEF/cef.pak to C:\Users\user\Documents\GitHub\HyperXTalk\build-win-x86_64\livecode\Debug\/Externals/CEF/cef.pak
  libffi.vcxproj -> C:\Users\user\Documents\GitHub\HyperXTalk\build-win-x86_64\livecode\Debug\lib\libffi.lib
          1 file(s) copied.
  Copying unpacked/cef/x86_64-win32-v142_static_Debug/lib/CEF/cef_100_percent.pak to C:\Users\user\Documents\GitHub\HyperXTalk\build-win-x86_64\livecode\Debug\/Externals/CEF/cef_100_percent.pak
          1 file(s) copied.
  Copying unpacked/cef/x86_64-win32-v142_static_Debug/lib/CEF/cef_200_percent.pak to C:\Users\user\Documents\GitHub\HyperXTalk\build-win-x86_64\livecode\Debug\/Externals/CEF/cef_200_percent.pak
          1 file(s) copied.
  Copying unpacked/cef/x86_64-win32-v142_static_Debug/lib/CEF/cef_extensions.pak to C:\Users\user\Documents\GitHub\HyperXTalk\build-win-x86_64\livecode\Debug\/Externals/CEF/cef_extensions.pak
          1 file(s) copied.
  Copying unpacked/cef/x86_64-win32-v142_static_Debug/lib/CEF/d3dcompiler_47.dll to C:\Users\user\Documents\GitHub\HyperXTalk\build-win-x86_64\livecode\Debug\/Externals/CEF/d3dcompiler_47.dll
  libcpptest.vcxproj -> C:\Users\user\Documents\GitHub\HyperXTalk\build-win-x86_64\livecode\Debug\lib\libcpptest.lib
          1 file(s) copied.
  Copying unpacked/cef/x86_64-win32-v142_static_Debug/lib/CEF/devtools_resources.pak to C:\Users\user\Documents\GitHub\HyperXTalk\build-win-x86_64\livecode\Debug\/Externals/CEF/devtools_resources.pak
          1 file(s) copied.
  Copying unpacked/cef/x86_64-win32-v142_static_Debug/lib/CEF/icudtl.dat to C:\Users\user\Documents\GitHub\HyperXTalk\build-win-x86_64\livecode\Debug\/Externals/CEF/icudtl.dat
          1 file(s) copied.
  Copying unpacked/cef/x86_64-win32-v142_static_Debug/lib/CEF/libcef.dll to C:\Users\user\Documents\GitHub\HyperXTalk\build-win-x86_64\livecode\Debug\/Externals/CEF/libcef.dll
          1 file(s) copied.
  Copying unpacked/cef/x86_64-win32-v142_static_Debug/lib/CEF/libEGL.dll to C:\Users\user\Documents\GitHub\HyperXTalk\build-win-x86_64\livecode\Debug\/Externals/CEF/libEGL.dll
          1 file(s) copied.
  Copying unpacked/cef/x86_64-win32-v142_static_Debug/lib/CEF/libGLESv2.dll to C:\Users\user\Documents\GitHub\HyperXTalk\build-win-x86_64\livecode\Debug\/Externals/CEF/libGLESv2.dll
          1 file(s) copied.
  Copying unpacked/cef/x86_64-win32-v142_static_Debug/lib/CEF/natives_blob.bin to C:\Users\user\Documents\GitHub\HyperXTalk\build-win-x86_64\livecode\Debug\/Externals/CEF/natives_blob.bin
  libpng.vcxproj -> C:\Users\user\Documents\GitHub\HyperXTalk\build-win-x86_64\livecode\Debug\lib\libpng.lib
          1 file(s) copied.
  libz.vcxproj -> C:\Users\user\Documents\GitHub\HyperXTalk\build-win-x86_64\livecode\Debug\lib\libz.lib
  Copying unpacked/cef/x86_64-win32-v142_static_Debug/lib/CEF/snapshot_blob.bin to C:\Users\user\Documents\GitHub\HyperXTalk\build-win-x86_64\livecode\Debug\/Externals/CEF/snapshot_blob.bin
          1 file(s) copied.
  Copying unpacked/cef/x86_64-win32-v142_static_Debug/lib/CEF/v8_context_snapshot.bin to C:\Users\user\Documents\GitHub\HyperXTalk\build-win-x86_64\livecode\Debug\/Externals/CEF/v8_context_snapshot.bin
          1 file(s) copied.
  Copying unpacked/cef/x86_64-win32-v142_static_Debug/lib/CEF/chrome_elf.dll to C:\Users\user\Documents\GitHub\HyperXTalk\build-win-x86_64\livecode\Debug\/Externals/CEF/chrome_elf.dll
          1 file(s) copied.
  Copying unpacked/cef/x86_64-win32-v142_static_Debug/lib/CEF/swiftshader/libEGL.dll to C:\Users\user\Documents\GitHub\HyperXTalk\build-win-x86_64\livecode\Debug\/Externals/CEF/swiftshader\libEGL.dll
          1 file(s) copied.
  Copying unpacked/cef/x86_64-win32-v142_static_Debug/lib/CEF/swiftshader/libGLESv2.dll to C:\Users\user\Documents\GitHub\HyperXTalk\build-win-x86_64\livecode\Debug\/Externals/CEF/swiftshader\libGLESv2.dll
  libcef_library_wrapper.vcxproj -> C:\Users\user\Documents\GitHub\HyperXTalk\build-win-x86_64\livecode\Debug\lib\libcef_library_wrapper.lib
          1 file(s) copied.
  Copying unpacked/cef/x86_64-win32-v142_static_Debug/lib/CEF/locales/am.pak to C:\Users\user\Documents\GitHub\HyperXTalk\build-win-x86_64\livecode\Debug\/Externals/CEF/locales\am.pak
          1 file(s) copied.
  Copying unpacked/cef/x86_64-win32-v142_static_Debug/lib/CEF/locales/ar.pak to C:\Users\user\Documents\GitHub\HyperXTalk\build-win-x86_64\livecode\Debug\/Externals/CEF/locales\ar.pak
          1 file(s) copied.
  Copying unpacked/cef/x86_64-win32-v142_static_Debug/lib/CEF/locales/bg.pak to C:\Users\user\Documents\GitHub\HyperXTalk\build-win-x86_64\livecode\Debug\/Externals/CEF/locales\bg.pak
          1 file(s) copied.
  Copying unpacked/cef/x86_64-win32-v142_static_Debug/lib/CEF/locales/bn.pak to C:\Users\user\Documents\GitHub\HyperXTalk\build-win-x86_64\livecode\Debug\/Externals/CEF/locales\bn.pak
          1 file(s) copied.
  libpcre.vcxproj -> C:\Users\user\Documents\GitHub\HyperXTalk\build-win-x86_64\livecode\Debug\lib\libpcre.lib
  Copying unpacked/cef/x86_64-win32-v142_static_Debug/lib/CEF/locales/ca.pak to C:\Users\user\Documents\GitHub\HyperXTalk\build-win-x86_64\livecode\Debug\/Externals/CEF/locales\ca.pak
  libskia_opt_arm.vcxproj -> C:\Users\user\Documents\GitHub\HyperXTalk\build-win-x86_64\livecode\Debug\lib\libskia_opt_arm.lib
  libskia_opt_none.vcxproj -> C:\Users\user\Documents\GitHub\HyperXTalk\build-win-x86_64\livecode\Debug\lib\libskia_opt_none.lib
          1 file(s) copied.
  libgif.vcxproj -> C:\Users\user\Documents\GitHub\HyperXTalk\build-win-x86_64\livecode\Debug\lib\libgif.lib
  libskia_opt_sse2.vcxproj -> C:\Users\user\Documents\GitHub\HyperXTalk\build-win-x86_64\livecode\Debug\lib\libskia_opt_sse2.lib
  Copying unpacked/cef/x86_64-win32-v142_static_Debug/lib/CEF/locales/cs.pak to C:\Users\user\Documents\GitHub\HyperXTalk\build-win-x86_64\livecode\Debug\/Externals/CEF/locales\cs.pak
          1 file(s) copied.
  libskia_opt_sse3.vcxproj -> C:\Users\user\Documents\GitHub\HyperXTalk\build-win-x86_64\livecode\Debug\lib\libskia_opt_sse3.lib
  libjpeg.vcxproj -> C:\Users\user\Documents\GitHub\HyperXTalk\build-win-x86_64\livecode\Debug\lib\libjpeg.lib
  Copying unpacked/cef/x86_64-win32-v142_static_Debug/lib/CEF/locales/de.pak to C:\Users\user\Documents\GitHub\HyperXTalk\build-win-x86_64\livecode\Debug\/Externals/CEF/locales\de.pak
          1 file(s) copied.
  libskia_opt_sse41.vcxproj -> C:\Users\user\Documents\GitHub\HyperXTalk\build-win-x86_64\livecode\Debug\lib\libskia_opt_sse41.lib
  Copying unpacked/cef/x86_64-win32-v142_static_Debug/lib/CEF/locales/el.pak to C:\Users\user\Documents\GitHub\HyperXTalk\build-win-x86_64\livecode\Debug\/Externals/CEF/locales\el.pak
  libskia_opt_avx.vcxproj -> C:\Users\user\Documents\GitHub\HyperXTalk\build-win-x86_64\livecode\Debug\lib\libskia_opt_avx.lib
          1 file(s) copied.
  Copying unpacked/cef/x86_64-win32-v142_static_Debug/lib/CEF/locales/en-GB.pak to C:\Users\user\Documents\GitHub\HyperXTalk\build-win-x86_64\livecode\Debug\/Externals/CEF/locales\en-GB.pak
          1 file(s) copied.
  Copying unpacked/cef/x86_64-win32-v142_static_Debug/lib/CEF/locales/en-US.pak to C:\Users\user\Documents\GitHub\HyperXTalk\build-win-x86_64\livecode\Debug\/Externals/CEF/locales\en-US.pak
          1 file(s) copied.
  Copying unpacked/cef/x86_64-win32-v142_static_Debug/lib/CEF/locales/es.pak to C:\Users\user\Documents\GitHub\HyperXTalk\build-win-x86_64\livecode\Debug\/Externals/CEF/locales\es.pak
          1 file(s) copied.
  Copying unpacked/cef/x86_64-win32-v142_static_Debug/lib/CEF/locales/es-419.pak to C:\Users\user\Documents\GitHub\HyperXTalk\build-win-x86_64\livecode\Debug\/Externals/CEF/locales\es-419.pak
          1 file(s) copied.
  Copying unpacked/cef/x86_64-win32-v142_static_Debug/lib/CEF/locales/et.pak to C:\Users\user\Documents\GitHub\HyperXTalk\build-win-x86_64\livecode\Debug\/Externals/CEF/locales\et.pak
          1 file(s) copied.
  Copying unpacked/cef/x86_64-win32-v142_static_Debug/lib/CEF/locales/fa.pak to C:\Users\user\Documents\GitHub\HyperXTalk\build-win-x86_64\livecode\Debug\/Externals/CEF/locales\fa.pak
  libskia_opt_sse42.vcxproj -> C:\Users\user\Documents\GitHub\HyperXTalk\build-win-x86_64\livecode\Debug\lib\libskia_opt_sse42.lib
  libskia_opt_hsw.vcxproj -> C:\Users\user\Documents\GitHub\HyperXTalk\build-win-x86_64\livecode\Debug\lib\libskia_opt_hsw.lib
          1 file(s) copied.
  ssl.win.stubs.cpp
  libsqlite.vcxproj -> C:\Users\user\Documents\GitHub\HyperXTalk\build-win-x86_64\livecode\Debug\lib\libsqlite.lib
  Copying unpacked/cef/x86_64-win32-v142_static_Debug/lib/CEF/locales/fi.pak to C:\Users\user\Documents\GitHub\HyperXTalk\build-win-x86_64\livecode\Debug\/Externals/CEF/locales\fi.pak
          1 file(s) copied.
  libxslt.vcxproj -> C:\Users\user\Documents\GitHub\HyperXTalk\build-win-x86_64\livecode\Debug\lib\libxslt.lib
  Copying unpacked/cef/x86_64-win32-v142_static_Debug/lib/CEF/locales/fil.pak to C:\Users\user\Documents\GitHub\HyperXTalk\build-win-x86_64\livecode\Debug\/Externals/CEF/locales\fil.pak
  libxml.vcxproj -> C:\Users\user\Documents\GitHub\HyperXTalk\build-win-x86_64\livecode\Debug\lib\libxml.lib
  libzip.vcxproj -> C:\Users\user\Documents\GitHub\HyperXTalk\build-win-x86_64\livecode\Debug\lib\libzip.lib
          1 file(s) copied.
  Copying unpacked/cef/x86_64-win32-v142_static_Debug/lib/CEF/locales/fr.pak to C:\Users\user\Documents\GitHub\HyperXTalk\build-win-x86_64\livecode\Debug\/Externals/CEF/locales\fr.pak
  libmysql.vcxproj -> C:\Users\user\Documents\GitHub\HyperXTalk\build-win-x86_64\livecode\Debug\lib\libmysql.lib
          1 file(s) copied.
trivial.obj : warning LNK4075: ignoring '/EDITANDCONTINUE' due to '/OPT:ICF' specification [C:\Users\user\Documents\GitHub\HyperXTalk\build-win-x86_64\livecode\libcpptest\test-libcpptest.vcxproj]
  Copying unpacked/cef/x86_64-win32-v142_static_Debug/lib/CEF/locales/gu.pak to C:\Users\user\Documents\GitHub\HyperXTalk\build-win-x86_64\livecode\Debug\/Externals/CEF/locales\gu.pak
  libpq.vcxproj -> C:\Users\user\Documents\GitHub\HyperXTalk\build-win-x86_64\livecode\Debug\lib\libpq.lib
          1 file(s) copied.
  Copying unpacked/cef/x86_64-win32-v142_static_Debug/lib/CEF/locales/he.pak to C:\Users\user\Documents\GitHub\HyperXTalk\build-win-x86_64\livecode\Debug\/Externals/CEF/locales\he.pak
          1 file(s) copied.
  Copying unpacked/cef/x86_64-win32-v142_static_Debug/lib/CEF/locales/hi.pak to C:\Users\user\Documents\GitHub\HyperXTalk\build-win-x86_64\livecode\Debug\/Externals/CEF/locales\hi.pak
          1 file(s) copied.
  Copying unpacked/cef/x86_64-win32-v142_static_Debug/lib/CEF/locales/hr.pak to C:\Users\user\Documents\GitHub\HyperXTalk\build-win-x86_64\livecode\Debug\/Externals/CEF/locales\hr.pak
          1 file(s) copied.
  Copying unpacked/cef/x86_64-win32-v142_static_Debug/lib/CEF/locales/hu.pak to C:\Users\user\Documents\GitHub\HyperXTalk\build-win-x86_64\livecode\Debug\/Externals/CEF/locales\hu.pak
          1 file(s) copied.
  Copying unpacked/cef/x86_64-win32-v142_static_Debug/lib/CEF/locales/id.pak to C:\Users\user\Documents\GitHub\HyperXTalk\build-win-x86_64\livecode\Debug\/Externals/CEF/locales\id.pak
          1 file(s) copied.
  Copying unpacked/cef/x86_64-win32-v142_static_Debug/lib/CEF/locales/it.pak to C:\Users\user\Documents\GitHub\HyperXTalk\build-win-x86_64\livecode\Debug\/Externals/CEF/locales\it.pak
          1 file(s) copied.
  Copying unpacked/cef/x86_64-win32-v142_static_Debug/lib/CEF/locales/ja.pak to C:\Users\user\Documents\GitHub\HyperXTalk\build-win-x86_64\livecode\Debug\/Externals/CEF/locales\ja.pak
  grts.vcxproj -> C:\Users\user\Documents\GitHub\HyperXTalk\build-win-x86_64\livecode\Debug\lib\grts.lib
          1 file(s) copied.
  libtz-build.vcxproj -> C:\Users\user\Documents\GitHub\HyperXTalk\build-win-x86_64\livecode\Debug\\tz.dll
  Copying unpacked/cef/x86_64-win32-v142_static_Debug/lib/CEF/locales/kn.pak to C:\Users\user\Documents\GitHub\HyperXTalk\build-win-x86_64\livecode\Debug\/Externals/CEF/locales\kn.pak
          1 file(s) copied.
  Copying unpacked/cef/x86_64-win32-v142_static_Debug/lib/CEF/locales/ko.pak to C:\Users\user\Documents\GitHub\HyperXTalk\build-win-x86_64\livecode\Debug\/Externals/CEF/locales\ko.pak
  libcairo.vcxproj -> C:\Users\user\Documents\GitHub\HyperXTalk\build-win-x86_64\livecode\Debug\lib\libcairo.lib
  lc-compile-ffi-java-lib.vcxproj -> C:\Users\user\Documents\GitHub\HyperXTalk\build-win-x86_64\livecode\Debug\lib\lc-compile-ffi-java-lib-target.lib
          1 file(s) copied.
  Copying unpacked/cef/x86_64-win32-v142_static_Debug/lib/CEF/locales/lt.pak to C:\Users\user\Documents\GitHub\HyperXTalk\build-win-x86_64\livecode\Debug\/Externals/CEF/locales\lt.pak
          1 file(s) copied.
  Copying unpacked/cef/x86_64-win32-v142_static_Debug/lib/CEF/locales/lv.pak to C:\Users\user\Documents\GitHub\HyperXTalk\build-win-x86_64\livecode\Debug\/Externals/CEF/locales\lv.pak
          1 file(s) copied.
  Copying unpacked/cef/x86_64-win32-v142_static_Debug/lib/CEF/locales/ml.pak to C:\Users\user\Documents\GitHub\HyperXTalk\build-win-x86_64\livecode\Debug\/Externals/CEF/locales\ml.pak
          1 file(s) copied.
  Copying unpacked/cef/x86_64-win32-v142_static_Debug/lib/CEF/locales/mr.pak to C:\Users\user\Documents\GitHub\HyperXTalk\build-win-x86_64\livecode\Debug\/Externals/CEF/locales\mr.pak
trivial.obj : error LNK2019: unresolved external symbol "bool __cdecl testing::internal::IsTrue(bool)" (?IsTrue@internal@testing@@YA_N_N@Z) referenced in function "public: static void (__cdecl*__cdecl testing::internal::SuiteApiResolver<class testing::Test>::GetSetUpCaseOrSuite(char const *,int))(void)" (?GetSetUpCaseOrSuite@?$SuiteApiResolver@VTest@testing@@@internal@testing@@SAP6AXXZPEBDH@Z) [C:\Users\user\Documents\GitHub\HyperXTalk\build-win-x86_64\livecode\libcpptest\test-libcpptest.vcxproj]
          1 file(s) copied.
  Copying unpacked/cef/x86_64-win32-v142_static_Debug/lib/CEF/locales/ms.pak to C:\Users\user\Documents\GitHub\HyperXTalk\build-win-x86_64\livecode\Debug\/Externals/CEF/locales\ms.pak
trivial.obj : error LNK2019: unresolved external symbol "public: __cdecl testing::internal::GTestLog::GTestLog(enum testing::internal::GTestLogSeverity,char const *,int)" (??0GTestLog@internal@testing@@QEAA@W4GTestLogSeverity@12@PEBDH@Z) referenced in function "public: static void (__cdecl*__cdecl testing::internal::SuiteApiResolver<class testing::Test>::GetSetUpCaseOrSuite(char const *,int))(void)" (?GetSetUpCaseOrSuite@?$SuiteApiResolver@VTest@testing@@@internal@testing@@SAP6AXXZPEBDH@Z) [C:\Users\user\Documents\GitHub\HyperXTalk\build-win-x86_64\livecode\libcpptest\test-libcpptest.vcxproj]
trivial.obj : error LNK2019: unresolved external symbol "public: __cdecl testing::internal::GTestLog::~GTestLog(void)" (??1GTestLog@internal@testing@@QEAA@XZ) referenced in function "public: static void (__cdecl*__cdecl testing::internal::SuiteApiResolver<class testing::Test>::GetSetUpCaseOrSuite(char const *,int))(void)" (?GetSetUpCaseOrSuite@?$SuiteApiResolver@VTest@testing@@@internal@testing@@SAP6AXXZPEBDH@Z) [C:\Users\user\Documents\GitHub\HyperXTalk\build-win-x86_64\livecode\libcpptest\test-libcpptest.vcxproj]
trivial.obj : error LNK2019: unresolved external symbol "public: __cdecl testing::Message::Message(void)" (??0Message@testing@@QEAA@XZ) referenced in function "private: virtual void __cdecl trivial_trivial_Test::TestBody(void)" (?TestBody@trivial_trivial_Test@@EEAAXXZ) [C:\Users\user\Documents\GitHub\HyperXTalk\build-win-x86_64\livecode\libcpptest\test-libcpptest.vcxproj]
trivial.obj : error LNK2019: unresolved external symbol "class std::basic_string<char,struct std::char_traits<char>,class std::allocator<char> > __cdecl testing::internal::GetBoolAssertionFailureMessage(class testing::AssertionResult const &,char const *,char const *,char const *)" (?GetBoolAssertionFailureMessage@internal@testing@@YA?AV?$basic_string@DU?$char_traits@D@std@@V?$allocator@D@2@@std@@AEBVAssertionResult@2@PEBD11@Z) referenced in function "private: virtual void __cdecl trivial_trivial_Test::TestBody(void)" (?TestBody@trivial_trivial_Test@@EEAAXXZ) [C:\Users\user\Documents\GitHub\HyperXTalk\build-win-x86_64\livecode\libcpptest\test-libcpptest.vcxproj]
trivial.obj : error LNK2019: unresolved external symbol "void const * __cdecl testing::internal::GetTestTypeId(void)" (?GetTestTypeId@internal@testing@@YAPEBXXZ) referenced in function "void __cdecl `dynamic initializer for 'private: static class testing::TestInfo * trivial_trivial_Test::test_info_''(void)" (??__E?test_info_@trivial_trivial_Test@@0QEAVTestInfo@testing@@EA@@YAXXZ) [C:\Users\user\Documents\GitHub\HyperXTalk\build-win-x86_64\livecode\libcpptest\test-libcpptest.vcxproj]
trivial.obj : error LNK2019: unresolved external symbol "class testing::TestInfo * __cdecl testing::internal::MakeAndRegisterTestInfo(char const *,char const *,char const *,char const *,struct testing::internal::CodeLocation,void const *,void (__cdecl*)(void),void (__cdecl*)(void),class testing::internal::TestFactoryBase *)" (?MakeAndRegisterTestInfo@internal@testing@@YAPEAVTestInfo@2@PEBD000UCodeLocation@12@PEBXP6AXXZ3PEAVTestFactoryBase@12@@Z) referenced in function "void __cdecl `dynamic initializer for 'private: static class testing::TestInfo * trivial_trivial_Test::test_info_''(void)" (??__E?test_info_@trivial_trivial_Test@@0QEAVTestInfo@testing@@EA@@YAXXZ) [C:\Users\user\Documents\GitHub\HyperXTalk\build-win-x86_64\livecode\libcpptest\test-libcpptest.vcxproj]
trivial.obj : error LNK2019: unresolved external symbol "public: virtual __cdecl testing::Test::~Test(void)" (??1Test@testing@@UEAA@XZ) referenced in function "public: virtual __cdecl trivial_trivial_Test::~trivial_trivial_Test(void)" (??1trivial_trivial_Test@@UEAA@XZ) [C:\Users\user\Documents\GitHub\HyperXTalk\build-win-x86_64\livecode\libcpptest\test-libcpptest.vcxproj]
trivial.obj : error LNK2019: unresolved external symbol "protected: __cdecl testing::Test::Test(void)" (??0Test@testing@@IEAA@XZ) referenced in function "public: __cdecl trivial_trivial_Test::trivial_trivial_Test(void)" (??0trivial_trivial_Test@@QEAA@XZ) [C:\Users\user\Documents\GitHub\HyperXTalk\build-win-x86_64\livecode\libcpptest\test-libcpptest.vcxproj]
trivial.obj : error LNK2001: unresolved external symbol "protected: virtual void __cdecl testing::Test::SetUp(void)" (?SetUp@Test@testing@@MEAAXXZ) [C:\Users\user\Documents\GitHub\HyperXTalk\build-win-x86_64\livecode\libcpptest\test-libcpptest.vcxproj]
trivial.obj : error LNK2001: unresolved external symbol "protected: virtual void __cdecl testing::Test::TearDown(void)" (?TearDown@Test@testing@@MEAAXXZ) [C:\Users\user\Documents\GitHub\HyperXTalk\build-win-x86_64\livecode\libcpptest\test-libcpptest.vcxproj]
trivial.obj : error LNK2019: unresolved external symbol "public: __cdecl testing::internal::AssertHelper::AssertHelper(enum testing::TestPartResult::Type,char const *,int,char const *)" (??0AssertHelper@internal@testing@@QEAA@W4Type@TestPartResult@2@PEBDH1@Z) referenced in function "private: virtual void __cdecl trivial_trivial_Test::TestBody(void)" (?TestBody@trivial_trivial_Test@@EEAAXXZ) [C:\Users\user\Documents\GitHub\HyperXTalk\build-win-x86_64\livecode\libcpptest\test-libcpptest.vcxproj]
trivial.obj : error LNK2019: unresolved external symbol "public: __cdecl testing::internal::AssertHelper::~AssertHelper(void)" (??1AssertHelper@internal@testing@@QEAA@XZ) referenced in function "private: virtual void __cdecl trivial_trivial_Test::TestBody(void)" (?TestBody@trivial_trivial_Test@@EEAAXXZ) [C:\Users\user\Documents\GitHub\HyperXTalk\build-win-x86_64\livecode\libcpptest\test-libcpptest.vcxproj]
trivial.obj : error LNK2019: unresolved external symbol "public: void __cdecl testing::internal::AssertHelper::operator=(class testing::Message const &)const " (??4AssertHelper@internal@testing@@QEBAXAEBVMessage@2@@Z) referenced in function "private: virtual void __cdecl trivial_trivial_Test::TestBody(void)" (?TestBody@trivial_trivial_Test@@EEAAXXZ) [C:\Users\user\Documents\GitHub\HyperXTalk\build-win-x86_64\livecode\libcpptest\test-libcpptest.vcxproj]
LIBCMTD.lib(exe_main.obj) : error LNK2019: unresolved external symbol main referenced in function "int __cdecl invoke_main(void)" (?invoke_main@@YAHXZ) [C:\Users\user\Documents\GitHub\HyperXTalk\build-win-x86_64\livecode\libcpptest\test-libcpptest.vcxproj]
          1 file(s) copied.
  Copying unpacked/cef/x86_64-win32-v142_static_Debug/lib/CEF/locales/nb.pak to C:\Users\user\Documents\GitHub\HyperXTalk\build-win-x86_64\livecode\Debug\/Externals/CEF/locales\nb.pak
C:\Users\user\Documents\GitHub\HyperXTalk\build-win-x86_64\livecode\Debug\lib\libcpptest.lib : warning LNK4272: library machine type 'x86' conflicts with target machine type 'x64' [C:\Users\user\Documents\GitHub\HyperXTalk\build-win-x86_64\livecode\libcpptest\test-libcpptest.vcxproj]
C:\Users\user\Documents\GitHub\HyperXTalk\build-win-x86_64\livecode\Debug\test-libcpptest.exe : fatal error LNK1120: 15 unresolved externals [C:\Users\user\Documents\GitHub\HyperXTalk\build-win-x86_64\livecode\libcpptest\test-libcpptest.vcxproj]
          1 file(s) copied.
  Copying unpacked/cef/x86_64-win32-v142_static_Debug/lib/CEF/locales/nl.pak to C:\Users\user\Documents\GitHub\HyperXTalk\build-win-x86_64\livecode\Debug\/Externals/CEF/locales\nl.pak
          1 file(s) copied.
  gentle.vcxproj -> C:\Users\user\Documents\GitHub\HyperXTalk\build-win-x86_64\livecode\Debug\\gentle-target.exe
  Copying unpacked/cef/x86_64-win32-v142_static_Debug/lib/CEF/locales/pl.pak to C:\Users\user\Documents\GitHub\HyperXTalk\build-win-x86_64\livecode\Debug\/Externals/CEF/locales\pl.pak
          1 file(s) copied.
  Copying unpacked/cef/x86_64-win32-v142_static_Debug/lib/CEF/locales/pt-BR.pak to C:\Users\user\Documents\GitHub\HyperXTalk\build-win-x86_64\livecode\Debug\/Externals/CEF/locales\pt-BR.pak
          1 file(s) copied.
  Copying unpacked/cef/x86_64-win32-v142_static_Debug/lib/CEF/locales/pt-PT.pak to C:\Users\user\Documents\GitHub\HyperXTalk\build-win-x86_64\livecode\Debug\/Externals/CEF/locales\pt-PT.pak
          1 file(s) copied.
  Copying unpacked/cef/x86_64-win32-v142_static_Debug/lib/CEF/locales/ro.pak to C:\Users\user\Documents\GitHub\HyperXTalk\build-win-x86_64\livecode\Debug\/Externals/CEF/locales\ro.pak
          1 file(s) copied.
  Copying unpacked/cef/x86_64-win32-v142_static_Debug/lib/CEF/locales/ru.pak to C:\Users\user\Documents\GitHub\HyperXTalk\build-win-x86_64\livecode\Debug\/Externals/CEF/locales\ru.pak
          1 file(s) copied.
  Copying unpacked/cef/x86_64-win32-v142_static_Debug/lib/CEF/locales/sk.pak to C:\Users\user\Documents\GitHub\HyperXTalk\build-win-x86_64\livecode\Debug\/Externals/CEF/locales\sk.pak
          1 file(s) copied.
  Copying unpacked/cef/x86_64-win32-v142_static_Debug/lib/CEF/locales/sl.pak to C:\Users\user\Documents\GitHub\HyperXTalk\build-win-x86_64\livecode\Debug\/Externals/CEF/locales\sl.pak
          1 file(s) copied.
  Copying unpacked/cef/x86_64-win32-v142_static_Debug/lib/CEF/locales/sr.pak to C:\Users\user\Documents\GitHub\HyperXTalk\build-win-x86_64\livecode\Debug\/Externals/CEF/locales\sr.pak
          1 file(s) copied.
  Copying unpacked/cef/x86_64-win32-v142_static_Debug/lib/CEF/locales/sv.pak to C:\Users\user\Documents\GitHub\HyperXTalk\build-win-x86_64\livecode\Debug\/Externals/CEF/locales\sv.pak
          1 file(s) copied.
  Copying unpacked/cef/x86_64-win32-v142_static_Debug/lib/CEF/locales/sw.pak to C:\Users\user\Documents\GitHub\HyperXTalk\build-win-x86_64\livecode\Debug\/Externals/CEF/locales\sw.pak
          1 file(s) copied.
  Copying unpacked/cef/x86_64-win32-v142_static_Debug/lib/CEF/locales/ta.pak to C:\Users\user\Documents\GitHub\HyperXTalk\build-win-x86_64\livecode\Debug\/Externals/CEF/locales\ta.pak
          1 file(s) copied.
  Copying unpacked/cef/x86_64-win32-v142_static_Debug/lib/CEF/locales/te.pak to C:\Users\user\Documents\GitHub\HyperXTalk\build-win-x86_64\livecode\Debug\/Externals/CEF/locales\te.pak
          1 file(s) copied.
  Copying unpacked/cef/x86_64-win32-v142_static_Debug/lib/CEF/locales/th.pak to C:\Users\user\Documents\GitHub\HyperXTalk\build-win-x86_64\livecode\Debug\/Externals/CEF/locales\th.pak
          1 file(s) copied.
  Copying unpacked/cef/x86_64-win32-v142_static_Debug/lib/CEF/locales/tr.pak to C:\Users\user\Documents\GitHub\HyperXTalk\build-win-x86_64\livecode\Debug\/Externals/CEF/locales\tr.pak
          1 file(s) copied.
  Copying unpacked/cef/x86_64-win32-v142_static_Debug/lib/CEF/locales/uk.pak to C:\Users\user\Documents\GitHub\HyperXTalk\build-win-x86_64\livecode\Debug\/Externals/CEF/locales\uk.pak
          1 file(s) copied.
  Copying unpacked/cef/x86_64-win32-v142_static_Debug/lib/CEF/locales/vi.pak to C:\Users\user\Documents\GitHub\HyperXTalk\build-win-x86_64\livecode\Debug\/Externals/CEF/locales\vi.pak
          1 file(s) copied.
  Copying unpacked/cef/x86_64-win32-v142_static_Debug/lib/CEF/locales/zh-CN.pak to C:\Users\user\Documents\GitHub\HyperXTalk\build-win-x86_64\livecode\Debug\/Externals/CEF/locales\zh-CN.pak
          1 file(s) copied.
  Copying unpacked/cef/x86_64-win32-v142_static_Debug/lib/CEF/locales/zh-TW.pak to C:\Users\user\Documents\GitHub\HyperXTalk\build-win-x86_64\livecode\Debug\/Externals/CEF/locales\zh-TW.pak
          1 file(s) copied.
  encode_minimal_icu_data
  libopenssl_stubs.vcxproj -> C:\Users\user\Documents\GitHub\HyperXTalk\build-win-x86_64\livecode\Debug\lib\libopenssl_stubs.lib
  libskia.vcxproj -> C:\Users\user\Documents\GitHub\HyperXTalk\build-win-x86_64\livecode\Debug\lib\libskia.lib
  libScript.vcxproj -> C:\Users\user\Documents\GitHub\HyperXTalk\build-win-x86_64\livecode\Debug\lib\libScript.lib
  libcompile.vcxproj -> C:\Users\user\Documents\GitHub\HyperXTalk\build-win-x86_64\livecode\Debug\lib\libcompile-target.lib
  lc-compile-lib.vcxproj -> C:\Users\user\Documents\GitHub\HyperXTalk\build-win-x86_64\livecode\Debug\lib\lc-compile-lib-target.lib
dummy.obj : warning LNK4075: ignoring '/EDITANDCONTINUE' due to '/OPT:ICF' specification [C:\Users\user\Documents\GitHub\HyperXTalk\build-win-x86_64\livecode\thirdparty\libopenssl\revsecurity.vcxproj]
revsecurity.def : error LNK2001: unresolved external symbol EVP_CIPHER_CTX_get_block_size [C:\Users\user\Documents\GitHub\HyperXTalk\build-win-x86_64\livecode\thirdparty\libopenssl\revsecurity.vcxproj]
revsecurity.def : error LNK2001: unresolved external symbol EVP_CIPHER_CTX_get_key_length [C:\Users\user\Documents\GitHub\HyperXTalk\build-win-x86_64\livecode\thirdparty\libopenssl\revsecurity.vcxproj]
revsecurity.def : error LNK2001: unresolved external symbol EVP_CIPHER_get_key_length [C:\Users\user\Documents\GitHub\HyperXTalk\build-win-x86_64\livecode\thirdparty\libopenssl\revsecurity.vcxproj]
revsecurity.def : error LNK2001: unresolved external symbol SSL_get1_peer_certificate [C:\Users\user\Documents\GitHub\HyperXTalk\build-win-x86_64\livecode\thirdparty\libopenssl\revsecurity.vcxproj]
C:\Users\user\Documents\GitHub\HyperXTalk\build-win-x86_64\livecode\Debug\revsecurity.lib : fatal error LNK1120: 4 unresolved externals [C:\Users\user\Documents\GitHub\HyperXTalk\build-win-x86_64\livecode\thirdparty\libopenssl\revsecurity.vcxproj]
Attempting to cancel the build...
C:\Program Files (x86)\Microsoft Visual Studio\2019\Community\MSBuild\Microsoft\VC\v160\Microsoft.CppCommon.targets(241,5): warning MSB4220: Waiting for the currently executing task "CustomBuild" to cancel. [C:\Users\user\Documents\GitHub\HyperXTalk\build-win-x86_64\livecode\prebuilt\encode_minimal_icu_data.vcxproj]
^C